  Determining projects to restore...
  All projects are up-to-date for restore.
  Jellyfin.Extensions -> /root/jellyfin/src/Jellyfin.Extensions/bin/Debug/net9.0/Jellyfin.Extensions.dll
  Jellyfin.Database.Implementations -> /root/jellyfin/src/Jellyfin.Database/Jellyfin.Database.Implementations/bin/Debug/net9.0/Jellyfin.Database.Implementations.dll
  Jellyfin.MediaEncoding.Keyframes -> /root/jellyfin/src/Jellyfin.MediaEncoding.Keyframes/bin/Debug/net9.0/Jellyfin.MediaEncoding.Keyframes.dll
  Jellyfin.Data -> /root/jellyfin/Jellyfin.Data/bin/Debug/net9.0/Jellyfin.Data.dll
  MediaBrowser.Model -> /root/jellyfin/MediaBrowser.Model/bin/Debug/net9.0/MediaBrowser.Model.dll
  MediaBrowser.Common -> /root/jellyfin/MediaBrowser.Common/bin/Debug/net9.0/MediaBrowser.Common.dll
  Jellyfin.Model.Tests -> /root/jellyfin/tests/Jellyfin.Model.Tests/bin/Debug/net9.0/Jellyfin.Model.Tests.dll
Test run for /root/jellyfin/tests/Jellyfin.Model.Tests/bin/Debug/net9.0/Jellyfin.Model.Tests.dll (.NETCoreApp,Version=v9.0)
  Jellyfin.Extensions.Tests -> /root/jellyfin/tests/Jellyfin.Extensions.Tests/bin/Debug/net9.0/Jellyfin.Extensions.Tests.dll
Test run for /root/jellyfin/tests/Jellyfin.Extensions.Tests/bin/Debug/net9.0/Jellyfin.Extensions.Tests.dll (.NETCoreApp,Version=v9.0)
VSTest version 17.14.0 (x64)

  Emby.Naming -> /root/jellyfin/Emby.Naming/bin/Debug/net9.0/Emby.Naming.dll
VSTest version 17.14.0 (x64)

Starting test execution, please wait...
A total of 1 test files matched the specified pattern.
Starting test execution, please wait...
A total of 1 test files matched the specified pattern.
  Jellyfin.Naming.Tests -> /root/jellyfin/tests/Jellyfin.Naming.Tests/bin/Debug/net9.0/Jellyfin.Naming.Tests.dll
Test run for /root/jellyfin/tests/Jellyfin.Naming.Tests/bin/Debug/net9.0/Jellyfin.Naming.Tests.dll (.NETCoreApp,Version=v9.0)
VSTest version 17.14.0 (x64)

Starting test execution, please wait...
A total of 1 test files matched the specified pattern.

Passed!  - Failed:     0, Passed:   141, Skipped:     0, Total:   141, Duration: 752 ms - Jellyfin.Extensions.Tests.dll (net9.0)

Passed!  - Failed:     0, Passed:   627, Skipped:     0, Total:   627, Duration: 12 s - Jellyfin.Model.Tests.dll (net9.0)

Passed!  - Failed:     0, Passed:   587, Skipped:     0, Total:   587, Duration: 32 s - Jellyfin.Naming.Tests.dll (net9.0)
  Jellyfin.Database.Providers.Sqlite -> /root/jellyfin/src/Jellyfin.Database/Jellyfin.Database.Providers.Sqlite/bin/Debug/net9.0/Jellyfin.Database.Providers.Sqlite.dll
  MediaBrowser.Controller -> /root/jellyfin/MediaBrowser.Controller/bin/Debug/net9.0/MediaBrowser.Controller.dll
  Jellyfin.MediaEncoding.Keyframes.Tests -> /root/jellyfin/tests/Jellyfin.MediaEncoding.Keyframes.Tests/bin/Debug/net9.0/Jellyfin.MediaEncoding.Keyframes.Tests.dll
  Jellyfin.Server.Implementations -> /root/jellyfin/Jellyfin.Server.Implementations/bin/Debug/net9.0/Jellyfin.Server.Implementations.dll
  MediaBrowser.XbmcMetadata -> /root/jellyfin/MediaBrowser.XbmcMetadata/bin/Debug/net9.0/MediaBrowser.XbmcMetadata.dll
  Emby.Photos -> /root/jellyfin/Emby.Photos/bin/Debug/net9.0/Emby.Photos.dll
Test run for /root/jellyfin/tests/Jellyfin.MediaEncoding.Keyframes.Tests/bin/Debug/net9.0/Jellyfin.MediaEncoding.Keyframes.Tests.dll (.NETCoreApp,Version=v9.0)
VSTest version 17.14.0 (x64)

  Jellyfin.Drawing.Skia -> /root/jellyfin/src/Jellyfin.Drawing.Skia/bin/Debug/net9.0/Jellyfin.Drawing.Skia.dll
  MediaBrowser.Providers -> /root/jellyfin/MediaBrowser.Providers/bin/Debug/net9.0/MediaBrowser.Providers.dll
Starting test execution, please wait...
  MediaBrowser.MediaEncoding -> /root/jellyfin/MediaBrowser.MediaEncoding/bin/Debug/net9.0/MediaBrowser.MediaEncoding.dll
A total of 1 test files matched the specified pattern.
  Jellyfin.Controller.Tests -> /root/jellyfin/tests/Jellyfin.Controller.Tests/bin/Debug/net9.0/Jellyfin.Controller.Tests.dll
  Jellyfin.Drawing -> /root/jellyfin/src/Jellyfin.Drawing/bin/Debug/net9.0/Jellyfin.Drawing.dll
Test run for /root/jellyfin/tests/Jellyfin.Controller.Tests/bin/Debug/net9.0/Jellyfin.Controller.Tests.dll (.NETCoreApp,Version=v9.0)
  Jellyfin.Networking -> /root/jellyfin/src/Jellyfin.Networking/bin/Debug/net9.0/Jellyfin.Networking.dll
VSTest version 17.14.0 (x64)

Starting test execution, please wait...
A total of 1 test files matched the specified pattern.

Passed!  - Failed:     0, Passed:     2, Skipped:     0, Total:     2, Duration: 104 ms - Jellyfin.MediaEncoding.Keyframes.Tests.dll (net9.0)
  MediaBrowser.LocalMetadata -> /root/jellyfin/MediaBrowser.LocalMetadata/bin/Debug/net9.0/MediaBrowser.LocalMetadata.dll
  Jellyfin.LiveTv -> /root/jellyfin/src/Jellyfin.LiveTv/bin/Debug/net9.0/Jellyfin.LiveTv.dll
  Jellyfin.MediaEncoding.Hls -> /root/jellyfin/src/Jellyfin.MediaEncoding.Hls/bin/Debug/net9.0/Jellyfin.MediaEncoding.Hls.dll

Passed!  - Failed:     0, Passed:    24, Skipped:     0, Total:    24, Duration: 155 ms - Jellyfin.Controller.Tests.dll (net9.0)
  Jellyfin.MediaEncoding.Tests -> /root/jellyfin/tests/Jellyfin.MediaEncoding.Tests/bin/Debug/net9.0/Jellyfin.MediaEncoding.Tests.dll
Test run for /root/jellyfin/tests/Jellyfin.MediaEncoding.Tests/bin/Debug/net9.0/Jellyfin.MediaEncoding.Tests.dll (.NETCoreApp,Version=v9.0)
  Jellyfin.Api -> /root/jellyfin/Jellyfin.Api/bin/Debug/net9.0/Jellyfin.Api.dll
VSTest version 17.14.0 (x64)

  Jellyfin.LiveTv.Tests -> /root/jellyfin/tests/Jellyfin.LiveTv.Tests/bin/Debug/net9.0/Jellyfin.LiveTv.Tests.dll
Test run for /root/jellyfin/tests/Jellyfin.LiveTv.Tests/bin/Debug/net9.0/Jellyfin.LiveTv.Tests.dll (.NETCoreApp,Version=v9.0)
VSTest version 17.14.0 (x64)
Starting test execution, please wait...

  Jellyfin.MediaEncoding.Hls.Tests -> /root/jellyfin/tests/Jellyfin.MediaEncoding.Hls.Tests/bin/Debug/net9.0/Jellyfin.MediaEncoding.Hls.Tests.dll
Test run for /root/jellyfin/tests/Jellyfin.MediaEncoding.Hls.Tests/bin/Debug/net9.0/Jellyfin.MediaEncoding.Hls.Tests.dll (.NETCoreApp,Version=v9.0)
A total of 1 test files matched the specified pattern.
VSTest version 17.14.0 (x64)

Starting test execution, please wait...
A total of 1 test files matched the specified pattern.
Starting test execution, please wait...
A total of 1 test files matched the specified pattern.

Passed!  - Failed:     0, Passed:    17, Skipped:     0, Total:    17, Duration: 97 ms - Jellyfin.MediaEncoding.Hls.Tests.dll (net9.0)
  Jellyfin.Common.Tests -> /root/jellyfin/tests/Jellyfin.Common.Tests/bin/Debug/net9.0/Jellyfin.Common.Tests.dll
Test run for /root/jellyfin/tests/Jellyfin.Common.Tests/bin/Debug/net9.0/Jellyfin.Common.Tests.dll (.NETCoreApp,Version=v9.0)
VSTest version 17.14.0 (x64)


Passed!  - Failed:     0, Passed:    46, Skipped:     0, Total:    46, Duration: 559 ms - Jellyfin.MediaEncoding.Tests.dll (net9.0)

Starting test execution, please wait...
Passed!  - Failed:     0, Passed:    48, Skipped:     0, Total:    48, Duration: 547 ms - Jellyfin.LiveTv.Tests.dll (net9.0)
A total of 1 test files matched the specified pattern.
  Jellyfin.Providers.Tests -> /root/jellyfin/tests/Jellyfin.Providers.Tests/bin/Debug/net9.0/Jellyfin.Providers.Tests.dll
Test run for /root/jellyfin/tests/Jellyfin.Providers.Tests/bin/Debug/net9.0/Jellyfin.Providers.Tests.dll (.NETCoreApp,Version=v9.0)
  Jellyfin.XbmcMetadata.Tests -> /root/jellyfin/tests/Jellyfin.XbmcMetadata.Tests/bin/Debug/net9.0/Jellyfin.XbmcMetadata.Tests.dll
Test run for /root/jellyfin/tests/Jellyfin.XbmcMetadata.Tests/bin/Debug/net9.0/Jellyfin.XbmcMetadata.Tests.dll (.NETCoreApp,Version=v9.0)
VSTest version 17.14.0 (x64)

VSTest version 17.14.0 (x64)

Starting test execution, please wait...
A total of 1 test files matched the specified pattern.
Starting test execution, please wait...
A total of 1 test files matched the specified pattern.

Passed!  - Failed:     0, Passed:    30, Skipped:     0, Total:    30, Duration: 51 ms - Jellyfin.Common.Tests.dll (net9.0)

Passed!  - Failed:     0, Passed:    33, Skipped:     0, Total:    33, Duration: 327 ms - Jellyfin.XbmcMetadata.Tests.dll (net9.0)
  Emby.Server.Implementations -> /root/jellyfin/Emby.Server.Implementations/bin/Debug/net9.0/Emby.Server.Implementations.dll
  Jellyfin.Api.Tests -> /root/jellyfin/tests/Jellyfin.Api.Tests/bin/Debug/net9.0/Jellyfin.Api.Tests.dll
Test run for /root/jellyfin/tests/Jellyfin.Api.Tests/bin/Debug/net9.0/Jellyfin.Api.Tests.dll (.NETCoreApp,Version=v9.0)
VSTest version 17.14.0 (x64)

Starting test execution, please wait...
A total of 1 test files matched the specified pattern.

Passed!  - Failed:     0, Passed:   234, Skipped:     0, Total:   234, Duration: 1 s - Jellyfin.Providers.Tests.dll (net9.0)
  Jellyfin.Networking.Tests -> /root/jellyfin/tests/Jellyfin.Networking.Tests/bin/Debug/net9.0/Jellyfin.Networking.Tests.dll
Test run for /root/jellyfin/tests/Jellyfin.Networking.Tests/bin/Debug/net9.0/Jellyfin.Networking.Tests.dll (.NETCoreApp,Version=v9.0)
VSTest version 17.14.0 (x64)

Starting test execution, please wait...

Passed!  - Failed:     0, Passed:    79, Skipped:     0, Total:    79, Duration: 332 ms - Jellyfin.Api.Tests.dll (net9.0)
A total of 1 test files matched the specified pattern.

Passed!  - Failed:     0, Passed:   119, Skipped:     0, Total:   119, Duration: 229 ms - Jellyfin.Networking.Tests.dll (net9.0)
  Jellyfin.Server -> /root/jellyfin/Jellyfin.Server/bin/Debug/net9.0/jellyfin.dll
  Jellyfin.Server.Integration.Tests -> /root/jellyfin/tests/Jellyfin.Server.Integration.Tests/bin/Debug/net9.0/Jellyfin.Server.Integration.Tests.dll
  Jellyfin.Server.Tests -> /root/jellyfin/tests/Jellyfin.Server.Tests/bin/Debug/net9.0/Jellyfin.Server.Tests.dll
Test run for /root/jellyfin/tests/Jellyfin.Server.Tests/bin/Debug/net9.0/Jellyfin.Server.Tests.dll (.NETCoreApp,Version=v9.0)
Test run for /root/jellyfin/tests/Jellyfin.Server.Integration.Tests/bin/Debug/net9.0/Jellyfin.Server.Integration.Tests.dll (.NETCoreApp,Version=v9.0)
VSTest version 17.14.0 (x64)
VSTest version 17.14.0 (x64)


Starting test execution, please wait...
A total of 1 test files matched the specified pattern.
Starting test execution, please wait...
A total of 1 test files matched the specified pattern.

Passed!  - Failed:     0, Passed:     7, Skipped:     0, Total:     7, Duration: 127 ms - Jellyfin.Server.Tests.dll (net9.0)
  Failed Jellyfin.Server.Integration.Tests.Controllers.MediaInfoControllerTests.BitrateTest_InvalidValue_BadRequest(size: 0) [195 ms]
  Error Message:
   System.TypeInitializationException : The type initializer for 'Jellyfin.Drawing.Skia.SkiaEncoder' threw an exception.
---- System.DllNotFoundException : Unable to load shared library 'libSkiaSharp' or one of its dependencies. In order to help diagnose loading problems, consider using a tool like strace. If you're using glibc, consider setting the LD_DEBUG environment variable: 
libfontconfig.so.1: cannot open shared object file: No such file or directory
/usr/share/dotnet/shared/Microsoft.NETCore.App/9.0.6/libSkiaSharp.so: cannot open shared object file: No such file or directory
/root/jellyfin/tests/Jellyfin.Server.Integration.Tests/bin/Debug/net9.0/libSkiaSharp.so: cannot open shared object file: No such file or directory
/root/jellyfin/tests/Jellyfin.Server.Integration.Tests/bin/Debug/net9.0/runtimes/linux-x64/native/liblibSkiaSharp.so: cannot open shared object file: No such file or directory
/usr/share/dotnet/shared/Microsoft.NETCore.App/9.0.6/liblibSkiaSharp.so: cannot open shared object file: No such file or directory
/root/jellyfin/tests/Jellyfin.Server.Integration.Tests/bin/Debug/net9.0/liblibSkiaSharp.so: cannot open shared object file: No such file or directory
/root/jellyfin/tests/Jellyfin.Server.Integration.Tests/bin/Debug/net9.0/runtimes/linux-x64/native/libSkiaSharp: cannot open shared object file: No such file or directory
/usr/share/dotnet/shared/Microsoft.NETCore.App/9.0.6/libSkiaSharp: cannot open shared object file: No such file or directory
/root/jellyfin/tests/Jellyfin.Server.Integration.Tests/bin/Debug/net9.0/libSkiaSharp: cannot open shared object file: No such file or directory
/root/jellyfin/tests/Jellyfin.Server.Integration.Tests/bin/Debug/net9.0/runtimes/linux-x64/native/liblibSkiaSharp: cannot open shared object file: No such file or directory
/usr/share/dotnet/shared/Microsoft.NETCore.App/9.0.6/liblibSkiaSharp: cannot open shared object file: No such file or directory
/root/jellyfin/tests/Jellyfin.Server.Integration.Tests/bin/Debug/net9.0/liblibSkiaSharp: cannot open shared object file: No such file or directory

  Stack Trace:
     at Jellyfin.Drawing.Skia.SkiaEncoder.IsNativeLibAvailable() in /root/jellyfin/src/Jellyfin.Drawing.Skia/SkiaEncoder.cs:line 142
   at Jellyfin.Server.CoreAppHost.RegisterServices(IServiceCollection serviceCollection) in /root/jellyfin/Jellyfin.Server/CoreAppHost.cs:line 66
   at Emby.Server.Implementations.ApplicationHost.Init(IServiceCollection serviceCollection) in /root/jellyfin/Emby.Server.Implementations/ApplicationHost.cs:line 460
   at Jellyfin.Server.Integration.Tests.JellyfinApplicationFactory.<>c__DisplayClass4_0.<ConfigureWebHost>b__0(IServiceCollection services) in /root/jellyfin/tests/Jellyfin.Server.Integration.Tests/JellyfinApplicationFactory.cs:line 91
   at Microsoft.Extensions.Hosting.HostBuilder.InitializeServiceProvider()
   at Microsoft.Extensions.Hosting.HostBuilder.Build()
   at Jellyfin.Server.Integration.Tests.JellyfinApplicationFactory.CreateHost(IHostBuilder builder) in /root/jellyfin/tests/Jellyfin.Server.Integration.Tests/JellyfinApplicationFactory.cs:line 110
   at Microsoft.AspNetCore.Mvc.Testing.WebApplicationFactory`1.ConfigureHostBuilder(IHostBuilder hostBuilder)
   at Microsoft.AspNetCore.Mvc.Testing.WebApplicationFactory`1.EnsureServer()
   at Microsoft.AspNetCore.Mvc.Testing.WebApplicationFactory`1.CreateDefaultClient(DelegatingHandler[] handlers)
   at Microsoft.AspNetCore.Mvc.Testing.WebApplicationFactory`1.CreateDefaultClient(Uri baseAddress, DelegatingHandler[] handlers)
   at Microsoft.AspNetCore.Mvc.Testing.WebApplicationFactory`1.CreateClient(WebApplicationFactoryClientOptions options)
   at Microsoft.AspNetCore.Mvc.Testing.WebApplicationFactory`1.CreateClient()
   at Jellyfin.Server.Integration.Tests.Controllers.MediaInfoControllerTests.BitrateTest_InvalidValue_BadRequest(Int32 size) in /root/jellyfin/tests/Jellyfin.Server.Integration.Tests/Controllers/MediaInfoControllerTests.cs:line 53
--- End of stack trace from previous location ---
----- Inner Stack Trace -----
   at SkiaSharp.SkiaApi.<sk_imagefilter_new_matrix_convolution>g____PInvoke|382_0(SKSizeI* __kernelSize_native, Single* __kernel_native, Single __gain_native, Single __bias_native, SKPointI* __kernelOffset_native, SKShaderTileMode __ctileMode_native, SByte __convolveAlpha_native, IntPtr __input_native, SKRect* __cropRect_native)
   at SkiaSharp.SkiaApi.<sk_imagefilter_new_matrix_convolution>g____PInvoke|382_0(SKSizeI* __kernelSize_native, Single* __kernel_native, Single __gain_native, Single __bias_native, SKPointI* __kernelOffset_native, SKShaderTileMode __ctileMode_native, SByte __convolveAlpha_native, IntPtr __input_native, SKRect* __cropRect_native)
   at SkiaSharp.SkiaApi.sk_imagefilter_new_matrix_convolution(SKSizeI* kernelSize, Single* kernel, Single gain, Single bias, SKPointI* kernelOffset, SKShaderTileMode ctileMode, Boolean convolveAlpha, IntPtr input, SKRect* cropRect)
   at SkiaSharp.SKImageFilter.CreateMatrixConvolution(SKSizeI kernelSize, ReadOnlySpan`1 kernel, Single gain, Single bias, SKPointI kernelOffset, SKShaderTileMode tileMode, Boolean convolveAlpha, SKImageFilter input, SKRect* cropRect)
   at SkiaSharp.SKImageFilter.CreateMatrixConvolution(SKSizeI kernelSize, ReadOnlySpan`1 kernel, Single gain, Single bias, SKPointI kernelOffset, SKShaderTileMode tileMode, Boolean convolveAlpha)
   at Jellyfin.Drawing.Skia.SkiaEncoder..cctor() in /root/jellyfin/src/Jellyfin.Drawing.Skia/SkiaEncoder.cs:line 53
  Failed Jellyfin.Server.Integration.Tests.Controllers.MediaInfoControllerTests.BitrateTest_InvalidValue_BadRequest(size: 1000000000) [4 ms]
  Error Message:
   System.TypeInitializationException : The type initializer for 'Jellyfin.Drawing.Skia.SkiaEncoder' threw an exception.
---- System.DllNotFoundException : Unable to load shared library 'libSkiaSharp' or one of its dependencies. In order to help diagnose loading problems, consider using a tool like strace. If you're using glibc, consider setting the LD_DEBUG environment variable: 
libfontconfig.so.1: cannot open shared object file: No such file or directory
/usr/share/dotnet/shared/Microsoft.NETCore.App/9.0.6/libSkiaSharp.so: cannot open shared object file: No such file or directory
/root/jellyfin/tests/Jellyfin.Server.Integration.Tests/bin/Debug/net9.0/libSkiaSharp.so: cannot open shared object file: No such file or directory
/root/jellyfin/tests/Jellyfin.Server.Integration.Tests/bin/Debug/net9.0/runtimes/linux-x64/native/liblibSkiaSharp.so: cannot open shared object file: No such file or directory
/usr/share/dotnet/shared/Microsoft.NETCore.App/9.0.6/liblibSkiaSharp.so: cannot open shared object file: No such file or directory
/root/jellyfin/tests/Jellyfin.Server.Integration.Tests/bin/Debug/net9.0/liblibSkiaSharp.so: cannot open shared object file: No such file or directory
/root/jellyfin/tests/Jellyfin.Server.Integration.Tests/bin/Debug/net9.0/runtimes/linux-x64/native/libSkiaSharp: cannot open shared object file: No such file or directory
/usr/share/dotnet/shared/Microsoft.NETCore.App/9.0.6/libSkiaSharp: cannot open shared object file: No such file or directory
/root/jellyfin/tests/Jellyfin.Server.Integration.Tests/bin/Debug/net9.0/libSkiaSharp: cannot open shared object file: No such file or directory
/root/jellyfin/tests/Jellyfin.Server.Integration.Tests/bin/Debug/net9.0/runtimes/linux-x64/native/liblibSkiaSharp: cannot open shared object file: No such file or directory
/usr/share/dotnet/shared/Microsoft.NETCore.App/9.0.6/liblibSkiaSharp: cannot open shared object file: No such file or directory
/root/jellyfin/tests/Jellyfin.Server.Integration.Tests/bin/Debug/net9.0/liblibSkiaSharp: cannot open shared object file: No such file or directory

  Stack Trace:
     at Jellyfin.Drawing.Skia.SkiaEncoder.IsNativeLibAvailable() in /root/jellyfin/src/Jellyfin.Drawing.Skia/SkiaEncoder.cs:line 142
   at Jellyfin.Server.CoreAppHost.RegisterServices(IServiceCollection serviceCollection) in /root/jellyfin/Jellyfin.Server/CoreAppHost.cs:line 66
   at Emby.Server.Implementations.ApplicationHost.Init(IServiceCollection serviceCollection) in /root/jellyfin/Emby.Server.Implementations/ApplicationHost.cs:line 460
   at Jellyfin.Server.Integration.Tests.JellyfinApplicationFactory.<>c__DisplayClass4_0.<ConfigureWebHost>b__0(IServiceCollection services) in /root/jellyfin/tests/Jellyfin.Server.Integration.Tests/JellyfinApplicationFactory.cs:line 91
   at Microsoft.Extensions.Hosting.HostBuilder.InitializeServiceProvider()
   at Microsoft.Extensions.Hosting.HostBuilder.Build()
   at Jellyfin.Server.Integration.Tests.JellyfinApplicationFactory.CreateHost(IHostBuilder builder) in /root/jellyfin/tests/Jellyfin.Server.Integration.Tests/JellyfinApplicationFactory.cs:line 110
   at Microsoft.AspNetCore.Mvc.Testing.WebApplicationFactory`1.ConfigureHostBuilder(IHostBuilder hostBuilder)
   at Microsoft.AspNetCore.Mvc.Testing.WebApplicationFactory`1.EnsureServer()
   at Microsoft.AspNetCore.Mvc.Testing.WebApplicationFactory`1.CreateDefaultClient(DelegatingHandler[] handlers)
   at Microsoft.AspNetCore.Mvc.Testing.WebApplicationFactory`1.CreateDefaultClient(Uri baseAddress, DelegatingHandler[] handlers)
   at Microsoft.AspNetCore.Mvc.Testing.WebApplicationFactory`1.CreateClient(WebApplicationFactoryClientOptions options)
   at Microsoft.AspNetCore.Mvc.Testing.WebApplicationFactory`1.CreateClient()
   at Jellyfin.Server.Integration.Tests.Controllers.MediaInfoControllerTests.BitrateTest_InvalidValue_BadRequest(Int32 size) in /root/jellyfin/tests/Jellyfin.Server.Integration.Tests/Controllers/MediaInfoControllerTests.cs:line 53
--- End of stack trace from previous location ---
----- Inner Stack Trace -----
   at SkiaSharp.SkiaApi.<sk_imagefilter_new_matrix_convolution>g____PInvoke|382_0(SKSizeI* __kernelSize_native, Single* __kernel_native, Single __gain_native, Single __bias_native, SKPointI* __kernelOffset_native, SKShaderTileMode __ctileMode_native, SByte __convolveAlpha_native, IntPtr __input_native, SKRect* __cropRect_native)
   at SkiaSharp.SkiaApi.<sk_imagefilter_new_matrix_convolution>g____PInvoke|382_0(SKSizeI* __kernelSize_native, Single* __kernel_native, Single __gain_native, Single __bias_native, SKPointI* __kernelOffset_native, SKShaderTileMode __ctileMode_native, SByte __convolveAlpha_native, IntPtr __input_native, SKRect* __cropRect_native)
   at SkiaSharp.SkiaApi.sk_imagefilter_new_matrix_convolution(SKSizeI* kernelSize, Single* kernel, Single gain, Single bias, SKPointI* kernelOffset, SKShaderTileMode ctileMode, Boolean convolveAlpha, IntPtr input, SKRect* cropRect)
   at SkiaSharp.SKImageFilter.CreateMatrixConvolution(SKSizeI kernelSize, ReadOnlySpan`1 kernel, Single gain, Single bias, SKPointI kernelOffset, SKShaderTileMode tileMode, Boolean convolveAlpha, SKImageFilter input, SKRect* cropRect)
   at SkiaSharp.SKImageFilter.CreateMatrixConvolution(SKSizeI kernelSize, ReadOnlySpan`1 kernel, Single gain, Single bias, SKPointI kernelOffset, SKShaderTileMode tileMode, Boolean convolveAlpha)
   at Jellyfin.Drawing.Skia.SkiaEncoder..cctor() in /root/jellyfin/src/Jellyfin.Drawing.Skia/SkiaEncoder.cs:line 53
  Failed Jellyfin.Server.Integration.Tests.Controllers.MediaInfoControllerTests.BitrateTest_InvalidValue_BadRequest(size: -102400) [3 ms]
  Error Message:
   System.TypeInitializationException : The type initializer for 'Jellyfin.Drawing.Skia.SkiaEncoder' threw an exception.
---- System.DllNotFoundException : Unable to load shared library 'libSkiaSharp' or one of its dependencies. In order to help diagnose loading problems, consider using a tool like strace. If you're using glibc, consider setting the LD_DEBUG environment variable: 
libfontconfig.so.1: cannot open shared object file: No such file or directory
/usr/share/dotnet/shared/Microsoft.NETCore.App/9.0.6/libSkiaSharp.so: cannot open shared object file: No such file or directory
/root/jellyfin/tests/Jellyfin.Server.Integration.Tests/bin/Debug/net9.0/libSkiaSharp.so: cannot open shared object file: No such file or directory
/root/jellyfin/tests/Jellyfin.Server.Integration.Tests/bin/Debug/net9.0/runtimes/linux-x64/native/liblibSkiaSharp.so: cannot open shared object file: No such file or directory
/usr/share/dotnet/shared/Microsoft.NETCore.App/9.0.6/liblibSkiaSharp.so: cannot open shared object file: No such file or directory
/root/jellyfin/tests/Jellyfin.Server.Integration.Tests/bin/Debug/net9.0/liblibSkiaSharp.so: cannot open shared object file: No such file or directory
/root/jellyfin/tests/Jellyfin.Server.Integration.Tests/bin/Debug/net9.0/runtimes/linux-x64/native/libSkiaSharp: cannot open shared object file: No such file or directory
/usr/share/dotnet/shared/Microsoft.NETCore.App/9.0.6/libSkiaSharp: cannot open shared object file: No such file or directory
/root/jellyfin/tests/Jellyfin.Server.Integration.Tests/bin/Debug/net9.0/libSkiaSharp: cannot open shared object file: No such file or directory
/root/jellyfin/tests/Jellyfin.Server.Integration.Tests/bin/Debug/net9.0/runtimes/linux-x64/native/liblibSkiaSharp: cannot open shared object file: No such file or directory
/usr/share/dotnet/shared/Microsoft.NETCore.App/9.0.6/liblibSkiaSharp: cannot open shared object file: No such file or directory
/root/jellyfin/tests/Jellyfin.Server.Integration.Tests/bin/Debug/net9.0/liblibSkiaSharp: cannot open shared object file: No such file or directory

  Stack Trace:
     at Jellyfin.Drawing.Skia.SkiaEncoder.IsNativeLibAvailable() in /root/jellyfin/src/Jellyfin.Drawing.Skia/SkiaEncoder.cs:line 142
   at Jellyfin.Server.CoreAppHost.RegisterServices(IServiceCollection serviceCollection) in /root/jellyfin/Jellyfin.Server/CoreAppHost.cs:line 66
   at Emby.Server.Implementations.ApplicationHost.Init(IServiceCollection serviceCollection) in /root/jellyfin/Emby.Server.Implementations/ApplicationHost.cs:line 460
   at Jellyfin.Server.Integration.Tests.JellyfinApplicationFactory.<>c__DisplayClass4_0.<ConfigureWebHost>b__0(IServiceCollection services) in /root/jellyfin/tests/Jellyfin.Server.Integration.Tests/JellyfinApplicationFactory.cs:line 91
   at Microsoft.Extensions.Hosting.HostBuilder.InitializeServiceProvider()
   at Microsoft.Extensions.Hosting.HostBuilder.Build()
   at Jellyfin.Server.Integration.Tests.JellyfinApplicationFactory.CreateHost(IHostBuilder builder) in /root/jellyfin/tests/Jellyfin.Server.Integration.Tests/JellyfinApplicationFactory.cs:line 110
   at Microsoft.AspNetCore.Mvc.Testing.WebApplicationFactory`1.ConfigureHostBuilder(IHostBuilder hostBuilder)
   at Microsoft.AspNetCore.Mvc.Testing.WebApplicationFactory`1.EnsureServer()
   at Microsoft.AspNetCore.Mvc.Testing.WebApplicationFactory`1.CreateDefaultClient(DelegatingHandler[] handlers)
   at Microsoft.AspNetCore.Mvc.Testing.WebApplicationFactory`1.CreateDefaultClient(Uri baseAddress, DelegatingHandler[] handlers)
   at Microsoft.AspNetCore.Mvc.Testing.WebApplicationFactory`1.CreateClient(WebApplicationFactoryClientOptions options)
   at Microsoft.AspNetCore.Mvc.Testing.WebApplicationFactory`1.CreateClient()
   at Jellyfin.Server.Integration.Tests.Controllers.MediaInfoControllerTests.BitrateTest_InvalidValue_BadRequest(Int32 size) in /root/jellyfin/tests/Jellyfin.Server.Integration.Tests/Controllers/MediaInfoControllerTests.cs:line 53
--- End of stack trace from previous location ---
----- Inner Stack Trace -----
   at SkiaSharp.SkiaApi.<sk_imagefilter_new_matrix_convolution>g____PInvoke|382_0(SKSizeI* __kernelSize_native, Single* __kernel_native, Single __gain_native, Single __bias_native, SKPointI* __kernelOffset_native, SKShaderTileMode __ctileMode_native, SByte __convolveAlpha_native, IntPtr __input_native, SKRect* __cropRect_native)
   at SkiaSharp.SkiaApi.<sk_imagefilter_new_matrix_convolution>g____PInvoke|382_0(SKSizeI* __kernelSize_native, Single* __kernel_native, Single __gain_native, Single __bias_native, SKPointI* __kernelOffset_native, SKShaderTileMode __ctileMode_native, SByte __convolveAlpha_native, IntPtr __input_native, SKRect* __cropRect_native)
   at SkiaSharp.SkiaApi.sk_imagefilter_new_matrix_convolution(SKSizeI* kernelSize, Single* kernel, Single gain, Single bias, SKPointI* kernelOffset, SKShaderTileMode ctileMode, Boolean convolveAlpha, IntPtr input, SKRect* cropRect)
   at SkiaSharp.SKImageFilter.CreateMatrixConvolution(SKSizeI kernelSize, ReadOnlySpan`1 kernel, Single gain, Single bias, SKPointI kernelOffset, SKShaderTileMode tileMode, Boolean convolveAlpha, SKImageFilter input, SKRect* cropRect)
   at SkiaSharp.SKImageFilter.CreateMatrixConvolution(SKSizeI kernelSize, ReadOnlySpan`1 kernel, Single gain, Single bias, SKPointI kernelOffset, SKShaderTileMode tileMode, Boolean convolveAlpha)
   at Jellyfin.Drawing.Skia.SkiaEncoder..cctor() in /root/jellyfin/src/Jellyfin.Drawing.Skia/SkiaEncoder.cs:line 53
  Failed Jellyfin.Server.Integration.Tests.Controllers.MediaInfoControllerTests.BitrateTest_Default_Ok [4 ms]
  Error Message:
   System.TypeInitializationException : The type initializer for 'Jellyfin.Drawing.Skia.SkiaEncoder' threw an exception.
---- System.DllNotFoundException : Unable to load shared library 'libSkiaSharp' or one of its dependencies. In order to help diagnose loading problems, consider using a tool like strace. If you're using glibc, consider setting the LD_DEBUG environment variable: 
libfontconfig.so.1: cannot open shared object file: No such file or directory
/usr/share/dotnet/shared/Microsoft.NETCore.App/9.0.6/libSkiaSharp.so: cannot open shared object file: No such file or directory
/root/jellyfin/tests/Jellyfin.Server.Integration.Tests/bin/Debug/net9.0/libSkiaSharp.so: cannot open shared object file: No such file or directory
/root/jellyfin/tests/Jellyfin.Server.Integration.Tests/bin/Debug/net9.0/runtimes/linux-x64/native/liblibSkiaSharp.so: cannot open shared object file: No such file or directory
/usr/share/dotnet/shared/Microsoft.NETCore.App/9.0.6/liblibSkiaSharp.so: cannot open shared object file: No such file or directory
/root/jellyfin/tests/Jellyfin.Server.Integration.Tests/bin/Debug/net9.0/liblibSkiaSharp.so: cannot open shared object file: No such file or directory
/root/jellyfin/tests/Jellyfin.Server.Integration.Tests/bin/Debug/net9.0/runtimes/linux-x64/native/libSkiaSharp: cannot open shared object file: No such file or directory
/usr/share/dotnet/shared/Microsoft.NETCore.App/9.0.6/libSkiaSharp: cannot open shared object file: No such file or directory
/root/jellyfin/tests/Jellyfin.Server.Integration.Tests/bin/Debug/net9.0/libSkiaSharp: cannot open shared object file: No such file or directory
/root/jellyfin/tests/Jellyfin.Server.Integration.Tests/bin/Debug/net9.0/runtimes/linux-x64/native/liblibSkiaSharp: cannot open shared object file: No such file or directory
/usr/share/dotnet/shared/Microsoft.NETCore.App/9.0.6/liblibSkiaSharp: cannot open shared object file: No such file or directory
/root/jellyfin/tests/Jellyfin.Server.Integration.Tests/bin/Debug/net9.0/liblibSkiaSharp: cannot open shared object file: No such file or directory

  Stack Trace:
     at Jellyfin.Drawing.Skia.SkiaEncoder.IsNativeLibAvailable() in /root/jellyfin/src/Jellyfin.Drawing.Skia/SkiaEncoder.cs:line 142
   at Jellyfin.Server.CoreAppHost.RegisterServices(IServiceCollection serviceCollection) in /root/jellyfin/Jellyfin.Server/CoreAppHost.cs:line 66
   at Emby.Server.Implementations.ApplicationHost.Init(IServiceCollection serviceCollection) in /root/jellyfin/Emby.Server.Implementations/ApplicationHost.cs:line 460
   at Jellyfin.Server.Integration.Tests.JellyfinApplicationFactory.<>c__DisplayClass4_0.<ConfigureWebHost>b__0(IServiceCollection services) in /root/jellyfin/tests/Jellyfin.Server.Integration.Tests/JellyfinApplicationFactory.cs:line 91
   at Microsoft.Extensions.Hosting.HostBuilder.InitializeServiceProvider()
   at Microsoft.Extensions.Hosting.HostBuilder.Build()
   at Jellyfin.Server.Integration.Tests.JellyfinApplicationFactory.CreateHost(IHostBuilder builder) in /root/jellyfin/tests/Jellyfin.Server.Integration.Tests/JellyfinApplicationFactory.cs:line 110
   at Microsoft.AspNetCore.Mvc.Testing.WebApplicationFactory`1.ConfigureHostBuilder(IHostBuilder hostBuilder)
   at Microsoft.AspNetCore.Mvc.Testing.WebApplicationFactory`1.EnsureServer()
   at Microsoft.AspNetCore.Mvc.Testing.WebApplicationFactory`1.CreateDefaultClient(DelegatingHandler[] handlers)
   at Microsoft.AspNetCore.Mvc.Testing.WebApplicationFactory`1.CreateDefaultClient(Uri baseAddress, DelegatingHandler[] handlers)
   at Microsoft.AspNetCore.Mvc.Testing.WebApplicationFactory`1.CreateClient(WebApplicationFactoryClientOptions options)
   at Microsoft.AspNetCore.Mvc.Testing.WebApplicationFactory`1.CreateClient()
   at Jellyfin.Server.Integration.Tests.Controllers.MediaInfoControllerTests.BitrateTest_Default_Ok() in /root/jellyfin/tests/Jellyfin.Server.Integration.Tests/Controllers/MediaInfoControllerTests.cs:line 22
--- End of stack trace from previous location ---
----- Inner Stack Trace -----
   at SkiaSharp.SkiaApi.<sk_imagefilter_new_matrix_convolution>g____PInvoke|382_0(SKSizeI* __kernelSize_native, Single* __kernel_native, Single __gain_native, Single __bias_native, SKPointI* __kernelOffset_native, SKShaderTileMode __ctileMode_native, SByte __convolveAlpha_native, IntPtr __input_native, SKRect* __cropRect_native)
   at SkiaSharp.SkiaApi.<sk_imagefilter_new_matrix_convolution>g____PInvoke|382_0(SKSizeI* __kernelSize_native, Single* __kernel_native, Single __gain_native, Single __bias_native, SKPointI* __kernelOffset_native, SKShaderTileMode __ctileMode_native, SByte __convolveAlpha_native, IntPtr __input_native, SKRect* __cropRect_native)
   at SkiaSharp.SkiaApi.sk_imagefilter_new_matrix_convolution(SKSizeI* kernelSize, Single* kernel, Single gain, Single bias, SKPointI* kernelOffset, SKShaderTileMode ctileMode, Boolean convolveAlpha, IntPtr input, SKRect* cropRect)
   at SkiaSharp.SKImageFilter.CreateMatrixConvolution(SKSizeI kernelSize, ReadOnlySpan`1 kernel, Single gain, Single bias, SKPointI kernelOffset, SKShaderTileMode tileMode, Boolean convolveAlpha, SKImageFilter input, SKRect* cropRect)
   at SkiaSharp.SKImageFilter.CreateMatrixConvolution(SKSizeI kernelSize, ReadOnlySpan`1 kernel, Single gain, Single bias, SKPointI kernelOffset, SKShaderTileMode tileMode, Boolean convolveAlpha)
   at Jellyfin.Drawing.Skia.SkiaEncoder..cctor() in /root/jellyfin/src/Jellyfin.Drawing.Skia/SkiaEncoder.cs:line 53
  Failed Jellyfin.Server.Integration.Tests.Controllers.MediaInfoControllerTests.BitrateTest_WithValidParam_Ok(size: 102400) [4 ms]
  Error Message:
   System.TypeInitializationException : The type initializer for 'Jellyfin.Drawing.Skia.SkiaEncoder' threw an exception.
---- System.DllNotFoundException : Unable to load shared library 'libSkiaSharp' or one of its dependencies. In order to help diagnose loading problems, consider using a tool like strace. If you're using glibc, consider setting the LD_DEBUG environment variable: 
libfontconfig.so.1: cannot open shared object file: No such file or directory
/usr/share/dotnet/shared/Microsoft.NETCore.App/9.0.6/libSkiaSharp.so: cannot open shared object file: No such file or directory
/root/jellyfin/tests/Jellyfin.Server.Integration.Tests/bin/Debug/net9.0/libSkiaSharp.so: cannot open shared object file: No such file or directory
/root/jellyfin/tests/Jellyfin.Server.Integration.Tests/bin/Debug/net9.0/runtimes/linux-x64/native/liblibSkiaSharp.so: cannot open shared object file: No such file or directory
/usr/share/dotnet/shared/Microsoft.NETCore.App/9.0.6/liblibSkiaSharp.so: cannot open shared object file: No such file or directory
/root/jellyfin/tests/Jellyfin.Server.Integration.Tests/bin/Debug/net9.0/liblibSkiaSharp.so: cannot open shared object file: No such file or directory
/root/jellyfin/tests/Jellyfin.Server.Integration.Tests/bin/Debug/net9.0/runtimes/linux-x64/native/libSkiaSharp: cannot open shared object file: No such file or directory
/usr/share/dotnet/shared/Microsoft.NETCore.App/9.0.6/libSkiaSharp: cannot open shared object file: No such file or directory
/root/jellyfin/tests/Jellyfin.Server.Integration.Tests/bin/Debug/net9.0/libSkiaSharp: cannot open shared object file: No such file or directory
/root/jellyfin/tests/Jellyfin.Server.Integration.Tests/bin/Debug/net9.0/runtimes/linux-x64/native/liblibSkiaSharp: cannot open shared object file: No such file or directory
/usr/share/dotnet/shared/Microsoft.NETCore.App/9.0.6/liblibSkiaSharp: cannot open shared object file: No such file or directory
/root/jellyfin/tests/Jellyfin.Server.Integration.Tests/bin/Debug/net9.0/liblibSkiaSharp: cannot open shared object file: No such file or directory

  Stack Trace:
     at Jellyfin.Drawing.Skia.SkiaEncoder.IsNativeLibAvailable() in /root/jellyfin/src/Jellyfin.Drawing.Skia/SkiaEncoder.cs:line 142
   at Jellyfin.Server.CoreAppHost.RegisterServices(IServiceCollection serviceCollection) in /root/jellyfin/Jellyfin.Server/CoreAppHost.cs:line 66
   at Emby.Server.Implementations.ApplicationHost.Init(IServiceCollection serviceCollection) in /root/jellyfin/Emby.Server.Implementations/ApplicationHost.cs:line 460
   at Jellyfin.Server.Integration.Tests.JellyfinApplicationFactory.<>c__DisplayClass4_0.<ConfigureWebHost>b__0(IServiceCollection services) in /root/jellyfin/tests/Jellyfin.Server.Integration.Tests/JellyfinApplicationFactory.cs:line 91
   at Microsoft.Extensions.Hosting.HostBuilder.InitializeServiceProvider()
   at Microsoft.Extensions.Hosting.HostBuilder.Build()
   at Jellyfin.Server.Integration.Tests.JellyfinApplicationFactory.CreateHost(IHostBuilder builder) in /root/jellyfin/tests/Jellyfin.Server.Integration.Tests/JellyfinApplicationFactory.cs:line 110
   at Microsoft.AspNetCore.Mvc.Testing.WebApplicationFactory`1.ConfigureHostBuilder(IHostBuilder hostBuilder)
   at Microsoft.AspNetCore.Mvc.Testing.WebApplicationFactory`1.EnsureServer()
   at Microsoft.AspNetCore.Mvc.Testing.WebApplicationFactory`1.CreateDefaultClient(DelegatingHandler[] handlers)
   at Microsoft.AspNetCore.Mvc.Testing.WebApplicationFactory`1.CreateDefaultClient(Uri baseAddress, DelegatingHandler[] handlers)
   at Microsoft.AspNetCore.Mvc.Testing.WebApplicationFactory`1.CreateClient(WebApplicationFactoryClientOptions options)
   at Microsoft.AspNetCore.Mvc.Testing.WebApplicationFactory`1.CreateClient()
   at Jellyfin.Server.Integration.Tests.Controllers.MediaInfoControllerTests.BitrateTest_WithValidParam_Ok(Int32 size) in /root/jellyfin/tests/Jellyfin.Server.Integration.Tests/Controllers/MediaInfoControllerTests.cs:line 36
--- End of stack trace from previous location ---
----- Inner Stack Trace -----
   at SkiaSharp.SkiaApi.<sk_imagefilter_new_matrix_convolution>g____PInvoke|382_0(SKSizeI* __kernelSize_native, Single* __kernel_native, Single __gain_native, Single __bias_native, SKPointI* __kernelOffset_native, SKShaderTileMode __ctileMode_native, SByte __convolveAlpha_native, IntPtr __input_native, SKRect* __cropRect_native)
   at SkiaSharp.SkiaApi.<sk_imagefilter_new_matrix_convolution>g____PInvoke|382_0(SKSizeI* __kernelSize_native, Single* __kernel_native, Single __gain_native, Single __bias_native, SKPointI* __kernelOffset_native, SKShaderTileMode __ctileMode_native, SByte __convolveAlpha_native, IntPtr __input_native, SKRect* __cropRect_native)
   at SkiaSharp.SkiaApi.sk_imagefilter_new_matrix_convolution(SKSizeI* kernelSize, Single* kernel, Single gain, Single bias, SKPointI* kernelOffset, SKShaderTileMode ctileMode, Boolean convolveAlpha, IntPtr input, SKRect* cropRect)
   at SkiaSharp.SKImageFilter.CreateMatrixConvolution(SKSizeI kernelSize, ReadOnlySpan`1 kernel, Single gain, Single bias, SKPointI kernelOffset, SKShaderTileMode tileMode, Boolean convolveAlpha, SKImageFilter input, SKRect* cropRect)
   at SkiaSharp.SKImageFilter.CreateMatrixConvolution(SKSizeI kernelSize, ReadOnlySpan`1 kernel, Single gain, Single bias, SKPointI kernelOffset, SKShaderTileMode tileMode, Boolean convolveAlpha)
   at Jellyfin.Drawing.Skia.SkiaEncoder..cctor() in /root/jellyfin/src/Jellyfin.Drawing.Skia/SkiaEncoder.cs:line 53
  Failed Jellyfin.Server.Integration.Tests.Controllers.LibraryControllerTests.Get_NonexistentItemId_NotFound(format: "Items/{0}/ThemeSongs") [3 ms]
  Error Message:
   System.TypeInitializationException : The type initializer for 'Jellyfin.Drawing.Skia.SkiaEncoder' threw an exception.
---- System.DllNotFoundException : Unable to load shared library 'libSkiaSharp' or one of its dependencies. In order to help diagnose loading problems, consider using a tool like strace. If you're using glibc, consider setting the LD_DEBUG environment variable: 
libfontconfig.so.1: cannot open shared object file: No such file or directory
/usr/share/dotnet/shared/Microsoft.NETCore.App/9.0.6/libSkiaSharp.so: cannot open shared object file: No such file or directory
/root/jellyfin/tests/Jellyfin.Server.Integration.Tests/bin/Debug/net9.0/libSkiaSharp.so: cannot open shared object file: No such file or directory
/root/jellyfin/tests/Jellyfin.Server.Integration.Tests/bin/Debug/net9.0/runtimes/linux-x64/native/liblibSkiaSharp.so: cannot open shared object file: No such file or directory
/usr/share/dotnet/shared/Microsoft.NETCore.App/9.0.6/liblibSkiaSharp.so: cannot open shared object file: No such file or directory
/root/jellyfin/tests/Jellyfin.Server.Integration.Tests/bin/Debug/net9.0/liblibSkiaSharp.so: cannot open shared object file: No such file or directory
/root/jellyfin/tests/Jellyfin.Server.Integration.Tests/bin/Debug/net9.0/runtimes/linux-x64/native/libSkiaSharp: cannot open shared object file: No such file or directory
/usr/share/dotnet/shared/Microsoft.NETCore.App/9.0.6/libSkiaSharp: cannot open shared object file: No such file or directory
/root/jellyfin/tests/Jellyfin.Server.Integration.Tests/bin/Debug/net9.0/libSkiaSharp: cannot open shared object file: No such file or directory
/root/jellyfin/tests/Jellyfin.Server.Integration.Tests/bin/Debug/net9.0/runtimes/linux-x64/native/liblibSkiaSharp: cannot open shared object file: No such file or directory
/usr/share/dotnet/shared/Microsoft.NETCore.App/9.0.6/liblibSkiaSharp: cannot open shared object file: No such file or directory
/root/jellyfin/tests/Jellyfin.Server.Integration.Tests/bin/Debug/net9.0/liblibSkiaSharp: cannot open shared object file: No such file or directory

  Stack Trace:
     at Jellyfin.Drawing.Skia.SkiaEncoder.IsNativeLibAvailable() in /root/jellyfin/src/Jellyfin.Drawing.Skia/SkiaEncoder.cs:line 142
   at Jellyfin.Server.CoreAppHost.RegisterServices(IServiceCollection serviceCollection) in /root/jellyfin/Jellyfin.Server/CoreAppHost.cs:line 66
   at Emby.Server.Implementations.ApplicationHost.Init(IServiceCollection serviceCollection) in /root/jellyfin/Emby.Server.Implementations/ApplicationHost.cs:line 460
   at Jellyfin.Server.Integration.Tests.JellyfinApplicationFactory.<>c__DisplayClass4_0.<ConfigureWebHost>b__0(IServiceCollection services) in /root/jellyfin/tests/Jellyfin.Server.Integration.Tests/JellyfinApplicationFactory.cs:line 91
   at Microsoft.Extensions.Hosting.HostBuilder.InitializeServiceProvider()
   at Microsoft.Extensions.Hosting.HostBuilder.Build()
   at Jellyfin.Server.Integration.Tests.JellyfinApplicationFactory.CreateHost(IHostBuilder builder) in /root/jellyfin/tests/Jellyfin.Server.Integration.Tests/JellyfinApplicationFactory.cs:line 110
   at Microsoft.AspNetCore.Mvc.Testing.WebApplicationFactory`1.ConfigureHostBuilder(IHostBuilder hostBuilder)
   at Microsoft.AspNetCore.Mvc.Testing.WebApplicationFactory`1.EnsureServer()
   at Microsoft.AspNetCore.Mvc.Testing.WebApplicationFactory`1.CreateDefaultClient(DelegatingHandler[] handlers)
   at Microsoft.AspNetCore.Mvc.Testing.WebApplicationFactory`1.CreateDefaultClient(Uri baseAddress, DelegatingHandler[] handlers)
   at Microsoft.AspNetCore.Mvc.Testing.WebApplicationFactory`1.CreateClient(WebApplicationFactoryClientOptions options)
   at Microsoft.AspNetCore.Mvc.Testing.WebApplicationFactory`1.CreateClient()
   at Jellyfin.Server.Integration.Tests.Controllers.LibraryControllerTests.Get_NonexistentItemId_NotFound(String format) in /root/jellyfin/tests/Jellyfin.Server.Integration.Tests/Controllers/LibraryControllerTests.cs:line 34
--- End of stack trace from previous location ---
----- Inner Stack Trace -----
   at SkiaSharp.SkiaApi.<sk_imagefilter_new_matrix_convolution>g____PInvoke|382_0(SKSizeI* __kernelSize_native, Single* __kernel_native, Single __gain_native, Single __bias_native, SKPointI* __kernelOffset_native, SKShaderTileMode __ctileMode_native, SByte __convolveAlpha_native, IntPtr __input_native, SKRect* __cropRect_native)
   at SkiaSharp.SkiaApi.<sk_imagefilter_new_matrix_convolution>g____PInvoke|382_0(SKSizeI* __kernelSize_native, Single* __kernel_native, Single __gain_native, Single __bias_native, SKPointI* __kernelOffset_native, SKShaderTileMode __ctileMode_native, SByte __convolveAlpha_native, IntPtr __input_native, SKRect* __cropRect_native)
   at SkiaSharp.SkiaApi.sk_imagefilter_new_matrix_convolution(SKSizeI* kernelSize, Single* kernel, Single gain, Single bias, SKPointI* kernelOffset, SKShaderTileMode ctileMode, Boolean convolveAlpha, IntPtr input, SKRect* cropRect)
   at SkiaSharp.SKImageFilter.CreateMatrixConvolution(SKSizeI kernelSize, ReadOnlySpan`1 kernel, Single gain, Single bias, SKPointI kernelOffset, SKShaderTileMode tileMode, Boolean convolveAlpha, SKImageFilter input, SKRect* cropRect)
   at SkiaSharp.SKImageFilter.CreateMatrixConvolution(SKSizeI kernelSize, ReadOnlySpan`1 kernel, Single gain, Single bias, SKPointI kernelOffset, SKShaderTileMode tileMode, Boolean convolveAlpha)
   at Jellyfin.Drawing.Skia.SkiaEncoder..cctor() in /root/jellyfin/src/Jellyfin.Drawing.Skia/SkiaEncoder.cs:line 53
  Failed Jellyfin.Server.Integration.Tests.Controllers.LibraryControllerTests.Get_NonexistentItemId_NotFound(format: "Items/{0}/File") [4 ms]
  Error Message:
   System.TypeInitializationException : The type initializer for 'Jellyfin.Drawing.Skia.SkiaEncoder' threw an exception.
---- System.DllNotFoundException : Unable to load shared library 'libSkiaSharp' or one of its dependencies. In order to help diagnose loading problems, consider using a tool like strace. If you're using glibc, consider setting the LD_DEBUG environment variable: 
libfontconfig.so.1: cannot open shared object file: No such file or directory
/usr/share/dotnet/shared/Microsoft.NETCore.App/9.0.6/libSkiaSharp.so: cannot open shared object file: No such file or directory
/root/jellyfin/tests/Jellyfin.Server.Integration.Tests/bin/Debug/net9.0/libSkiaSharp.so: cannot open shared object file: No such file or directory
/root/jellyfin/tests/Jellyfin.Server.Integration.Tests/bin/Debug/net9.0/runtimes/linux-x64/native/liblibSkiaSharp.so: cannot open shared object file: No such file or directory
/usr/share/dotnet/shared/Microsoft.NETCore.App/9.0.6/liblibSkiaSharp.so: cannot open shared object file: No such file or directory
/root/jellyfin/tests/Jellyfin.Server.Integration.Tests/bin/Debug/net9.0/liblibSkiaSharp.so: cannot open shared object file: No such file or directory
/root/jellyfin/tests/Jellyfin.Server.Integration.Tests/bin/Debug/net9.0/runtimes/linux-x64/native/libSkiaSharp: cannot open shared object file: No such file or directory
/usr/share/dotnet/shared/Microsoft.NETCore.App/9.0.6/libSkiaSharp: cannot open shared object file: No such file or directory
/root/jellyfin/tests/Jellyfin.Server.Integration.Tests/bin/Debug/net9.0/libSkiaSharp: cannot open shared object file: No such file or directory
/root/jellyfin/tests/Jellyfin.Server.Integration.Tests/bin/Debug/net9.0/runtimes/linux-x64/native/liblibSkiaSharp: cannot open shared object file: No such file or directory
/usr/share/dotnet/shared/Microsoft.NETCore.App/9.0.6/liblibSkiaSharp: cannot open shared object file: No such file or directory
/root/jellyfin/tests/Jellyfin.Server.Integration.Tests/bin/Debug/net9.0/liblibSkiaSharp: cannot open shared object file: No such file or directory

  Stack Trace:
     at Jellyfin.Drawing.Skia.SkiaEncoder.IsNativeLibAvailable() in /root/jellyfin/src/Jellyfin.Drawing.Skia/SkiaEncoder.cs:line 142
   at Jellyfin.Server.CoreAppHost.RegisterServices(IServiceCollection serviceCollection) in /root/jellyfin/Jellyfin.Server/CoreAppHost.cs:line 66
   at Emby.Server.Implementations.ApplicationHost.Init(IServiceCollection serviceCollection) in /root/jellyfin/Emby.Server.Implementations/ApplicationHost.cs:line 460
   at Jellyfin.Server.Integration.Tests.JellyfinApplicationFactory.<>c__DisplayClass4_0.<ConfigureWebHost>b__0(IServiceCollection services) in /root/jellyfin/tests/Jellyfin.Server.Integration.Tests/JellyfinApplicationFactory.cs:line 91
   at Microsoft.Extensions.Hosting.HostBuilder.InitializeServiceProvider()
   at Microsoft.Extensions.Hosting.HostBuilder.Build()
   at Jellyfin.Server.Integration.Tests.JellyfinApplicationFactory.CreateHost(IHostBuilder builder) in /root/jellyfin/tests/Jellyfin.Server.Integration.Tests/JellyfinApplicationFactory.cs:line 110
   at Microsoft.AspNetCore.Mvc.Testing.WebApplicationFactory`1.ConfigureHostBuilder(IHostBuilder hostBuilder)
   at Microsoft.AspNetCore.Mvc.Testing.WebApplicationFactory`1.EnsureServer()
   at Microsoft.AspNetCore.Mvc.Testing.WebApplicationFactory`1.CreateDefaultClient(DelegatingHandler[] handlers)
   at Microsoft.AspNetCore.Mvc.Testing.WebApplicationFactory`1.CreateDefaultClient(Uri baseAddress, DelegatingHandler[] handlers)
   at Microsoft.AspNetCore.Mvc.Testing.WebApplicationFactory`1.CreateClient(WebApplicationFactoryClientOptions options)
   at Microsoft.AspNetCore.Mvc.Testing.WebApplicationFactory`1.CreateClient()
   at Jellyfin.Server.Integration.Tests.Controllers.LibraryControllerTests.Get_NonexistentItemId_NotFound(String format) in /root/jellyfin/tests/Jellyfin.Server.Integration.Tests/Controllers/LibraryControllerTests.cs:line 34
--- End of stack trace from previous location ---
----- Inner Stack Trace -----
   at SkiaSharp.SkiaApi.<sk_imagefilter_new_matrix_convolution>g____PInvoke|382_0(SKSizeI* __kernelSize_native, Single* __kernel_native, Single __gain_native, Single __bias_native, SKPointI* __kernelOffset_native, SKShaderTileMode __ctileMode_native, SByte __convolveAlpha_native, IntPtr __input_native, SKRect* __cropRect_native)
   at SkiaSharp.SkiaApi.<sk_imagefilter_new_matrix_convolution>g____PInvoke|382_0(SKSizeI* __kernelSize_native, Single* __kernel_native, Single __gain_native, Single __bias_native, SKPointI* __kernelOffset_native, SKShaderTileMode __ctileMode_native, SByte __convolveAlpha_native, IntPtr __input_native, SKRect* __cropRect_native)
   at SkiaSharp.SkiaApi.sk_imagefilter_new_matrix_convolution(SKSizeI* kernelSize, Single* kernel, Single gain, Single bias, SKPointI* kernelOffset, SKShaderTileMode ctileMode, Boolean convolveAlpha, IntPtr input, SKRect* cropRect)
   at SkiaSharp.SKImageFilter.CreateMatrixConvolution(SKSizeI kernelSize, ReadOnlySpan`1 kernel, Single gain, Single bias, SKPointI kernelOffset, SKShaderTileMode tileMode, Boolean convolveAlpha, SKImageFilter input, SKRect* cropRect)
   at SkiaSharp.SKImageFilter.CreateMatrixConvolution(SKSizeI kernelSize, ReadOnlySpan`1 kernel, Single gain, Single bias, SKPointI kernelOffset, SKShaderTileMode tileMode, Boolean convolveAlpha)
   at Jellyfin.Drawing.Skia.SkiaEncoder..cctor() in /root/jellyfin/src/Jellyfin.Drawing.Skia/SkiaEncoder.cs:line 53
  Failed Jellyfin.Server.Integration.Tests.Controllers.LibraryControllerTests.Get_NonexistentItemId_NotFound(format: "Movies/{0}/Similar") [9 ms]
  Error Message:
   System.TypeInitializationException : The type initializer for 'Jellyfin.Drawing.Skia.SkiaEncoder' threw an exception.
---- System.DllNotFoundException : Unable to load shared library 'libSkiaSharp' or one of its dependencies. In order to help diagnose loading problems, consider using a tool like strace. If you're using glibc, consider setting the LD_DEBUG environment variable: 
libfontconfig.so.1: cannot open shared object file: No such file or directory
/usr/share/dotnet/shared/Microsoft.NETCore.App/9.0.6/libSkiaSharp.so: cannot open shared object file: No such file or directory
/root/jellyfin/tests/Jellyfin.Server.Integration.Tests/bin/Debug/net9.0/libSkiaSharp.so: cannot open shared object file: No such file or directory
/root/jellyfin/tests/Jellyfin.Server.Integration.Tests/bin/Debug/net9.0/runtimes/linux-x64/native/liblibSkiaSharp.so: cannot open shared object file: No such file or directory
/usr/share/dotnet/shared/Microsoft.NETCore.App/9.0.6/liblibSkiaSharp.so: cannot open shared object file: No such file or directory
/root/jellyfin/tests/Jellyfin.Server.Integration.Tests/bin/Debug/net9.0/liblibSkiaSharp.so: cannot open shared object file: No such file or directory
/root/jellyfin/tests/Jellyfin.Server.Integration.Tests/bin/Debug/net9.0/runtimes/linux-x64/native/libSkiaSharp: cannot open shared object file: No such file or directory
/usr/share/dotnet/shared/Microsoft.NETCore.App/9.0.6/libSkiaSharp: cannot open shared object file: No such file or directory
/root/jellyfin/tests/Jellyfin.Server.Integration.Tests/bin/Debug/net9.0/libSkiaSharp: cannot open shared object file: No such file or directory
/root/jellyfin/tests/Jellyfin.Server.Integration.Tests/bin/Debug/net9.0/runtimes/linux-x64/native/liblibSkiaSharp: cannot open shared object file: No such file or directory
/usr/share/dotnet/shared/Microsoft.NETCore.App/9.0.6/liblibSkiaSharp: cannot open shared object file: No such file or directory
/root/jellyfin/tests/Jellyfin.Server.Integration.Tests/bin/Debug/net9.0/liblibSkiaSharp: cannot open shared object file: No such file or directory

  Stack Trace:
     at Jellyfin.Drawing.Skia.SkiaEncoder.IsNativeLibAvailable() in /root/jellyfin/src/Jellyfin.Drawing.Skia/SkiaEncoder.cs:line 142
   at Jellyfin.Server.CoreAppHost.RegisterServices(IServiceCollection serviceCollection) in /root/jellyfin/Jellyfin.Server/CoreAppHost.cs:line 66
   at Emby.Server.Implementations.ApplicationHost.Init(IServiceCollection serviceCollection) in /root/jellyfin/Emby.Server.Implementations/ApplicationHost.cs:line 460
   at Jellyfin.Server.Integration.Tests.JellyfinApplicationFactory.<>c__DisplayClass4_0.<ConfigureWebHost>b__0(IServiceCollection services) in /root/jellyfin/tests/Jellyfin.Server.Integration.Tests/JellyfinApplicationFactory.cs:line 91
   at Microsoft.Extensions.Hosting.HostBuilder.InitializeServiceProvider()
   at Microsoft.Extensions.Hosting.HostBuilder.Build()
   at Jellyfin.Server.Integration.Tests.JellyfinApplicationFactory.CreateHost(IHostBuilder builder) in /root/jellyfin/tests/Jellyfin.Server.Integration.Tests/JellyfinApplicationFactory.cs:line 110
   at Microsoft.AspNetCore.Mvc.Testing.WebApplicationFactory`1.ConfigureHostBuilder(IHostBuilder hostBuilder)
   at Microsoft.AspNetCore.Mvc.Testing.WebApplicationFactory`1.EnsureServer()
   at Microsoft.AspNetCore.Mvc.Testing.WebApplicationFactory`1.CreateDefaultClient(DelegatingHandler[] handlers)
   at Microsoft.AspNetCore.Mvc.Testing.WebApplicationFactory`1.CreateDefaultClient(Uri baseAddress, DelegatingHandler[] handlers)
   at Microsoft.AspNetCore.Mvc.Testing.WebApplicationFactory`1.CreateClient(WebApplicationFactoryClientOptions options)
   at Microsoft.AspNetCore.Mvc.Testing.WebApplicationFactory`1.CreateClient()
   at Jellyfin.Server.Integration.Tests.Controllers.LibraryControllerTests.Get_NonexistentItemId_NotFound(String format) in /root/jellyfin/tests/Jellyfin.Server.Integration.Tests/Controllers/LibraryControllerTests.cs:line 34
--- End of stack trace from previous location ---
----- Inner Stack Trace -----
   at SkiaSharp.SkiaApi.<sk_imagefilter_new_matrix_convolution>g____PInvoke|382_0(SKSizeI* __kernelSize_native, Single* __kernel_native, Single __gain_native, Single __bias_native, SKPointI* __kernelOffset_native, SKShaderTileMode __ctileMode_native, SByte __convolveAlpha_native, IntPtr __input_native, SKRect* __cropRect_native)
   at SkiaSharp.SkiaApi.<sk_imagefilter_new_matrix_convolution>g____PInvoke|382_0(SKSizeI* __kernelSize_native, Single* __kernel_native, Single __gain_native, Single __bias_native, SKPointI* __kernelOffset_native, SKShaderTileMode __ctileMode_native, SByte __convolveAlpha_native, IntPtr __input_native, SKRect* __cropRect_native)
   at SkiaSharp.SkiaApi.sk_imagefilter_new_matrix_convolution(SKSizeI* kernelSize, Single* kernel, Single gain, Single bias, SKPointI* kernelOffset, SKShaderTileMode ctileMode, Boolean convolveAlpha, IntPtr input, SKRect* cropRect)
   at SkiaSharp.SKImageFilter.CreateMatrixConvolution(SKSizeI kernelSize, ReadOnlySpan`1 kernel, Single gain, Single bias, SKPointI kernelOffset, SKShaderTileMode tileMode, Boolean convolveAlpha, SKImageFilter input, SKRect* cropRect)
   at SkiaSharp.SKImageFilter.CreateMatrixConvolution(SKSizeI kernelSize, ReadOnlySpan`1 kernel, Single gain, Single bias, SKPointI kernelOffset, SKShaderTileMode tileMode, Boolean convolveAlpha)
   at Jellyfin.Drawing.Skia.SkiaEncoder..cctor() in /root/jellyfin/src/Jellyfin.Drawing.Skia/SkiaEncoder.cs:line 53
  Failed Jellyfin.Server.Integration.Tests.Controllers.LibraryControllerTests.Get_NonexistentItemId_NotFound(format: "Trailers/{0}/Similar") [4 ms]
  Error Message:
   System.TypeInitializationException : The type initializer for 'Jellyfin.Drawing.Skia.SkiaEncoder' threw an exception.
---- System.DllNotFoundException : Unable to load shared library 'libSkiaSharp' or one of its dependencies. In order to help diagnose loading problems, consider using a tool like strace. If you're using glibc, consider setting the LD_DEBUG environment variable: 
libfontconfig.so.1: cannot open shared object file: No such file or directory
/usr/share/dotnet/shared/Microsoft.NETCore.App/9.0.6/libSkiaSharp.so: cannot open shared object file: No such file or directory
/root/jellyfin/tests/Jellyfin.Server.Integration.Tests/bin/Debug/net9.0/libSkiaSharp.so: cannot open shared object file: No such file or directory
/root/jellyfin/tests/Jellyfin.Server.Integration.Tests/bin/Debug/net9.0/runtimes/linux-x64/native/liblibSkiaSharp.so: cannot open shared object file: No such file or directory
/usr/share/dotnet/shared/Microsoft.NETCore.App/9.0.6/liblibSkiaSharp.so: cannot open shared object file: No such file or directory
/root/jellyfin/tests/Jellyfin.Server.Integration.Tests/bin/Debug/net9.0/liblibSkiaSharp.so: cannot open shared object file: No such file or directory
/root/jellyfin/tests/Jellyfin.Server.Integration.Tests/bin/Debug/net9.0/runtimes/linux-x64/native/libSkiaSharp: cannot open shared object file: No such file or directory
/usr/share/dotnet/shared/Microsoft.NETCore.App/9.0.6/libSkiaSharp: cannot open shared object file: No such file or directory
/root/jellyfin/tests/Jellyfin.Server.Integration.Tests/bin/Debug/net9.0/libSkiaSharp: cannot open shared object file: No such file or directory
/root/jellyfin/tests/Jellyfin.Server.Integration.Tests/bin/Debug/net9.0/runtimes/linux-x64/native/liblibSkiaSharp: cannot open shared object file: No such file or directory
/usr/share/dotnet/shared/Microsoft.NETCore.App/9.0.6/liblibSkiaSharp: cannot open shared object file: No such file or directory
/root/jellyfin/tests/Jellyfin.Server.Integration.Tests/bin/Debug/net9.0/liblibSkiaSharp: cannot open shared object file: No such file or directory

  Stack Trace:
     at Jellyfin.Drawing.Skia.SkiaEncoder.IsNativeLibAvailable() in /root/jellyfin/src/Jellyfin.Drawing.Skia/SkiaEncoder.cs:line 142
   at Jellyfin.Server.CoreAppHost.RegisterServices(IServiceCollection serviceCollection) in /root/jellyfin/Jellyfin.Server/CoreAppHost.cs:line 66
   at Emby.Server.Implementations.ApplicationHost.Init(IServiceCollection serviceCollection) in /root/jellyfin/Emby.Server.Implementations/ApplicationHost.cs:line 460
   at Jellyfin.Server.Integration.Tests.JellyfinApplicationFactory.<>c__DisplayClass4_0.<ConfigureWebHost>b__0(IServiceCollection services) in /root/jellyfin/tests/Jellyfin.Server.Integration.Tests/JellyfinApplicationFactory.cs:line 91
   at Microsoft.Extensions.Hosting.HostBuilder.InitializeServiceProvider()
   at Microsoft.Extensions.Hosting.HostBuilder.Build()
   at Jellyfin.Server.Integration.Tests.JellyfinApplicationFactory.CreateHost(IHostBuilder builder) in /root/jellyfin/tests/Jellyfin.Server.Integration.Tests/JellyfinApplicationFactory.cs:line 110
   at Microsoft.AspNetCore.Mvc.Testing.WebApplicationFactory`1.ConfigureHostBuilder(IHostBuilder hostBuilder)
   at Microsoft.AspNetCore.Mvc.Testing.WebApplicationFactory`1.EnsureServer()
   at Microsoft.AspNetCore.Mvc.Testing.WebApplicationFactory`1.CreateDefaultClient(DelegatingHandler[] handlers)
   at Microsoft.AspNetCore.Mvc.Testing.WebApplicationFactory`1.CreateDefaultClient(Uri baseAddress, DelegatingHandler[] handlers)
   at Microsoft.AspNetCore.Mvc.Testing.WebApplicationFactory`1.CreateClient(WebApplicationFactoryClientOptions options)
   at Microsoft.AspNetCore.Mvc.Testing.WebApplicationFactory`1.CreateClient()
   at Jellyfin.Server.Integration.Tests.Controllers.LibraryControllerTests.Get_NonexistentItemId_NotFound(String format) in /root/jellyfin/tests/Jellyfin.Server.Integration.Tests/Controllers/LibraryControllerTests.cs:line 34
--- End of stack trace from previous location ---
----- Inner Stack Trace -----
   at SkiaSharp.SkiaApi.<sk_imagefilter_new_matrix_convolution>g____PInvoke|382_0(SKSizeI* __kernelSize_native, Single* __kernel_native, Single __gain_native, Single __bias_native, SKPointI* __kernelOffset_native, SKShaderTileMode __ctileMode_native, SByte __convolveAlpha_native, IntPtr __input_native, SKRect* __cropRect_native)
   at SkiaSharp.SkiaApi.<sk_imagefilter_new_matrix_convolution>g____PInvoke|382_0(SKSizeI* __kernelSize_native, Single* __kernel_native, Single __gain_native, Single __bias_native, SKPointI* __kernelOffset_native, SKShaderTileMode __ctileMode_native, SByte __convolveAlpha_native, IntPtr __input_native, SKRect* __cropRect_native)
   at SkiaSharp.SkiaApi.sk_imagefilter_new_matrix_convolution(SKSizeI* kernelSize, Single* kernel, Single gain, Single bias, SKPointI* kernelOffset, SKShaderTileMode ctileMode, Boolean convolveAlpha, IntPtr input, SKRect* cropRect)
   at SkiaSharp.SKImageFilter.CreateMatrixConvolution(SKSizeI kernelSize, ReadOnlySpan`1 kernel, Single gain, Single bias, SKPointI kernelOffset, SKShaderTileMode tileMode, Boolean convolveAlpha, SKImageFilter input, SKRect* cropRect)
   at SkiaSharp.SKImageFilter.CreateMatrixConvolution(SKSizeI kernelSize, ReadOnlySpan`1 kernel, Single gain, Single bias, SKPointI kernelOffset, SKShaderTileMode tileMode, Boolean convolveAlpha)
   at Jellyfin.Drawing.Skia.SkiaEncoder..cctor() in /root/jellyfin/src/Jellyfin.Drawing.Skia/SkiaEncoder.cs:line 53
  Failed Jellyfin.Server.Integration.Tests.Controllers.LibraryControllerTests.Get_NonexistentItemId_NotFound(format: "Items/{0}/Similar") [3 ms]
  Error Message:
   System.TypeInitializationException : The type initializer for 'Jellyfin.Drawing.Skia.SkiaEncoder' threw an exception.
---- System.DllNotFoundException : Unable to load shared library 'libSkiaSharp' or one of its dependencies. In order to help diagnose loading problems, consider using a tool like strace. If you're using glibc, consider setting the LD_DEBUG environment variable: 
libfontconfig.so.1: cannot open shared object file: No such file or directory
/usr/share/dotnet/shared/Microsoft.NETCore.App/9.0.6/libSkiaSharp.so: cannot open shared object file: No such file or directory
/root/jellyfin/tests/Jellyfin.Server.Integration.Tests/bin/Debug/net9.0/libSkiaSharp.so: cannot open shared object file: No such file or directory
/root/jellyfin/tests/Jellyfin.Server.Integration.Tests/bin/Debug/net9.0/runtimes/linux-x64/native/liblibSkiaSharp.so: cannot open shared object file: No such file or directory
/usr/share/dotnet/shared/Microsoft.NETCore.App/9.0.6/liblibSkiaSharp.so: cannot open shared object file: No such file or directory
/root/jellyfin/tests/Jellyfin.Server.Integration.Tests/bin/Debug/net9.0/liblibSkiaSharp.so: cannot open shared object file: No such file or directory
/root/jellyfin/tests/Jellyfin.Server.Integration.Tests/bin/Debug/net9.0/runtimes/linux-x64/native/libSkiaSharp: cannot open shared object file: No such file or directory
/usr/share/dotnet/shared/Microsoft.NETCore.App/9.0.6/libSkiaSharp: cannot open shared object file: No such file or directory
/root/jellyfin/tests/Jellyfin.Server.Integration.Tests/bin/Debug/net9.0/libSkiaSharp: cannot open shared object file: No such file or directory
/root/jellyfin/tests/Jellyfin.Server.Integration.Tests/bin/Debug/net9.0/runtimes/linux-x64/native/liblibSkiaSharp: cannot open shared object file: No such file or directory
/usr/share/dotnet/shared/Microsoft.NETCore.App/9.0.6/liblibSkiaSharp: cannot open shared object file: No such file or directory
/root/jellyfin/tests/Jellyfin.Server.Integration.Tests/bin/Debug/net9.0/liblibSkiaSharp: cannot open shared object file: No such file or directory

  Stack Trace:
     at Jellyfin.Drawing.Skia.SkiaEncoder.IsNativeLibAvailable() in /root/jellyfin/src/Jellyfin.Drawing.Skia/SkiaEncoder.cs:line 142
   at Jellyfin.Server.CoreAppHost.RegisterServices(IServiceCollection serviceCollection) in /root/jellyfin/Jellyfin.Server/CoreAppHost.cs:line 66
   at Emby.Server.Implementations.ApplicationHost.Init(IServiceCollection serviceCollection) in /root/jellyfin/Emby.Server.Implementations/ApplicationHost.cs:line 460
   at Jellyfin.Server.Integration.Tests.JellyfinApplicationFactory.<>c__DisplayClass4_0.<ConfigureWebHost>b__0(IServiceCollection services) in /root/jellyfin/tests/Jellyfin.Server.Integration.Tests/JellyfinApplicationFactory.cs:line 91
   at Microsoft.Extensions.Hosting.HostBuilder.InitializeServiceProvider()
   at Microsoft.Extensions.Hosting.HostBuilder.Build()
   at Jellyfin.Server.Integration.Tests.JellyfinApplicationFactory.CreateHost(IHostBuilder builder) in /root/jellyfin/tests/Jellyfin.Server.Integration.Tests/JellyfinApplicationFactory.cs:line 110
   at Microsoft.AspNetCore.Mvc.Testing.WebApplicationFactory`1.ConfigureHostBuilder(IHostBuilder hostBuilder)
   at Microsoft.AspNetCore.Mvc.Testing.WebApplicationFactory`1.EnsureServer()
   at Microsoft.AspNetCore.Mvc.Testing.WebApplicationFactory`1.CreateDefaultClient(DelegatingHandler[] handlers)
   at Microsoft.AspNetCore.Mvc.Testing.WebApplicationFactory`1.CreateDefaultClient(Uri baseAddress, DelegatingHandler[] handlers)
   at Microsoft.AspNetCore.Mvc.Testing.WebApplicationFactory`1.CreateClient(WebApplicationFactoryClientOptions options)
   at Microsoft.AspNetCore.Mvc.Testing.WebApplicationFactory`1.CreateClient()
   at Jellyfin.Server.Integration.Tests.Controllers.LibraryControllerTests.Get_NonexistentItemId_NotFound(String format) in /root/jellyfin/tests/Jellyfin.Server.Integration.Tests/Controllers/LibraryControllerTests.cs:line 34
--- End of stack trace from previous location ---
----- Inner Stack Trace -----
   at SkiaSharp.SkiaApi.<sk_imagefilter_new_matrix_convolution>g____PInvoke|382_0(SKSizeI* __kernelSize_native, Single* __kernel_native, Single __gain_native, Single __bias_native, SKPointI* __kernelOffset_native, SKShaderTileMode __ctileMode_native, SByte __convolveAlpha_native, IntPtr __input_native, SKRect* __cropRect_native)
   at SkiaSharp.SkiaApi.<sk_imagefilter_new_matrix_convolution>g____PInvoke|382_0(SKSizeI* __kernelSize_native, Single* __kernel_native, Single __gain_native, Single __bias_native, SKPointI* __kernelOffset_native, SKShaderTileMode __ctileMode_native, SByte __convolveAlpha_native, IntPtr __input_native, SKRect* __cropRect_native)
   at SkiaSharp.SkiaApi.sk_imagefilter_new_matrix_convolution(SKSizeI* kernelSize, Single* kernel, Single gain, Single bias, SKPointI* kernelOffset, SKShaderTileMode ctileMode, Boolean convolveAlpha, IntPtr input, SKRect* cropRect)
   at SkiaSharp.SKImageFilter.CreateMatrixConvolution(SKSizeI kernelSize, ReadOnlySpan`1 kernel, Single gain, Single bias, SKPointI kernelOffset, SKShaderTileMode tileMode, Boolean convolveAlpha, SKImageFilter input, SKRect* cropRect)
   at SkiaSharp.SKImageFilter.CreateMatrixConvolution(SKSizeI kernelSize, ReadOnlySpan`1 kernel, Single gain, Single bias, SKPointI kernelOffset, SKShaderTileMode tileMode, Boolean convolveAlpha)
   at Jellyfin.Drawing.Skia.SkiaEncoder..cctor() in /root/jellyfin/src/Jellyfin.Drawing.Skia/SkiaEncoder.cs:line 53
  Failed Jellyfin.Server.Integration.Tests.Controllers.LibraryControllerTests.Get_NonexistentItemId_NotFound(format: "Items/{0}/ThemeMedia") [3 ms]
  Error Message:
   System.TypeInitializationException : The type initializer for 'Jellyfin.Drawing.Skia.SkiaEncoder' threw an exception.
---- System.DllNotFoundException : Unable to load shared library 'libSkiaSharp' or one of its dependencies. In order to help diagnose loading problems, consider using a tool like strace. If you're using glibc, consider setting the LD_DEBUG environment variable: 
libfontconfig.so.1: cannot open shared object file: No such file or directory
/usr/share/dotnet/shared/Microsoft.NETCore.App/9.0.6/libSkiaSharp.so: cannot open shared object file: No such file or directory
/root/jellyfin/tests/Jellyfin.Server.Integration.Tests/bin/Debug/net9.0/libSkiaSharp.so: cannot open shared object file: No such file or directory
/root/jellyfin/tests/Jellyfin.Server.Integration.Tests/bin/Debug/net9.0/runtimes/linux-x64/native/liblibSkiaSharp.so: cannot open shared object file: No such file or directory
/usr/share/dotnet/shared/Microsoft.NETCore.App/9.0.6/liblibSkiaSharp.so: cannot open shared object file: No such file or directory
/root/jellyfin/tests/Jellyfin.Server.Integration.Tests/bin/Debug/net9.0/liblibSkiaSharp.so: cannot open shared object file: No such file or directory
/root/jellyfin/tests/Jellyfin.Server.Integration.Tests/bin/Debug/net9.0/runtimes/linux-x64/native/libSkiaSharp: cannot open shared object file: No such file or directory
/usr/share/dotnet/shared/Microsoft.NETCore.App/9.0.6/libSkiaSharp: cannot open shared object file: No such file or directory
/root/jellyfin/tests/Jellyfin.Server.Integration.Tests/bin/Debug/net9.0/libSkiaSharp: cannot open shared object file: No such file or directory
/root/jellyfin/tests/Jellyfin.Server.Integration.Tests/bin/Debug/net9.0/runtimes/linux-x64/native/liblibSkiaSharp: cannot open shared object file: No such file or directory
/usr/share/dotnet/shared/Microsoft.NETCore.App/9.0.6/liblibSkiaSharp: cannot open shared object file: No such file or directory
/root/jellyfin/tests/Jellyfin.Server.Integration.Tests/bin/Debug/net9.0/liblibSkiaSharp: cannot open shared object file: No such file or directory

  Stack Trace:
     at Jellyfin.Drawing.Skia.SkiaEncoder.IsNativeLibAvailable() in /root/jellyfin/src/Jellyfin.Drawing.Skia/SkiaEncoder.cs:line 142
   at Jellyfin.Server.CoreAppHost.RegisterServices(IServiceCollection serviceCollection) in /root/jellyfin/Jellyfin.Server/CoreAppHost.cs:line 66
   at Emby.Server.Implementations.ApplicationHost.Init(IServiceCollection serviceCollection) in /root/jellyfin/Emby.Server.Implementations/ApplicationHost.cs:line 460
   at Jellyfin.Server.Integration.Tests.JellyfinApplicationFactory.<>c__DisplayClass4_0.<ConfigureWebHost>b__0(IServiceCollection services) in /root/jellyfin/tests/Jellyfin.Server.Integration.Tests/JellyfinApplicationFactory.cs:line 91
   at Microsoft.Extensions.Hosting.HostBuilder.InitializeServiceProvider()
   at Microsoft.Extensions.Hosting.HostBuilder.Build()
   at Jellyfin.Server.Integration.Tests.JellyfinApplicationFactory.CreateHost(IHostBuilder builder) in /root/jellyfin/tests/Jellyfin.Server.Integration.Tests/JellyfinApplicationFactory.cs:line 110
   at Microsoft.AspNetCore.Mvc.Testing.WebApplicationFactory`1.ConfigureHostBuilder(IHostBuilder hostBuilder)
   at Microsoft.AspNetCore.Mvc.Testing.WebApplicationFactory`1.EnsureServer()
   at Microsoft.AspNetCore.Mvc.Testing.WebApplicationFactory`1.CreateDefaultClient(DelegatingHandler[] handlers)
   at Microsoft.AspNetCore.Mvc.Testing.WebApplicationFactory`1.CreateDefaultClient(Uri baseAddress, DelegatingHandler[] handlers)
   at Microsoft.AspNetCore.Mvc.Testing.WebApplicationFactory`1.CreateClient(WebApplicationFactoryClientOptions options)
   at Microsoft.AspNetCore.Mvc.Testing.WebApplicationFactory`1.CreateClient()
   at Jellyfin.Server.Integration.Tests.Controllers.LibraryControllerTests.Get_NonexistentItemId_NotFound(String format) in /root/jellyfin/tests/Jellyfin.Server.Integration.Tests/Controllers/LibraryControllerTests.cs:line 34
--- End of stack trace from previous location ---
----- Inner Stack Trace -----
   at SkiaSharp.SkiaApi.<sk_imagefilter_new_matrix_convolution>g____PInvoke|382_0(SKSizeI* __kernelSize_native, Single* __kernel_native, Single __gain_native, Single __bias_native, SKPointI* __kernelOffset_native, SKShaderTileMode __ctileMode_native, SByte __convolveAlpha_native, IntPtr __input_native, SKRect* __cropRect_native)
   at SkiaSharp.SkiaApi.<sk_imagefilter_new_matrix_convolution>g____PInvoke|382_0(SKSizeI* __kernelSize_native, Single* __kernel_native, Single __gain_native, Single __bias_native, SKPointI* __kernelOffset_native, SKShaderTileMode __ctileMode_native, SByte __convolveAlpha_native, IntPtr __input_native, SKRect* __cropRect_native)
   at SkiaSharp.SkiaApi.sk_imagefilter_new_matrix_convolution(SKSizeI* kernelSize, Single* kernel, Single gain, Single bias, SKPointI* kernelOffset, SKShaderTileMode ctileMode, Boolean convolveAlpha, IntPtr input, SKRect* cropRect)
   at SkiaSharp.SKImageFilter.CreateMatrixConvolution(SKSizeI kernelSize, ReadOnlySpan`1 kernel, Single gain, Single bias, SKPointI kernelOffset, SKShaderTileMode tileMode, Boolean convolveAlpha, SKImageFilter input, SKRect* cropRect)
   at SkiaSharp.SKImageFilter.CreateMatrixConvolution(SKSizeI kernelSize, ReadOnlySpan`1 kernel, Single gain, Single bias, SKPointI kernelOffset, SKShaderTileMode tileMode, Boolean convolveAlpha)
   at Jellyfin.Drawing.Skia.SkiaEncoder..cctor() in /root/jellyfin/src/Jellyfin.Drawing.Skia/SkiaEncoder.cs:line 53
  Failed Jellyfin.Server.Integration.Tests.Controllers.LibraryControllerTests.Get_NonexistentItemId_NotFound(format: "Items/{0}/Download") [4 ms]
  Error Message:
   System.TypeInitializationException : The type initializer for 'Jellyfin.Drawing.Skia.SkiaEncoder' threw an exception.
---- System.DllNotFoundException : Unable to load shared library 'libSkiaSharp' or one of its dependencies. In order to help diagnose loading problems, consider using a tool like strace. If you're using glibc, consider setting the LD_DEBUG environment variable: 
libfontconfig.so.1: cannot open shared object file: No such file or directory
/usr/share/dotnet/shared/Microsoft.NETCore.App/9.0.6/libSkiaSharp.so: cannot open shared object file: No such file or directory
/root/jellyfin/tests/Jellyfin.Server.Integration.Tests/bin/Debug/net9.0/libSkiaSharp.so: cannot open shared object file: No such file or directory
/root/jellyfin/tests/Jellyfin.Server.Integration.Tests/bin/Debug/net9.0/runtimes/linux-x64/native/liblibSkiaSharp.so: cannot open shared object file: No such file or directory
/usr/share/dotnet/shared/Microsoft.NETCore.App/9.0.6/liblibSkiaSharp.so: cannot open shared object file: No such file or directory
/root/jellyfin/tests/Jellyfin.Server.Integration.Tests/bin/Debug/net9.0/liblibSkiaSharp.so: cannot open shared object file: No such file or directory
/root/jellyfin/tests/Jellyfin.Server.Integration.Tests/bin/Debug/net9.0/runtimes/linux-x64/native/libSkiaSharp: cannot open shared object file: No such file or directory
/usr/share/dotnet/shared/Microsoft.NETCore.App/9.0.6/libSkiaSharp: cannot open shared object file: No such file or directory
/root/jellyfin/tests/Jellyfin.Server.Integration.Tests/bin/Debug/net9.0/libSkiaSharp: cannot open shared object file: No such file or directory
/root/jellyfin/tests/Jellyfin.Server.Integration.Tests/bin/Debug/net9.0/runtimes/linux-x64/native/liblibSkiaSharp: cannot open shared object file: No such file or directory
/usr/share/dotnet/shared/Microsoft.NETCore.App/9.0.6/liblibSkiaSharp: cannot open shared object file: No such file or directory
/root/jellyfin/tests/Jellyfin.Server.Integration.Tests/bin/Debug/net9.0/liblibSkiaSharp: cannot open shared object file: No such file or directory

  Stack Trace:
     at Jellyfin.Drawing.Skia.SkiaEncoder.IsNativeLibAvailable() in /root/jellyfin/src/Jellyfin.Drawing.Skia/SkiaEncoder.cs:line 142
   at Jellyfin.Server.CoreAppHost.RegisterServices(IServiceCollection serviceCollection) in /root/jellyfin/Jellyfin.Server/CoreAppHost.cs:line 66
   at Emby.Server.Implementations.ApplicationHost.Init(IServiceCollection serviceCollection) in /root/jellyfin/Emby.Server.Implementations/ApplicationHost.cs:line 460
   at Jellyfin.Server.Integration.Tests.JellyfinApplicationFactory.<>c__DisplayClass4_0.<ConfigureWebHost>b__0(IServiceCollection services) in /root/jellyfin/tests/Jellyfin.Server.Integration.Tests/JellyfinApplicationFactory.cs:line 91
   at Microsoft.Extensions.Hosting.HostBuilder.InitializeServiceProvider()
   at Microsoft.Extensions.Hosting.HostBuilder.Build()
   at Jellyfin.Server.Integration.Tests.JellyfinApplicationFactory.CreateHost(IHostBuilder builder) in /root/jellyfin/tests/Jellyfin.Server.Integration.Tests/JellyfinApplicationFactory.cs:line 110
   at Microsoft.AspNetCore.Mvc.Testing.WebApplicationFactory`1.ConfigureHostBuilder(IHostBuilder hostBuilder)
   at Microsoft.AspNetCore.Mvc.Testing.WebApplicationFactory`1.EnsureServer()
   at Microsoft.AspNetCore.Mvc.Testing.WebApplicationFactory`1.CreateDefaultClient(DelegatingHandler[] handlers)
   at Microsoft.AspNetCore.Mvc.Testing.WebApplicationFactory`1.CreateDefaultClient(Uri baseAddress, DelegatingHandler[] handlers)
   at Microsoft.AspNetCore.Mvc.Testing.WebApplicationFactory`1.CreateClient(WebApplicationFactoryClientOptions options)
   at Microsoft.AspNetCore.Mvc.Testing.WebApplicationFactory`1.CreateClient()
   at Jellyfin.Server.Integration.Tests.Controllers.LibraryControllerTests.Get_NonexistentItemId_NotFound(String format) in /root/jellyfin/tests/Jellyfin.Server.Integration.Tests/Controllers/LibraryControllerTests.cs:line 34
--- End of stack trace from previous location ---
----- Inner Stack Trace -----
   at SkiaSharp.SkiaApi.<sk_imagefilter_new_matrix_convolution>g____PInvoke|382_0(SKSizeI* __kernelSize_native, Single* __kernel_native, Single __gain_native, Single __bias_native, SKPointI* __kernelOffset_native, SKShaderTileMode __ctileMode_native, SByte __convolveAlpha_native, IntPtr __input_native, SKRect* __cropRect_native)
   at SkiaSharp.SkiaApi.<sk_imagefilter_new_matrix_convolution>g____PInvoke|382_0(SKSizeI* __kernelSize_native, Single* __kernel_native, Single __gain_native, Single __bias_native, SKPointI* __kernelOffset_native, SKShaderTileMode __ctileMode_native, SByte __convolveAlpha_native, IntPtr __input_native, SKRect* __cropRect_native)
   at SkiaSharp.SkiaApi.sk_imagefilter_new_matrix_convolution(SKSizeI* kernelSize, Single* kernel, Single gain, Single bias, SKPointI* kernelOffset, SKShaderTileMode ctileMode, Boolean convolveAlpha, IntPtr input, SKRect* cropRect)
   at SkiaSharp.SKImageFilter.CreateMatrixConvolution(SKSizeI kernelSize, ReadOnlySpan`1 kernel, Single gain, Single bias, SKPointI kernelOffset, SKShaderTileMode tileMode, Boolean convolveAlpha, SKImageFilter input, SKRect* cropRect)
   at SkiaSharp.SKImageFilter.CreateMatrixConvolution(SKSizeI kernelSize, ReadOnlySpan`1 kernel, Single gain, Single bias, SKPointI kernelOffset, SKShaderTileMode tileMode, Boolean convolveAlpha)
   at Jellyfin.Drawing.Skia.SkiaEncoder..cctor() in /root/jellyfin/src/Jellyfin.Drawing.Skia/SkiaEncoder.cs:line 53
  Failed Jellyfin.Server.Integration.Tests.Controllers.LibraryControllerTests.Get_NonexistentItemId_NotFound(format: "Shows/{0}/Similar") [3 ms]
  Error Message:
   System.TypeInitializationException : The type initializer for 'Jellyfin.Drawing.Skia.SkiaEncoder' threw an exception.
---- System.DllNotFoundException : Unable to load shared library 'libSkiaSharp' or one of its dependencies. In order to help diagnose loading problems, consider using a tool like strace. If you're using glibc, consider setting the LD_DEBUG environment variable: 
libfontconfig.so.1: cannot open shared object file: No such file or directory
/usr/share/dotnet/shared/Microsoft.NETCore.App/9.0.6/libSkiaSharp.so: cannot open shared object file: No such file or directory
/root/jellyfin/tests/Jellyfin.Server.Integration.Tests/bin/Debug/net9.0/libSkiaSharp.so: cannot open shared object file: No such file or directory
/root/jellyfin/tests/Jellyfin.Server.Integration.Tests/bin/Debug/net9.0/runtimes/linux-x64/native/liblibSkiaSharp.so: cannot open shared object file: No such file or directory
/usr/share/dotnet/shared/Microsoft.NETCore.App/9.0.6/liblibSkiaSharp.so: cannot open shared object file: No such file or directory
/root/jellyfin/tests/Jellyfin.Server.Integration.Tests/bin/Debug/net9.0/liblibSkiaSharp.so: cannot open shared object file: No such file or directory
/root/jellyfin/tests/Jellyfin.Server.Integration.Tests/bin/Debug/net9.0/runtimes/linux-x64/native/libSkiaSharp: cannot open shared object file: No such file or directory
/usr/share/dotnet/shared/Microsoft.NETCore.App/9.0.6/libSkiaSharp: cannot open shared object file: No such file or directory
/root/jellyfin/tests/Jellyfin.Server.Integration.Tests/bin/Debug/net9.0/libSkiaSharp: cannot open shared object file: No such file or directory
/root/jellyfin/tests/Jellyfin.Server.Integration.Tests/bin/Debug/net9.0/runtimes/linux-x64/native/liblibSkiaSharp: cannot open shared object file: No such file or directory
/usr/share/dotnet/shared/Microsoft.NETCore.App/9.0.6/liblibSkiaSharp: cannot open shared object file: No such file or directory
/root/jellyfin/tests/Jellyfin.Server.Integration.Tests/bin/Debug/net9.0/liblibSkiaSharp: cannot open shared object file: No such file or directory

  Stack Trace:
     at Jellyfin.Drawing.Skia.SkiaEncoder.IsNativeLibAvailable() in /root/jellyfin/src/Jellyfin.Drawing.Skia/SkiaEncoder.cs:line 142
   at Jellyfin.Server.CoreAppHost.RegisterServices(IServiceCollection serviceCollection) in /root/jellyfin/Jellyfin.Server/CoreAppHost.cs:line 66
   at Emby.Server.Implementations.ApplicationHost.Init(IServiceCollection serviceCollection) in /root/jellyfin/Emby.Server.Implementations/ApplicationHost.cs:line 460
   at Jellyfin.Server.Integration.Tests.JellyfinApplicationFactory.<>c__DisplayClass4_0.<ConfigureWebHost>b__0(IServiceCollection services) in /root/jellyfin/tests/Jellyfin.Server.Integration.Tests/JellyfinApplicationFactory.cs:line 91
   at Microsoft.Extensions.Hosting.HostBuilder.InitializeServiceProvider()
   at Microsoft.Extensions.Hosting.HostBuilder.Build()
   at Jellyfin.Server.Integration.Tests.JellyfinApplicationFactory.CreateHost(IHostBuilder builder) in /root/jellyfin/tests/Jellyfin.Server.Integration.Tests/JellyfinApplicationFactory.cs:line 110
   at Microsoft.AspNetCore.Mvc.Testing.WebApplicationFactory`1.ConfigureHostBuilder(IHostBuilder hostBuilder)
   at Microsoft.AspNetCore.Mvc.Testing.WebApplicationFactory`1.EnsureServer()
   at Microsoft.AspNetCore.Mvc.Testing.WebApplicationFactory`1.CreateDefaultClient(DelegatingHandler[] handlers)
   at Microsoft.AspNetCore.Mvc.Testing.WebApplicationFactory`1.CreateDefaultClient(Uri baseAddress, DelegatingHandler[] handlers)
   at Microsoft.AspNetCore.Mvc.Testing.WebApplicationFactory`1.CreateClient(WebApplicationFactoryClientOptions options)
   at Microsoft.AspNetCore.Mvc.Testing.WebApplicationFactory`1.CreateClient()
   at Jellyfin.Server.Integration.Tests.Controllers.LibraryControllerTests.Get_NonexistentItemId_NotFound(String format) in /root/jellyfin/tests/Jellyfin.Server.Integration.Tests/Controllers/LibraryControllerTests.cs:line 34
--- End of stack trace from previous location ---
----- Inner Stack Trace -----
   at SkiaSharp.SkiaApi.<sk_imagefilter_new_matrix_convolution>g____PInvoke|382_0(SKSizeI* __kernelSize_native, Single* __kernel_native, Single __gain_native, Single __bias_native, SKPointI* __kernelOffset_native, SKShaderTileMode __ctileMode_native, SByte __convolveAlpha_native, IntPtr __input_native, SKRect* __cropRect_native)
   at SkiaSharp.SkiaApi.<sk_imagefilter_new_matrix_convolution>g____PInvoke|382_0(SKSizeI* __kernelSize_native, Single* __kernel_native, Single __gain_native, Single __bias_native, SKPointI* __kernelOffset_native, SKShaderTileMode __ctileMode_native, SByte __convolveAlpha_native, IntPtr __input_native, SKRect* __cropRect_native)
   at SkiaSharp.SkiaApi.sk_imagefilter_new_matrix_convolution(SKSizeI* kernelSize, Single* kernel, Single gain, Single bias, SKPointI* kernelOffset, SKShaderTileMode ctileMode, Boolean convolveAlpha, IntPtr input, SKRect* cropRect)
   at SkiaSharp.SKImageFilter.CreateMatrixConvolution(SKSizeI kernelSize, ReadOnlySpan`1 kernel, Single gain, Single bias, SKPointI kernelOffset, SKShaderTileMode tileMode, Boolean convolveAlpha, SKImageFilter input, SKRect* cropRect)
   at SkiaSharp.SKImageFilter.CreateMatrixConvolution(SKSizeI kernelSize, ReadOnlySpan`1 kernel, Single gain, Single bias, SKPointI kernelOffset, SKShaderTileMode tileMode, Boolean convolveAlpha)
   at Jellyfin.Drawing.Skia.SkiaEncoder..cctor() in /root/jellyfin/src/Jellyfin.Drawing.Skia/SkiaEncoder.cs:line 53
  Failed Jellyfin.Server.Integration.Tests.Controllers.LibraryControllerTests.Get_NonexistentItemId_NotFound(format: "Albums/{0}/Similar") [3 ms]
  Error Message:
   System.TypeInitializationException : The type initializer for 'Jellyfin.Drawing.Skia.SkiaEncoder' threw an exception.
---- System.DllNotFoundException : Unable to load shared library 'libSkiaSharp' or one of its dependencies. In order to help diagnose loading problems, consider using a tool like strace. If you're using glibc, consider setting the LD_DEBUG environment variable: 
libfontconfig.so.1: cannot open shared object file: No such file or directory
/usr/share/dotnet/shared/Microsoft.NETCore.App/9.0.6/libSkiaSharp.so: cannot open shared object file: No such file or directory
/root/jellyfin/tests/Jellyfin.Server.Integration.Tests/bin/Debug/net9.0/libSkiaSharp.so: cannot open shared object file: No such file or directory
/root/jellyfin/tests/Jellyfin.Server.Integration.Tests/bin/Debug/net9.0/runtimes/linux-x64/native/liblibSkiaSharp.so: cannot open shared object file: No such file or directory
/usr/share/dotnet/shared/Microsoft.NETCore.App/9.0.6/liblibSkiaSharp.so: cannot open shared object file: No such file or directory
/root/jellyfin/tests/Jellyfin.Server.Integration.Tests/bin/Debug/net9.0/liblibSkiaSharp.so: cannot open shared object file: No such file or directory
/root/jellyfin/tests/Jellyfin.Server.Integration.Tests/bin/Debug/net9.0/runtimes/linux-x64/native/libSkiaSharp: cannot open shared object file: No such file or directory
/usr/share/dotnet/shared/Microsoft.NETCore.App/9.0.6/libSkiaSharp: cannot open shared object file: No such file or directory
/root/jellyfin/tests/Jellyfin.Server.Integration.Tests/bin/Debug/net9.0/libSkiaSharp: cannot open shared object file: No such file or directory
/root/jellyfin/tests/Jellyfin.Server.Integration.Tests/bin/Debug/net9.0/runtimes/linux-x64/native/liblibSkiaSharp: cannot open shared object file: No such file or directory
/usr/share/dotnet/shared/Microsoft.NETCore.App/9.0.6/liblibSkiaSharp: cannot open shared object file: No such file or directory
/root/jellyfin/tests/Jellyfin.Server.Integration.Tests/bin/Debug/net9.0/liblibSkiaSharp: cannot open shared object file: No such file or directory

  Stack Trace:
     at Jellyfin.Drawing.Skia.SkiaEncoder.IsNativeLibAvailable() in /root/jellyfin/src/Jellyfin.Drawing.Skia/SkiaEncoder.cs:line 142
   at Jellyfin.Server.CoreAppHost.RegisterServices(IServiceCollection serviceCollection) in /root/jellyfin/Jellyfin.Server/CoreAppHost.cs:line 66
   at Emby.Server.Implementations.ApplicationHost.Init(IServiceCollection serviceCollection) in /root/jellyfin/Emby.Server.Implementations/ApplicationHost.cs:line 460
   at Jellyfin.Server.Integration.Tests.JellyfinApplicationFactory.<>c__DisplayClass4_0.<ConfigureWebHost>b__0(IServiceCollection services) in /root/jellyfin/tests/Jellyfin.Server.Integration.Tests/JellyfinApplicationFactory.cs:line 91
   at Microsoft.Extensions.Hosting.HostBuilder.InitializeServiceProvider()
   at Microsoft.Extensions.Hosting.HostBuilder.Build()
   at Jellyfin.Server.Integration.Tests.JellyfinApplicationFactory.CreateHost(IHostBuilder builder) in /root/jellyfin/tests/Jellyfin.Server.Integration.Tests/JellyfinApplicationFactory.cs:line 110
   at Microsoft.AspNetCore.Mvc.Testing.WebApplicationFactory`1.ConfigureHostBuilder(IHostBuilder hostBuilder)
   at Microsoft.AspNetCore.Mvc.Testing.WebApplicationFactory`1.EnsureServer()
   at Microsoft.AspNetCore.Mvc.Testing.WebApplicationFactory`1.CreateDefaultClient(DelegatingHandler[] handlers)
   at Microsoft.AspNetCore.Mvc.Testing.WebApplicationFactory`1.CreateDefaultClient(Uri baseAddress, DelegatingHandler[] handlers)
   at Microsoft.AspNetCore.Mvc.Testing.WebApplicationFactory`1.CreateClient(WebApplicationFactoryClientOptions options)
   at Microsoft.AspNetCore.Mvc.Testing.WebApplicationFactory`1.CreateClient()
   at Jellyfin.Server.Integration.Tests.Controllers.LibraryControllerTests.Get_NonexistentItemId_NotFound(String format) in /root/jellyfin/tests/Jellyfin.Server.Integration.Tests/Controllers/LibraryControllerTests.cs:line 34
--- End of stack trace from previous location ---
----- Inner Stack Trace -----
   at SkiaSharp.SkiaApi.<sk_imagefilter_new_matrix_convolution>g____PInvoke|382_0(SKSizeI* __kernelSize_native, Single* __kernel_native, Single __gain_native, Single __bias_native, SKPointI* __kernelOffset_native, SKShaderTileMode __ctileMode_native, SByte __convolveAlpha_native, IntPtr __input_native, SKRect* __cropRect_native)
   at SkiaSharp.SkiaApi.<sk_imagefilter_new_matrix_convolution>g____PInvoke|382_0(SKSizeI* __kernelSize_native, Single* __kernel_native, Single __gain_native, Single __bias_native, SKPointI* __kernelOffset_native, SKShaderTileMode __ctileMode_native, SByte __convolveAlpha_native, IntPtr __input_native, SKRect* __cropRect_native)
   at SkiaSharp.SkiaApi.sk_imagefilter_new_matrix_convolution(SKSizeI* kernelSize, Single* kernel, Single gain, Single bias, SKPointI* kernelOffset, SKShaderTileMode ctileMode, Boolean convolveAlpha, IntPtr input, SKRect* cropRect)
   at SkiaSharp.SKImageFilter.CreateMatrixConvolution(SKSizeI kernelSize, ReadOnlySpan`1 kernel, Single gain, Single bias, SKPointI kernelOffset, SKShaderTileMode tileMode, Boolean convolveAlpha, SKImageFilter input, SKRect* cropRect)
   at SkiaSharp.SKImageFilter.CreateMatrixConvolution(SKSizeI kernelSize, ReadOnlySpan`1 kernel, Single gain, Single bias, SKPointI kernelOffset, SKShaderTileMode tileMode, Boolean convolveAlpha)
   at Jellyfin.Drawing.Skia.SkiaEncoder..cctor() in /root/jellyfin/src/Jellyfin.Drawing.Skia/SkiaEncoder.cs:line 53
  Failed Jellyfin.Server.Integration.Tests.Controllers.LibraryControllerTests.Get_NonexistentItemId_NotFound(format: "Items/{0}/ThemeVideos") [3 ms]
  Error Message:
   System.TypeInitializationException : The type initializer for 'Jellyfin.Drawing.Skia.SkiaEncoder' threw an exception.
---- System.DllNotFoundException : Unable to load shared library 'libSkiaSharp' or one of its dependencies. In order to help diagnose loading problems, consider using a tool like strace. If you're using glibc, consider setting the LD_DEBUG environment variable: 
libfontconfig.so.1: cannot open shared object file: No such file or directory
/usr/share/dotnet/shared/Microsoft.NETCore.App/9.0.6/libSkiaSharp.so: cannot open shared object file: No such file or directory
/root/jellyfin/tests/Jellyfin.Server.Integration.Tests/bin/Debug/net9.0/libSkiaSharp.so: cannot open shared object file: No such file or directory
/root/jellyfin/tests/Jellyfin.Server.Integration.Tests/bin/Debug/net9.0/runtimes/linux-x64/native/liblibSkiaSharp.so: cannot open shared object file: No such file or directory
/usr/share/dotnet/shared/Microsoft.NETCore.App/9.0.6/liblibSkiaSharp.so: cannot open shared object file: No such file or directory
/root/jellyfin/tests/Jellyfin.Server.Integration.Tests/bin/Debug/net9.0/liblibSkiaSharp.so: cannot open shared object file: No such file or directory
/root/jellyfin/tests/Jellyfin.Server.Integration.Tests/bin/Debug/net9.0/runtimes/linux-x64/native/libSkiaSharp: cannot open shared object file: No such file or directory
/usr/share/dotnet/shared/Microsoft.NETCore.App/9.0.6/libSkiaSharp: cannot open shared object file: No such file or directory
/root/jellyfin/tests/Jellyfin.Server.Integration.Tests/bin/Debug/net9.0/libSkiaSharp: cannot open shared object file: No such file or directory
/root/jellyfin/tests/Jellyfin.Server.Integration.Tests/bin/Debug/net9.0/runtimes/linux-x64/native/liblibSkiaSharp: cannot open shared object file: No such file or directory
/usr/share/dotnet/shared/Microsoft.NETCore.App/9.0.6/liblibSkiaSharp: cannot open shared object file: No such file or directory
/root/jellyfin/tests/Jellyfin.Server.Integration.Tests/bin/Debug/net9.0/liblibSkiaSharp: cannot open shared object file: No such file or directory

  Stack Trace:
     at Jellyfin.Drawing.Skia.SkiaEncoder.IsNativeLibAvailable() in /root/jellyfin/src/Jellyfin.Drawing.Skia/SkiaEncoder.cs:line 142
   at Jellyfin.Server.CoreAppHost.RegisterServices(IServiceCollection serviceCollection) in /root/jellyfin/Jellyfin.Server/CoreAppHost.cs:line 66
   at Emby.Server.Implementations.ApplicationHost.Init(IServiceCollection serviceCollection) in /root/jellyfin/Emby.Server.Implementations/ApplicationHost.cs:line 460
   at Jellyfin.Server.Integration.Tests.JellyfinApplicationFactory.<>c__DisplayClass4_0.<ConfigureWebHost>b__0(IServiceCollection services) in /root/jellyfin/tests/Jellyfin.Server.Integration.Tests/JellyfinApplicationFactory.cs:line 91
   at Microsoft.Extensions.Hosting.HostBuilder.InitializeServiceProvider()
   at Microsoft.Extensions.Hosting.HostBuilder.Build()
   at Jellyfin.Server.Integration.Tests.JellyfinApplicationFactory.CreateHost(IHostBuilder builder) in /root/jellyfin/tests/Jellyfin.Server.Integration.Tests/JellyfinApplicationFactory.cs:line 110
   at Microsoft.AspNetCore.Mvc.Testing.WebApplicationFactory`1.ConfigureHostBuilder(IHostBuilder hostBuilder)
   at Microsoft.AspNetCore.Mvc.Testing.WebApplicationFactory`1.EnsureServer()
   at Microsoft.AspNetCore.Mvc.Testing.WebApplicationFactory`1.CreateDefaultClient(DelegatingHandler[] handlers)
   at Microsoft.AspNetCore.Mvc.Testing.WebApplicationFactory`1.CreateDefaultClient(Uri baseAddress, DelegatingHandler[] handlers)
   at Microsoft.AspNetCore.Mvc.Testing.WebApplicationFactory`1.CreateClient(WebApplicationFactoryClientOptions options)
   at Microsoft.AspNetCore.Mvc.Testing.WebApplicationFactory`1.CreateClient()
   at Jellyfin.Server.Integration.Tests.Controllers.LibraryControllerTests.Get_NonexistentItemId_NotFound(String format) in /root/jellyfin/tests/Jellyfin.Server.Integration.Tests/Controllers/LibraryControllerTests.cs:line 34
--- End of stack trace from previous location ---
----- Inner Stack Trace -----
   at SkiaSharp.SkiaApi.<sk_imagefilter_new_matrix_convolution>g____PInvoke|382_0(SKSizeI* __kernelSize_native, Single* __kernel_native, Single __gain_native, Single __bias_native, SKPointI* __kernelOffset_native, SKShaderTileMode __ctileMode_native, SByte __convolveAlpha_native, IntPtr __input_native, SKRect* __cropRect_native)
   at SkiaSharp.SkiaApi.<sk_imagefilter_new_matrix_convolution>g____PInvoke|382_0(SKSizeI* __kernelSize_native, Single* __kernel_native, Single __gain_native, Single __bias_native, SKPointI* __kernelOffset_native, SKShaderTileMode __ctileMode_native, SByte __convolveAlpha_native, IntPtr __input_native, SKRect* __cropRect_native)
   at SkiaSharp.SkiaApi.sk_imagefilter_new_matrix_convolution(SKSizeI* kernelSize, Single* kernel, Single gain, Single bias, SKPointI* kernelOffset, SKShaderTileMode ctileMode, Boolean convolveAlpha, IntPtr input, SKRect* cropRect)
   at SkiaSharp.SKImageFilter.CreateMatrixConvolution(SKSizeI kernelSize, ReadOnlySpan`1 kernel, Single gain, Single bias, SKPointI kernelOffset, SKShaderTileMode tileMode, Boolean convolveAlpha, SKImageFilter input, SKRect* cropRect)
   at SkiaSharp.SKImageFilter.CreateMatrixConvolution(SKSizeI kernelSize, ReadOnlySpan`1 kernel, Single gain, Single bias, SKPointI kernelOffset, SKShaderTileMode tileMode, Boolean convolveAlpha)
   at Jellyfin.Drawing.Skia.SkiaEncoder..cctor() in /root/jellyfin/src/Jellyfin.Drawing.Skia/SkiaEncoder.cs:line 53
  Failed Jellyfin.Server.Integration.Tests.Controllers.LibraryControllerTests.Get_NonexistentItemId_NotFound(format: "Artists/{0}/Similar") [3 ms]
  Error Message:
   System.TypeInitializationException : The type initializer for 'Jellyfin.Drawing.Skia.SkiaEncoder' threw an exception.
---- System.DllNotFoundException : Unable to load shared library 'libSkiaSharp' or one of its dependencies. In order to help diagnose loading problems, consider using a tool like strace. If you're using glibc, consider setting the LD_DEBUG environment variable: 
libfontconfig.so.1: cannot open shared object file: No such file or directory
/usr/share/dotnet/shared/Microsoft.NETCore.App/9.0.6/libSkiaSharp.so: cannot open shared object file: No such file or directory
/root/jellyfin/tests/Jellyfin.Server.Integration.Tests/bin/Debug/net9.0/libSkiaSharp.so: cannot open shared object file: No such file or directory
/root/jellyfin/tests/Jellyfin.Server.Integration.Tests/bin/Debug/net9.0/runtimes/linux-x64/native/liblibSkiaSharp.so: cannot open shared object file: No such file or directory
/usr/share/dotnet/shared/Microsoft.NETCore.App/9.0.6/liblibSkiaSharp.so: cannot open shared object file: No such file or directory
/root/jellyfin/tests/Jellyfin.Server.Integration.Tests/bin/Debug/net9.0/liblibSkiaSharp.so: cannot open shared object file: No such file or directory
/root/jellyfin/tests/Jellyfin.Server.Integration.Tests/bin/Debug/net9.0/runtimes/linux-x64/native/libSkiaSharp: cannot open shared object file: No such file or directory
/usr/share/dotnet/shared/Microsoft.NETCore.App/9.0.6/libSkiaSharp: cannot open shared object file: No such file or directory
/root/jellyfin/tests/Jellyfin.Server.Integration.Tests/bin/Debug/net9.0/libSkiaSharp: cannot open shared object file: No such file or directory
/root/jellyfin/tests/Jellyfin.Server.Integration.Tests/bin/Debug/net9.0/runtimes/linux-x64/native/liblibSkiaSharp: cannot open shared object file: No such file or directory
/usr/share/dotnet/shared/Microsoft.NETCore.App/9.0.6/liblibSkiaSharp: cannot open shared object file: No such file or directory
/root/jellyfin/tests/Jellyfin.Server.Integration.Tests/bin/Debug/net9.0/liblibSkiaSharp: cannot open shared object file: No such file or directory

  Stack Trace:
     at Jellyfin.Drawing.Skia.SkiaEncoder.IsNativeLibAvailable() in /root/jellyfin/src/Jellyfin.Drawing.Skia/SkiaEncoder.cs:line 142
   at Jellyfin.Server.CoreAppHost.RegisterServices(IServiceCollection serviceCollection) in /root/jellyfin/Jellyfin.Server/CoreAppHost.cs:line 66
   at Emby.Server.Implementations.ApplicationHost.Init(IServiceCollection serviceCollection) in /root/jellyfin/Emby.Server.Implementations/ApplicationHost.cs:line 460
   at Jellyfin.Server.Integration.Tests.JellyfinApplicationFactory.<>c__DisplayClass4_0.<ConfigureWebHost>b__0(IServiceCollection services) in /root/jellyfin/tests/Jellyfin.Server.Integration.Tests/JellyfinApplicationFactory.cs:line 91
   at Microsoft.Extensions.Hosting.HostBuilder.InitializeServiceProvider()
   at Microsoft.Extensions.Hosting.HostBuilder.Build()
   at Jellyfin.Server.Integration.Tests.JellyfinApplicationFactory.CreateHost(IHostBuilder builder) in /root/jellyfin/tests/Jellyfin.Server.Integration.Tests/JellyfinApplicationFactory.cs:line 110
   at Microsoft.AspNetCore.Mvc.Testing.WebApplicationFactory`1.ConfigureHostBuilder(IHostBuilder hostBuilder)
   at Microsoft.AspNetCore.Mvc.Testing.WebApplicationFactory`1.EnsureServer()
   at Microsoft.AspNetCore.Mvc.Testing.WebApplicationFactory`1.CreateDefaultClient(DelegatingHandler[] handlers)
   at Microsoft.AspNetCore.Mvc.Testing.WebApplicationFactory`1.CreateDefaultClient(Uri baseAddress, DelegatingHandler[] handlers)
   at Microsoft.AspNetCore.Mvc.Testing.WebApplicationFactory`1.CreateClient(WebApplicationFactoryClientOptions options)
   at Microsoft.AspNetCore.Mvc.Testing.WebApplicationFactory`1.CreateClient()
   at Jellyfin.Server.Integration.Tests.Controllers.LibraryControllerTests.Get_NonexistentItemId_NotFound(String format) in /root/jellyfin/tests/Jellyfin.Server.Integration.Tests/Controllers/LibraryControllerTests.cs:line 34
--- End of stack trace from previous location ---
----- Inner Stack Trace -----
   at SkiaSharp.SkiaApi.<sk_imagefilter_new_matrix_convolution>g____PInvoke|382_0(SKSizeI* __kernelSize_native, Single* __kernel_native, Single __gain_native, Single __bias_native, SKPointI* __kernelOffset_native, SKShaderTileMode __ctileMode_native, SByte __convolveAlpha_native, IntPtr __input_native, SKRect* __cropRect_native)
   at SkiaSharp.SkiaApi.<sk_imagefilter_new_matrix_convolution>g____PInvoke|382_0(SKSizeI* __kernelSize_native, Single* __kernel_native, Single __gain_native, Single __bias_native, SKPointI* __kernelOffset_native, SKShaderTileMode __ctileMode_native, SByte __convolveAlpha_native, IntPtr __input_native, SKRect* __cropRect_native)
   at SkiaSharp.SkiaApi.sk_imagefilter_new_matrix_convolution(SKSizeI* kernelSize, Single* kernel, Single gain, Single bias, SKPointI* kernelOffset, SKShaderTileMode ctileMode, Boolean convolveAlpha, IntPtr input, SKRect* cropRect)
   at SkiaSharp.SKImageFilter.CreateMatrixConvolution(SKSizeI kernelSize, ReadOnlySpan`1 kernel, Single gain, Single bias, SKPointI kernelOffset, SKShaderTileMode tileMode, Boolean convolveAlpha, SKImageFilter input, SKRect* cropRect)
   at SkiaSharp.SKImageFilter.CreateMatrixConvolution(SKSizeI kernelSize, ReadOnlySpan`1 kernel, Single gain, Single bias, SKPointI kernelOffset, SKShaderTileMode tileMode, Boolean convolveAlpha)
   at Jellyfin.Drawing.Skia.SkiaEncoder..cctor() in /root/jellyfin/src/Jellyfin.Drawing.Skia/SkiaEncoder.cs:line 53
  Failed Jellyfin.Server.Integration.Tests.Controllers.LibraryControllerTests.Get_NonexistentItemId_NotFound(format: "Items/{0}/Ancestors") [4 ms]
  Error Message:
   System.TypeInitializationException : The type initializer for 'Jellyfin.Drawing.Skia.SkiaEncoder' threw an exception.
---- System.DllNotFoundException : Unable to load shared library 'libSkiaSharp' or one of its dependencies. In order to help diagnose loading problems, consider using a tool like strace. If you're using glibc, consider setting the LD_DEBUG environment variable: 
libfontconfig.so.1: cannot open shared object file: No such file or directory
/usr/share/dotnet/shared/Microsoft.NETCore.App/9.0.6/libSkiaSharp.so: cannot open shared object file: No such file or directory
/root/jellyfin/tests/Jellyfin.Server.Integration.Tests/bin/Debug/net9.0/libSkiaSharp.so: cannot open shared object file: No such file or directory
/root/jellyfin/tests/Jellyfin.Server.Integration.Tests/bin/Debug/net9.0/runtimes/linux-x64/native/liblibSkiaSharp.so: cannot open shared object file: No such file or directory
/usr/share/dotnet/shared/Microsoft.NETCore.App/9.0.6/liblibSkiaSharp.so: cannot open shared object file: No such file or directory
/root/jellyfin/tests/Jellyfin.Server.Integration.Tests/bin/Debug/net9.0/liblibSkiaSharp.so: cannot open shared object file: No such file or directory
/root/jellyfin/tests/Jellyfin.Server.Integration.Tests/bin/Debug/net9.0/runtimes/linux-x64/native/libSkiaSharp: cannot open shared object file: No such file or directory
/usr/share/dotnet/shared/Microsoft.NETCore.App/9.0.6/libSkiaSharp: cannot open shared object file: No such file or directory
/root/jellyfin/tests/Jellyfin.Server.Integration.Tests/bin/Debug/net9.0/libSkiaSharp: cannot open shared object file: No such file or directory
/root/jellyfin/tests/Jellyfin.Server.Integration.Tests/bin/Debug/net9.0/runtimes/linux-x64/native/liblibSkiaSharp: cannot open shared object file: No such file or directory
/usr/share/dotnet/shared/Microsoft.NETCore.App/9.0.6/liblibSkiaSharp: cannot open shared object file: No such file or directory
/root/jellyfin/tests/Jellyfin.Server.Integration.Tests/bin/Debug/net9.0/liblibSkiaSharp: cannot open shared object file: No such file or directory

  Stack Trace:
     at Jellyfin.Drawing.Skia.SkiaEncoder.IsNativeLibAvailable() in /root/jellyfin/src/Jellyfin.Drawing.Skia/SkiaEncoder.cs:line 142
   at Jellyfin.Server.CoreAppHost.RegisterServices(IServiceCollection serviceCollection) in /root/jellyfin/Jellyfin.Server/CoreAppHost.cs:line 66
   at Emby.Server.Implementations.ApplicationHost.Init(IServiceCollection serviceCollection) in /root/jellyfin/Emby.Server.Implementations/ApplicationHost.cs:line 460
   at Jellyfin.Server.Integration.Tests.JellyfinApplicationFactory.<>c__DisplayClass4_0.<ConfigureWebHost>b__0(IServiceCollection services) in /root/jellyfin/tests/Jellyfin.Server.Integration.Tests/JellyfinApplicationFactory.cs:line 91
   at Microsoft.Extensions.Hosting.HostBuilder.InitializeServiceProvider()
   at Microsoft.Extensions.Hosting.HostBuilder.Build()
   at Jellyfin.Server.Integration.Tests.JellyfinApplicationFactory.CreateHost(IHostBuilder builder) in /root/jellyfin/tests/Jellyfin.Server.Integration.Tests/JellyfinApplicationFactory.cs:line 110
   at Microsoft.AspNetCore.Mvc.Testing.WebApplicationFactory`1.ConfigureHostBuilder(IHostBuilder hostBuilder)
   at Microsoft.AspNetCore.Mvc.Testing.WebApplicationFactory`1.EnsureServer()
   at Microsoft.AspNetCore.Mvc.Testing.WebApplicationFactory`1.CreateDefaultClient(DelegatingHandler[] handlers)
   at Microsoft.AspNetCore.Mvc.Testing.WebApplicationFactory`1.CreateDefaultClient(Uri baseAddress, DelegatingHandler[] handlers)
   at Microsoft.AspNetCore.Mvc.Testing.WebApplicationFactory`1.CreateClient(WebApplicationFactoryClientOptions options)
   at Microsoft.AspNetCore.Mvc.Testing.WebApplicationFactory`1.CreateClient()
   at Jellyfin.Server.Integration.Tests.Controllers.LibraryControllerTests.Get_NonexistentItemId_NotFound(String format) in /root/jellyfin/tests/Jellyfin.Server.Integration.Tests/Controllers/LibraryControllerTests.cs:line 34
--- End of stack trace from previous location ---
----- Inner Stack Trace -----
   at SkiaSharp.SkiaApi.<sk_imagefilter_new_matrix_convolution>g____PInvoke|382_0(SKSizeI* __kernelSize_native, Single* __kernel_native, Single __gain_native, Single __bias_native, SKPointI* __kernelOffset_native, SKShaderTileMode __ctileMode_native, SByte __convolveAlpha_native, IntPtr __input_native, SKRect* __cropRect_native)
   at SkiaSharp.SkiaApi.<sk_imagefilter_new_matrix_convolution>g____PInvoke|382_0(SKSizeI* __kernelSize_native, Single* __kernel_native, Single __gain_native, Single __bias_native, SKPointI* __kernelOffset_native, SKShaderTileMode __ctileMode_native, SByte __convolveAlpha_native, IntPtr __input_native, SKRect* __cropRect_native)
   at SkiaSharp.SkiaApi.sk_imagefilter_new_matrix_convolution(SKSizeI* kernelSize, Single* kernel, Single gain, Single bias, SKPointI* kernelOffset, SKShaderTileMode ctileMode, Boolean convolveAlpha, IntPtr input, SKRect* cropRect)
   at SkiaSharp.SKImageFilter.CreateMatrixConvolution(SKSizeI kernelSize, ReadOnlySpan`1 kernel, Single gain, Single bias, SKPointI kernelOffset, SKShaderTileMode tileMode, Boolean convolveAlpha, SKImageFilter input, SKRect* cropRect)
   at SkiaSharp.SKImageFilter.CreateMatrixConvolution(SKSizeI kernelSize, ReadOnlySpan`1 kernel, Single gain, Single bias, SKPointI kernelOffset, SKShaderTileMode tileMode, Boolean convolveAlpha)
   at Jellyfin.Drawing.Skia.SkiaEncoder..cctor() in /root/jellyfin/src/Jellyfin.Drawing.Skia/SkiaEncoder.cs:line 53
  Failed Jellyfin.Server.Integration.Tests.Controllers.LibraryControllerTests.Delete_NonexistentItemId_NotFound(format: "Items/{0}") [4 ms]
  Error Message:
   System.TypeInitializationException : The type initializer for 'Jellyfin.Drawing.Skia.SkiaEncoder' threw an exception.
---- System.DllNotFoundException : Unable to load shared library 'libSkiaSharp' or one of its dependencies. In order to help diagnose loading problems, consider using a tool like strace. If you're using glibc, consider setting the LD_DEBUG environment variable: 
libfontconfig.so.1: cannot open shared object file: No such file or directory
/usr/share/dotnet/shared/Microsoft.NETCore.App/9.0.6/libSkiaSharp.so: cannot open shared object file: No such file or directory
/root/jellyfin/tests/Jellyfin.Server.Integration.Tests/bin/Debug/net9.0/libSkiaSharp.so: cannot open shared object file: No such file or directory
/root/jellyfin/tests/Jellyfin.Server.Integration.Tests/bin/Debug/net9.0/runtimes/linux-x64/native/liblibSkiaSharp.so: cannot open shared object file: No such file or directory
/usr/share/dotnet/shared/Microsoft.NETCore.App/9.0.6/liblibSkiaSharp.so: cannot open shared object file: No such file or directory
/root/jellyfin/tests/Jellyfin.Server.Integration.Tests/bin/Debug/net9.0/liblibSkiaSharp.so: cannot open shared object file: No such file or directory
/root/jellyfin/tests/Jellyfin.Server.Integration.Tests/bin/Debug/net9.0/runtimes/linux-x64/native/libSkiaSharp: cannot open shared object file: No such file or directory
/usr/share/dotnet/shared/Microsoft.NETCore.App/9.0.6/libSkiaSharp: cannot open shared object file: No such file or directory
/root/jellyfin/tests/Jellyfin.Server.Integration.Tests/bin/Debug/net9.0/libSkiaSharp: cannot open shared object file: No such file or directory
/root/jellyfin/tests/Jellyfin.Server.Integration.Tests/bin/Debug/net9.0/runtimes/linux-x64/native/liblibSkiaSharp: cannot open shared object file: No such file or directory
/usr/share/dotnet/shared/Microsoft.NETCore.App/9.0.6/liblibSkiaSharp: cannot open shared object file: No such file or directory
/root/jellyfin/tests/Jellyfin.Server.Integration.Tests/bin/Debug/net9.0/liblibSkiaSharp: cannot open shared object file: No such file or directory

  Stack Trace:
     at Jellyfin.Drawing.Skia.SkiaEncoder.IsNativeLibAvailable() in /root/jellyfin/src/Jellyfin.Drawing.Skia/SkiaEncoder.cs:line 142
   at Jellyfin.Server.CoreAppHost.RegisterServices(IServiceCollection serviceCollection) in /root/jellyfin/Jellyfin.Server/CoreAppHost.cs:line 66
   at Emby.Server.Implementations.ApplicationHost.Init(IServiceCollection serviceCollection) in /root/jellyfin/Emby.Server.Implementations/ApplicationHost.cs:line 460
   at Jellyfin.Server.Integration.Tests.JellyfinApplicationFactory.<>c__DisplayClass4_0.<ConfigureWebHost>b__0(IServiceCollection services) in /root/jellyfin/tests/Jellyfin.Server.Integration.Tests/JellyfinApplicationFactory.cs:line 91
   at Microsoft.Extensions.Hosting.HostBuilder.InitializeServiceProvider()
   at Microsoft.Extensions.Hosting.HostBuilder.Build()
   at Jellyfin.Server.Integration.Tests.JellyfinApplicationFactory.CreateHost(IHostBuilder builder) in /root/jellyfin/tests/Jellyfin.Server.Integration.Tests/JellyfinApplicationFactory.cs:line 110
   at Microsoft.AspNetCore.Mvc.Testing.WebApplicationFactory`1.ConfigureHostBuilder(IHostBuilder hostBuilder)
   at Microsoft.AspNetCore.Mvc.Testing.WebApplicationFactory`1.EnsureServer()
   at Microsoft.AspNetCore.Mvc.Testing.WebApplicationFactory`1.CreateDefaultClient(DelegatingHandler[] handlers)
   at Microsoft.AspNetCore.Mvc.Testing.WebApplicationFactory`1.CreateDefaultClient(Uri baseAddress, DelegatingHandler[] handlers)
   at Microsoft.AspNetCore.Mvc.Testing.WebApplicationFactory`1.CreateClient(WebApplicationFactoryClientOptions options)
   at Microsoft.AspNetCore.Mvc.Testing.WebApplicationFactory`1.CreateClient()
   at Jellyfin.Server.Integration.Tests.Controllers.LibraryControllerTests.Delete_NonexistentItemId_NotFound(String format) in /root/jellyfin/tests/Jellyfin.Server.Integration.Tests/Controllers/LibraryControllerTests.cs:line 57
--- End of stack trace from previous location ---
----- Inner Stack Trace -----
   at SkiaSharp.SkiaApi.<sk_imagefilter_new_matrix_convolution>g____PInvoke|382_0(SKSizeI* __kernelSize_native, Single* __kernel_native, Single __gain_native, Single __bias_native, SKPointI* __kernelOffset_native, SKShaderTileMode __ctileMode_native, SByte __convolveAlpha_native, IntPtr __input_native, SKRect* __cropRect_native)
   at SkiaSharp.SkiaApi.<sk_imagefilter_new_matrix_convolution>g____PInvoke|382_0(SKSizeI* __kernelSize_native, Single* __kernel_native, Single __gain_native, Single __bias_native, SKPointI* __kernelOffset_native, SKShaderTileMode __ctileMode_native, SByte __convolveAlpha_native, IntPtr __input_native, SKRect* __cropRect_native)
   at SkiaSharp.SkiaApi.sk_imagefilter_new_matrix_convolution(SKSizeI* kernelSize, Single* kernel, Single gain, Single bias, SKPointI* kernelOffset, SKShaderTileMode ctileMode, Boolean convolveAlpha, IntPtr input, SKRect* cropRect)
   at SkiaSharp.SKImageFilter.CreateMatrixConvolution(SKSizeI kernelSize, ReadOnlySpan`1 kernel, Single gain, Single bias, SKPointI kernelOffset, SKShaderTileMode tileMode, Boolean convolveAlpha, SKImageFilter input, SKRect* cropRect)
   at SkiaSharp.SKImageFilter.CreateMatrixConvolution(SKSizeI kernelSize, ReadOnlySpan`1 kernel, Single gain, Single bias, SKPointI kernelOffset, SKShaderTileMode tileMode, Boolean convolveAlpha)
   at Jellyfin.Drawing.Skia.SkiaEncoder..cctor() in /root/jellyfin/src/Jellyfin.Drawing.Skia/SkiaEncoder.cs:line 53
  Failed Jellyfin.Server.Integration.Tests.Controllers.LibraryControllerTests.Delete_NonexistentItemId_NotFound(format: "Items?ids={0}") [3 ms]
  Error Message:
   System.TypeInitializationException : The type initializer for 'Jellyfin.Drawing.Skia.SkiaEncoder' threw an exception.
---- System.DllNotFoundException : Unable to load shared library 'libSkiaSharp' or one of its dependencies. In order to help diagnose loading problems, consider using a tool like strace. If you're using glibc, consider setting the LD_DEBUG environment variable: 
libfontconfig.so.1: cannot open shared object file: No such file or directory
/usr/share/dotnet/shared/Microsoft.NETCore.App/9.0.6/libSkiaSharp.so: cannot open shared object file: No such file or directory
/root/jellyfin/tests/Jellyfin.Server.Integration.Tests/bin/Debug/net9.0/libSkiaSharp.so: cannot open shared object file: No such file or directory
/root/jellyfin/tests/Jellyfin.Server.Integration.Tests/bin/Debug/net9.0/runtimes/linux-x64/native/liblibSkiaSharp.so: cannot open shared object file: No such file or directory
/usr/share/dotnet/shared/Microsoft.NETCore.App/9.0.6/liblibSkiaSharp.so: cannot open shared object file: No such file or directory
/root/jellyfin/tests/Jellyfin.Server.Integration.Tests/bin/Debug/net9.0/liblibSkiaSharp.so: cannot open shared object file: No such file or directory
/root/jellyfin/tests/Jellyfin.Server.Integration.Tests/bin/Debug/net9.0/runtimes/linux-x64/native/libSkiaSharp: cannot open shared object file: No such file or directory
/usr/share/dotnet/shared/Microsoft.NETCore.App/9.0.6/libSkiaSharp: cannot open shared object file: No such file or directory
/root/jellyfin/tests/Jellyfin.Server.Integration.Tests/bin/Debug/net9.0/libSkiaSharp: cannot open shared object file: No such file or directory
/root/jellyfin/tests/Jellyfin.Server.Integration.Tests/bin/Debug/net9.0/runtimes/linux-x64/native/liblibSkiaSharp: cannot open shared object file: No such file or directory
/usr/share/dotnet/shared/Microsoft.NETCore.App/9.0.6/liblibSkiaSharp: cannot open shared object file: No such file or directory
/root/jellyfin/tests/Jellyfin.Server.Integration.Tests/bin/Debug/net9.0/liblibSkiaSharp: cannot open shared object file: No such file or directory

  Stack Trace:
     at Jellyfin.Drawing.Skia.SkiaEncoder.IsNativeLibAvailable() in /root/jellyfin/src/Jellyfin.Drawing.Skia/SkiaEncoder.cs:line 142
   at Jellyfin.Server.CoreAppHost.RegisterServices(IServiceCollection serviceCollection) in /root/jellyfin/Jellyfin.Server/CoreAppHost.cs:line 66
   at Emby.Server.Implementations.ApplicationHost.Init(IServiceCollection serviceCollection) in /root/jellyfin/Emby.Server.Implementations/ApplicationHost.cs:line 460
   at Jellyfin.Server.Integration.Tests.JellyfinApplicationFactory.<>c__DisplayClass4_0.<ConfigureWebHost>b__0(IServiceCollection services) in /root/jellyfin/tests/Jellyfin.Server.Integration.Tests/JellyfinApplicationFactory.cs:line 91
   at Microsoft.Extensions.Hosting.HostBuilder.InitializeServiceProvider()
   at Microsoft.Extensions.Hosting.HostBuilder.Build()
   at Jellyfin.Server.Integration.Tests.JellyfinApplicationFactory.CreateHost(IHostBuilder builder) in /root/jellyfin/tests/Jellyfin.Server.Integration.Tests/JellyfinApplicationFactory.cs:line 110
   at Microsoft.AspNetCore.Mvc.Testing.WebApplicationFactory`1.ConfigureHostBuilder(IHostBuilder hostBuilder)
   at Microsoft.AspNetCore.Mvc.Testing.WebApplicationFactory`1.EnsureServer()
   at Microsoft.AspNetCore.Mvc.Testing.WebApplicationFactory`1.CreateDefaultClient(DelegatingHandler[] handlers)
   at Microsoft.AspNetCore.Mvc.Testing.WebApplicationFactory`1.CreateDefaultClient(Uri baseAddress, DelegatingHandler[] handlers)
   at Microsoft.AspNetCore.Mvc.Testing.WebApplicationFactory`1.CreateClient(WebApplicationFactoryClientOptions options)
   at Microsoft.AspNetCore.Mvc.Testing.WebApplicationFactory`1.CreateClient()
   at Jellyfin.Server.Integration.Tests.Controllers.LibraryControllerTests.Delete_NonexistentItemId_NotFound(String format) in /root/jellyfin/tests/Jellyfin.Server.Integration.Tests/Controllers/LibraryControllerTests.cs:line 57
--- End of stack trace from previous location ---
----- Inner Stack Trace -----
   at SkiaSharp.SkiaApi.<sk_imagefilter_new_matrix_convolution>g____PInvoke|382_0(SKSizeI* __kernelSize_native, Single* __kernel_native, Single __gain_native, Single __bias_native, SKPointI* __kernelOffset_native, SKShaderTileMode __ctileMode_native, SByte __convolveAlpha_native, IntPtr __input_native, SKRect* __cropRect_native)
   at SkiaSharp.SkiaApi.<sk_imagefilter_new_matrix_convolution>g____PInvoke|382_0(SKSizeI* __kernelSize_native, Single* __kernel_native, Single __gain_native, Single __bias_native, SKPointI* __kernelOffset_native, SKShaderTileMode __ctileMode_native, SByte __convolveAlpha_native, IntPtr __input_native, SKRect* __cropRect_native)
   at SkiaSharp.SkiaApi.sk_imagefilter_new_matrix_convolution(SKSizeI* kernelSize, Single* kernel, Single gain, Single bias, SKPointI* kernelOffset, SKShaderTileMode ctileMode, Boolean convolveAlpha, IntPtr input, SKRect* cropRect)
   at SkiaSharp.SKImageFilter.CreateMatrixConvolution(SKSizeI kernelSize, ReadOnlySpan`1 kernel, Single gain, Single bias, SKPointI kernelOffset, SKShaderTileMode tileMode, Boolean convolveAlpha, SKImageFilter input, SKRect* cropRect)
   at SkiaSharp.SKImageFilter.CreateMatrixConvolution(SKSizeI kernelSize, ReadOnlySpan`1 kernel, Single gain, Single bias, SKPointI kernelOffset, SKShaderTileMode tileMode, Boolean convolveAlpha)
   at Jellyfin.Drawing.Skia.SkiaEncoder..cctor() in /root/jellyfin/src/Jellyfin.Drawing.Skia/SkiaEncoder.cs:line 53
  Failed Jellyfin.Server.Integration.Tests.Controllers.LibraryControllerTests.Delete_NonexistentItemId_Unauthorised(format: "Items/{0}") [3 ms]
  Error Message:
   System.TypeInitializationException : The type initializer for 'Jellyfin.Drawing.Skia.SkiaEncoder' threw an exception.
---- System.DllNotFoundException : Unable to load shared library 'libSkiaSharp' or one of its dependencies. In order to help diagnose loading problems, consider using a tool like strace. If you're using glibc, consider setting the LD_DEBUG environment variable: 
libfontconfig.so.1: cannot open shared object file: No such file or directory
/usr/share/dotnet/shared/Microsoft.NETCore.App/9.0.6/libSkiaSharp.so: cannot open shared object file: No such file or directory
/root/jellyfin/tests/Jellyfin.Server.Integration.Tests/bin/Debug/net9.0/libSkiaSharp.so: cannot open shared object file: No such file or directory
/root/jellyfin/tests/Jellyfin.Server.Integration.Tests/bin/Debug/net9.0/runtimes/linux-x64/native/liblibSkiaSharp.so: cannot open shared object file: No such file or directory
/usr/share/dotnet/shared/Microsoft.NETCore.App/9.0.6/liblibSkiaSharp.so: cannot open shared object file: No such file or directory
/root/jellyfin/tests/Jellyfin.Server.Integration.Tests/bin/Debug/net9.0/liblibSkiaSharp.so: cannot open shared object file: No such file or directory
/root/jellyfin/tests/Jellyfin.Server.Integration.Tests/bin/Debug/net9.0/runtimes/linux-x64/native/libSkiaSharp: cannot open shared object file: No such file or directory
/usr/share/dotnet/shared/Microsoft.NETCore.App/9.0.6/libSkiaSharp: cannot open shared object file: No such file or directory
/root/jellyfin/tests/Jellyfin.Server.Integration.Tests/bin/Debug/net9.0/libSkiaSharp: cannot open shared object file: No such file or directory
/root/jellyfin/tests/Jellyfin.Server.Integration.Tests/bin/Debug/net9.0/runtimes/linux-x64/native/liblibSkiaSharp: cannot open shared object file: No such file or directory
/usr/share/dotnet/shared/Microsoft.NETCore.App/9.0.6/liblibSkiaSharp: cannot open shared object file: No such file or directory
/root/jellyfin/tests/Jellyfin.Server.Integration.Tests/bin/Debug/net9.0/liblibSkiaSharp: cannot open shared object file: No such file or directory

  Stack Trace:
     at Jellyfin.Drawing.Skia.SkiaEncoder.IsNativeLibAvailable() in /root/jellyfin/src/Jellyfin.Drawing.Skia/SkiaEncoder.cs:line 142
   at Jellyfin.Server.CoreAppHost.RegisterServices(IServiceCollection serviceCollection) in /root/jellyfin/Jellyfin.Server/CoreAppHost.cs:line 66
   at Emby.Server.Implementations.ApplicationHost.Init(IServiceCollection serviceCollection) in /root/jellyfin/Emby.Server.Implementations/ApplicationHost.cs:line 460
   at Jellyfin.Server.Integration.Tests.JellyfinApplicationFactory.<>c__DisplayClass4_0.<ConfigureWebHost>b__0(IServiceCollection services) in /root/jellyfin/tests/Jellyfin.Server.Integration.Tests/JellyfinApplicationFactory.cs:line 91
   at Microsoft.Extensions.Hosting.HostBuilder.InitializeServiceProvider()
   at Microsoft.Extensions.Hosting.HostBuilder.Build()
   at Jellyfin.Server.Integration.Tests.JellyfinApplicationFactory.CreateHost(IHostBuilder builder) in /root/jellyfin/tests/Jellyfin.Server.Integration.Tests/JellyfinApplicationFactory.cs:line 110
   at Microsoft.AspNetCore.Mvc.Testing.WebApplicationFactory`1.ConfigureHostBuilder(IHostBuilder hostBuilder)
   at Microsoft.AspNetCore.Mvc.Testing.WebApplicationFactory`1.EnsureServer()
   at Microsoft.AspNetCore.Mvc.Testing.WebApplicationFactory`1.CreateDefaultClient(DelegatingHandler[] handlers)
   at Microsoft.AspNetCore.Mvc.Testing.WebApplicationFactory`1.CreateDefaultClient(Uri baseAddress, DelegatingHandler[] handlers)
   at Microsoft.AspNetCore.Mvc.Testing.WebApplicationFactory`1.CreateClient(WebApplicationFactoryClientOptions options)
   at Microsoft.AspNetCore.Mvc.Testing.WebApplicationFactory`1.CreateClient()
   at Jellyfin.Server.Integration.Tests.Controllers.LibraryControllerTests.Delete_NonexistentItemId_Unauthorised(String format) in /root/jellyfin/tests/Jellyfin.Server.Integration.Tests/Controllers/LibraryControllerTests.cs:line 46
--- End of stack trace from previous location ---
----- Inner Stack Trace -----
   at SkiaSharp.SkiaApi.<sk_imagefilter_new_matrix_convolution>g____PInvoke|382_0(SKSizeI* __kernelSize_native, Single* __kernel_native, Single __gain_native, Single __bias_native, SKPointI* __kernelOffset_native, SKShaderTileMode __ctileMode_native, SByte __convolveAlpha_native, IntPtr __input_native, SKRect* __cropRect_native)
   at SkiaSharp.SkiaApi.<sk_imagefilter_new_matrix_convolution>g____PInvoke|382_0(SKSizeI* __kernelSize_native, Single* __kernel_native, Single __gain_native, Single __bias_native, SKPointI* __kernelOffset_native, SKShaderTileMode __ctileMode_native, SByte __convolveAlpha_native, IntPtr __input_native, SKRect* __cropRect_native)
   at SkiaSharp.SkiaApi.sk_imagefilter_new_matrix_convolution(SKSizeI* kernelSize, Single* kernel, Single gain, Single bias, SKPointI* kernelOffset, SKShaderTileMode ctileMode, Boolean convolveAlpha, IntPtr input, SKRect* cropRect)
   at SkiaSharp.SKImageFilter.CreateMatrixConvolution(SKSizeI kernelSize, ReadOnlySpan`1 kernel, Single gain, Single bias, SKPointI kernelOffset, SKShaderTileMode tileMode, Boolean convolveAlpha, SKImageFilter input, SKRect* cropRect)
   at SkiaSharp.SKImageFilter.CreateMatrixConvolution(SKSizeI kernelSize, ReadOnlySpan`1 kernel, Single gain, Single bias, SKPointI kernelOffset, SKShaderTileMode tileMode, Boolean convolveAlpha)
   at Jellyfin.Drawing.Skia.SkiaEncoder..cctor() in /root/jellyfin/src/Jellyfin.Drawing.Skia/SkiaEncoder.cs:line 53
  Failed Jellyfin.Server.Integration.Tests.Controllers.LibraryControllerTests.Delete_NonexistentItemId_Unauthorised(format: "Items?ids={0}") [3 ms]
  Error Message:
   System.TypeInitializationException : The type initializer for 'Jellyfin.Drawing.Skia.SkiaEncoder' threw an exception.
---- System.DllNotFoundException : Unable to load shared library 'libSkiaSharp' or one of its dependencies. In order to help diagnose loading problems, consider using a tool like strace. If you're using glibc, consider setting the LD_DEBUG environment variable: 
libfontconfig.so.1: cannot open shared object file: No such file or directory
/usr/share/dotnet/shared/Microsoft.NETCore.App/9.0.6/libSkiaSharp.so: cannot open shared object file: No such file or directory
/root/jellyfin/tests/Jellyfin.Server.Integration.Tests/bin/Debug/net9.0/libSkiaSharp.so: cannot open shared object file: No such file or directory
/root/jellyfin/tests/Jellyfin.Server.Integration.Tests/bin/Debug/net9.0/runtimes/linux-x64/native/liblibSkiaSharp.so: cannot open shared object file: No such file or directory
/usr/share/dotnet/shared/Microsoft.NETCore.App/9.0.6/liblibSkiaSharp.so: cannot open shared object file: No such file or directory
/root/jellyfin/tests/Jellyfin.Server.Integration.Tests/bin/Debug/net9.0/liblibSkiaSharp.so: cannot open shared object file: No such file or directory
/root/jellyfin/tests/Jellyfin.Server.Integration.Tests/bin/Debug/net9.0/runtimes/linux-x64/native/libSkiaSharp: cannot open shared object file: No such file or directory
/usr/share/dotnet/shared/Microsoft.NETCore.App/9.0.6/libSkiaSharp: cannot open shared object file: No such file or directory
/root/jellyfin/tests/Jellyfin.Server.Integration.Tests/bin/Debug/net9.0/libSkiaSharp: cannot open shared object file: No such file or directory
/root/jellyfin/tests/Jellyfin.Server.Integration.Tests/bin/Debug/net9.0/runtimes/linux-x64/native/liblibSkiaSharp: cannot open shared object file: No such file or directory
/usr/share/dotnet/shared/Microsoft.NETCore.App/9.0.6/liblibSkiaSharp: cannot open shared object file: No such file or directory
/root/jellyfin/tests/Jellyfin.Server.Integration.Tests/bin/Debug/net9.0/liblibSkiaSharp: cannot open shared object file: No such file or directory

  Stack Trace:
     at Jellyfin.Drawing.Skia.SkiaEncoder.IsNativeLibAvailable() in /root/jellyfin/src/Jellyfin.Drawing.Skia/SkiaEncoder.cs:line 142
   at Jellyfin.Server.CoreAppHost.RegisterServices(IServiceCollection serviceCollection) in /root/jellyfin/Jellyfin.Server/CoreAppHost.cs:line 66
   at Emby.Server.Implementations.ApplicationHost.Init(IServiceCollection serviceCollection) in /root/jellyfin/Emby.Server.Implementations/ApplicationHost.cs:line 460
   at Jellyfin.Server.Integration.Tests.JellyfinApplicationFactory.<>c__DisplayClass4_0.<ConfigureWebHost>b__0(IServiceCollection services) in /root/jellyfin/tests/Jellyfin.Server.Integration.Tests/JellyfinApplicationFactory.cs:line 91
   at Microsoft.Extensions.Hosting.HostBuilder.InitializeServiceProvider()
   at Microsoft.Extensions.Hosting.HostBuilder.Build()
   at Jellyfin.Server.Integration.Tests.JellyfinApplicationFactory.CreateHost(IHostBuilder builder) in /root/jellyfin/tests/Jellyfin.Server.Integration.Tests/JellyfinApplicationFactory.cs:line 110
   at Microsoft.AspNetCore.Mvc.Testing.WebApplicationFactory`1.ConfigureHostBuilder(IHostBuilder hostBuilder)
   at Microsoft.AspNetCore.Mvc.Testing.WebApplicationFactory`1.EnsureServer()
   at Microsoft.AspNetCore.Mvc.Testing.WebApplicationFactory`1.CreateDefaultClient(DelegatingHandler[] handlers)
   at Microsoft.AspNetCore.Mvc.Testing.WebApplicationFactory`1.CreateDefaultClient(Uri baseAddress, DelegatingHandler[] handlers)
   at Microsoft.AspNetCore.Mvc.Testing.WebApplicationFactory`1.CreateClient(WebApplicationFactoryClientOptions options)
   at Microsoft.AspNetCore.Mvc.Testing.WebApplicationFactory`1.CreateClient()
   at Jellyfin.Server.Integration.Tests.Controllers.LibraryControllerTests.Delete_NonexistentItemId_Unauthorised(String format) in /root/jellyfin/tests/Jellyfin.Server.Integration.Tests/Controllers/LibraryControllerTests.cs:line 46
--- End of stack trace from previous location ---
----- Inner Stack Trace -----
   at SkiaSharp.SkiaApi.<sk_imagefilter_new_matrix_convolution>g____PInvoke|382_0(SKSizeI* __kernelSize_native, Single* __kernel_native, Single __gain_native, Single __bias_native, SKPointI* __kernelOffset_native, SKShaderTileMode __ctileMode_native, SByte __convolveAlpha_native, IntPtr __input_native, SKRect* __cropRect_native)
   at SkiaSharp.SkiaApi.<sk_imagefilter_new_matrix_convolution>g____PInvoke|382_0(SKSizeI* __kernelSize_native, Single* __kernel_native, Single __gain_native, Single __bias_native, SKPointI* __kernelOffset_native, SKShaderTileMode __ctileMode_native, SByte __convolveAlpha_native, IntPtr __input_native, SKRect* __cropRect_native)
   at SkiaSharp.SkiaApi.sk_imagefilter_new_matrix_convolution(SKSizeI* kernelSize, Single* kernel, Single gain, Single bias, SKPointI* kernelOffset, SKShaderTileMode ctileMode, Boolean convolveAlpha, IntPtr input, SKRect* cropRect)
   at SkiaSharp.SKImageFilter.CreateMatrixConvolution(SKSizeI kernelSize, ReadOnlySpan`1 kernel, Single gain, Single bias, SKPointI kernelOffset, SKShaderTileMode tileMode, Boolean convolveAlpha, SKImageFilter input, SKRect* cropRect)
   at SkiaSharp.SKImageFilter.CreateMatrixConvolution(SKSizeI kernelSize, ReadOnlySpan`1 kernel, Single gain, Single bias, SKPointI kernelOffset, SKShaderTileMode tileMode, Boolean convolveAlpha)
   at Jellyfin.Drawing.Skia.SkiaEncoder..cctor() in /root/jellyfin/src/Jellyfin.Drawing.Skia/SkiaEncoder.cs:line 53
  Failed Jellyfin.Server.Integration.Tests.Controllers.ItemsControllerTests.GetUserItems_NonexistentUserId_NotFound(format: "Users/{0}/Items") [3 ms]
  Error Message:
   System.TypeInitializationException : The type initializer for 'Jellyfin.Drawing.Skia.SkiaEncoder' threw an exception.
---- System.DllNotFoundException : Unable to load shared library 'libSkiaSharp' or one of its dependencies. In order to help diagnose loading problems, consider using a tool like strace. If you're using glibc, consider setting the LD_DEBUG environment variable: 
libfontconfig.so.1: cannot open shared object file: No such file or directory
/usr/share/dotnet/shared/Microsoft.NETCore.App/9.0.6/libSkiaSharp.so: cannot open shared object file: No such file or directory
/root/jellyfin/tests/Jellyfin.Server.Integration.Tests/bin/Debug/net9.0/libSkiaSharp.so: cannot open shared object file: No such file or directory
/root/jellyfin/tests/Jellyfin.Server.Integration.Tests/bin/Debug/net9.0/runtimes/linux-x64/native/liblibSkiaSharp.so: cannot open shared object file: No such file or directory
/usr/share/dotnet/shared/Microsoft.NETCore.App/9.0.6/liblibSkiaSharp.so: cannot open shared object file: No such file or directory
/root/jellyfin/tests/Jellyfin.Server.Integration.Tests/bin/Debug/net9.0/liblibSkiaSharp.so: cannot open shared object file: No such file or directory
/root/jellyfin/tests/Jellyfin.Server.Integration.Tests/bin/Debug/net9.0/runtimes/linux-x64/native/libSkiaSharp: cannot open shared object file: No such file or directory
/usr/share/dotnet/shared/Microsoft.NETCore.App/9.0.6/libSkiaSharp: cannot open shared object file: No such file or directory
/root/jellyfin/tests/Jellyfin.Server.Integration.Tests/bin/Debug/net9.0/libSkiaSharp: cannot open shared object file: No such file or directory
/root/jellyfin/tests/Jellyfin.Server.Integration.Tests/bin/Debug/net9.0/runtimes/linux-x64/native/liblibSkiaSharp: cannot open shared object file: No such file or directory
/usr/share/dotnet/shared/Microsoft.NETCore.App/9.0.6/liblibSkiaSharp: cannot open shared object file: No such file or directory
/root/jellyfin/tests/Jellyfin.Server.Integration.Tests/bin/Debug/net9.0/liblibSkiaSharp: cannot open shared object file: No such file or directory

  Stack Trace:
     at Jellyfin.Drawing.Skia.SkiaEncoder.IsNativeLibAvailable() in /root/jellyfin/src/Jellyfin.Drawing.Skia/SkiaEncoder.cs:line 142
   at Jellyfin.Server.CoreAppHost.RegisterServices(IServiceCollection serviceCollection) in /root/jellyfin/Jellyfin.Server/CoreAppHost.cs:line 66
   at Emby.Server.Implementations.ApplicationHost.Init(IServiceCollection serviceCollection) in /root/jellyfin/Emby.Server.Implementations/ApplicationHost.cs:line 460
   at Jellyfin.Server.Integration.Tests.JellyfinApplicationFactory.<>c__DisplayClass4_0.<ConfigureWebHost>b__0(IServiceCollection services) in /root/jellyfin/tests/Jellyfin.Server.Integration.Tests/JellyfinApplicationFactory.cs:line 91
   at Microsoft.Extensions.Hosting.HostBuilder.InitializeServiceProvider()
   at Microsoft.Extensions.Hosting.HostBuilder.Build()
   at Jellyfin.Server.Integration.Tests.JellyfinApplicationFactory.CreateHost(IHostBuilder builder) in /root/jellyfin/tests/Jellyfin.Server.Integration.Tests/JellyfinApplicationFactory.cs:line 110
   at Microsoft.AspNetCore.Mvc.Testing.WebApplicationFactory`1.ConfigureHostBuilder(IHostBuilder hostBuilder)
   at Microsoft.AspNetCore.Mvc.Testing.WebApplicationFactory`1.EnsureServer()
   at Microsoft.AspNetCore.Mvc.Testing.WebApplicationFactory`1.CreateDefaultClient(DelegatingHandler[] handlers)
   at Microsoft.AspNetCore.Mvc.Testing.WebApplicationFactory`1.CreateDefaultClient(Uri baseAddress, DelegatingHandler[] handlers)
   at Microsoft.AspNetCore.Mvc.Testing.WebApplicationFactory`1.CreateClient(WebApplicationFactoryClientOptions options)
   at Microsoft.AspNetCore.Mvc.Testing.WebApplicationFactory`1.CreateClient()
   at Jellyfin.Server.Integration.Tests.Controllers.ItemsControllerTests.GetUserItems_NonexistentUserId_NotFound(String format) in /root/jellyfin/tests/Jellyfin.Server.Integration.Tests/Controllers/ItemsControllerTests.cs:line 40
--- End of stack trace from previous location ---
----- Inner Stack Trace -----
   at SkiaSharp.SkiaApi.<sk_imagefilter_new_matrix_convolution>g____PInvoke|382_0(SKSizeI* __kernelSize_native, Single* __kernel_native, Single __gain_native, Single __bias_native, SKPointI* __kernelOffset_native, SKShaderTileMode __ctileMode_native, SByte __convolveAlpha_native, IntPtr __input_native, SKRect* __cropRect_native)
   at SkiaSharp.SkiaApi.<sk_imagefilter_new_matrix_convolution>g____PInvoke|382_0(SKSizeI* __kernelSize_native, Single* __kernel_native, Single __gain_native, Single __bias_native, SKPointI* __kernelOffset_native, SKShaderTileMode __ctileMode_native, SByte __convolveAlpha_native, IntPtr __input_native, SKRect* __cropRect_native)
   at SkiaSharp.SkiaApi.sk_imagefilter_new_matrix_convolution(SKSizeI* kernelSize, Single* kernel, Single gain, Single bias, SKPointI* kernelOffset, SKShaderTileMode ctileMode, Boolean convolveAlpha, IntPtr input, SKRect* cropRect)
   at SkiaSharp.SKImageFilter.CreateMatrixConvolution(SKSizeI kernelSize, ReadOnlySpan`1 kernel, Single gain, Single bias, SKPointI kernelOffset, SKShaderTileMode tileMode, Boolean convolveAlpha, SKImageFilter input, SKRect* cropRect)
   at SkiaSharp.SKImageFilter.CreateMatrixConvolution(SKSizeI kernelSize, ReadOnlySpan`1 kernel, Single gain, Single bias, SKPointI kernelOffset, SKShaderTileMode tileMode, Boolean convolveAlpha)
   at Jellyfin.Drawing.Skia.SkiaEncoder..cctor() in /root/jellyfin/src/Jellyfin.Drawing.Skia/SkiaEncoder.cs:line 53
  Failed Jellyfin.Server.Integration.Tests.Controllers.ItemsControllerTests.GetUserItems_NonexistentUserId_NotFound(format: "Users/{0}/Items/Resume") [11 ms]
  Error Message:
   System.TypeInitializationException : The type initializer for 'Jellyfin.Drawing.Skia.SkiaEncoder' threw an exception.
---- System.DllNotFoundException : Unable to load shared library 'libSkiaSharp' or one of its dependencies. In order to help diagnose loading problems, consider using a tool like strace. If you're using glibc, consider setting the LD_DEBUG environment variable: 
libfontconfig.so.1: cannot open shared object file: No such file or directory
/usr/share/dotnet/shared/Microsoft.NETCore.App/9.0.6/libSkiaSharp.so: cannot open shared object file: No such file or directory
/root/jellyfin/tests/Jellyfin.Server.Integration.Tests/bin/Debug/net9.0/libSkiaSharp.so: cannot open shared object file: No such file or directory
/root/jellyfin/tests/Jellyfin.Server.Integration.Tests/bin/Debug/net9.0/runtimes/linux-x64/native/liblibSkiaSharp.so: cannot open shared object file: No such file or directory
/usr/share/dotnet/shared/Microsoft.NETCore.App/9.0.6/liblibSkiaSharp.so: cannot open shared object file: No such file or directory
/root/jellyfin/tests/Jellyfin.Server.Integration.Tests/bin/Debug/net9.0/liblibSkiaSharp.so: cannot open shared object file: No such file or directory
/root/jellyfin/tests/Jellyfin.Server.Integration.Tests/bin/Debug/net9.0/runtimes/linux-x64/native/libSkiaSharp: cannot open shared object file: No such file or directory
/usr/share/dotnet/shared/Microsoft.NETCore.App/9.0.6/libSkiaSharp: cannot open shared object file: No such file or directory
/root/jellyfin/tests/Jellyfin.Server.Integration.Tests/bin/Debug/net9.0/libSkiaSharp: cannot open shared object file: No such file or directory
/root/jellyfin/tests/Jellyfin.Server.Integration.Tests/bin/Debug/net9.0/runtimes/linux-x64/native/liblibSkiaSharp: cannot open shared object file: No such file or directory
/usr/share/dotnet/shared/Microsoft.NETCore.App/9.0.6/liblibSkiaSharp: cannot open shared object file: No such file or directory
/root/jellyfin/tests/Jellyfin.Server.Integration.Tests/bin/Debug/net9.0/liblibSkiaSharp: cannot open shared object file: No such file or directory

  Stack Trace:
     at Jellyfin.Drawing.Skia.SkiaEncoder.IsNativeLibAvailable() in /root/jellyfin/src/Jellyfin.Drawing.Skia/SkiaEncoder.cs:line 142
   at Jellyfin.Server.CoreAppHost.RegisterServices(IServiceCollection serviceCollection) in /root/jellyfin/Jellyfin.Server/CoreAppHost.cs:line 66
   at Emby.Server.Implementations.ApplicationHost.Init(IServiceCollection serviceCollection) in /root/jellyfin/Emby.Server.Implementations/ApplicationHost.cs:line 460
   at Jellyfin.Server.Integration.Tests.JellyfinApplicationFactory.<>c__DisplayClass4_0.<ConfigureWebHost>b__0(IServiceCollection services) in /root/jellyfin/tests/Jellyfin.Server.Integration.Tests/JellyfinApplicationFactory.cs:line 91
   at Microsoft.Extensions.Hosting.HostBuilder.InitializeServiceProvider()
   at Microsoft.Extensions.Hosting.HostBuilder.Build()
   at Jellyfin.Server.Integration.Tests.JellyfinApplicationFactory.CreateHost(IHostBuilder builder) in /root/jellyfin/tests/Jellyfin.Server.Integration.Tests/JellyfinApplicationFactory.cs:line 110
   at Microsoft.AspNetCore.Mvc.Testing.WebApplicationFactory`1.ConfigureHostBuilder(IHostBuilder hostBuilder)
   at Microsoft.AspNetCore.Mvc.Testing.WebApplicationFactory`1.EnsureServer()
   at Microsoft.AspNetCore.Mvc.Testing.WebApplicationFactory`1.CreateDefaultClient(DelegatingHandler[] handlers)
   at Microsoft.AspNetCore.Mvc.Testing.WebApplicationFactory`1.CreateDefaultClient(Uri baseAddress, DelegatingHandler[] handlers)
   at Microsoft.AspNetCore.Mvc.Testing.WebApplicationFactory`1.CreateClient(WebApplicationFactoryClientOptions options)
   at Microsoft.AspNetCore.Mvc.Testing.WebApplicationFactory`1.CreateClient()
   at Jellyfin.Server.Integration.Tests.Controllers.ItemsControllerTests.GetUserItems_NonexistentUserId_NotFound(String format) in /root/jellyfin/tests/Jellyfin.Server.Integration.Tests/Controllers/ItemsControllerTests.cs:line 40
--- End of stack trace from previous location ---
----- Inner Stack Trace -----
   at SkiaSharp.SkiaApi.<sk_imagefilter_new_matrix_convolution>g____PInvoke|382_0(SKSizeI* __kernelSize_native, Single* __kernel_native, Single __gain_native, Single __bias_native, SKPointI* __kernelOffset_native, SKShaderTileMode __ctileMode_native, SByte __convolveAlpha_native, IntPtr __input_native, SKRect* __cropRect_native)
   at SkiaSharp.SkiaApi.<sk_imagefilter_new_matrix_convolution>g____PInvoke|382_0(SKSizeI* __kernelSize_native, Single* __kernel_native, Single __gain_native, Single __bias_native, SKPointI* __kernelOffset_native, SKShaderTileMode __ctileMode_native, SByte __convolveAlpha_native, IntPtr __input_native, SKRect* __cropRect_native)
   at SkiaSharp.SkiaApi.sk_imagefilter_new_matrix_convolution(SKSizeI* kernelSize, Single* kernel, Single gain, Single bias, SKPointI* kernelOffset, SKShaderTileMode ctileMode, Boolean convolveAlpha, IntPtr input, SKRect* cropRect)
   at SkiaSharp.SKImageFilter.CreateMatrixConvolution(SKSizeI kernelSize, ReadOnlySpan`1 kernel, Single gain, Single bias, SKPointI kernelOffset, SKShaderTileMode tileMode, Boolean convolveAlpha, SKImageFilter input, SKRect* cropRect)
   at SkiaSharp.SKImageFilter.CreateMatrixConvolution(SKSizeI kernelSize, ReadOnlySpan`1 kernel, Single gain, Single bias, SKPointI kernelOffset, SKShaderTileMode tileMode, Boolean convolveAlpha)
   at Jellyfin.Drawing.Skia.SkiaEncoder..cctor() in /root/jellyfin/src/Jellyfin.Drawing.Skia/SkiaEncoder.cs:line 53
  Failed Jellyfin.Server.Integration.Tests.Controllers.ItemsControllerTests.GetItems_UserId_Ok(format: "Users/{0}/Items/Resume") [4 ms]
  Error Message:
   System.TypeInitializationException : The type initializer for 'Jellyfin.Drawing.Skia.SkiaEncoder' threw an exception.
---- System.DllNotFoundException : Unable to load shared library 'libSkiaSharp' or one of its dependencies. In order to help diagnose loading problems, consider using a tool like strace. If you're using glibc, consider setting the LD_DEBUG environment variable: 
libfontconfig.so.1: cannot open shared object file: No such file or directory
/usr/share/dotnet/shared/Microsoft.NETCore.App/9.0.6/libSkiaSharp.so: cannot open shared object file: No such file or directory
/root/jellyfin/tests/Jellyfin.Server.Integration.Tests/bin/Debug/net9.0/libSkiaSharp.so: cannot open shared object file: No such file or directory
/root/jellyfin/tests/Jellyfin.Server.Integration.Tests/bin/Debug/net9.0/runtimes/linux-x64/native/liblibSkiaSharp.so: cannot open shared object file: No such file or directory
/usr/share/dotnet/shared/Microsoft.NETCore.App/9.0.6/liblibSkiaSharp.so: cannot open shared object file: No such file or directory
/root/jellyfin/tests/Jellyfin.Server.Integration.Tests/bin/Debug/net9.0/liblibSkiaSharp.so: cannot open shared object file: No such file or directory
/root/jellyfin/tests/Jellyfin.Server.Integration.Tests/bin/Debug/net9.0/runtimes/linux-x64/native/libSkiaSharp: cannot open shared object file: No such file or directory
/usr/share/dotnet/shared/Microsoft.NETCore.App/9.0.6/libSkiaSharp: cannot open shared object file: No such file or directory
/root/jellyfin/tests/Jellyfin.Server.Integration.Tests/bin/Debug/net9.0/libSkiaSharp: cannot open shared object file: No such file or directory
/root/jellyfin/tests/Jellyfin.Server.Integration.Tests/bin/Debug/net9.0/runtimes/linux-x64/native/liblibSkiaSharp: cannot open shared object file: No such file or directory
/usr/share/dotnet/shared/Microsoft.NETCore.App/9.0.6/liblibSkiaSharp: cannot open shared object file: No such file or directory
/root/jellyfin/tests/Jellyfin.Server.Integration.Tests/bin/Debug/net9.0/liblibSkiaSharp: cannot open shared object file: No such file or directory

  Stack Trace:
     at Jellyfin.Drawing.Skia.SkiaEncoder.IsNativeLibAvailable() in /root/jellyfin/src/Jellyfin.Drawing.Skia/SkiaEncoder.cs:line 142
   at Jellyfin.Server.CoreAppHost.RegisterServices(IServiceCollection serviceCollection) in /root/jellyfin/Jellyfin.Server/CoreAppHost.cs:line 66
   at Emby.Server.Implementations.ApplicationHost.Init(IServiceCollection serviceCollection) in /root/jellyfin/Emby.Server.Implementations/ApplicationHost.cs:line 460
   at Jellyfin.Server.Integration.Tests.JellyfinApplicationFactory.<>c__DisplayClass4_0.<ConfigureWebHost>b__0(IServiceCollection services) in /root/jellyfin/tests/Jellyfin.Server.Integration.Tests/JellyfinApplicationFactory.cs:line 91
   at Microsoft.Extensions.Hosting.HostBuilder.InitializeServiceProvider()
   at Microsoft.Extensions.Hosting.HostBuilder.Build()
   at Jellyfin.Server.Integration.Tests.JellyfinApplicationFactory.CreateHost(IHostBuilder builder) in /root/jellyfin/tests/Jellyfin.Server.Integration.Tests/JellyfinApplicationFactory.cs:line 110
   at Microsoft.AspNetCore.Mvc.Testing.WebApplicationFactory`1.ConfigureHostBuilder(IHostBuilder hostBuilder)
   at Microsoft.AspNetCore.Mvc.Testing.WebApplicationFactory`1.EnsureServer()
   at Microsoft.AspNetCore.Mvc.Testing.WebApplicationFactory`1.CreateDefaultClient(DelegatingHandler[] handlers)
   at Microsoft.AspNetCore.Mvc.Testing.WebApplicationFactory`1.CreateDefaultClient(Uri baseAddress, DelegatingHandler[] handlers)
   at Microsoft.AspNetCore.Mvc.Testing.WebApplicationFactory`1.CreateClient(WebApplicationFactoryClientOptions options)
   at Microsoft.AspNetCore.Mvc.Testing.WebApplicationFactory`1.CreateClient()
   at Jellyfin.Server.Integration.Tests.Controllers.ItemsControllerTests.GetItems_UserId_Ok(String format) in /root/jellyfin/tests/Jellyfin.Server.Integration.Tests/Controllers/ItemsControllerTests.cs:line 53
--- End of stack trace from previous location ---
----- Inner Stack Trace -----
   at SkiaSharp.SkiaApi.<sk_imagefilter_new_matrix_convolution>g____PInvoke|382_0(SKSizeI* __kernelSize_native, Single* __kernel_native, Single __gain_native, Single __bias_native, SKPointI* __kernelOffset_native, SKShaderTileMode __ctileMode_native, SByte __convolveAlpha_native, IntPtr __input_native, SKRect* __cropRect_native)
   at SkiaSharp.SkiaApi.<sk_imagefilter_new_matrix_convolution>g____PInvoke|382_0(SKSizeI* __kernelSize_native, Single* __kernel_native, Single __gain_native, Single __bias_native, SKPointI* __kernelOffset_native, SKShaderTileMode __ctileMode_native, SByte __convolveAlpha_native, IntPtr __input_native, SKRect* __cropRect_native)
   at SkiaSharp.SkiaApi.sk_imagefilter_new_matrix_convolution(SKSizeI* kernelSize, Single* kernel, Single gain, Single bias, SKPointI* kernelOffset, SKShaderTileMode ctileMode, Boolean convolveAlpha, IntPtr input, SKRect* cropRect)
   at SkiaSharp.SKImageFilter.CreateMatrixConvolution(SKSizeI kernelSize, ReadOnlySpan`1 kernel, Single gain, Single bias, SKPointI kernelOffset, SKShaderTileMode tileMode, Boolean convolveAlpha, SKImageFilter input, SKRect* cropRect)
   at SkiaSharp.SKImageFilter.CreateMatrixConvolution(SKSizeI kernelSize, ReadOnlySpan`1 kernel, Single gain, Single bias, SKPointI kernelOffset, SKShaderTileMode tileMode, Boolean convolveAlpha)
   at Jellyfin.Drawing.Skia.SkiaEncoder..cctor() in /root/jellyfin/src/Jellyfin.Drawing.Skia/SkiaEncoder.cs:line 53
  Failed Jellyfin.Server.Integration.Tests.Controllers.ItemsControllerTests.GetItems_UserId_Ok(format: "Items?userId={0}") [3 ms]
  Error Message:
   System.TypeInitializationException : The type initializer for 'Jellyfin.Drawing.Skia.SkiaEncoder' threw an exception.
---- System.DllNotFoundException : Unable to load shared library 'libSkiaSharp' or one of its dependencies. In order to help diagnose loading problems, consider using a tool like strace. If you're using glibc, consider setting the LD_DEBUG environment variable: 
libfontconfig.so.1: cannot open shared object file: No such file or directory
/usr/share/dotnet/shared/Microsoft.NETCore.App/9.0.6/libSkiaSharp.so: cannot open shared object file: No such file or directory
/root/jellyfin/tests/Jellyfin.Server.Integration.Tests/bin/Debug/net9.0/libSkiaSharp.so: cannot open shared object file: No such file or directory
/root/jellyfin/tests/Jellyfin.Server.Integration.Tests/bin/Debug/net9.0/runtimes/linux-x64/native/liblibSkiaSharp.so: cannot open shared object file: No such file or directory
/usr/share/dotnet/shared/Microsoft.NETCore.App/9.0.6/liblibSkiaSharp.so: cannot open shared object file: No such file or directory
/root/jellyfin/tests/Jellyfin.Server.Integration.Tests/bin/Debug/net9.0/liblibSkiaSharp.so: cannot open shared object file: No such file or directory
/root/jellyfin/tests/Jellyfin.Server.Integration.Tests/bin/Debug/net9.0/runtimes/linux-x64/native/libSkiaSharp: cannot open shared object file: No such file or directory
/usr/share/dotnet/shared/Microsoft.NETCore.App/9.0.6/libSkiaSharp: cannot open shared object file: No such file or directory
/root/jellyfin/tests/Jellyfin.Server.Integration.Tests/bin/Debug/net9.0/libSkiaSharp: cannot open shared object file: No such file or directory
/root/jellyfin/tests/Jellyfin.Server.Integration.Tests/bin/Debug/net9.0/runtimes/linux-x64/native/liblibSkiaSharp: cannot open shared object file: No such file or directory
/usr/share/dotnet/shared/Microsoft.NETCore.App/9.0.6/liblibSkiaSharp: cannot open shared object file: No such file or directory
/root/jellyfin/tests/Jellyfin.Server.Integration.Tests/bin/Debug/net9.0/liblibSkiaSharp: cannot open shared object file: No such file or directory

  Stack Trace:
     at Jellyfin.Drawing.Skia.SkiaEncoder.IsNativeLibAvailable() in /root/jellyfin/src/Jellyfin.Drawing.Skia/SkiaEncoder.cs:line 142
   at Jellyfin.Server.CoreAppHost.RegisterServices(IServiceCollection serviceCollection) in /root/jellyfin/Jellyfin.Server/CoreAppHost.cs:line 66
   at Emby.Server.Implementations.ApplicationHost.Init(IServiceCollection serviceCollection) in /root/jellyfin/Emby.Server.Implementations/ApplicationHost.cs:line 460
   at Jellyfin.Server.Integration.Tests.JellyfinApplicationFactory.<>c__DisplayClass4_0.<ConfigureWebHost>b__0(IServiceCollection services) in /root/jellyfin/tests/Jellyfin.Server.Integration.Tests/JellyfinApplicationFactory.cs:line 91
   at Microsoft.Extensions.Hosting.HostBuilder.InitializeServiceProvider()
   at Microsoft.Extensions.Hosting.HostBuilder.Build()
   at Jellyfin.Server.Integration.Tests.JellyfinApplicationFactory.CreateHost(IHostBuilder builder) in /root/jellyfin/tests/Jellyfin.Server.Integration.Tests/JellyfinApplicationFactory.cs:line 110
   at Microsoft.AspNetCore.Mvc.Testing.WebApplicationFactory`1.ConfigureHostBuilder(IHostBuilder hostBuilder)
   at Microsoft.AspNetCore.Mvc.Testing.WebApplicationFactory`1.EnsureServer()
   at Microsoft.AspNetCore.Mvc.Testing.WebApplicationFactory`1.CreateDefaultClient(DelegatingHandler[] handlers)
   at Microsoft.AspNetCore.Mvc.Testing.WebApplicationFactory`1.CreateDefaultClient(Uri baseAddress, DelegatingHandler[] handlers)
   at Microsoft.AspNetCore.Mvc.Testing.WebApplicationFactory`1.CreateClient(WebApplicationFactoryClientOptions options)
   at Microsoft.AspNetCore.Mvc.Testing.WebApplicationFactory`1.CreateClient()
   at Jellyfin.Server.Integration.Tests.Controllers.ItemsControllerTests.GetItems_UserId_Ok(String format) in /root/jellyfin/tests/Jellyfin.Server.Integration.Tests/Controllers/ItemsControllerTests.cs:line 53
--- End of stack trace from previous location ---
----- Inner Stack Trace -----
   at SkiaSharp.SkiaApi.<sk_imagefilter_new_matrix_convolution>g____PInvoke|382_0(SKSizeI* __kernelSize_native, Single* __kernel_native, Single __gain_native, Single __bias_native, SKPointI* __kernelOffset_native, SKShaderTileMode __ctileMode_native, SByte __convolveAlpha_native, IntPtr __input_native, SKRect* __cropRect_native)
   at SkiaSharp.SkiaApi.<sk_imagefilter_new_matrix_convolution>g____PInvoke|382_0(SKSizeI* __kernelSize_native, Single* __kernel_native, Single __gain_native, Single __bias_native, SKPointI* __kernelOffset_native, SKShaderTileMode __ctileMode_native, SByte __convolveAlpha_native, IntPtr __input_native, SKRect* __cropRect_native)
   at SkiaSharp.SkiaApi.sk_imagefilter_new_matrix_convolution(SKSizeI* kernelSize, Single* kernel, Single gain, Single bias, SKPointI* kernelOffset, SKShaderTileMode ctileMode, Boolean convolveAlpha, IntPtr input, SKRect* cropRect)
   at SkiaSharp.SKImageFilter.CreateMatrixConvolution(SKSizeI kernelSize, ReadOnlySpan`1 kernel, Single gain, Single bias, SKPointI kernelOffset, SKShaderTileMode tileMode, Boolean convolveAlpha, SKImageFilter input, SKRect* cropRect)
   at SkiaSharp.SKImageFilter.CreateMatrixConvolution(SKSizeI kernelSize, ReadOnlySpan`1 kernel, Single gain, Single bias, SKPointI kernelOffset, SKShaderTileMode tileMode, Boolean convolveAlpha)
   at Jellyfin.Drawing.Skia.SkiaEncoder..cctor() in /root/jellyfin/src/Jellyfin.Drawing.Skia/SkiaEncoder.cs:line 53
  Failed Jellyfin.Server.Integration.Tests.Controllers.ItemsControllerTests.GetItems_UserId_Ok(format: "Users/{0}/Items") [3 ms]
  Error Message:
   System.TypeInitializationException : The type initializer for 'Jellyfin.Drawing.Skia.SkiaEncoder' threw an exception.
---- System.DllNotFoundException : Unable to load shared library 'libSkiaSharp' or one of its dependencies. In order to help diagnose loading problems, consider using a tool like strace. If you're using glibc, consider setting the LD_DEBUG environment variable: 
libfontconfig.so.1: cannot open shared object file: No such file or directory
/usr/share/dotnet/shared/Microsoft.NETCore.App/9.0.6/libSkiaSharp.so: cannot open shared object file: No such file or directory
/root/jellyfin/tests/Jellyfin.Server.Integration.Tests/bin/Debug/net9.0/libSkiaSharp.so: cannot open shared object file: No such file or directory
/root/jellyfin/tests/Jellyfin.Server.Integration.Tests/bin/Debug/net9.0/runtimes/linux-x64/native/liblibSkiaSharp.so: cannot open shared object file: No such file or directory
/usr/share/dotnet/shared/Microsoft.NETCore.App/9.0.6/liblibSkiaSharp.so: cannot open shared object file: No such file or directory
/root/jellyfin/tests/Jellyfin.Server.Integration.Tests/bin/Debug/net9.0/liblibSkiaSharp.so: cannot open shared object file: No such file or directory
/root/jellyfin/tests/Jellyfin.Server.Integration.Tests/bin/Debug/net9.0/runtimes/linux-x64/native/libSkiaSharp: cannot open shared object file: No such file or directory
/usr/share/dotnet/shared/Microsoft.NETCore.App/9.0.6/libSkiaSharp: cannot open shared object file: No such file or directory
/root/jellyfin/tests/Jellyfin.Server.Integration.Tests/bin/Debug/net9.0/libSkiaSharp: cannot open shared object file: No such file or directory
/root/jellyfin/tests/Jellyfin.Server.Integration.Tests/bin/Debug/net9.0/runtimes/linux-x64/native/liblibSkiaSharp: cannot open shared object file: No such file or directory
/usr/share/dotnet/shared/Microsoft.NETCore.App/9.0.6/liblibSkiaSharp: cannot open shared object file: No such file or directory
/root/jellyfin/tests/Jellyfin.Server.Integration.Tests/bin/Debug/net9.0/liblibSkiaSharp: cannot open shared object file: No such file or directory

  Stack Trace:
     at Jellyfin.Drawing.Skia.SkiaEncoder.IsNativeLibAvailable() in /root/jellyfin/src/Jellyfin.Drawing.Skia/SkiaEncoder.cs:line 142
   at Jellyfin.Server.CoreAppHost.RegisterServices(IServiceCollection serviceCollection) in /root/jellyfin/Jellyfin.Server/CoreAppHost.cs:line 66
   at Emby.Server.Implementations.ApplicationHost.Init(IServiceCollection serviceCollection) in /root/jellyfin/Emby.Server.Implementations/ApplicationHost.cs:line 460
   at Jellyfin.Server.Integration.Tests.JellyfinApplicationFactory.<>c__DisplayClass4_0.<ConfigureWebHost>b__0(IServiceCollection services) in /root/jellyfin/tests/Jellyfin.Server.Integration.Tests/JellyfinApplicationFactory.cs:line 91
   at Microsoft.Extensions.Hosting.HostBuilder.InitializeServiceProvider()
   at Microsoft.Extensions.Hosting.HostBuilder.Build()
   at Jellyfin.Server.Integration.Tests.JellyfinApplicationFactory.CreateHost(IHostBuilder builder) in /root/jellyfin/tests/Jellyfin.Server.Integration.Tests/JellyfinApplicationFactory.cs:line 110
   at Microsoft.AspNetCore.Mvc.Testing.WebApplicationFactory`1.ConfigureHostBuilder(IHostBuilder hostBuilder)
   at Microsoft.AspNetCore.Mvc.Testing.WebApplicationFactory`1.EnsureServer()
   at Microsoft.AspNetCore.Mvc.Testing.WebApplicationFactory`1.CreateDefaultClient(DelegatingHandler[] handlers)
   at Microsoft.AspNetCore.Mvc.Testing.WebApplicationFactory`1.CreateDefaultClient(Uri baseAddress, DelegatingHandler[] handlers)
   at Microsoft.AspNetCore.Mvc.Testing.WebApplicationFactory`1.CreateClient(WebApplicationFactoryClientOptions options)
   at Microsoft.AspNetCore.Mvc.Testing.WebApplicationFactory`1.CreateClient()
   at Jellyfin.Server.Integration.Tests.Controllers.ItemsControllerTests.GetItems_UserId_Ok(String format) in /root/jellyfin/tests/Jellyfin.Server.Integration.Tests/Controllers/ItemsControllerTests.cs:line 53
--- End of stack trace from previous location ---
----- Inner Stack Trace -----
   at SkiaSharp.SkiaApi.<sk_imagefilter_new_matrix_convolution>g____PInvoke|382_0(SKSizeI* __kernelSize_native, Single* __kernel_native, Single __gain_native, Single __bias_native, SKPointI* __kernelOffset_native, SKShaderTileMode __ctileMode_native, SByte __convolveAlpha_native, IntPtr __input_native, SKRect* __cropRect_native)
   at SkiaSharp.SkiaApi.<sk_imagefilter_new_matrix_convolution>g____PInvoke|382_0(SKSizeI* __kernelSize_native, Single* __kernel_native, Single __gain_native, Single __bias_native, SKPointI* __kernelOffset_native, SKShaderTileMode __ctileMode_native, SByte __convolveAlpha_native, IntPtr __input_native, SKRect* __cropRect_native)
   at SkiaSharp.SkiaApi.sk_imagefilter_new_matrix_convolution(SKSizeI* kernelSize, Single* kernel, Single gain, Single bias, SKPointI* kernelOffset, SKShaderTileMode ctileMode, Boolean convolveAlpha, IntPtr input, SKRect* cropRect)
   at SkiaSharp.SKImageFilter.CreateMatrixConvolution(SKSizeI kernelSize, ReadOnlySpan`1 kernel, Single gain, Single bias, SKPointI kernelOffset, SKShaderTileMode tileMode, Boolean convolveAlpha, SKImageFilter input, SKRect* cropRect)
   at SkiaSharp.SKImageFilter.CreateMatrixConvolution(SKSizeI kernelSize, ReadOnlySpan`1 kernel, Single gain, Single bias, SKPointI kernelOffset, SKShaderTileMode tileMode, Boolean convolveAlpha)
   at Jellyfin.Drawing.Skia.SkiaEncoder..cctor() in /root/jellyfin/src/Jellyfin.Drawing.Skia/SkiaEncoder.cs:line 53
  Failed Jellyfin.Server.Integration.Tests.Controllers.ItemsControllerTests.GetItems_NoApiKeyOrUserId_Success [3 ms]
  Error Message:
   System.TypeInitializationException : The type initializer for 'Jellyfin.Drawing.Skia.SkiaEncoder' threw an exception.
---- System.DllNotFoundException : Unable to load shared library 'libSkiaSharp' or one of its dependencies. In order to help diagnose loading problems, consider using a tool like strace. If you're using glibc, consider setting the LD_DEBUG environment variable: 
libfontconfig.so.1: cannot open shared object file: No such file or directory
/usr/share/dotnet/shared/Microsoft.NETCore.App/9.0.6/libSkiaSharp.so: cannot open shared object file: No such file or directory
/root/jellyfin/tests/Jellyfin.Server.Integration.Tests/bin/Debug/net9.0/libSkiaSharp.so: cannot open shared object file: No such file or directory
/root/jellyfin/tests/Jellyfin.Server.Integration.Tests/bin/Debug/net9.0/runtimes/linux-x64/native/liblibSkiaSharp.so: cannot open shared object file: No such file or directory
/usr/share/dotnet/shared/Microsoft.NETCore.App/9.0.6/liblibSkiaSharp.so: cannot open shared object file: No such file or directory
/root/jellyfin/tests/Jellyfin.Server.Integration.Tests/bin/Debug/net9.0/liblibSkiaSharp.so: cannot open shared object file: No such file or directory
/root/jellyfin/tests/Jellyfin.Server.Integration.Tests/bin/Debug/net9.0/runtimes/linux-x64/native/libSkiaSharp: cannot open shared object file: No such file or directory
/usr/share/dotnet/shared/Microsoft.NETCore.App/9.0.6/libSkiaSharp: cannot open shared object file: No such file or directory
/root/jellyfin/tests/Jellyfin.Server.Integration.Tests/bin/Debug/net9.0/libSkiaSharp: cannot open shared object file: No such file or directory
/root/jellyfin/tests/Jellyfin.Server.Integration.Tests/bin/Debug/net9.0/runtimes/linux-x64/native/liblibSkiaSharp: cannot open shared object file: No such file or directory
/usr/share/dotnet/shared/Microsoft.NETCore.App/9.0.6/liblibSkiaSharp: cannot open shared object file: No such file or directory
/root/jellyfin/tests/Jellyfin.Server.Integration.Tests/bin/Debug/net9.0/liblibSkiaSharp: cannot open shared object file: No such file or directory

  Stack Trace:
     at Jellyfin.Drawing.Skia.SkiaEncoder.IsNativeLibAvailable() in /root/jellyfin/src/Jellyfin.Drawing.Skia/SkiaEncoder.cs:line 142
   at Jellyfin.Server.CoreAppHost.RegisterServices(IServiceCollection serviceCollection) in /root/jellyfin/Jellyfin.Server/CoreAppHost.cs:line 66
   at Emby.Server.Implementations.ApplicationHost.Init(IServiceCollection serviceCollection) in /root/jellyfin/Emby.Server.Implementations/ApplicationHost.cs:line 460
   at Jellyfin.Server.Integration.Tests.JellyfinApplicationFactory.<>c__DisplayClass4_0.<ConfigureWebHost>b__0(IServiceCollection services) in /root/jellyfin/tests/Jellyfin.Server.Integration.Tests/JellyfinApplicationFactory.cs:line 91
   at Microsoft.Extensions.Hosting.HostBuilder.InitializeServiceProvider()
   at Microsoft.Extensions.Hosting.HostBuilder.Build()
   at Jellyfin.Server.Integration.Tests.JellyfinApplicationFactory.CreateHost(IHostBuilder builder) in /root/jellyfin/tests/Jellyfin.Server.Integration.Tests/JellyfinApplicationFactory.cs:line 110
   at Microsoft.AspNetCore.Mvc.Testing.WebApplicationFactory`1.ConfigureHostBuilder(IHostBuilder hostBuilder)
   at Microsoft.AspNetCore.Mvc.Testing.WebApplicationFactory`1.EnsureServer()
   at Microsoft.AspNetCore.Mvc.Testing.WebApplicationFactory`1.CreateDefaultClient(DelegatingHandler[] handlers)
   at Microsoft.AspNetCore.Mvc.Testing.WebApplicationFactory`1.CreateDefaultClient(Uri baseAddress, DelegatingHandler[] handlers)
   at Microsoft.AspNetCore.Mvc.Testing.WebApplicationFactory`1.CreateClient(WebApplicationFactoryClientOptions options)
   at Microsoft.AspNetCore.Mvc.Testing.WebApplicationFactory`1.CreateClient()
   at Jellyfin.Server.Integration.Tests.Controllers.ItemsControllerTests.GetItems_NoApiKeyOrUserId_Success() in /root/jellyfin/tests/Jellyfin.Server.Integration.Tests/Controllers/ItemsControllerTests.cs:line 28
--- End of stack trace from previous location ---
----- Inner Stack Trace -----
   at SkiaSharp.SkiaApi.<sk_imagefilter_new_matrix_convolution>g____PInvoke|382_0(SKSizeI* __kernelSize_native, Single* __kernel_native, Single __gain_native, Single __bias_native, SKPointI* __kernelOffset_native, SKShaderTileMode __ctileMode_native, SByte __convolveAlpha_native, IntPtr __input_native, SKRect* __cropRect_native)
   at SkiaSharp.SkiaApi.<sk_imagefilter_new_matrix_convolution>g____PInvoke|382_0(SKSizeI* __kernelSize_native, Single* __kernel_native, Single __gain_native, Single __bias_native, SKPointI* __kernelOffset_native, SKShaderTileMode __ctileMode_native, SByte __convolveAlpha_native, IntPtr __input_native, SKRect* __cropRect_native)
   at SkiaSharp.SkiaApi.sk_imagefilter_new_matrix_convolution(SKSizeI* kernelSize, Single* kernel, Single gain, Single bias, SKPointI* kernelOffset, SKShaderTileMode ctileMode, Boolean convolveAlpha, IntPtr input, SKRect* cropRect)
   at SkiaSharp.SKImageFilter.CreateMatrixConvolution(SKSizeI kernelSize, ReadOnlySpan`1 kernel, Single gain, Single bias, SKPointI kernelOffset, SKShaderTileMode tileMode, Boolean convolveAlpha, SKImageFilter input, SKRect* cropRect)
   at SkiaSharp.SKImageFilter.CreateMatrixConvolution(SKSizeI kernelSize, ReadOnlySpan`1 kernel, Single gain, Single bias, SKPointI kernelOffset, SKShaderTileMode tileMode, Boolean convolveAlpha)
   at Jellyfin.Drawing.Skia.SkiaEncoder..cctor() in /root/jellyfin/src/Jellyfin.Drawing.Skia/SkiaEncoder.cs:line 53
  Failed Jellyfin.Server.Integration.Tests.OpenApiSpecTests.GetSpec_ReturnsCorrectResponse [4 ms]
  Error Message:
   System.TypeInitializationException : The type initializer for 'Jellyfin.Drawing.Skia.SkiaEncoder' threw an exception.
---- System.DllNotFoundException : Unable to load shared library 'libSkiaSharp' or one of its dependencies. In order to help diagnose loading problems, consider using a tool like strace. If you're using glibc, consider setting the LD_DEBUG environment variable: 
libfontconfig.so.1: cannot open shared object file: No such file or directory
/usr/share/dotnet/shared/Microsoft.NETCore.App/9.0.6/libSkiaSharp.so: cannot open shared object file: No such file or directory
/root/jellyfin/tests/Jellyfin.Server.Integration.Tests/bin/Debug/net9.0/libSkiaSharp.so: cannot open shared object file: No such file or directory
/root/jellyfin/tests/Jellyfin.Server.Integration.Tests/bin/Debug/net9.0/runtimes/linux-x64/native/liblibSkiaSharp.so: cannot open shared object file: No such file or directory
/usr/share/dotnet/shared/Microsoft.NETCore.App/9.0.6/liblibSkiaSharp.so: cannot open shared object file: No such file or directory
/root/jellyfin/tests/Jellyfin.Server.Integration.Tests/bin/Debug/net9.0/liblibSkiaSharp.so: cannot open shared object file: No such file or directory
/root/jellyfin/tests/Jellyfin.Server.Integration.Tests/bin/Debug/net9.0/runtimes/linux-x64/native/libSkiaSharp: cannot open shared object file: No such file or directory
/usr/share/dotnet/shared/Microsoft.NETCore.App/9.0.6/libSkiaSharp: cannot open shared object file: No such file or directory
/root/jellyfin/tests/Jellyfin.Server.Integration.Tests/bin/Debug/net9.0/libSkiaSharp: cannot open shared object file: No such file or directory
/root/jellyfin/tests/Jellyfin.Server.Integration.Tests/bin/Debug/net9.0/runtimes/linux-x64/native/liblibSkiaSharp: cannot open shared object file: No such file or directory
/usr/share/dotnet/shared/Microsoft.NETCore.App/9.0.6/liblibSkiaSharp: cannot open shared object file: No such file or directory
/root/jellyfin/tests/Jellyfin.Server.Integration.Tests/bin/Debug/net9.0/liblibSkiaSharp: cannot open shared object file: No such file or directory

  Stack Trace:
     at Jellyfin.Drawing.Skia.SkiaEncoder.IsNativeLibAvailable() in /root/jellyfin/src/Jellyfin.Drawing.Skia/SkiaEncoder.cs:line 142
   at Jellyfin.Server.CoreAppHost.RegisterServices(IServiceCollection serviceCollection) in /root/jellyfin/Jellyfin.Server/CoreAppHost.cs:line 66
   at Emby.Server.Implementations.ApplicationHost.Init(IServiceCollection serviceCollection) in /root/jellyfin/Emby.Server.Implementations/ApplicationHost.cs:line 460
   at Jellyfin.Server.Integration.Tests.JellyfinApplicationFactory.<>c__DisplayClass4_0.<ConfigureWebHost>b__0(IServiceCollection services) in /root/jellyfin/tests/Jellyfin.Server.Integration.Tests/JellyfinApplicationFactory.cs:line 91
   at Microsoft.Extensions.Hosting.HostBuilder.InitializeServiceProvider()
   at Microsoft.Extensions.Hosting.HostBuilder.Build()
   at Jellyfin.Server.Integration.Tests.JellyfinApplicationFactory.CreateHost(IHostBuilder builder) in /root/jellyfin/tests/Jellyfin.Server.Integration.Tests/JellyfinApplicationFactory.cs:line 110
   at Microsoft.AspNetCore.Mvc.Testing.WebApplicationFactory`1.ConfigureHostBuilder(IHostBuilder hostBuilder)
   at Microsoft.AspNetCore.Mvc.Testing.WebApplicationFactory`1.EnsureServer()
   at Microsoft.AspNetCore.Mvc.Testing.WebApplicationFactory`1.CreateDefaultClient(DelegatingHandler[] handlers)
   at Microsoft.AspNetCore.Mvc.Testing.WebApplicationFactory`1.CreateDefaultClient(Uri baseAddress, DelegatingHandler[] handlers)
   at Microsoft.AspNetCore.Mvc.Testing.WebApplicationFactory`1.CreateClient(WebApplicationFactoryClientOptions options)
   at Microsoft.AspNetCore.Mvc.Testing.WebApplicationFactory`1.CreateClient()
   at Jellyfin.Server.Integration.Tests.OpenApiSpecTests.GetSpec_ReturnsCorrectResponse() in /root/jellyfin/tests/Jellyfin.Server.Integration.Tests/OpenApiSpecTests.cs:line 25
--- End of stack trace from previous location ---
----- Inner Stack Trace -----
   at SkiaSharp.SkiaApi.<sk_imagefilter_new_matrix_convolution>g____PInvoke|382_0(SKSizeI* __kernelSize_native, Single* __kernel_native, Single __gain_native, Single __bias_native, SKPointI* __kernelOffset_native, SKShaderTileMode __ctileMode_native, SByte __convolveAlpha_native, IntPtr __input_native, SKRect* __cropRect_native)
   at SkiaSharp.SkiaApi.<sk_imagefilter_new_matrix_convolution>g____PInvoke|382_0(SKSizeI* __kernelSize_native, Single* __kernel_native, Single __gain_native, Single __bias_native, SKPointI* __kernelOffset_native, SKShaderTileMode __ctileMode_native, SByte __convolveAlpha_native, IntPtr __input_native, SKRect* __cropRect_native)
   at SkiaSharp.SkiaApi.sk_imagefilter_new_matrix_convolution(SKSizeI* kernelSize, Single* kernel, Single gain, Single bias, SKPointI* kernelOffset, SKShaderTileMode ctileMode, Boolean convolveAlpha, IntPtr input, SKRect* cropRect)
   at SkiaSharp.SKImageFilter.CreateMatrixConvolution(SKSizeI kernelSize, ReadOnlySpan`1 kernel, Single gain, Single bias, SKPointI kernelOffset, SKShaderTileMode tileMode, Boolean convolveAlpha, SKImageFilter input, SKRect* cropRect)
   at SkiaSharp.SKImageFilter.CreateMatrixConvolution(SKSizeI kernelSize, ReadOnlySpan`1 kernel, Single gain, Single bias, SKPointI kernelOffset, SKShaderTileMode tileMode, Boolean convolveAlpha)
   at Jellyfin.Drawing.Skia.SkiaEncoder..cctor() in /root/jellyfin/src/Jellyfin.Drawing.Skia/SkiaEncoder.cs:line 53
  Failed Jellyfin.Server.Integration.Tests.Controllers.DashboardControllerTests.GetConfigurationPages_True_MainMenuConfigurationPages [3 ms]
  Error Message:
   System.TypeInitializationException : The type initializer for 'Jellyfin.Drawing.Skia.SkiaEncoder' threw an exception.
---- System.DllNotFoundException : Unable to load shared library 'libSkiaSharp' or one of its dependencies. In order to help diagnose loading problems, consider using a tool like strace. If you're using glibc, consider setting the LD_DEBUG environment variable: 
libfontconfig.so.1: cannot open shared object file: No such file or directory
/usr/share/dotnet/shared/Microsoft.NETCore.App/9.0.6/libSkiaSharp.so: cannot open shared object file: No such file or directory
/root/jellyfin/tests/Jellyfin.Server.Integration.Tests/bin/Debug/net9.0/libSkiaSharp.so: cannot open shared object file: No such file or directory
/root/jellyfin/tests/Jellyfin.Server.Integration.Tests/bin/Debug/net9.0/runtimes/linux-x64/native/liblibSkiaSharp.so: cannot open shared object file: No such file or directory
/usr/share/dotnet/shared/Microsoft.NETCore.App/9.0.6/liblibSkiaSharp.so: cannot open shared object file: No such file or directory
/root/jellyfin/tests/Jellyfin.Server.Integration.Tests/bin/Debug/net9.0/liblibSkiaSharp.so: cannot open shared object file: No such file or directory
/root/jellyfin/tests/Jellyfin.Server.Integration.Tests/bin/Debug/net9.0/runtimes/linux-x64/native/libSkiaSharp: cannot open shared object file: No such file or directory
/usr/share/dotnet/shared/Microsoft.NETCore.App/9.0.6/libSkiaSharp: cannot open shared object file: No such file or directory
/root/jellyfin/tests/Jellyfin.Server.Integration.Tests/bin/Debug/net9.0/libSkiaSharp: cannot open shared object file: No such file or directory
/root/jellyfin/tests/Jellyfin.Server.Integration.Tests/bin/Debug/net9.0/runtimes/linux-x64/native/liblibSkiaSharp: cannot open shared object file: No such file or directory
/usr/share/dotnet/shared/Microsoft.NETCore.App/9.0.6/liblibSkiaSharp: cannot open shared object file: No such file or directory
/root/jellyfin/tests/Jellyfin.Server.Integration.Tests/bin/Debug/net9.0/liblibSkiaSharp: cannot open shared object file: No such file or directory

  Stack Trace:
     at Jellyfin.Drawing.Skia.SkiaEncoder.IsNativeLibAvailable() in /root/jellyfin/src/Jellyfin.Drawing.Skia/SkiaEncoder.cs:line 142
   at Jellyfin.Server.CoreAppHost.RegisterServices(IServiceCollection serviceCollection) in /root/jellyfin/Jellyfin.Server/CoreAppHost.cs:line 66
   at Emby.Server.Implementations.ApplicationHost.Init(IServiceCollection serviceCollection) in /root/jellyfin/Emby.Server.Implementations/ApplicationHost.cs:line 460
   at Jellyfin.Server.Integration.Tests.JellyfinApplicationFactory.<>c__DisplayClass4_0.<ConfigureWebHost>b__0(IServiceCollection services) in /root/jellyfin/tests/Jellyfin.Server.Integration.Tests/JellyfinApplicationFactory.cs:line 91
   at Microsoft.Extensions.Hosting.HostBuilder.InitializeServiceProvider()
   at Microsoft.Extensions.Hosting.HostBuilder.Build()
   at Jellyfin.Server.Integration.Tests.JellyfinApplicationFactory.CreateHost(IHostBuilder builder) in /root/jellyfin/tests/Jellyfin.Server.Integration.Tests/JellyfinApplicationFactory.cs:line 110
   at Microsoft.AspNetCore.Mvc.Testing.WebApplicationFactory`1.ConfigureHostBuilder(IHostBuilder hostBuilder)
   at Microsoft.AspNetCore.Mvc.Testing.WebApplicationFactory`1.EnsureServer()
   at Microsoft.AspNetCore.Mvc.Testing.WebApplicationFactory`1.CreateDefaultClient(DelegatingHandler[] handlers)
   at Microsoft.AspNetCore.Mvc.Testing.WebApplicationFactory`1.CreateDefaultClient(Uri baseAddress, DelegatingHandler[] handlers)
   at Microsoft.AspNetCore.Mvc.Testing.WebApplicationFactory`1.CreateClient(WebApplicationFactoryClientOptions options)
   at Microsoft.AspNetCore.Mvc.Testing.WebApplicationFactory`1.CreateClient()
   at Jellyfin.Server.Integration.Tests.Controllers.DashboardControllerTests.GetConfigurationPages_True_MainMenuConfigurationPages() in /root/jellyfin/tests/Jellyfin.Server.Integration.Tests/Controllers/DashboardControllerTests.cs:line 75
--- End of stack trace from previous location ---
----- Inner Stack Trace -----
   at SkiaSharp.SkiaApi.<sk_imagefilter_new_matrix_convolution>g____PInvoke|382_0(SKSizeI* __kernelSize_native, Single* __kernel_native, Single __gain_native, Single __bias_native, SKPointI* __kernelOffset_native, SKShaderTileMode __ctileMode_native, SByte __convolveAlpha_native, IntPtr __input_native, SKRect* __cropRect_native)
   at SkiaSharp.SkiaApi.<sk_imagefilter_new_matrix_convolution>g____PInvoke|382_0(SKSizeI* __kernelSize_native, Single* __kernel_native, Single __gain_native, Single __bias_native, SKPointI* __kernelOffset_native, SKShaderTileMode __ctileMode_native, SByte __convolveAlpha_native, IntPtr __input_native, SKRect* __cropRect_native)
   at SkiaSharp.SkiaApi.sk_imagefilter_new_matrix_convolution(SKSizeI* kernelSize, Single* kernel, Single gain, Single bias, SKPointI* kernelOffset, SKShaderTileMode ctileMode, Boolean convolveAlpha, IntPtr input, SKRect* cropRect)
   at SkiaSharp.SKImageFilter.CreateMatrixConvolution(SKSizeI kernelSize, ReadOnlySpan`1 kernel, Single gain, Single bias, SKPointI kernelOffset, SKShaderTileMode tileMode, Boolean convolveAlpha, SKImageFilter input, SKRect* cropRect)
   at SkiaSharp.SKImageFilter.CreateMatrixConvolution(SKSizeI kernelSize, ReadOnlySpan`1 kernel, Single gain, Single bias, SKPointI kernelOffset, SKShaderTileMode tileMode, Boolean convolveAlpha)
   at Jellyfin.Drawing.Skia.SkiaEncoder..cctor() in /root/jellyfin/src/Jellyfin.Drawing.Skia/SkiaEncoder.cs:line 53
  Failed Jellyfin.Server.Integration.Tests.Controllers.DashboardControllerTests.GetDashboardConfigurationPage_BrokenPage_NotFound [3 ms]
  Error Message:
   System.TypeInitializationException : The type initializer for 'Jellyfin.Drawing.Skia.SkiaEncoder' threw an exception.
---- System.DllNotFoundException : Unable to load shared library 'libSkiaSharp' or one of its dependencies. In order to help diagnose loading problems, consider using a tool like strace. If you're using glibc, consider setting the LD_DEBUG environment variable: 
libfontconfig.so.1: cannot open shared object file: No such file or directory
/usr/share/dotnet/shared/Microsoft.NETCore.App/9.0.6/libSkiaSharp.so: cannot open shared object file: No such file or directory
/root/jellyfin/tests/Jellyfin.Server.Integration.Tests/bin/Debug/net9.0/libSkiaSharp.so: cannot open shared object file: No such file or directory
/root/jellyfin/tests/Jellyfin.Server.Integration.Tests/bin/Debug/net9.0/runtimes/linux-x64/native/liblibSkiaSharp.so: cannot open shared object file: No such file or directory
/usr/share/dotnet/shared/Microsoft.NETCore.App/9.0.6/liblibSkiaSharp.so: cannot open shared object file: No such file or directory
/root/jellyfin/tests/Jellyfin.Server.Integration.Tests/bin/Debug/net9.0/liblibSkiaSharp.so: cannot open shared object file: No such file or directory
/root/jellyfin/tests/Jellyfin.Server.Integration.Tests/bin/Debug/net9.0/runtimes/linux-x64/native/libSkiaSharp: cannot open shared object file: No such file or directory
/usr/share/dotnet/shared/Microsoft.NETCore.App/9.0.6/libSkiaSharp: cannot open shared object file: No such file or directory
/root/jellyfin/tests/Jellyfin.Server.Integration.Tests/bin/Debug/net9.0/libSkiaSharp: cannot open shared object file: No such file or directory
/root/jellyfin/tests/Jellyfin.Server.Integration.Tests/bin/Debug/net9.0/runtimes/linux-x64/native/liblibSkiaSharp: cannot open shared object file: No such file or directory
/usr/share/dotnet/shared/Microsoft.NETCore.App/9.0.6/liblibSkiaSharp: cannot open shared object file: No such file or directory
/root/jellyfin/tests/Jellyfin.Server.Integration.Tests/bin/Debug/net9.0/liblibSkiaSharp: cannot open shared object file: No such file or directory

  Stack Trace:
     at Jellyfin.Drawing.Skia.SkiaEncoder.IsNativeLibAvailable() in /root/jellyfin/src/Jellyfin.Drawing.Skia/SkiaEncoder.cs:line 142
   at Jellyfin.Server.CoreAppHost.RegisterServices(IServiceCollection serviceCollection) in /root/jellyfin/Jellyfin.Server/CoreAppHost.cs:line 66
   at Emby.Server.Implementations.ApplicationHost.Init(IServiceCollection serviceCollection) in /root/jellyfin/Emby.Server.Implementations/ApplicationHost.cs:line 460
   at Jellyfin.Server.Integration.Tests.JellyfinApplicationFactory.<>c__DisplayClass4_0.<ConfigureWebHost>b__0(IServiceCollection services) in /root/jellyfin/tests/Jellyfin.Server.Integration.Tests/JellyfinApplicationFactory.cs:line 91
   at Microsoft.Extensions.Hosting.HostBuilder.InitializeServiceProvider()
   at Microsoft.Extensions.Hosting.HostBuilder.Build()
   at Jellyfin.Server.Integration.Tests.JellyfinApplicationFactory.CreateHost(IHostBuilder builder) in /root/jellyfin/tests/Jellyfin.Server.Integration.Tests/JellyfinApplicationFactory.cs:line 110
   at Microsoft.AspNetCore.Mvc.Testing.WebApplicationFactory`1.ConfigureHostBuilder(IHostBuilder hostBuilder)
   at Microsoft.AspNetCore.Mvc.Testing.WebApplicationFactory`1.EnsureServer()
   at Microsoft.AspNetCore.Mvc.Testing.WebApplicationFactory`1.CreateDefaultClient(DelegatingHandler[] handlers)
   at Microsoft.AspNetCore.Mvc.Testing.WebApplicationFactory`1.CreateDefaultClient(Uri baseAddress, DelegatingHandler[] handlers)
   at Microsoft.AspNetCore.Mvc.Testing.WebApplicationFactory`1.CreateClient(WebApplicationFactoryClientOptions options)
   at Microsoft.AspNetCore.Mvc.Testing.WebApplicationFactory`1.CreateClient()
   at Jellyfin.Server.Integration.Tests.Controllers.DashboardControllerTests.GetDashboardConfigurationPage_BrokenPage_NotFound() in /root/jellyfin/tests/Jellyfin.Server.Integration.Tests/Controllers/DashboardControllerTests.cs:line 51
--- End of stack trace from previous location ---
----- Inner Stack Trace -----
   at SkiaSharp.SkiaApi.<sk_imagefilter_new_matrix_convolution>g____PInvoke|382_0(SKSizeI* __kernelSize_native, Single* __kernel_native, Single __gain_native, Single __bias_native, SKPointI* __kernelOffset_native, SKShaderTileMode __ctileMode_native, SByte __convolveAlpha_native, IntPtr __input_native, SKRect* __cropRect_native)
   at SkiaSharp.SkiaApi.<sk_imagefilter_new_matrix_convolution>g____PInvoke|382_0(SKSizeI* __kernelSize_native, Single* __kernel_native, Single __gain_native, Single __bias_native, SKPointI* __kernelOffset_native, SKShaderTileMode __ctileMode_native, SByte __convolveAlpha_native, IntPtr __input_native, SKRect* __cropRect_native)
   at SkiaSharp.SkiaApi.sk_imagefilter_new_matrix_convolution(SKSizeI* kernelSize, Single* kernel, Single gain, Single bias, SKPointI* kernelOffset, SKShaderTileMode ctileMode, Boolean convolveAlpha, IntPtr input, SKRect* cropRect)
   at SkiaSharp.SKImageFilter.CreateMatrixConvolution(SKSizeI kernelSize, ReadOnlySpan`1 kernel, Single gain, Single bias, SKPointI kernelOffset, SKShaderTileMode tileMode, Boolean convolveAlpha, SKImageFilter input, SKRect* cropRect)
   at SkiaSharp.SKImageFilter.CreateMatrixConvolution(SKSizeI kernelSize, ReadOnlySpan`1 kernel, Single gain, Single bias, SKPointI kernelOffset, SKShaderTileMode tileMode, Boolean convolveAlpha)
   at Jellyfin.Drawing.Skia.SkiaEncoder..cctor() in /root/jellyfin/src/Jellyfin.Drawing.Skia/SkiaEncoder.cs:line 53
  Failed Jellyfin.Server.Integration.Tests.Controllers.DashboardControllerTests.GetConfigurationPages_NoParams_AllConfigurationPages [6 ms]
  Error Message:
   System.TypeInitializationException : The type initializer for 'Jellyfin.Drawing.Skia.SkiaEncoder' threw an exception.
---- System.DllNotFoundException : Unable to load shared library 'libSkiaSharp' or one of its dependencies. In order to help diagnose loading problems, consider using a tool like strace. If you're using glibc, consider setting the LD_DEBUG environment variable: 
libfontconfig.so.1: cannot open shared object file: No such file or directory
/usr/share/dotnet/shared/Microsoft.NETCore.App/9.0.6/libSkiaSharp.so: cannot open shared object file: No such file or directory
/root/jellyfin/tests/Jellyfin.Server.Integration.Tests/bin/Debug/net9.0/libSkiaSharp.so: cannot open shared object file: No such file or directory
/root/jellyfin/tests/Jellyfin.Server.Integration.Tests/bin/Debug/net9.0/runtimes/linux-x64/native/liblibSkiaSharp.so: cannot open shared object file: No such file or directory
/usr/share/dotnet/shared/Microsoft.NETCore.App/9.0.6/liblibSkiaSharp.so: cannot open shared object file: No such file or directory
/root/jellyfin/tests/Jellyfin.Server.Integration.Tests/bin/Debug/net9.0/liblibSkiaSharp.so: cannot open shared object file: No such file or directory
/root/jellyfin/tests/Jellyfin.Server.Integration.Tests/bin/Debug/net9.0/runtimes/linux-x64/native/libSkiaSharp: cannot open shared object file: No such file or directory
/usr/share/dotnet/shared/Microsoft.NETCore.App/9.0.6/libSkiaSharp: cannot open shared object file: No such file or directory
/root/jellyfin/tests/Jellyfin.Server.Integration.Tests/bin/Debug/net9.0/libSkiaSharp: cannot open shared object file: No such file or directory
/root/jellyfin/tests/Jellyfin.Server.Integration.Tests/bin/Debug/net9.0/runtimes/linux-x64/native/liblibSkiaSharp: cannot open shared object file: No such file or directory
/usr/share/dotnet/shared/Microsoft.NETCore.App/9.0.6/liblibSkiaSharp: cannot open shared object file: No such file or directory
/root/jellyfin/tests/Jellyfin.Server.Integration.Tests/bin/Debug/net9.0/liblibSkiaSharp: cannot open shared object file: No such file or directory

  Stack Trace:
     at Jellyfin.Drawing.Skia.SkiaEncoder.IsNativeLibAvailable() in /root/jellyfin/src/Jellyfin.Drawing.Skia/SkiaEncoder.cs:line 142
   at Jellyfin.Server.CoreAppHost.RegisterServices(IServiceCollection serviceCollection) in /root/jellyfin/Jellyfin.Server/CoreAppHost.cs:line 66
   at Emby.Server.Implementations.ApplicationHost.Init(IServiceCollection serviceCollection) in /root/jellyfin/Emby.Server.Implementations/ApplicationHost.cs:line 460
   at Jellyfin.Server.Integration.Tests.JellyfinApplicationFactory.<>c__DisplayClass4_0.<ConfigureWebHost>b__0(IServiceCollection services) in /root/jellyfin/tests/Jellyfin.Server.Integration.Tests/JellyfinApplicationFactory.cs:line 91
   at Microsoft.Extensions.Hosting.HostBuilder.InitializeServiceProvider()
   at Microsoft.Extensions.Hosting.HostBuilder.Build()
   at Jellyfin.Server.Integration.Tests.JellyfinApplicationFactory.CreateHost(IHostBuilder builder) in /root/jellyfin/tests/Jellyfin.Server.Integration.Tests/JellyfinApplicationFactory.cs:line 110
   at Microsoft.AspNetCore.Mvc.Testing.WebApplicationFactory`1.ConfigureHostBuilder(IHostBuilder hostBuilder)
   at Microsoft.AspNetCore.Mvc.Testing.WebApplicationFactory`1.EnsureServer()
   at Microsoft.AspNetCore.Mvc.Testing.WebApplicationFactory`1.CreateDefaultClient(DelegatingHandler[] handlers)
   at Microsoft.AspNetCore.Mvc.Testing.WebApplicationFactory`1.CreateDefaultClient(Uri baseAddress, DelegatingHandler[] handlers)
   at Microsoft.AspNetCore.Mvc.Testing.WebApplicationFactory`1.CreateClient(WebApplicationFactoryClientOptions options)
   at Microsoft.AspNetCore.Mvc.Testing.WebApplicationFactory`1.CreateClient()
   at Jellyfin.Server.Integration.Tests.Controllers.DashboardControllerTests.GetConfigurationPages_NoParams_AllConfigurationPages() in /root/jellyfin/tests/Jellyfin.Server.Integration.Tests/Controllers/DashboardControllerTests.cs:line 61
--- End of stack trace from previous location ---
----- Inner Stack Trace -----
   at SkiaSharp.SkiaApi.<sk_imagefilter_new_matrix_convolution>g____PInvoke|382_0(SKSizeI* __kernelSize_native, Single* __kernel_native, Single __gain_native, Single __bias_native, SKPointI* __kernelOffset_native, SKShaderTileMode __ctileMode_native, SByte __convolveAlpha_native, IntPtr __input_native, SKRect* __cropRect_native)
   at SkiaSharp.SkiaApi.<sk_imagefilter_new_matrix_convolution>g____PInvoke|382_0(SKSizeI* __kernelSize_native, Single* __kernel_native, Single __gain_native, Single __bias_native, SKPointI* __kernelOffset_native, SKShaderTileMode __ctileMode_native, SByte __convolveAlpha_native, IntPtr __input_native, SKRect* __cropRect_native)
   at SkiaSharp.SkiaApi.sk_imagefilter_new_matrix_convolution(SKSizeI* kernelSize, Single* kernel, Single gain, Single bias, SKPointI* kernelOffset, SKShaderTileMode ctileMode, Boolean convolveAlpha, IntPtr input, SKRect* cropRect)
   at SkiaSharp.SKImageFilter.CreateMatrixConvolution(SKSizeI kernelSize, ReadOnlySpan`1 kernel, Single gain, Single bias, SKPointI kernelOffset, SKShaderTileMode tileMode, Boolean convolveAlpha, SKImageFilter input, SKRect* cropRect)
   at SkiaSharp.SKImageFilter.CreateMatrixConvolution(SKSizeI kernelSize, ReadOnlySpan`1 kernel, Single gain, Single bias, SKPointI kernelOffset, SKShaderTileMode tileMode, Boolean convolveAlpha)
   at Jellyfin.Drawing.Skia.SkiaEncoder..cctor() in /root/jellyfin/src/Jellyfin.Drawing.Skia/SkiaEncoder.cs:line 53
  Failed Jellyfin.Server.Integration.Tests.Controllers.DashboardControllerTests.GetDashboardConfigurationPage_ExistingPage_CorrectPage [4 ms]
  Error Message:
   System.TypeInitializationException : The type initializer for 'Jellyfin.Drawing.Skia.SkiaEncoder' threw an exception.
---- System.DllNotFoundException : Unable to load shared library 'libSkiaSharp' or one of its dependencies. In order to help diagnose loading problems, consider using a tool like strace. If you're using glibc, consider setting the LD_DEBUG environment variable: 
libfontconfig.so.1: cannot open shared object file: No such file or directory
/usr/share/dotnet/shared/Microsoft.NETCore.App/9.0.6/libSkiaSharp.so: cannot open shared object file: No such file or directory
/root/jellyfin/tests/Jellyfin.Server.Integration.Tests/bin/Debug/net9.0/libSkiaSharp.so: cannot open shared object file: No such file or directory
/root/jellyfin/tests/Jellyfin.Server.Integration.Tests/bin/Debug/net9.0/runtimes/linux-x64/native/liblibSkiaSharp.so: cannot open shared object file: No such file or directory
/usr/share/dotnet/shared/Microsoft.NETCore.App/9.0.6/liblibSkiaSharp.so: cannot open shared object file: No such file or directory
/root/jellyfin/tests/Jellyfin.Server.Integration.Tests/bin/Debug/net9.0/liblibSkiaSharp.so: cannot open shared object file: No such file or directory
/root/jellyfin/tests/Jellyfin.Server.Integration.Tests/bin/Debug/net9.0/runtimes/linux-x64/native/libSkiaSharp: cannot open shared object file: No such file or directory
/usr/share/dotnet/shared/Microsoft.NETCore.App/9.0.6/libSkiaSharp: cannot open shared object file: No such file or directory
/root/jellyfin/tests/Jellyfin.Server.Integration.Tests/bin/Debug/net9.0/libSkiaSharp: cannot open shared object file: No such file or directory
/root/jellyfin/tests/Jellyfin.Server.Integration.Tests/bin/Debug/net9.0/runtimes/linux-x64/native/liblibSkiaSharp: cannot open shared object file: No such file or directory
/usr/share/dotnet/shared/Microsoft.NETCore.App/9.0.6/liblibSkiaSharp: cannot open shared object file: No such file or directory
/root/jellyfin/tests/Jellyfin.Server.Integration.Tests/bin/Debug/net9.0/liblibSkiaSharp: cannot open shared object file: No such file or directory

  Stack Trace:
     at Jellyfin.Drawing.Skia.SkiaEncoder.IsNativeLibAvailable() in /root/jellyfin/src/Jellyfin.Drawing.Skia/SkiaEncoder.cs:line 142
   at Jellyfin.Server.CoreAppHost.RegisterServices(IServiceCollection serviceCollection) in /root/jellyfin/Jellyfin.Server/CoreAppHost.cs:line 66
   at Emby.Server.Implementations.ApplicationHost.Init(IServiceCollection serviceCollection) in /root/jellyfin/Emby.Server.Implementations/ApplicationHost.cs:line 460
   at Jellyfin.Server.Integration.Tests.JellyfinApplicationFactory.<>c__DisplayClass4_0.<ConfigureWebHost>b__0(IServiceCollection services) in /root/jellyfin/tests/Jellyfin.Server.Integration.Tests/JellyfinApplicationFactory.cs:line 91
   at Microsoft.Extensions.Hosting.HostBuilder.InitializeServiceProvider()
   at Microsoft.Extensions.Hosting.HostBuilder.Build()
   at Jellyfin.Server.Integration.Tests.JellyfinApplicationFactory.CreateHost(IHostBuilder builder) in /root/jellyfin/tests/Jellyfin.Server.Integration.Tests/JellyfinApplicationFactory.cs:line 110
   at Microsoft.AspNetCore.Mvc.Testing.WebApplicationFactory`1.ConfigureHostBuilder(IHostBuilder hostBuilder)
   at Microsoft.AspNetCore.Mvc.Testing.WebApplicationFactory`1.EnsureServer()
   at Microsoft.AspNetCore.Mvc.Testing.WebApplicationFactory`1.CreateDefaultClient(DelegatingHandler[] handlers)
   at Microsoft.AspNetCore.Mvc.Testing.WebApplicationFactory`1.CreateDefaultClient(Uri baseAddress, DelegatingHandler[] handlers)
   at Microsoft.AspNetCore.Mvc.Testing.WebApplicationFactory`1.CreateClient(WebApplicationFactoryClientOptions options)
   at Microsoft.AspNetCore.Mvc.Testing.WebApplicationFactory`1.CreateClient()
   at Jellyfin.Server.Integration.Tests.Controllers.DashboardControllerTests.GetDashboardConfigurationPage_ExistingPage_CorrectPage() in /root/jellyfin/tests/Jellyfin.Server.Integration.Tests/Controllers/DashboardControllerTests.cs:line 38
--- End of stack trace from previous location ---
----- Inner Stack Trace -----
   at SkiaSharp.SkiaApi.<sk_imagefilter_new_matrix_convolution>g____PInvoke|382_0(SKSizeI* __kernelSize_native, Single* __kernel_native, Single __gain_native, Single __bias_native, SKPointI* __kernelOffset_native, SKShaderTileMode __ctileMode_native, SByte __convolveAlpha_native, IntPtr __input_native, SKRect* __cropRect_native)
   at SkiaSharp.SkiaApi.<sk_imagefilter_new_matrix_convolution>g____PInvoke|382_0(SKSizeI* __kernelSize_native, Single* __kernel_native, Single __gain_native, Single __bias_native, SKPointI* __kernelOffset_native, SKShaderTileMode __ctileMode_native, SByte __convolveAlpha_native, IntPtr __input_native, SKRect* __cropRect_native)
   at SkiaSharp.SkiaApi.sk_imagefilter_new_matrix_convolution(SKSizeI* kernelSize, Single* kernel, Single gain, Single bias, SKPointI* kernelOffset, SKShaderTileMode ctileMode, Boolean convolveAlpha, IntPtr input, SKRect* cropRect)
   at SkiaSharp.SKImageFilter.CreateMatrixConvolution(SKSizeI kernelSize, ReadOnlySpan`1 kernel, Single gain, Single bias, SKPointI kernelOffset, SKShaderTileMode tileMode, Boolean convolveAlpha, SKImageFilter input, SKRect* cropRect)
   at SkiaSharp.SKImageFilter.CreateMatrixConvolution(SKSizeI kernelSize, ReadOnlySpan`1 kernel, Single gain, Single bias, SKPointI kernelOffset, SKShaderTileMode tileMode, Boolean convolveAlpha)
   at Jellyfin.Drawing.Skia.SkiaEncoder..cctor() in /root/jellyfin/src/Jellyfin.Drawing.Skia/SkiaEncoder.cs:line 53
  Failed Jellyfin.Server.Integration.Tests.Controllers.DashboardControllerTests.GetDashboardConfigurationPage_NonExistingPage_NotFound [4 ms]
  Error Message:
   System.TypeInitializationException : The type initializer for 'Jellyfin.Drawing.Skia.SkiaEncoder' threw an exception.
---- System.DllNotFoundException : Unable to load shared library 'libSkiaSharp' or one of its dependencies. In order to help diagnose loading problems, consider using a tool like strace. If you're using glibc, consider setting the LD_DEBUG environment variable: 
libfontconfig.so.1: cannot open shared object file: No such file or directory
/usr/share/dotnet/shared/Microsoft.NETCore.App/9.0.6/libSkiaSharp.so: cannot open shared object file: No such file or directory
/root/jellyfin/tests/Jellyfin.Server.Integration.Tests/bin/Debug/net9.0/libSkiaSharp.so: cannot open shared object file: No such file or directory
/root/jellyfin/tests/Jellyfin.Server.Integration.Tests/bin/Debug/net9.0/runtimes/linux-x64/native/liblibSkiaSharp.so: cannot open shared object file: No such file or directory
/usr/share/dotnet/shared/Microsoft.NETCore.App/9.0.6/liblibSkiaSharp.so: cannot open shared object file: No such file or directory
/root/jellyfin/tests/Jellyfin.Server.Integration.Tests/bin/Debug/net9.0/liblibSkiaSharp.so: cannot open shared object file: No such file or directory
/root/jellyfin/tests/Jellyfin.Server.Integration.Tests/bin/Debug/net9.0/runtimes/linux-x64/native/libSkiaSharp: cannot open shared object file: No such file or directory
/usr/share/dotnet/shared/Microsoft.NETCore.App/9.0.6/libSkiaSharp: cannot open shared object file: No such file or directory
/root/jellyfin/tests/Jellyfin.Server.Integration.Tests/bin/Debug/net9.0/libSkiaSharp: cannot open shared object file: No such file or directory
/root/jellyfin/tests/Jellyfin.Server.Integration.Tests/bin/Debug/net9.0/runtimes/linux-x64/native/liblibSkiaSharp: cannot open shared object file: No such file or directory
/usr/share/dotnet/shared/Microsoft.NETCore.App/9.0.6/liblibSkiaSharp: cannot open shared object file: No such file or directory
/root/jellyfin/tests/Jellyfin.Server.Integration.Tests/bin/Debug/net9.0/liblibSkiaSharp: cannot open shared object file: No such file or directory

  Stack Trace:
     at Jellyfin.Drawing.Skia.SkiaEncoder.IsNativeLibAvailable() in /root/jellyfin/src/Jellyfin.Drawing.Skia/SkiaEncoder.cs:line 142
   at Jellyfin.Server.CoreAppHost.RegisterServices(IServiceCollection serviceCollection) in /root/jellyfin/Jellyfin.Server/CoreAppHost.cs:line 66
   at Emby.Server.Implementations.ApplicationHost.Init(IServiceCollection serviceCollection) in /root/jellyfin/Emby.Server.Implementations/ApplicationHost.cs:line 460
   at Jellyfin.Server.Integration.Tests.JellyfinApplicationFactory.<>c__DisplayClass4_0.<ConfigureWebHost>b__0(IServiceCollection services) in /root/jellyfin/tests/Jellyfin.Server.Integration.Tests/JellyfinApplicationFactory.cs:line 91
   at Microsoft.Extensions.Hosting.HostBuilder.InitializeServiceProvider()
   at Microsoft.Extensions.Hosting.HostBuilder.Build()
   at Jellyfin.Server.Integration.Tests.JellyfinApplicationFactory.CreateHost(IHostBuilder builder) in /root/jellyfin/tests/Jellyfin.Server.Integration.Tests/JellyfinApplicationFactory.cs:line 110
   at Microsoft.AspNetCore.Mvc.Testing.WebApplicationFactory`1.ConfigureHostBuilder(IHostBuilder hostBuilder)
   at Microsoft.AspNetCore.Mvc.Testing.WebApplicationFactory`1.EnsureServer()
   at Microsoft.AspNetCore.Mvc.Testing.WebApplicationFactory`1.CreateDefaultClient(DelegatingHandler[] handlers)
   at Microsoft.AspNetCore.Mvc.Testing.WebApplicationFactory`1.CreateDefaultClient(Uri baseAddress, DelegatingHandler[] handlers)
   at Microsoft.AspNetCore.Mvc.Testing.WebApplicationFactory`1.CreateClient(WebApplicationFactoryClientOptions options)
   at Microsoft.AspNetCore.Mvc.Testing.WebApplicationFactory`1.CreateClient()
   at Jellyfin.Server.Integration.Tests.Controllers.DashboardControllerTests.GetDashboardConfigurationPage_NonExistingPage_NotFound() in /root/jellyfin/tests/Jellyfin.Server.Integration.Tests/Controllers/DashboardControllerTests.cs:line 28
--- End of stack trace from previous location ---
----- Inner Stack Trace -----
   at SkiaSharp.SkiaApi.<sk_imagefilter_new_matrix_convolution>g____PInvoke|382_0(SKSizeI* __kernelSize_native, Single* __kernel_native, Single __gain_native, Single __bias_native, SKPointI* __kernelOffset_native, SKShaderTileMode __ctileMode_native, SByte __convolveAlpha_native, IntPtr __input_native, SKRect* __cropRect_native)
   at SkiaSharp.SkiaApi.<sk_imagefilter_new_matrix_convolution>g____PInvoke|382_0(SKSizeI* __kernelSize_native, Single* __kernel_native, Single __gain_native, Single __bias_native, SKPointI* __kernelOffset_native, SKShaderTileMode __ctileMode_native, SByte __convolveAlpha_native, IntPtr __input_native, SKRect* __cropRect_native)
   at SkiaSharp.SkiaApi.sk_imagefilter_new_matrix_convolution(SKSizeI* kernelSize, Single* kernel, Single gain, Single bias, SKPointI* kernelOffset, SKShaderTileMode ctileMode, Boolean convolveAlpha, IntPtr input, SKRect* cropRect)
   at SkiaSharp.SKImageFilter.CreateMatrixConvolution(SKSizeI kernelSize, ReadOnlySpan`1 kernel, Single gain, Single bias, SKPointI kernelOffset, SKShaderTileMode tileMode, Boolean convolveAlpha, SKImageFilter input, SKRect* cropRect)
   at SkiaSharp.SKImageFilter.CreateMatrixConvolution(SKSizeI kernelSize, ReadOnlySpan`1 kernel, Single gain, Single bias, SKPointI kernelOffset, SKShaderTileMode tileMode, Boolean convolveAlpha)
   at Jellyfin.Drawing.Skia.SkiaEncoder..cctor() in /root/jellyfin/src/Jellyfin.Drawing.Skia/SkiaEncoder.cs:line 53
  Failed Jellyfin.Server.Integration.Tests.Controllers.ActivityLogControllerTests.ActivityLog_GetEntries_Ok [4 ms]
  Error Message:
   System.TypeInitializationException : The type initializer for 'Jellyfin.Drawing.Skia.SkiaEncoder' threw an exception.
---- System.DllNotFoundException : Unable to load shared library 'libSkiaSharp' or one of its dependencies. In order to help diagnose loading problems, consider using a tool like strace. If you're using glibc, consider setting the LD_DEBUG environment variable: 
libfontconfig.so.1: cannot open shared object file: No such file or directory
/usr/share/dotnet/shared/Microsoft.NETCore.App/9.0.6/libSkiaSharp.so: cannot open shared object file: No such file or directory
/root/jellyfin/tests/Jellyfin.Server.Integration.Tests/bin/Debug/net9.0/libSkiaSharp.so: cannot open shared object file: No such file or directory
/root/jellyfin/tests/Jellyfin.Server.Integration.Tests/bin/Debug/net9.0/runtimes/linux-x64/native/liblibSkiaSharp.so: cannot open shared object file: No such file or directory
/usr/share/dotnet/shared/Microsoft.NETCore.App/9.0.6/liblibSkiaSharp.so: cannot open shared object file: No such file or directory
/root/jellyfin/tests/Jellyfin.Server.Integration.Tests/bin/Debug/net9.0/liblibSkiaSharp.so: cannot open shared object file: No such file or directory
/root/jellyfin/tests/Jellyfin.Server.Integration.Tests/bin/Debug/net9.0/runtimes/linux-x64/native/libSkiaSharp: cannot open shared object file: No such file or directory
/usr/share/dotnet/shared/Microsoft.NETCore.App/9.0.6/libSkiaSharp: cannot open shared object file: No such file or directory
/root/jellyfin/tests/Jellyfin.Server.Integration.Tests/bin/Debug/net9.0/libSkiaSharp: cannot open shared object file: No such file or directory
/root/jellyfin/tests/Jellyfin.Server.Integration.Tests/bin/Debug/net9.0/runtimes/linux-x64/native/liblibSkiaSharp: cannot open shared object file: No such file or directory
/usr/share/dotnet/shared/Microsoft.NETCore.App/9.0.6/liblibSkiaSharp: cannot open shared object file: No such file or directory
/root/jellyfin/tests/Jellyfin.Server.Integration.Tests/bin/Debug/net9.0/liblibSkiaSharp: cannot open shared object file: No such file or directory

  Stack Trace:
     at Jellyfin.Drawing.Skia.SkiaEncoder.IsNativeLibAvailable() in /root/jellyfin/src/Jellyfin.Drawing.Skia/SkiaEncoder.cs:line 142
   at Jellyfin.Server.CoreAppHost.RegisterServices(IServiceCollection serviceCollection) in /root/jellyfin/Jellyfin.Server/CoreAppHost.cs:line 66
   at Emby.Server.Implementations.ApplicationHost.Init(IServiceCollection serviceCollection) in /root/jellyfin/Emby.Server.Implementations/ApplicationHost.cs:line 460
   at Jellyfin.Server.Integration.Tests.JellyfinApplicationFactory.<>c__DisplayClass4_0.<ConfigureWebHost>b__0(IServiceCollection services) in /root/jellyfin/tests/Jellyfin.Server.Integration.Tests/JellyfinApplicationFactory.cs:line 91
   at Microsoft.Extensions.Hosting.HostBuilder.InitializeServiceProvider()
   at Microsoft.Extensions.Hosting.HostBuilder.Build()
   at Jellyfin.Server.Integration.Tests.JellyfinApplicationFactory.CreateHost(IHostBuilder builder) in /root/jellyfin/tests/Jellyfin.Server.Integration.Tests/JellyfinApplicationFactory.cs:line 110
   at Microsoft.AspNetCore.Mvc.Testing.WebApplicationFactory`1.ConfigureHostBuilder(IHostBuilder hostBuilder)
   at Microsoft.AspNetCore.Mvc.Testing.WebApplicationFactory`1.EnsureServer()
   at Microsoft.AspNetCore.Mvc.Testing.WebApplicationFactory`1.CreateDefaultClient(DelegatingHandler[] handlers)
   at Microsoft.AspNetCore.Mvc.Testing.WebApplicationFactory`1.CreateDefaultClient(Uri baseAddress, DelegatingHandler[] handlers)
   at Microsoft.AspNetCore.Mvc.Testing.WebApplicationFactory`1.CreateClient(WebApplicationFactoryClientOptions options)
   at Microsoft.AspNetCore.Mvc.Testing.WebApplicationFactory`1.CreateClient()
   at Jellyfin.Server.Integration.Tests.Controllers.ActivityLogControllerTests.ActivityLog_GetEntries_Ok() in /root/jellyfin/tests/Jellyfin.Server.Integration.Tests/Controllers/ActivityLogControllerTests.cs:line 21
--- End of stack trace from previous location ---
----- Inner Stack Trace -----
   at SkiaSharp.SkiaApi.<sk_imagefilter_new_matrix_convolution>g____PInvoke|382_0(SKSizeI* __kernelSize_native, Single* __kernel_native, Single __gain_native, Single __bias_native, SKPointI* __kernelOffset_native, SKShaderTileMode __ctileMode_native, SByte __convolveAlpha_native, IntPtr __input_native, SKRect* __cropRect_native)
   at SkiaSharp.SkiaApi.<sk_imagefilter_new_matrix_convolution>g____PInvoke|382_0(SKSizeI* __kernelSize_native, Single* __kernel_native, Single __gain_native, Single __bias_native, SKPointI* __kernelOffset_native, SKShaderTileMode __ctileMode_native, SByte __convolveAlpha_native, IntPtr __input_native, SKRect* __cropRect_native)
   at SkiaSharp.SkiaApi.sk_imagefilter_new_matrix_convolution(SKSizeI* kernelSize, Single* kernel, Single gain, Single bias, SKPointI* kernelOffset, SKShaderTileMode ctileMode, Boolean convolveAlpha, IntPtr input, SKRect* cropRect)
   at SkiaSharp.SKImageFilter.CreateMatrixConvolution(SKSizeI kernelSize, ReadOnlySpan`1 kernel, Single gain, Single bias, SKPointI kernelOffset, SKShaderTileMode tileMode, Boolean convolveAlpha, SKImageFilter input, SKRect* cropRect)
   at SkiaSharp.SKImageFilter.CreateMatrixConvolution(SKSizeI kernelSize, ReadOnlySpan`1 kernel, Single gain, Single bias, SKPointI kernelOffset, SKShaderTileMode tileMode, Boolean convolveAlpha)
   at Jellyfin.Drawing.Skia.SkiaEncoder..cctor() in /root/jellyfin/src/Jellyfin.Drawing.Skia/SkiaEncoder.cs:line 53
  Failed Jellyfin.Server.Integration.Tests.BrandingControllerTests.GetCss_ReturnsCorrectResponse(url: "/Branding/Css") [4 ms]
  Error Message:
   System.TypeInitializationException : The type initializer for 'Jellyfin.Drawing.Skia.SkiaEncoder' threw an exception.
---- System.DllNotFoundException : Unable to load shared library 'libSkiaSharp' or one of its dependencies. In order to help diagnose loading problems, consider using a tool like strace. If you're using glibc, consider setting the LD_DEBUG environment variable: 
libfontconfig.so.1: cannot open shared object file: No such file or directory
/usr/share/dotnet/shared/Microsoft.NETCore.App/9.0.6/libSkiaSharp.so: cannot open shared object file: No such file or directory
/root/jellyfin/tests/Jellyfin.Server.Integration.Tests/bin/Debug/net9.0/libSkiaSharp.so: cannot open shared object file: No such file or directory
/root/jellyfin/tests/Jellyfin.Server.Integration.Tests/bin/Debug/net9.0/runtimes/linux-x64/native/liblibSkiaSharp.so: cannot open shared object file: No such file or directory
/usr/share/dotnet/shared/Microsoft.NETCore.App/9.0.6/liblibSkiaSharp.so: cannot open shared object file: No such file or directory
/root/jellyfin/tests/Jellyfin.Server.Integration.Tests/bin/Debug/net9.0/liblibSkiaSharp.so: cannot open shared object file: No such file or directory
/root/jellyfin/tests/Jellyfin.Server.Integration.Tests/bin/Debug/net9.0/runtimes/linux-x64/native/libSkiaSharp: cannot open shared object file: No such file or directory
/usr/share/dotnet/shared/Microsoft.NETCore.App/9.0.6/libSkiaSharp: cannot open shared object file: No such file or directory
/root/jellyfin/tests/Jellyfin.Server.Integration.Tests/bin/Debug/net9.0/libSkiaSharp: cannot open shared object file: No such file or directory
/root/jellyfin/tests/Jellyfin.Server.Integration.Tests/bin/Debug/net9.0/runtimes/linux-x64/native/liblibSkiaSharp: cannot open shared object file: No such file or directory
/usr/share/dotnet/shared/Microsoft.NETCore.App/9.0.6/liblibSkiaSharp: cannot open shared object file: No such file or directory
/root/jellyfin/tests/Jellyfin.Server.Integration.Tests/bin/Debug/net9.0/liblibSkiaSharp: cannot open shared object file: No such file or directory

  Stack Trace:
     at Jellyfin.Drawing.Skia.SkiaEncoder.IsNativeLibAvailable() in /root/jellyfin/src/Jellyfin.Drawing.Skia/SkiaEncoder.cs:line 142
   at Jellyfin.Server.CoreAppHost.RegisterServices(IServiceCollection serviceCollection) in /root/jellyfin/Jellyfin.Server/CoreAppHost.cs:line 66
   at Emby.Server.Implementations.ApplicationHost.Init(IServiceCollection serviceCollection) in /root/jellyfin/Emby.Server.Implementations/ApplicationHost.cs:line 460
   at Jellyfin.Server.Integration.Tests.JellyfinApplicationFactory.<>c__DisplayClass4_0.<ConfigureWebHost>b__0(IServiceCollection services) in /root/jellyfin/tests/Jellyfin.Server.Integration.Tests/JellyfinApplicationFactory.cs:line 91
   at Microsoft.Extensions.Hosting.HostBuilder.InitializeServiceProvider()
   at Microsoft.Extensions.Hosting.HostBuilder.Build()
   at Jellyfin.Server.Integration.Tests.JellyfinApplicationFactory.CreateHost(IHostBuilder builder) in /root/jellyfin/tests/Jellyfin.Server.Integration.Tests/JellyfinApplicationFactory.cs:line 110
   at Microsoft.AspNetCore.Mvc.Testing.WebApplicationFactory`1.ConfigureHostBuilder(IHostBuilder hostBuilder)
   at Microsoft.AspNetCore.Mvc.Testing.WebApplicationFactory`1.EnsureServer()
   at Microsoft.AspNetCore.Mvc.Testing.WebApplicationFactory`1.CreateDefaultClient(DelegatingHandler[] handlers)
   at Microsoft.AspNetCore.Mvc.Testing.WebApplicationFactory`1.CreateDefaultClient(Uri baseAddress, DelegatingHandler[] handlers)
   at Microsoft.AspNetCore.Mvc.Testing.WebApplicationFactory`1.CreateClient(WebApplicationFactoryClientOptions options)
   at Microsoft.AspNetCore.Mvc.Testing.WebApplicationFactory`1.CreateClient()
   at Jellyfin.Server.Integration.Tests.BrandingControllerTests.GetCss_ReturnsCorrectResponse(String url) in /root/jellyfin/tests/Jellyfin.Server.Integration.Tests/Controllers/BrandingControllerTests.cs:line 43
--- End of stack trace from previous location ---
----- Inner Stack Trace -----
   at SkiaSharp.SkiaApi.<sk_imagefilter_new_matrix_convolution>g____PInvoke|382_0(SKSizeI* __kernelSize_native, Single* __kernel_native, Single __gain_native, Single __bias_native, SKPointI* __kernelOffset_native, SKShaderTileMode __ctileMode_native, SByte __convolveAlpha_native, IntPtr __input_native, SKRect* __cropRect_native)
   at SkiaSharp.SkiaApi.<sk_imagefilter_new_matrix_convolution>g____PInvoke|382_0(SKSizeI* __kernelSize_native, Single* __kernel_native, Single __gain_native, Single __bias_native, SKPointI* __kernelOffset_native, SKShaderTileMode __ctileMode_native, SByte __convolveAlpha_native, IntPtr __input_native, SKRect* __cropRect_native)
   at SkiaSharp.SkiaApi.sk_imagefilter_new_matrix_convolution(SKSizeI* kernelSize, Single* kernel, Single gain, Single bias, SKPointI* kernelOffset, SKShaderTileMode ctileMode, Boolean convolveAlpha, IntPtr input, SKRect* cropRect)
   at SkiaSharp.SKImageFilter.CreateMatrixConvolution(SKSizeI kernelSize, ReadOnlySpan`1 kernel, Single gain, Single bias, SKPointI kernelOffset, SKShaderTileMode tileMode, Boolean convolveAlpha, SKImageFilter input, SKRect* cropRect)
   at SkiaSharp.SKImageFilter.CreateMatrixConvolution(SKSizeI kernelSize, ReadOnlySpan`1 kernel, Single gain, Single bias, SKPointI kernelOffset, SKShaderTileMode tileMode, Boolean convolveAlpha)
   at Jellyfin.Drawing.Skia.SkiaEncoder..cctor() in /root/jellyfin/src/Jellyfin.Drawing.Skia/SkiaEncoder.cs:line 53
  Failed Jellyfin.Server.Integration.Tests.BrandingControllerTests.GetCss_ReturnsCorrectResponse(url: "/Branding/Css.css") [3 ms]
  Error Message:
   System.TypeInitializationException : The type initializer for 'Jellyfin.Drawing.Skia.SkiaEncoder' threw an exception.
---- System.DllNotFoundException : Unable to load shared library 'libSkiaSharp' or one of its dependencies. In order to help diagnose loading problems, consider using a tool like strace. If you're using glibc, consider setting the LD_DEBUG environment variable: 
libfontconfig.so.1: cannot open shared object file: No such file or directory
/usr/share/dotnet/shared/Microsoft.NETCore.App/9.0.6/libSkiaSharp.so: cannot open shared object file: No such file or directory
/root/jellyfin/tests/Jellyfin.Server.Integration.Tests/bin/Debug/net9.0/libSkiaSharp.so: cannot open shared object file: No such file or directory
/root/jellyfin/tests/Jellyfin.Server.Integration.Tests/bin/Debug/net9.0/runtimes/linux-x64/native/liblibSkiaSharp.so: cannot open shared object file: No such file or directory
/usr/share/dotnet/shared/Microsoft.NETCore.App/9.0.6/liblibSkiaSharp.so: cannot open shared object file: No such file or directory
/root/jellyfin/tests/Jellyfin.Server.Integration.Tests/bin/Debug/net9.0/liblibSkiaSharp.so: cannot open shared object file: No such file or directory
/root/jellyfin/tests/Jellyfin.Server.Integration.Tests/bin/Debug/net9.0/runtimes/linux-x64/native/libSkiaSharp: cannot open shared object file: No such file or directory
/usr/share/dotnet/shared/Microsoft.NETCore.App/9.0.6/libSkiaSharp: cannot open shared object file: No such file or directory
/root/jellyfin/tests/Jellyfin.Server.Integration.Tests/bin/Debug/net9.0/libSkiaSharp: cannot open shared object file: No such file or directory
/root/jellyfin/tests/Jellyfin.Server.Integration.Tests/bin/Debug/net9.0/runtimes/linux-x64/native/liblibSkiaSharp: cannot open shared object file: No such file or directory
/usr/share/dotnet/shared/Microsoft.NETCore.App/9.0.6/liblibSkiaSharp: cannot open shared object file: No such file or directory
/root/jellyfin/tests/Jellyfin.Server.Integration.Tests/bin/Debug/net9.0/liblibSkiaSharp: cannot open shared object file: No such file or directory

  Stack Trace:
     at Jellyfin.Drawing.Skia.SkiaEncoder.IsNativeLibAvailable() in /root/jellyfin/src/Jellyfin.Drawing.Skia/SkiaEncoder.cs:line 142
   at Jellyfin.Server.CoreAppHost.RegisterServices(IServiceCollection serviceCollection) in /root/jellyfin/Jellyfin.Server/CoreAppHost.cs:line 66
   at Emby.Server.Implementations.ApplicationHost.Init(IServiceCollection serviceCollection) in /root/jellyfin/Emby.Server.Implementations/ApplicationHost.cs:line 460
   at Jellyfin.Server.Integration.Tests.JellyfinApplicationFactory.<>c__DisplayClass4_0.<ConfigureWebHost>b__0(IServiceCollection services) in /root/jellyfin/tests/Jellyfin.Server.Integration.Tests/JellyfinApplicationFactory.cs:line 91
   at Microsoft.Extensions.Hosting.HostBuilder.InitializeServiceProvider()
   at Microsoft.Extensions.Hosting.HostBuilder.Build()
   at Jellyfin.Server.Integration.Tests.JellyfinApplicationFactory.CreateHost(IHostBuilder builder) in /root/jellyfin/tests/Jellyfin.Server.Integration.Tests/JellyfinApplicationFactory.cs:line 110
   at Microsoft.AspNetCore.Mvc.Testing.WebApplicationFactory`1.ConfigureHostBuilder(IHostBuilder hostBuilder)
   at Microsoft.AspNetCore.Mvc.Testing.WebApplicationFactory`1.EnsureServer()
   at Microsoft.AspNetCore.Mvc.Testing.WebApplicationFactory`1.CreateDefaultClient(DelegatingHandler[] handlers)
   at Microsoft.AspNetCore.Mvc.Testing.WebApplicationFactory`1.CreateDefaultClient(Uri baseAddress, DelegatingHandler[] handlers)
   at Microsoft.AspNetCore.Mvc.Testing.WebApplicationFactory`1.CreateClient(WebApplicationFactoryClientOptions options)
   at Microsoft.AspNetCore.Mvc.Testing.WebApplicationFactory`1.CreateClient()
   at Jellyfin.Server.Integration.Tests.BrandingControllerTests.GetCss_ReturnsCorrectResponse(String url) in /root/jellyfin/tests/Jellyfin.Server.Integration.Tests/Controllers/BrandingControllerTests.cs:line 43
--- End of stack trace from previous location ---
----- Inner Stack Trace -----
   at SkiaSharp.SkiaApi.<sk_imagefilter_new_matrix_convolution>g____PInvoke|382_0(SKSizeI* __kernelSize_native, Single* __kernel_native, Single __gain_native, Single __bias_native, SKPointI* __kernelOffset_native, SKShaderTileMode __ctileMode_native, SByte __convolveAlpha_native, IntPtr __input_native, SKRect* __cropRect_native)
   at SkiaSharp.SkiaApi.<sk_imagefilter_new_matrix_convolution>g____PInvoke|382_0(SKSizeI* __kernelSize_native, Single* __kernel_native, Single __gain_native, Single __bias_native, SKPointI* __kernelOffset_native, SKShaderTileMode __ctileMode_native, SByte __convolveAlpha_native, IntPtr __input_native, SKRect* __cropRect_native)
   at SkiaSharp.SkiaApi.sk_imagefilter_new_matrix_convolution(SKSizeI* kernelSize, Single* kernel, Single gain, Single bias, SKPointI* kernelOffset, SKShaderTileMode ctileMode, Boolean convolveAlpha, IntPtr input, SKRect* cropRect)
   at SkiaSharp.SKImageFilter.CreateMatrixConvolution(SKSizeI kernelSize, ReadOnlySpan`1 kernel, Single gain, Single bias, SKPointI kernelOffset, SKShaderTileMode tileMode, Boolean convolveAlpha, SKImageFilter input, SKRect* cropRect)
   at SkiaSharp.SKImageFilter.CreateMatrixConvolution(SKSizeI kernelSize, ReadOnlySpan`1 kernel, Single gain, Single bias, SKPointI kernelOffset, SKShaderTileMode tileMode, Boolean convolveAlpha)
   at Jellyfin.Drawing.Skia.SkiaEncoder..cctor() in /root/jellyfin/src/Jellyfin.Drawing.Skia/SkiaEncoder.cs:line 53
  Failed Jellyfin.Server.Integration.Tests.BrandingControllerTests.GetConfiguration_ReturnsCorrectResponse [4 ms]
  Error Message:
   System.TypeInitializationException : The type initializer for 'Jellyfin.Drawing.Skia.SkiaEncoder' threw an exception.
---- System.DllNotFoundException : Unable to load shared library 'libSkiaSharp' or one of its dependencies. In order to help diagnose loading problems, consider using a tool like strace. If you're using glibc, consider setting the LD_DEBUG environment variable: 
libfontconfig.so.1: cannot open shared object file: No such file or directory
/usr/share/dotnet/shared/Microsoft.NETCore.App/9.0.6/libSkiaSharp.so: cannot open shared object file: No such file or directory
/root/jellyfin/tests/Jellyfin.Server.Integration.Tests/bin/Debug/net9.0/libSkiaSharp.so: cannot open shared object file: No such file or directory
/root/jellyfin/tests/Jellyfin.Server.Integration.Tests/bin/Debug/net9.0/runtimes/linux-x64/native/liblibSkiaSharp.so: cannot open shared object file: No such file or directory
/usr/share/dotnet/shared/Microsoft.NETCore.App/9.0.6/liblibSkiaSharp.so: cannot open shared object file: No such file or directory
/root/jellyfin/tests/Jellyfin.Server.Integration.Tests/bin/Debug/net9.0/liblibSkiaSharp.so: cannot open shared object file: No such file or directory
/root/jellyfin/tests/Jellyfin.Server.Integration.Tests/bin/Debug/net9.0/runtimes/linux-x64/native/libSkiaSharp: cannot open shared object file: No such file or directory
/usr/share/dotnet/shared/Microsoft.NETCore.App/9.0.6/libSkiaSharp: cannot open shared object file: No such file or directory
/root/jellyfin/tests/Jellyfin.Server.Integration.Tests/bin/Debug/net9.0/libSkiaSharp: cannot open shared object file: No such file or directory
/root/jellyfin/tests/Jellyfin.Server.Integration.Tests/bin/Debug/net9.0/runtimes/linux-x64/native/liblibSkiaSharp: cannot open shared object file: No such file or directory
/usr/share/dotnet/shared/Microsoft.NETCore.App/9.0.6/liblibSkiaSharp: cannot open shared object file: No such file or directory
/root/jellyfin/tests/Jellyfin.Server.Integration.Tests/bin/Debug/net9.0/liblibSkiaSharp: cannot open shared object file: No such file or directory

  Stack Trace:
     at Jellyfin.Drawing.Skia.SkiaEncoder.IsNativeLibAvailable() in /root/jellyfin/src/Jellyfin.Drawing.Skia/SkiaEncoder.cs:line 142
   at Jellyfin.Server.CoreAppHost.RegisterServices(IServiceCollection serviceCollection) in /root/jellyfin/Jellyfin.Server/CoreAppHost.cs:line 66
   at Emby.Server.Implementations.ApplicationHost.Init(IServiceCollection serviceCollection) in /root/jellyfin/Emby.Server.Implementations/ApplicationHost.cs:line 460
   at Jellyfin.Server.Integration.Tests.JellyfinApplicationFactory.<>c__DisplayClass4_0.<ConfigureWebHost>b__0(IServiceCollection services) in /root/jellyfin/tests/Jellyfin.Server.Integration.Tests/JellyfinApplicationFactory.cs:line 91
   at Microsoft.Extensions.Hosting.HostBuilder.InitializeServiceProvider()
   at Microsoft.Extensions.Hosting.HostBuilder.Build()
   at Jellyfin.Server.Integration.Tests.JellyfinApplicationFactory.CreateHost(IHostBuilder builder) in /root/jellyfin/tests/Jellyfin.Server.Integration.Tests/JellyfinApplicationFactory.cs:line 110
   at Microsoft.AspNetCore.Mvc.Testing.WebApplicationFactory`1.ConfigureHostBuilder(IHostBuilder hostBuilder)
   at Microsoft.AspNetCore.Mvc.Testing.WebApplicationFactory`1.EnsureServer()
   at Microsoft.AspNetCore.Mvc.Testing.WebApplicationFactory`1.CreateDefaultClient(DelegatingHandler[] handlers)
   at Microsoft.AspNetCore.Mvc.Testing.WebApplicationFactory`1.CreateDefaultClient(Uri baseAddress, DelegatingHandler[] handlers)
   at Microsoft.AspNetCore.Mvc.Testing.WebApplicationFactory`1.CreateClient(WebApplicationFactoryClientOptions options)
   at Microsoft.AspNetCore.Mvc.Testing.WebApplicationFactory`1.CreateClient()
   at Jellyfin.Server.Integration.Tests.BrandingControllerTests.GetConfiguration_ReturnsCorrectResponse() in /root/jellyfin/tests/Jellyfin.Server.Integration.Tests/Controllers/BrandingControllerTests.cs:line 25
--- End of stack trace from previous location ---
----- Inner Stack Trace -----
   at SkiaSharp.SkiaApi.<sk_imagefilter_new_matrix_convolution>g____PInvoke|382_0(SKSizeI* __kernelSize_native, Single* __kernel_native, Single __gain_native, Single __bias_native, SKPointI* __kernelOffset_native, SKShaderTileMode __ctileMode_native, SByte __convolveAlpha_native, IntPtr __input_native, SKRect* __cropRect_native)
   at SkiaSharp.SkiaApi.<sk_imagefilter_new_matrix_convolution>g____PInvoke|382_0(SKSizeI* __kernelSize_native, Single* __kernel_native, Single __gain_native, Single __bias_native, SKPointI* __kernelOffset_native, SKShaderTileMode __ctileMode_native, SByte __convolveAlpha_native, IntPtr __input_native, SKRect* __cropRect_native)
   at SkiaSharp.SkiaApi.sk_imagefilter_new_matrix_convolution(SKSizeI* kernelSize, Single* kernel, Single gain, Single bias, SKPointI* kernelOffset, SKShaderTileMode ctileMode, Boolean convolveAlpha, IntPtr input, SKRect* cropRect)
   at SkiaSharp.SKImageFilter.CreateMatrixConvolution(SKSizeI kernelSize, ReadOnlySpan`1 kernel, Single gain, Single bias, SKPointI kernelOffset, SKShaderTileMode tileMode, Boolean convolveAlpha, SKImageFilter input, SKRect* cropRect)
   at SkiaSharp.SKImageFilter.CreateMatrixConvolution(SKSizeI kernelSize, ReadOnlySpan`1 kernel, Single gain, Single bias, SKPointI kernelOffset, SKShaderTileMode tileMode, Boolean convolveAlpha)
   at Jellyfin.Drawing.Skia.SkiaEncoder..cctor() in /root/jellyfin/src/Jellyfin.Drawing.Skia/SkiaEncoder.cs:line 53
  Failed Jellyfin.Server.Integration.Tests.Controllers.PlaystateControllerTests.PostMarkPlayedItem_NonexistentItemId_NotFound [3 ms]
  Error Message:
   System.TypeInitializationException : The type initializer for 'Jellyfin.Drawing.Skia.SkiaEncoder' threw an exception.
---- System.DllNotFoundException : Unable to load shared library 'libSkiaSharp' or one of its dependencies. In order to help diagnose loading problems, consider using a tool like strace. If you're using glibc, consider setting the LD_DEBUG environment variable: 
libfontconfig.so.1: cannot open shared object file: No such file or directory
/usr/share/dotnet/shared/Microsoft.NETCore.App/9.0.6/libSkiaSharp.so: cannot open shared object file: No such file or directory
/root/jellyfin/tests/Jellyfin.Server.Integration.Tests/bin/Debug/net9.0/libSkiaSharp.so: cannot open shared object file: No such file or directory
/root/jellyfin/tests/Jellyfin.Server.Integration.Tests/bin/Debug/net9.0/runtimes/linux-x64/native/liblibSkiaSharp.so: cannot open shared object file: No such file or directory
/usr/share/dotnet/shared/Microsoft.NETCore.App/9.0.6/liblibSkiaSharp.so: cannot open shared object file: No such file or directory
/root/jellyfin/tests/Jellyfin.Server.Integration.Tests/bin/Debug/net9.0/liblibSkiaSharp.so: cannot open shared object file: No such file or directory
/root/jellyfin/tests/Jellyfin.Server.Integration.Tests/bin/Debug/net9.0/runtimes/linux-x64/native/libSkiaSharp: cannot open shared object file: No such file or directory
/usr/share/dotnet/shared/Microsoft.NETCore.App/9.0.6/libSkiaSharp: cannot open shared object file: No such file or directory
/root/jellyfin/tests/Jellyfin.Server.Integration.Tests/bin/Debug/net9.0/libSkiaSharp: cannot open shared object file: No such file or directory
/root/jellyfin/tests/Jellyfin.Server.Integration.Tests/bin/Debug/net9.0/runtimes/linux-x64/native/liblibSkiaSharp: cannot open shared object file: No such file or directory
/usr/share/dotnet/shared/Microsoft.NETCore.App/9.0.6/liblibSkiaSharp: cannot open shared object file: No such file or directory
/root/jellyfin/tests/Jellyfin.Server.Integration.Tests/bin/Debug/net9.0/liblibSkiaSharp: cannot open shared object file: No such file or directory

  Stack Trace:
     at Jellyfin.Drawing.Skia.SkiaEncoder.IsNativeLibAvailable() in /root/jellyfin/src/Jellyfin.Drawing.Skia/SkiaEncoder.cs:line 142
   at Jellyfin.Server.CoreAppHost.RegisterServices(IServiceCollection serviceCollection) in /root/jellyfin/Jellyfin.Server/CoreAppHost.cs:line 66
   at Emby.Server.Implementations.ApplicationHost.Init(IServiceCollection serviceCollection) in /root/jellyfin/Emby.Server.Implementations/ApplicationHost.cs:line 460
   at Jellyfin.Server.Integration.Tests.JellyfinApplicationFactory.<>c__DisplayClass4_0.<ConfigureWebHost>b__0(IServiceCollection services) in /root/jellyfin/tests/Jellyfin.Server.Integration.Tests/JellyfinApplicationFactory.cs:line 91
   at Microsoft.Extensions.Hosting.HostBuilder.InitializeServiceProvider()
   at Microsoft.Extensions.Hosting.HostBuilder.Build()
   at Jellyfin.Server.Integration.Tests.JellyfinApplicationFactory.CreateHost(IHostBuilder builder) in /root/jellyfin/tests/Jellyfin.Server.Integration.Tests/JellyfinApplicationFactory.cs:line 110
   at Microsoft.AspNetCore.Mvc.Testing.WebApplicationFactory`1.ConfigureHostBuilder(IHostBuilder hostBuilder)
   at Microsoft.AspNetCore.Mvc.Testing.WebApplicationFactory`1.EnsureServer()
   at Microsoft.AspNetCore.Mvc.Testing.WebApplicationFactory`1.CreateDefaultClient(DelegatingHandler[] handlers)
   at Microsoft.AspNetCore.Mvc.Testing.WebApplicationFactory`1.CreateDefaultClient(Uri baseAddress, DelegatingHandler[] handlers)
   at Microsoft.AspNetCore.Mvc.Testing.WebApplicationFactory`1.CreateClient(WebApplicationFactoryClientOptions options)
   at Microsoft.AspNetCore.Mvc.Testing.WebApplicationFactory`1.CreateClient()
   at Jellyfin.Server.Integration.Tests.Controllers.PlaystateControllerTests.PostMarkPlayedItem_NonexistentItemId_NotFound() in /root/jellyfin/tests/Jellyfin.Server.Integration.Tests/Controllers/PlaystateControllerTests.cs:line 53
--- End of stack trace from previous location ---
----- Inner Stack Trace -----
   at SkiaSharp.SkiaApi.<sk_imagefilter_new_matrix_convolution>g____PInvoke|382_0(SKSizeI* __kernelSize_native, Single* __kernel_native, Single __gain_native, Single __bias_native, SKPointI* __kernelOffset_native, SKShaderTileMode __ctileMode_native, SByte __convolveAlpha_native, IntPtr __input_native, SKRect* __cropRect_native)
   at SkiaSharp.SkiaApi.<sk_imagefilter_new_matrix_convolution>g____PInvoke|382_0(SKSizeI* __kernelSize_native, Single* __kernel_native, Single __gain_native, Single __bias_native, SKPointI* __kernelOffset_native, SKShaderTileMode __ctileMode_native, SByte __convolveAlpha_native, IntPtr __input_native, SKRect* __cropRect_native)
   at SkiaSharp.SkiaApi.sk_imagefilter_new_matrix_convolution(SKSizeI* kernelSize, Single* kernel, Single gain, Single bias, SKPointI* kernelOffset, SKShaderTileMode ctileMode, Boolean convolveAlpha, IntPtr input, SKRect* cropRect)
   at SkiaSharp.SKImageFilter.CreateMatrixConvolution(SKSizeI kernelSize, ReadOnlySpan`1 kernel, Single gain, Single bias, SKPointI kernelOffset, SKShaderTileMode tileMode, Boolean convolveAlpha, SKImageFilter input, SKRect* cropRect)
   at SkiaSharp.SKImageFilter.CreateMatrixConvolution(SKSizeI kernelSize, ReadOnlySpan`1 kernel, Single gain, Single bias, SKPointI kernelOffset, SKShaderTileMode tileMode, Boolean convolveAlpha)
   at Jellyfin.Drawing.Skia.SkiaEncoder..cctor() in /root/jellyfin/src/Jellyfin.Drawing.Skia/SkiaEncoder.cs:line 53
  Failed Jellyfin.Server.Integration.Tests.Controllers.PlaystateControllerTests.DeleteMarkUnplayedItem_NonexistentItemId_NotFound [7 ms]
  Error Message:
   System.TypeInitializationException : The type initializer for 'Jellyfin.Drawing.Skia.SkiaEncoder' threw an exception.
---- System.DllNotFoundException : Unable to load shared library 'libSkiaSharp' or one of its dependencies. In order to help diagnose loading problems, consider using a tool like strace. If you're using glibc, consider setting the LD_DEBUG environment variable: 
libfontconfig.so.1: cannot open shared object file: No such file or directory
/usr/share/dotnet/shared/Microsoft.NETCore.App/9.0.6/libSkiaSharp.so: cannot open shared object file: No such file or directory
/root/jellyfin/tests/Jellyfin.Server.Integration.Tests/bin/Debug/net9.0/libSkiaSharp.so: cannot open shared object file: No such file or directory
/root/jellyfin/tests/Jellyfin.Server.Integration.Tests/bin/Debug/net9.0/runtimes/linux-x64/native/liblibSkiaSharp.so: cannot open shared object file: No such file or directory
/usr/share/dotnet/shared/Microsoft.NETCore.App/9.0.6/liblibSkiaSharp.so: cannot open shared object file: No such file or directory
/root/jellyfin/tests/Jellyfin.Server.Integration.Tests/bin/Debug/net9.0/liblibSkiaSharp.so: cannot open shared object file: No such file or directory
/root/jellyfin/tests/Jellyfin.Server.Integration.Tests/bin/Debug/net9.0/runtimes/linux-x64/native/libSkiaSharp: cannot open shared object file: No such file or directory
/usr/share/dotnet/shared/Microsoft.NETCore.App/9.0.6/libSkiaSharp: cannot open shared object file: No such file or directory
/root/jellyfin/tests/Jellyfin.Server.Integration.Tests/bin/Debug/net9.0/libSkiaSharp: cannot open shared object file: No such file or directory
/root/jellyfin/tests/Jellyfin.Server.Integration.Tests/bin/Debug/net9.0/runtimes/linux-x64/native/liblibSkiaSharp: cannot open shared object file: No such file or directory
/usr/share/dotnet/shared/Microsoft.NETCore.App/9.0.6/liblibSkiaSharp: cannot open shared object file: No such file or directory
/root/jellyfin/tests/Jellyfin.Server.Integration.Tests/bin/Debug/net9.0/liblibSkiaSharp: cannot open shared object file: No such file or directory

  Stack Trace:
     at Jellyfin.Drawing.Skia.SkiaEncoder.IsNativeLibAvailable() in /root/jellyfin/src/Jellyfin.Drawing.Skia/SkiaEncoder.cs:line 142
   at Jellyfin.Server.CoreAppHost.RegisterServices(IServiceCollection serviceCollection) in /root/jellyfin/Jellyfin.Server/CoreAppHost.cs:line 66
   at Emby.Server.Implementations.ApplicationHost.Init(IServiceCollection serviceCollection) in /root/jellyfin/Emby.Server.Implementations/ApplicationHost.cs:line 460
   at Jellyfin.Server.Integration.Tests.JellyfinApplicationFactory.<>c__DisplayClass4_0.<ConfigureWebHost>b__0(IServiceCollection services) in /root/jellyfin/tests/Jellyfin.Server.Integration.Tests/JellyfinApplicationFactory.cs:line 91
   at Microsoft.Extensions.Hosting.HostBuilder.InitializeServiceProvider()
   at Microsoft.Extensions.Hosting.HostBuilder.Build()
   at Jellyfin.Server.Integration.Tests.JellyfinApplicationFactory.CreateHost(IHostBuilder builder) in /root/jellyfin/tests/Jellyfin.Server.Integration.Tests/JellyfinApplicationFactory.cs:line 110
   at Microsoft.AspNetCore.Mvc.Testing.WebApplicationFactory`1.ConfigureHostBuilder(IHostBuilder hostBuilder)
   at Microsoft.AspNetCore.Mvc.Testing.WebApplicationFactory`1.EnsureServer()
   at Microsoft.AspNetCore.Mvc.Testing.WebApplicationFactory`1.CreateDefaultClient(DelegatingHandler[] handlers)
   at Microsoft.AspNetCore.Mvc.Testing.WebApplicationFactory`1.CreateDefaultClient(Uri baseAddress, DelegatingHandler[] handlers)
   at Microsoft.AspNetCore.Mvc.Testing.WebApplicationFactory`1.CreateClient(WebApplicationFactoryClientOptions options)
   at Microsoft.AspNetCore.Mvc.Testing.WebApplicationFactory`1.CreateClient()
   at Jellyfin.Server.Integration.Tests.Controllers.PlaystateControllerTests.DeleteMarkUnplayedItem_NonexistentItemId_NotFound() in /root/jellyfin/tests/Jellyfin.Server.Integration.Tests/Controllers/PlaystateControllerTests.cs:line 41
--- End of stack trace from previous location ---
----- Inner Stack Trace -----
   at SkiaSharp.SkiaApi.<sk_imagefilter_new_matrix_convolution>g____PInvoke|382_0(SKSizeI* __kernelSize_native, Single* __kernel_native, Single __gain_native, Single __bias_native, SKPointI* __kernelOffset_native, SKShaderTileMode __ctileMode_native, SByte __convolveAlpha_native, IntPtr __input_native, SKRect* __cropRect_native)
   at SkiaSharp.SkiaApi.<sk_imagefilter_new_matrix_convolution>g____PInvoke|382_0(SKSizeI* __kernelSize_native, Single* __kernel_native, Single __gain_native, Single __bias_native, SKPointI* __kernelOffset_native, SKShaderTileMode __ctileMode_native, SByte __convolveAlpha_native, IntPtr __input_native, SKRect* __cropRect_native)
   at SkiaSharp.SkiaApi.sk_imagefilter_new_matrix_convolution(SKSizeI* kernelSize, Single* kernel, Single gain, Single bias, SKPointI* kernelOffset, SKShaderTileMode ctileMode, Boolean convolveAlpha, IntPtr input, SKRect* cropRect)
   at SkiaSharp.SKImageFilter.CreateMatrixConvolution(SKSizeI kernelSize, ReadOnlySpan`1 kernel, Single gain, Single bias, SKPointI kernelOffset, SKShaderTileMode tileMode, Boolean convolveAlpha, SKImageFilter input, SKRect* cropRect)
   at SkiaSharp.SKImageFilter.CreateMatrixConvolution(SKSizeI kernelSize, ReadOnlySpan`1 kernel, Single gain, Single bias, SKPointI kernelOffset, SKShaderTileMode tileMode, Boolean convolveAlpha)
   at Jellyfin.Drawing.Skia.SkiaEncoder..cctor() in /root/jellyfin/src/Jellyfin.Drawing.Skia/SkiaEncoder.cs:line 53
  Failed Jellyfin.Server.Integration.Tests.Controllers.PlaystateControllerTests.DeleteMarkUnplayedItem_NonexistentUserId_NotFound [4 ms]
  Error Message:
   System.TypeInitializationException : The type initializer for 'Jellyfin.Drawing.Skia.SkiaEncoder' threw an exception.
---- System.DllNotFoundException : Unable to load shared library 'libSkiaSharp' or one of its dependencies. In order to help diagnose loading problems, consider using a tool like strace. If you're using glibc, consider setting the LD_DEBUG environment variable: 
libfontconfig.so.1: cannot open shared object file: No such file or directory
/usr/share/dotnet/shared/Microsoft.NETCore.App/9.0.6/libSkiaSharp.so: cannot open shared object file: No such file or directory
/root/jellyfin/tests/Jellyfin.Server.Integration.Tests/bin/Debug/net9.0/libSkiaSharp.so: cannot open shared object file: No such file or directory
/root/jellyfin/tests/Jellyfin.Server.Integration.Tests/bin/Debug/net9.0/runtimes/linux-x64/native/liblibSkiaSharp.so: cannot open shared object file: No such file or directory
/usr/share/dotnet/shared/Microsoft.NETCore.App/9.0.6/liblibSkiaSharp.so: cannot open shared object file: No such file or directory
/root/jellyfin/tests/Jellyfin.Server.Integration.Tests/bin/Debug/net9.0/liblibSkiaSharp.so: cannot open shared object file: No such file or directory
/root/jellyfin/tests/Jellyfin.Server.Integration.Tests/bin/Debug/net9.0/runtimes/linux-x64/native/libSkiaSharp: cannot open shared object file: No such file or directory
/usr/share/dotnet/shared/Microsoft.NETCore.App/9.0.6/libSkiaSharp: cannot open shared object file: No such file or directory
/root/jellyfin/tests/Jellyfin.Server.Integration.Tests/bin/Debug/net9.0/libSkiaSharp: cannot open shared object file: No such file or directory
/root/jellyfin/tests/Jellyfin.Server.Integration.Tests/bin/Debug/net9.0/runtimes/linux-x64/native/liblibSkiaSharp: cannot open shared object file: No such file or directory
/usr/share/dotnet/shared/Microsoft.NETCore.App/9.0.6/liblibSkiaSharp: cannot open shared object file: No such file or directory
/root/jellyfin/tests/Jellyfin.Server.Integration.Tests/bin/Debug/net9.0/liblibSkiaSharp: cannot open shared object file: No such file or directory

  Stack Trace:
     at Jellyfin.Drawing.Skia.SkiaEncoder.IsNativeLibAvailable() in /root/jellyfin/src/Jellyfin.Drawing.Skia/SkiaEncoder.cs:line 142
   at Jellyfin.Server.CoreAppHost.RegisterServices(IServiceCollection serviceCollection) in /root/jellyfin/Jellyfin.Server/CoreAppHost.cs:line 66
   at Emby.Server.Implementations.ApplicationHost.Init(IServiceCollection serviceCollection) in /root/jellyfin/Emby.Server.Implementations/ApplicationHost.cs:line 460
   at Jellyfin.Server.Integration.Tests.JellyfinApplicationFactory.<>c__DisplayClass4_0.<ConfigureWebHost>b__0(IServiceCollection services) in /root/jellyfin/tests/Jellyfin.Server.Integration.Tests/JellyfinApplicationFactory.cs:line 91
   at Microsoft.Extensions.Hosting.HostBuilder.InitializeServiceProvider()
   at Microsoft.Extensions.Hosting.HostBuilder.Build()
   at Jellyfin.Server.Integration.Tests.JellyfinApplicationFactory.CreateHost(IHostBuilder builder) in /root/jellyfin/tests/Jellyfin.Server.Integration.Tests/JellyfinApplicationFactory.cs:line 110
   at Microsoft.AspNetCore.Mvc.Testing.WebApplicationFactory`1.ConfigureHostBuilder(IHostBuilder hostBuilder)
   at Microsoft.AspNetCore.Mvc.Testing.WebApplicationFactory`1.EnsureServer()
   at Microsoft.AspNetCore.Mvc.Testing.WebApplicationFactory`1.CreateDefaultClient(DelegatingHandler[] handlers)
   at Microsoft.AspNetCore.Mvc.Testing.WebApplicationFactory`1.CreateDefaultClient(Uri baseAddress, DelegatingHandler[] handlers)
   at Microsoft.AspNetCore.Mvc.Testing.WebApplicationFactory`1.CreateClient(WebApplicationFactoryClientOptions options)
   at Microsoft.AspNetCore.Mvc.Testing.WebApplicationFactory`1.CreateClient()
   at Jellyfin.Server.Integration.Tests.Controllers.PlaystateControllerTests.DeleteMarkUnplayedItem_NonexistentUserId_NotFound() in /root/jellyfin/tests/Jellyfin.Server.Integration.Tests/Controllers/PlaystateControllerTests.cs:line 21
--- End of stack trace from previous location ---
----- Inner Stack Trace -----
   at SkiaSharp.SkiaApi.<sk_imagefilter_new_matrix_convolution>g____PInvoke|382_0(SKSizeI* __kernelSize_native, Single* __kernel_native, Single __gain_native, Single __bias_native, SKPointI* __kernelOffset_native, SKShaderTileMode __ctileMode_native, SByte __convolveAlpha_native, IntPtr __input_native, SKRect* __cropRect_native)
   at SkiaSharp.SkiaApi.<sk_imagefilter_new_matrix_convolution>g____PInvoke|382_0(SKSizeI* __kernelSize_native, Single* __kernel_native, Single __gain_native, Single __bias_native, SKPointI* __kernelOffset_native, SKShaderTileMode __ctileMode_native, SByte __convolveAlpha_native, IntPtr __input_native, SKRect* __cropRect_native)
   at SkiaSharp.SkiaApi.sk_imagefilter_new_matrix_convolution(SKSizeI* kernelSize, Single* kernel, Single gain, Single bias, SKPointI* kernelOffset, SKShaderTileMode ctileMode, Boolean convolveAlpha, IntPtr input, SKRect* cropRect)
   at SkiaSharp.SKImageFilter.CreateMatrixConvolution(SKSizeI kernelSize, ReadOnlySpan`1 kernel, Single gain, Single bias, SKPointI kernelOffset, SKShaderTileMode tileMode, Boolean convolveAlpha, SKImageFilter input, SKRect* cropRect)
   at SkiaSharp.SKImageFilter.CreateMatrixConvolution(SKSizeI kernelSize, ReadOnlySpan`1 kernel, Single gain, Single bias, SKPointI kernelOffset, SKShaderTileMode tileMode, Boolean convolveAlpha)
   at Jellyfin.Drawing.Skia.SkiaEncoder..cctor() in /root/jellyfin/src/Jellyfin.Drawing.Skia/SkiaEncoder.cs:line 53
  Failed Jellyfin.Server.Integration.Tests.Controllers.PlaystateControllerTests.PostMarkPlayedItem_NonexistentUserId_NotFound [4 ms]
  Error Message:
   System.TypeInitializationException : The type initializer for 'Jellyfin.Drawing.Skia.SkiaEncoder' threw an exception.
---- System.DllNotFoundException : Unable to load shared library 'libSkiaSharp' or one of its dependencies. In order to help diagnose loading problems, consider using a tool like strace. If you're using glibc, consider setting the LD_DEBUG environment variable: 
libfontconfig.so.1: cannot open shared object file: No such file or directory
/usr/share/dotnet/shared/Microsoft.NETCore.App/9.0.6/libSkiaSharp.so: cannot open shared object file: No such file or directory
/root/jellyfin/tests/Jellyfin.Server.Integration.Tests/bin/Debug/net9.0/libSkiaSharp.so: cannot open shared object file: No such file or directory
/root/jellyfin/tests/Jellyfin.Server.Integration.Tests/bin/Debug/net9.0/runtimes/linux-x64/native/liblibSkiaSharp.so: cannot open shared object file: No such file or directory
/usr/share/dotnet/shared/Microsoft.NETCore.App/9.0.6/liblibSkiaSharp.so: cannot open shared object file: No such file or directory
/root/jellyfin/tests/Jellyfin.Server.Integration.Tests/bin/Debug/net9.0/liblibSkiaSharp.so: cannot open shared object file: No such file or directory
/root/jellyfin/tests/Jellyfin.Server.Integration.Tests/bin/Debug/net9.0/runtimes/linux-x64/native/libSkiaSharp: cannot open shared object file: No such file or directory
/usr/share/dotnet/shared/Microsoft.NETCore.App/9.0.6/libSkiaSharp: cannot open shared object file: No such file or directory
/root/jellyfin/tests/Jellyfin.Server.Integration.Tests/bin/Debug/net9.0/libSkiaSharp: cannot open shared object file: No such file or directory
/root/jellyfin/tests/Jellyfin.Server.Integration.Tests/bin/Debug/net9.0/runtimes/linux-x64/native/liblibSkiaSharp: cannot open shared object file: No such file or directory
/usr/share/dotnet/shared/Microsoft.NETCore.App/9.0.6/liblibSkiaSharp: cannot open shared object file: No such file or directory
/root/jellyfin/tests/Jellyfin.Server.Integration.Tests/bin/Debug/net9.0/liblibSkiaSharp: cannot open shared object file: No such file or directory

  Stack Trace:
     at Jellyfin.Drawing.Skia.SkiaEncoder.IsNativeLibAvailable() in /root/jellyfin/src/Jellyfin.Drawing.Skia/SkiaEncoder.cs:line 142
   at Jellyfin.Server.CoreAppHost.RegisterServices(IServiceCollection serviceCollection) in /root/jellyfin/Jellyfin.Server/CoreAppHost.cs:line 66
   at Emby.Server.Implementations.ApplicationHost.Init(IServiceCollection serviceCollection) in /root/jellyfin/Emby.Server.Implementations/ApplicationHost.cs:line 460
   at Jellyfin.Server.Integration.Tests.JellyfinApplicationFactory.<>c__DisplayClass4_0.<ConfigureWebHost>b__0(IServiceCollection services) in /root/jellyfin/tests/Jellyfin.Server.Integration.Tests/JellyfinApplicationFactory.cs:line 91
   at Microsoft.Extensions.Hosting.HostBuilder.InitializeServiceProvider()
   at Microsoft.Extensions.Hosting.HostBuilder.Build()
   at Jellyfin.Server.Integration.Tests.JellyfinApplicationFactory.CreateHost(IHostBuilder builder) in /root/jellyfin/tests/Jellyfin.Server.Integration.Tests/JellyfinApplicationFactory.cs:line 110
   at Microsoft.AspNetCore.Mvc.Testing.WebApplicationFactory`1.ConfigureHostBuilder(IHostBuilder hostBuilder)
   at Microsoft.AspNetCore.Mvc.Testing.WebApplicationFactory`1.EnsureServer()
   at Microsoft.AspNetCore.Mvc.Testing.WebApplicationFactory`1.CreateDefaultClient(DelegatingHandler[] handlers)
   at Microsoft.AspNetCore.Mvc.Testing.WebApplicationFactory`1.CreateDefaultClient(Uri baseAddress, DelegatingHandler[] handlers)
   at Microsoft.AspNetCore.Mvc.Testing.WebApplicationFactory`1.CreateClient(WebApplicationFactoryClientOptions options)
   at Microsoft.AspNetCore.Mvc.Testing.WebApplicationFactory`1.CreateClient()
   at Jellyfin.Server.Integration.Tests.Controllers.PlaystateControllerTests.PostMarkPlayedItem_NonexistentUserId_NotFound() in /root/jellyfin/tests/Jellyfin.Server.Integration.Tests/Controllers/PlaystateControllerTests.cs:line 31
--- End of stack trace from previous location ---
----- Inner Stack Trace -----
   at SkiaSharp.SkiaApi.<sk_imagefilter_new_matrix_convolution>g____PInvoke|382_0(SKSizeI* __kernelSize_native, Single* __kernel_native, Single __gain_native, Single __bias_native, SKPointI* __kernelOffset_native, SKShaderTileMode __ctileMode_native, SByte __convolveAlpha_native, IntPtr __input_native, SKRect* __cropRect_native)
   at SkiaSharp.SkiaApi.<sk_imagefilter_new_matrix_convolution>g____PInvoke|382_0(SKSizeI* __kernelSize_native, Single* __kernel_native, Single __gain_native, Single __bias_native, SKPointI* __kernelOffset_native, SKShaderTileMode __ctileMode_native, SByte __convolveAlpha_native, IntPtr __input_native, SKRect* __cropRect_native)
   at SkiaSharp.SkiaApi.sk_imagefilter_new_matrix_convolution(SKSizeI* kernelSize, Single* kernel, Single gain, Single bias, SKPointI* kernelOffset, SKShaderTileMode ctileMode, Boolean convolveAlpha, IntPtr input, SKRect* cropRect)
   at SkiaSharp.SKImageFilter.CreateMatrixConvolution(SKSizeI kernelSize, ReadOnlySpan`1 kernel, Single gain, Single bias, SKPointI kernelOffset, SKShaderTileMode tileMode, Boolean convolveAlpha, SKImageFilter input, SKRect* cropRect)
   at SkiaSharp.SKImageFilter.CreateMatrixConvolution(SKSizeI kernelSize, ReadOnlySpan`1 kernel, Single gain, Single bias, SKPointI kernelOffset, SKShaderTileMode tileMode, Boolean convolveAlpha)
   at Jellyfin.Drawing.Skia.SkiaEncoder..cctor() in /root/jellyfin/src/Jellyfin.Drawing.Skia/SkiaEncoder.cs:line 53
  Failed Jellyfin.Server.Integration.Tests.Controllers.LiveTvControllerTests.AddTunerHost_InvalidType_ReturnsNotFound [4 ms]
  Error Message:
   System.TypeInitializationException : The type initializer for 'Jellyfin.Drawing.Skia.SkiaEncoder' threw an exception.
---- System.DllNotFoundException : Unable to load shared library 'libSkiaSharp' or one of its dependencies. In order to help diagnose loading problems, consider using a tool like strace. If you're using glibc, consider setting the LD_DEBUG environment variable: 
libfontconfig.so.1: cannot open shared object file: No such file or directory
/usr/share/dotnet/shared/Microsoft.NETCore.App/9.0.6/libSkiaSharp.so: cannot open shared object file: No such file or directory
/root/jellyfin/tests/Jellyfin.Server.Integration.Tests/bin/Debug/net9.0/libSkiaSharp.so: cannot open shared object file: No such file or directory
/root/jellyfin/tests/Jellyfin.Server.Integration.Tests/bin/Debug/net9.0/runtimes/linux-x64/native/liblibSkiaSharp.so: cannot open shared object file: No such file or directory
/usr/share/dotnet/shared/Microsoft.NETCore.App/9.0.6/liblibSkiaSharp.so: cannot open shared object file: No such file or directory
/root/jellyfin/tests/Jellyfin.Server.Integration.Tests/bin/Debug/net9.0/liblibSkiaSharp.so: cannot open shared object file: No such file or directory
/root/jellyfin/tests/Jellyfin.Server.Integration.Tests/bin/Debug/net9.0/runtimes/linux-x64/native/libSkiaSharp: cannot open shared object file: No such file or directory
/usr/share/dotnet/shared/Microsoft.NETCore.App/9.0.6/libSkiaSharp: cannot open shared object file: No such file or directory
/root/jellyfin/tests/Jellyfin.Server.Integration.Tests/bin/Debug/net9.0/libSkiaSharp: cannot open shared object file: No such file or directory
/root/jellyfin/tests/Jellyfin.Server.Integration.Tests/bin/Debug/net9.0/runtimes/linux-x64/native/liblibSkiaSharp: cannot open shared object file: No such file or directory
/usr/share/dotnet/shared/Microsoft.NETCore.App/9.0.6/liblibSkiaSharp: cannot open shared object file: No such file or directory
/root/jellyfin/tests/Jellyfin.Server.Integration.Tests/bin/Debug/net9.0/liblibSkiaSharp: cannot open shared object file: No such file or directory

  Stack Trace:
     at Jellyfin.Drawing.Skia.SkiaEncoder.IsNativeLibAvailable() in /root/jellyfin/src/Jellyfin.Drawing.Skia/SkiaEncoder.cs:line 142
   at Jellyfin.Server.CoreAppHost.RegisterServices(IServiceCollection serviceCollection) in /root/jellyfin/Jellyfin.Server/CoreAppHost.cs:line 66
   at Emby.Server.Implementations.ApplicationHost.Init(IServiceCollection serviceCollection) in /root/jellyfin/Emby.Server.Implementations/ApplicationHost.cs:line 460
   at Jellyfin.Server.Integration.Tests.JellyfinApplicationFactory.<>c__DisplayClass4_0.<ConfigureWebHost>b__0(IServiceCollection services) in /root/jellyfin/tests/Jellyfin.Server.Integration.Tests/JellyfinApplicationFactory.cs:line 91
   at Microsoft.Extensions.Hosting.HostBuilder.InitializeServiceProvider()
   at Microsoft.Extensions.Hosting.HostBuilder.Build()
   at Jellyfin.Server.Integration.Tests.JellyfinApplicationFactory.CreateHost(IHostBuilder builder) in /root/jellyfin/tests/Jellyfin.Server.Integration.Tests/JellyfinApplicationFactory.cs:line 110
   at Microsoft.AspNetCore.Mvc.Testing.WebApplicationFactory`1.ConfigureHostBuilder(IHostBuilder hostBuilder)
   at Microsoft.AspNetCore.Mvc.Testing.WebApplicationFactory`1.EnsureServer()
   at Microsoft.AspNetCore.Mvc.Testing.WebApplicationFactory`1.CreateDefaultClient(DelegatingHandler[] handlers)
   at Microsoft.AspNetCore.Mvc.Testing.WebApplicationFactory`1.CreateDefaultClient(Uri baseAddress, DelegatingHandler[] handlers)
   at Microsoft.AspNetCore.Mvc.Testing.WebApplicationFactory`1.CreateClient(WebApplicationFactoryClientOptions options)
   at Microsoft.AspNetCore.Mvc.Testing.WebApplicationFactory`1.CreateClient()
   at Jellyfin.Server.Integration.Tests.Controllers.LiveTvControllerTests.AddTunerHost_InvalidType_ReturnsNotFound() in /root/jellyfin/tests/Jellyfin.Server.Integration.Tests/Controllers/LiveTvControllerTests.cs:line 66
--- End of stack trace from previous location ---
----- Inner Stack Trace -----
   at SkiaSharp.SkiaApi.<sk_imagefilter_new_matrix_convolution>g____PInvoke|382_0(SKSizeI* __kernelSize_native, Single* __kernel_native, Single __gain_native, Single __bias_native, SKPointI* __kernelOffset_native, SKShaderTileMode __ctileMode_native, SByte __convolveAlpha_native, IntPtr __input_native, SKRect* __cropRect_native)
   at SkiaSharp.SkiaApi.<sk_imagefilter_new_matrix_convolution>g____PInvoke|382_0(SKSizeI* __kernelSize_native, Single* __kernel_native, Single __gain_native, Single __bias_native, SKPointI* __kernelOffset_native, SKShaderTileMode __ctileMode_native, SByte __convolveAlpha_native, IntPtr __input_native, SKRect* __cropRect_native)
   at SkiaSharp.SkiaApi.sk_imagefilter_new_matrix_convolution(SKSizeI* kernelSize, Single* kernel, Single gain, Single bias, SKPointI* kernelOffset, SKShaderTileMode ctileMode, Boolean convolveAlpha, IntPtr input, SKRect* cropRect)
   at SkiaSharp.SKImageFilter.CreateMatrixConvolution(SKSizeI kernelSize, ReadOnlySpan`1 kernel, Single gain, Single bias, SKPointI kernelOffset, SKShaderTileMode tileMode, Boolean convolveAlpha, SKImageFilter input, SKRect* cropRect)
   at SkiaSharp.SKImageFilter.CreateMatrixConvolution(SKSizeI kernelSize, ReadOnlySpan`1 kernel, Single gain, Single bias, SKPointI kernelOffset, SKShaderTileMode tileMode, Boolean convolveAlpha)
   at Jellyfin.Drawing.Skia.SkiaEncoder..cctor() in /root/jellyfin/src/Jellyfin.Drawing.Skia/SkiaEncoder.cs:line 53
  Failed Jellyfin.Server.Integration.Tests.Controllers.LiveTvControllerTests.AddTunerHost_InvalidUrl_ReturnsNotFound [4 ms]
  Error Message:
   System.TypeInitializationException : The type initializer for 'Jellyfin.Drawing.Skia.SkiaEncoder' threw an exception.
---- System.DllNotFoundException : Unable to load shared library 'libSkiaSharp' or one of its dependencies. In order to help diagnose loading problems, consider using a tool like strace. If you're using glibc, consider setting the LD_DEBUG environment variable: 
libfontconfig.so.1: cannot open shared object file: No such file or directory
/usr/share/dotnet/shared/Microsoft.NETCore.App/9.0.6/libSkiaSharp.so: cannot open shared object file: No such file or directory
/root/jellyfin/tests/Jellyfin.Server.Integration.Tests/bin/Debug/net9.0/libSkiaSharp.so: cannot open shared object file: No such file or directory
/root/jellyfin/tests/Jellyfin.Server.Integration.Tests/bin/Debug/net9.0/runtimes/linux-x64/native/liblibSkiaSharp.so: cannot open shared object file: No such file or directory
/usr/share/dotnet/shared/Microsoft.NETCore.App/9.0.6/liblibSkiaSharp.so: cannot open shared object file: No such file or directory
/root/jellyfin/tests/Jellyfin.Server.Integration.Tests/bin/Debug/net9.0/liblibSkiaSharp.so: cannot open shared object file: No such file or directory
/root/jellyfin/tests/Jellyfin.Server.Integration.Tests/bin/Debug/net9.0/runtimes/linux-x64/native/libSkiaSharp: cannot open shared object file: No such file or directory
/usr/share/dotnet/shared/Microsoft.NETCore.App/9.0.6/libSkiaSharp: cannot open shared object file: No such file or directory
/root/jellyfin/tests/Jellyfin.Server.Integration.Tests/bin/Debug/net9.0/libSkiaSharp: cannot open shared object file: No such file or directory
/root/jellyfin/tests/Jellyfin.Server.Integration.Tests/bin/Debug/net9.0/runtimes/linux-x64/native/liblibSkiaSharp: cannot open shared object file: No such file or directory
/usr/share/dotnet/shared/Microsoft.NETCore.App/9.0.6/liblibSkiaSharp: cannot open shared object file: No such file or directory
/root/jellyfin/tests/Jellyfin.Server.Integration.Tests/bin/Debug/net9.0/liblibSkiaSharp: cannot open shared object file: No such file or directory

  Stack Trace:
     at Jellyfin.Drawing.Skia.SkiaEncoder.IsNativeLibAvailable() in /root/jellyfin/src/Jellyfin.Drawing.Skia/SkiaEncoder.cs:line 142
   at Jellyfin.Server.CoreAppHost.RegisterServices(IServiceCollection serviceCollection) in /root/jellyfin/Jellyfin.Server/CoreAppHost.cs:line 66
   at Emby.Server.Implementations.ApplicationHost.Init(IServiceCollection serviceCollection) in /root/jellyfin/Emby.Server.Implementations/ApplicationHost.cs:line 460
   at Jellyfin.Server.Integration.Tests.JellyfinApplicationFactory.<>c__DisplayClass4_0.<ConfigureWebHost>b__0(IServiceCollection services) in /root/jellyfin/tests/Jellyfin.Server.Integration.Tests/JellyfinApplicationFactory.cs:line 91
   at Microsoft.Extensions.Hosting.HostBuilder.InitializeServiceProvider()
   at Microsoft.Extensions.Hosting.HostBuilder.Build()
   at Jellyfin.Server.Integration.Tests.JellyfinApplicationFactory.CreateHost(IHostBuilder builder) in /root/jellyfin/tests/Jellyfin.Server.Integration.Tests/JellyfinApplicationFactory.cs:line 110
   at Microsoft.AspNetCore.Mvc.Testing.WebApplicationFactory`1.ConfigureHostBuilder(IHostBuilder hostBuilder)
   at Microsoft.AspNetCore.Mvc.Testing.WebApplicationFactory`1.EnsureServer()
   at Microsoft.AspNetCore.Mvc.Testing.WebApplicationFactory`1.CreateDefaultClient(DelegatingHandler[] handlers)
   at Microsoft.AspNetCore.Mvc.Testing.WebApplicationFactory`1.CreateDefaultClient(Uri baseAddress, DelegatingHandler[] handlers)
   at Microsoft.AspNetCore.Mvc.Testing.WebApplicationFactory`1.CreateClient(WebApplicationFactoryClientOptions options)
   at Microsoft.AspNetCore.Mvc.Testing.WebApplicationFactory`1.CreateClient()
   at Jellyfin.Server.Integration.Tests.Controllers.LiveTvControllerTests.AddTunerHost_InvalidUrl_ReturnsNotFound() in /root/jellyfin/tests/Jellyfin.Server.Integration.Tests/Controllers/LiveTvControllerTests.cs:line 83
--- End of stack trace from previous location ---
----- Inner Stack Trace -----
   at SkiaSharp.SkiaApi.<sk_imagefilter_new_matrix_convolution>g____PInvoke|382_0(SKSizeI* __kernelSize_native, Single* __kernel_native, Single __gain_native, Single __bias_native, SKPointI* __kernelOffset_native, SKShaderTileMode __ctileMode_native, SByte __convolveAlpha_native, IntPtr __input_native, SKRect* __cropRect_native)
   at SkiaSharp.SkiaApi.<sk_imagefilter_new_matrix_convolution>g____PInvoke|382_0(SKSizeI* __kernelSize_native, Single* __kernel_native, Single __gain_native, Single __bias_native, SKPointI* __kernelOffset_native, SKShaderTileMode __ctileMode_native, SByte __convolveAlpha_native, IntPtr __input_native, SKRect* __cropRect_native)
   at SkiaSharp.SkiaApi.sk_imagefilter_new_matrix_convolution(SKSizeI* kernelSize, Single* kernel, Single gain, Single bias, SKPointI* kernelOffset, SKShaderTileMode ctileMode, Boolean convolveAlpha, IntPtr input, SKRect* cropRect)
   at SkiaSharp.SKImageFilter.CreateMatrixConvolution(SKSizeI kernelSize, ReadOnlySpan`1 kernel, Single gain, Single bias, SKPointI kernelOffset, SKShaderTileMode tileMode, Boolean convolveAlpha, SKImageFilter input, SKRect* cropRect)
   at SkiaSharp.SKImageFilter.CreateMatrixConvolution(SKSizeI kernelSize, ReadOnlySpan`1 kernel, Single gain, Single bias, SKPointI kernelOffset, SKShaderTileMode tileMode, Boolean convolveAlpha)
   at Jellyfin.Drawing.Skia.SkiaEncoder..cctor() in /root/jellyfin/src/Jellyfin.Drawing.Skia/SkiaEncoder.cs:line 53
  Failed Jellyfin.Server.Integration.Tests.Controllers.LiveTvControllerTests.AddTunerHost_Valid_ReturnsCorrectResponse [4 ms]
  Error Message:
   System.TypeInitializationException : The type initializer for 'Jellyfin.Drawing.Skia.SkiaEncoder' threw an exception.
---- System.DllNotFoundException : Unable to load shared library 'libSkiaSharp' or one of its dependencies. In order to help diagnose loading problems, consider using a tool like strace. If you're using glibc, consider setting the LD_DEBUG environment variable: 
libfontconfig.so.1: cannot open shared object file: No such file or directory
/usr/share/dotnet/shared/Microsoft.NETCore.App/9.0.6/libSkiaSharp.so: cannot open shared object file: No such file or directory
/root/jellyfin/tests/Jellyfin.Server.Integration.Tests/bin/Debug/net9.0/libSkiaSharp.so: cannot open shared object file: No such file or directory
/root/jellyfin/tests/Jellyfin.Server.Integration.Tests/bin/Debug/net9.0/runtimes/linux-x64/native/liblibSkiaSharp.so: cannot open shared object file: No such file or directory
/usr/share/dotnet/shared/Microsoft.NETCore.App/9.0.6/liblibSkiaSharp.so: cannot open shared object file: No such file or directory
/root/jellyfin/tests/Jellyfin.Server.Integration.Tests/bin/Debug/net9.0/liblibSkiaSharp.so: cannot open shared object file: No such file or directory
/root/jellyfin/tests/Jellyfin.Server.Integration.Tests/bin/Debug/net9.0/runtimes/linux-x64/native/libSkiaSharp: cannot open shared object file: No such file or directory
/usr/share/dotnet/shared/Microsoft.NETCore.App/9.0.6/libSkiaSharp: cannot open shared object file: No such file or directory
/root/jellyfin/tests/Jellyfin.Server.Integration.Tests/bin/Debug/net9.0/libSkiaSharp: cannot open shared object file: No such file or directory
/root/jellyfin/tests/Jellyfin.Server.Integration.Tests/bin/Debug/net9.0/runtimes/linux-x64/native/liblibSkiaSharp: cannot open shared object file: No such file or directory
/usr/share/dotnet/shared/Microsoft.NETCore.App/9.0.6/liblibSkiaSharp: cannot open shared object file: No such file or directory
/root/jellyfin/tests/Jellyfin.Server.Integration.Tests/bin/Debug/net9.0/liblibSkiaSharp: cannot open shared object file: No such file or directory

  Stack Trace:
     at Jellyfin.Drawing.Skia.SkiaEncoder.IsNativeLibAvailable() in /root/jellyfin/src/Jellyfin.Drawing.Skia/SkiaEncoder.cs:line 142
   at Jellyfin.Server.CoreAppHost.RegisterServices(IServiceCollection serviceCollection) in /root/jellyfin/Jellyfin.Server/CoreAppHost.cs:line 66
   at Emby.Server.Implementations.ApplicationHost.Init(IServiceCollection serviceCollection) in /root/jellyfin/Emby.Server.Implementations/ApplicationHost.cs:line 460
   at Jellyfin.Server.Integration.Tests.JellyfinApplicationFactory.<>c__DisplayClass4_0.<ConfigureWebHost>b__0(IServiceCollection services) in /root/jellyfin/tests/Jellyfin.Server.Integration.Tests/JellyfinApplicationFactory.cs:line 91
   at Microsoft.Extensions.Hosting.HostBuilder.InitializeServiceProvider()
   at Microsoft.Extensions.Hosting.HostBuilder.Build()
   at Jellyfin.Server.Integration.Tests.JellyfinApplicationFactory.CreateHost(IHostBuilder builder) in /root/jellyfin/tests/Jellyfin.Server.Integration.Tests/JellyfinApplicationFactory.cs:line 110
   at Microsoft.AspNetCore.Mvc.Testing.WebApplicationFactory`1.ConfigureHostBuilder(IHostBuilder hostBuilder)
   at Microsoft.AspNetCore.Mvc.Testing.WebApplicationFactory`1.EnsureServer()
   at Microsoft.AspNetCore.Mvc.Testing.WebApplicationFactory`1.CreateDefaultClient(DelegatingHandler[] handlers)
   at Microsoft.AspNetCore.Mvc.Testing.WebApplicationFactory`1.CreateDefaultClient(Uri baseAddress, DelegatingHandler[] handlers)
   at Microsoft.AspNetCore.Mvc.Testing.WebApplicationFactory`1.CreateClient(WebApplicationFactoryClientOptions options)
   at Microsoft.AspNetCore.Mvc.Testing.WebApplicationFactory`1.CreateClient()
   at Jellyfin.Server.Integration.Tests.Controllers.LiveTvControllerTests.AddTunerHost_Valid_ReturnsCorrectResponse() in /root/jellyfin/tests/Jellyfin.Server.Integration.Tests/Controllers/LiveTvControllerTests.cs:line 43
--- End of stack trace from previous location ---
----- Inner Stack Trace -----
   at SkiaSharp.SkiaApi.<sk_imagefilter_new_matrix_convolution>g____PInvoke|382_0(SKSizeI* __kernelSize_native, Single* __kernel_native, Single __gain_native, Single __bias_native, SKPointI* __kernelOffset_native, SKShaderTileMode __ctileMode_native, SByte __convolveAlpha_native, IntPtr __input_native, SKRect* __cropRect_native)
   at SkiaSharp.SkiaApi.<sk_imagefilter_new_matrix_convolution>g____PInvoke|382_0(SKSizeI* __kernelSize_native, Single* __kernel_native, Single __gain_native, Single __bias_native, SKPointI* __kernelOffset_native, SKShaderTileMode __ctileMode_native, SByte __convolveAlpha_native, IntPtr __input_native, SKRect* __cropRect_native)
   at SkiaSharp.SkiaApi.sk_imagefilter_new_matrix_convolution(SKSizeI* kernelSize, Single* kernel, Single gain, Single bias, SKPointI* kernelOffset, SKShaderTileMode ctileMode, Boolean convolveAlpha, IntPtr input, SKRect* cropRect)
   at SkiaSharp.SKImageFilter.CreateMatrixConvolution(SKSizeI kernelSize, ReadOnlySpan`1 kernel, Single gain, Single bias, SKPointI kernelOffset, SKShaderTileMode tileMode, Boolean convolveAlpha, SKImageFilter input, SKRect* cropRect)
   at SkiaSharp.SKImageFilter.CreateMatrixConvolution(SKSizeI kernelSize, ReadOnlySpan`1 kernel, Single gain, Single bias, SKPointI kernelOffset, SKShaderTileMode tileMode, Boolean convolveAlpha)
   at Jellyfin.Drawing.Skia.SkiaEncoder..cctor() in /root/jellyfin/src/Jellyfin.Drawing.Skia/SkiaEncoder.cs:line 53
  Failed Jellyfin.Server.Integration.Tests.Controllers.LiveTvControllerTests.AddTunerHost_Unauthorized_ReturnsUnauthorized [4 ms]
  Error Message:
   System.TypeInitializationException : The type initializer for 'Jellyfin.Drawing.Skia.SkiaEncoder' threw an exception.
---- System.DllNotFoundException : Unable to load shared library 'libSkiaSharp' or one of its dependencies. In order to help diagnose loading problems, consider using a tool like strace. If you're using glibc, consider setting the LD_DEBUG environment variable: 
libfontconfig.so.1: cannot open shared object file: No such file or directory
/usr/share/dotnet/shared/Microsoft.NETCore.App/9.0.6/libSkiaSharp.so: cannot open shared object file: No such file or directory
/root/jellyfin/tests/Jellyfin.Server.Integration.Tests/bin/Debug/net9.0/libSkiaSharp.so: cannot open shared object file: No such file or directory
/root/jellyfin/tests/Jellyfin.Server.Integration.Tests/bin/Debug/net9.0/runtimes/linux-x64/native/liblibSkiaSharp.so: cannot open shared object file: No such file or directory
/usr/share/dotnet/shared/Microsoft.NETCore.App/9.0.6/liblibSkiaSharp.so: cannot open shared object file: No such file or directory
/root/jellyfin/tests/Jellyfin.Server.Integration.Tests/bin/Debug/net9.0/liblibSkiaSharp.so: cannot open shared object file: No such file or directory
/root/jellyfin/tests/Jellyfin.Server.Integration.Tests/bin/Debug/net9.0/runtimes/linux-x64/native/libSkiaSharp: cannot open shared object file: No such file or directory
/usr/share/dotnet/shared/Microsoft.NETCore.App/9.0.6/libSkiaSharp: cannot open shared object file: No such file or directory
/root/jellyfin/tests/Jellyfin.Server.Integration.Tests/bin/Debug/net9.0/libSkiaSharp: cannot open shared object file: No such file or directory
/root/jellyfin/tests/Jellyfin.Server.Integration.Tests/bin/Debug/net9.0/runtimes/linux-x64/native/liblibSkiaSharp: cannot open shared object file: No such file or directory
/usr/share/dotnet/shared/Microsoft.NETCore.App/9.0.6/liblibSkiaSharp: cannot open shared object file: No such file or directory
/root/jellyfin/tests/Jellyfin.Server.Integration.Tests/bin/Debug/net9.0/liblibSkiaSharp: cannot open shared object file: No such file or directory

  Stack Trace:
     at Jellyfin.Drawing.Skia.SkiaEncoder.IsNativeLibAvailable() in /root/jellyfin/src/Jellyfin.Drawing.Skia/SkiaEncoder.cs:line 142
   at Jellyfin.Server.CoreAppHost.RegisterServices(IServiceCollection serviceCollection) in /root/jellyfin/Jellyfin.Server/CoreAppHost.cs:line 66
   at Emby.Server.Implementations.ApplicationHost.Init(IServiceCollection serviceCollection) in /root/jellyfin/Emby.Server.Implementations/ApplicationHost.cs:line 460
   at Jellyfin.Server.Integration.Tests.JellyfinApplicationFactory.<>c__DisplayClass4_0.<ConfigureWebHost>b__0(IServiceCollection services) in /root/jellyfin/tests/Jellyfin.Server.Integration.Tests/JellyfinApplicationFactory.cs:line 91
   at Microsoft.Extensions.Hosting.HostBuilder.InitializeServiceProvider()
   at Microsoft.Extensions.Hosting.HostBuilder.Build()
   at Jellyfin.Server.Integration.Tests.JellyfinApplicationFactory.CreateHost(IHostBuilder builder) in /root/jellyfin/tests/Jellyfin.Server.Integration.Tests/JellyfinApplicationFactory.cs:line 110
   at Microsoft.AspNetCore.Mvc.Testing.WebApplicationFactory`1.ConfigureHostBuilder(IHostBuilder hostBuilder)
   at Microsoft.AspNetCore.Mvc.Testing.WebApplicationFactory`1.EnsureServer()
   at Microsoft.AspNetCore.Mvc.Testing.WebApplicationFactory`1.CreateDefaultClient(DelegatingHandler[] handlers)
   at Microsoft.AspNetCore.Mvc.Testing.WebApplicationFactory`1.CreateDefaultClient(Uri baseAddress, DelegatingHandler[] handlers)
   at Microsoft.AspNetCore.Mvc.Testing.WebApplicationFactory`1.CreateClient(WebApplicationFactoryClientOptions options)
   at Microsoft.AspNetCore.Mvc.Testing.WebApplicationFactory`1.CreateClient()
   at Jellyfin.Server.Integration.Tests.Controllers.LiveTvControllerTests.AddTunerHost_Unauthorized_ReturnsUnauthorized() in /root/jellyfin/tests/Jellyfin.Server.Integration.Tests/Controllers/LiveTvControllerTests.cs:line 27
--- End of stack trace from previous location ---
----- Inner Stack Trace -----
   at SkiaSharp.SkiaApi.<sk_imagefilter_new_matrix_convolution>g____PInvoke|382_0(SKSizeI* __kernelSize_native, Single* __kernel_native, Single __gain_native, Single __bias_native, SKPointI* __kernelOffset_native, SKShaderTileMode __ctileMode_native, SByte __convolveAlpha_native, IntPtr __input_native, SKRect* __cropRect_native)
   at SkiaSharp.SkiaApi.<sk_imagefilter_new_matrix_convolution>g____PInvoke|382_0(SKSizeI* __kernelSize_native, Single* __kernel_native, Single __gain_native, Single __bias_native, SKPointI* __kernelOffset_native, SKShaderTileMode __ctileMode_native, SByte __convolveAlpha_native, IntPtr __input_native, SKRect* __cropRect_native)
   at SkiaSharp.SkiaApi.sk_imagefilter_new_matrix_convolution(SKSizeI* kernelSize, Single* kernel, Single gain, Single bias, SKPointI* kernelOffset, SKShaderTileMode ctileMode, Boolean convolveAlpha, IntPtr input, SKRect* cropRect)
   at SkiaSharp.SKImageFilter.CreateMatrixConvolution(SKSizeI kernelSize, ReadOnlySpan`1 kernel, Single gain, Single bias, SKPointI kernelOffset, SKShaderTileMode tileMode, Boolean convolveAlpha, SKImageFilter input, SKRect* cropRect)
   at SkiaSharp.SKImageFilter.CreateMatrixConvolution(SKSizeI kernelSize, ReadOnlySpan`1 kernel, Single gain, Single bias, SKPointI kernelOffset, SKShaderTileMode tileMode, Boolean convolveAlpha)
   at Jellyfin.Drawing.Skia.SkiaEncoder..cctor() in /root/jellyfin/src/Jellyfin.Drawing.Skia/SkiaEncoder.cs:line 53
  Failed Jellyfin.Server.Integration.Tests.Controllers.MediaStructureControllerTests.RenameVirtualFolder_WhiteSpaceNewName_ReturnsBadRequest [4 ms]
  Error Message:
   System.TypeInitializationException : The type initializer for 'Jellyfin.Drawing.Skia.SkiaEncoder' threw an exception.
---- System.DllNotFoundException : Unable to load shared library 'libSkiaSharp' or one of its dependencies. In order to help diagnose loading problems, consider using a tool like strace. If you're using glibc, consider setting the LD_DEBUG environment variable: 
libfontconfig.so.1: cannot open shared object file: No such file or directory
/usr/share/dotnet/shared/Microsoft.NETCore.App/9.0.6/libSkiaSharp.so: cannot open shared object file: No such file or directory
/root/jellyfin/tests/Jellyfin.Server.Integration.Tests/bin/Debug/net9.0/libSkiaSharp.so: cannot open shared object file: No such file or directory
/root/jellyfin/tests/Jellyfin.Server.Integration.Tests/bin/Debug/net9.0/runtimes/linux-x64/native/liblibSkiaSharp.so: cannot open shared object file: No such file or directory
/usr/share/dotnet/shared/Microsoft.NETCore.App/9.0.6/liblibSkiaSharp.so: cannot open shared object file: No such file or directory
/root/jellyfin/tests/Jellyfin.Server.Integration.Tests/bin/Debug/net9.0/liblibSkiaSharp.so: cannot open shared object file: No such file or directory
/root/jellyfin/tests/Jellyfin.Server.Integration.Tests/bin/Debug/net9.0/runtimes/linux-x64/native/libSkiaSharp: cannot open shared object file: No such file or directory
/usr/share/dotnet/shared/Microsoft.NETCore.App/9.0.6/libSkiaSharp: cannot open shared object file: No such file or directory
/root/jellyfin/tests/Jellyfin.Server.Integration.Tests/bin/Debug/net9.0/libSkiaSharp: cannot open shared object file: No such file or directory
/root/jellyfin/tests/Jellyfin.Server.Integration.Tests/bin/Debug/net9.0/runtimes/linux-x64/native/liblibSkiaSharp: cannot open shared object file: No such file or directory
/usr/share/dotnet/shared/Microsoft.NETCore.App/9.0.6/liblibSkiaSharp: cannot open shared object file: No such file or directory
/root/jellyfin/tests/Jellyfin.Server.Integration.Tests/bin/Debug/net9.0/liblibSkiaSharp: cannot open shared object file: No such file or directory

  Stack Trace:
     at Jellyfin.Drawing.Skia.SkiaEncoder.IsNativeLibAvailable() in /root/jellyfin/src/Jellyfin.Drawing.Skia/SkiaEncoder.cs:line 142
   at Jellyfin.Server.CoreAppHost.RegisterServices(IServiceCollection serviceCollection) in /root/jellyfin/Jellyfin.Server/CoreAppHost.cs:line 66
   at Emby.Server.Implementations.ApplicationHost.Init(IServiceCollection serviceCollection) in /root/jellyfin/Emby.Server.Implementations/ApplicationHost.cs:line 460
   at Jellyfin.Server.Integration.Tests.JellyfinApplicationFactory.<>c__DisplayClass4_0.<ConfigureWebHost>b__0(IServiceCollection services) in /root/jellyfin/tests/Jellyfin.Server.Integration.Tests/JellyfinApplicationFactory.cs:line 91
   at Microsoft.Extensions.Hosting.HostBuilder.InitializeServiceProvider()
   at Microsoft.Extensions.Hosting.HostBuilder.Build()
   at Jellyfin.Server.Integration.Tests.JellyfinApplicationFactory.CreateHost(IHostBuilder builder) in /root/jellyfin/tests/Jellyfin.Server.Integration.Tests/JellyfinApplicationFactory.cs:line 110
   at Microsoft.AspNetCore.Mvc.Testing.WebApplicationFactory`1.ConfigureHostBuilder(IHostBuilder hostBuilder)
   at Microsoft.AspNetCore.Mvc.Testing.WebApplicationFactory`1.EnsureServer()
   at Microsoft.AspNetCore.Mvc.Testing.WebApplicationFactory`1.CreateDefaultClient(DelegatingHandler[] handlers)
   at Microsoft.AspNetCore.Mvc.Testing.WebApplicationFactory`1.CreateDefaultClient(Uri baseAddress, DelegatingHandler[] handlers)
   at Microsoft.AspNetCore.Mvc.Testing.WebApplicationFactory`1.CreateClient(WebApplicationFactoryClientOptions options)
   at Microsoft.AspNetCore.Mvc.Testing.WebApplicationFactory`1.CreateClient()
   at Jellyfin.Server.Integration.Tests.Controllers.MediaStructureControllerTests.RenameVirtualFolder_WhiteSpaceNewName_ReturnsBadRequest() in /root/jellyfin/tests/Jellyfin.Server.Integration.Tests/Controllers/MediaStructureControllerTests.cs:line 40
--- End of stack trace from previous location ---
----- Inner Stack Trace -----
   at SkiaSharp.SkiaApi.<sk_imagefilter_new_matrix_convolution>g____PInvoke|382_0(SKSizeI* __kernelSize_native, Single* __kernel_native, Single __gain_native, Single __bias_native, SKPointI* __kernelOffset_native, SKShaderTileMode __ctileMode_native, SByte __convolveAlpha_native, IntPtr __input_native, SKRect* __cropRect_native)
   at SkiaSharp.SkiaApi.<sk_imagefilter_new_matrix_convolution>g____PInvoke|382_0(SKSizeI* __kernelSize_native, Single* __kernel_native, Single __gain_native, Single __bias_native, SKPointI* __kernelOffset_native, SKShaderTileMode __ctileMode_native, SByte __convolveAlpha_native, IntPtr __input_native, SKRect* __cropRect_native)
   at SkiaSharp.SkiaApi.sk_imagefilter_new_matrix_convolution(SKSizeI* kernelSize, Single* kernel, Single gain, Single bias, SKPointI* kernelOffset, SKShaderTileMode ctileMode, Boolean convolveAlpha, IntPtr input, SKRect* cropRect)
   at SkiaSharp.SKImageFilter.CreateMatrixConvolution(SKSizeI kernelSize, ReadOnlySpan`1 kernel, Single gain, Single bias, SKPointI kernelOffset, SKShaderTileMode tileMode, Boolean convolveAlpha, SKImageFilter input, SKRect* cropRect)
   at SkiaSharp.SKImageFilter.CreateMatrixConvolution(SKSizeI kernelSize, ReadOnlySpan`1 kernel, Single gain, Single bias, SKPointI kernelOffset, SKShaderTileMode tileMode, Boolean convolveAlpha)
   at Jellyfin.Drawing.Skia.SkiaEncoder..cctor() in /root/jellyfin/src/Jellyfin.Drawing.Skia/SkiaEncoder.cs:line 53
  Failed Jellyfin.Server.Integration.Tests.Controllers.MediaStructureControllerTests.RemoveMediaPath_WhiteSpaceName_ReturnsBadRequest [7 ms]
  Error Message:
   System.TypeInitializationException : The type initializer for 'Jellyfin.Drawing.Skia.SkiaEncoder' threw an exception.
---- System.DllNotFoundException : Unable to load shared library 'libSkiaSharp' or one of its dependencies. In order to help diagnose loading problems, consider using a tool like strace. If you're using glibc, consider setting the LD_DEBUG environment variable: 
libfontconfig.so.1: cannot open shared object file: No such file or directory
/usr/share/dotnet/shared/Microsoft.NETCore.App/9.0.6/libSkiaSharp.so: cannot open shared object file: No such file or directory
/root/jellyfin/tests/Jellyfin.Server.Integration.Tests/bin/Debug/net9.0/libSkiaSharp.so: cannot open shared object file: No such file or directory
/root/jellyfin/tests/Jellyfin.Server.Integration.Tests/bin/Debug/net9.0/runtimes/linux-x64/native/liblibSkiaSharp.so: cannot open shared object file: No such file or directory
/usr/share/dotnet/shared/Microsoft.NETCore.App/9.0.6/liblibSkiaSharp.so: cannot open shared object file: No such file or directory
/root/jellyfin/tests/Jellyfin.Server.Integration.Tests/bin/Debug/net9.0/liblibSkiaSharp.so: cannot open shared object file: No such file or directory
/root/jellyfin/tests/Jellyfin.Server.Integration.Tests/bin/Debug/net9.0/runtimes/linux-x64/native/libSkiaSharp: cannot open shared object file: No such file or directory
/usr/share/dotnet/shared/Microsoft.NETCore.App/9.0.6/libSkiaSharp: cannot open shared object file: No such file or directory
/root/jellyfin/tests/Jellyfin.Server.Integration.Tests/bin/Debug/net9.0/libSkiaSharp: cannot open shared object file: No such file or directory
/root/jellyfin/tests/Jellyfin.Server.Integration.Tests/bin/Debug/net9.0/runtimes/linux-x64/native/liblibSkiaSharp: cannot open shared object file: No such file or directory
/usr/share/dotnet/shared/Microsoft.NETCore.App/9.0.6/liblibSkiaSharp: cannot open shared object file: No such file or directory
/root/jellyfin/tests/Jellyfin.Server.Integration.Tests/bin/Debug/net9.0/liblibSkiaSharp: cannot open shared object file: No such file or directory

  Stack Trace:
     at Jellyfin.Drawing.Skia.SkiaEncoder.IsNativeLibAvailable() in /root/jellyfin/src/Jellyfin.Drawing.Skia/SkiaEncoder.cs:line 142
   at Jellyfin.Server.CoreAppHost.RegisterServices(IServiceCollection serviceCollection) in /root/jellyfin/Jellyfin.Server/CoreAppHost.cs:line 66
   at Emby.Server.Implementations.ApplicationHost.Init(IServiceCollection serviceCollection) in /root/jellyfin/Emby.Server.Implementations/ApplicationHost.cs:line 460
   at Jellyfin.Server.Integration.Tests.JellyfinApplicationFactory.<>c__DisplayClass4_0.<ConfigureWebHost>b__0(IServiceCollection services) in /root/jellyfin/tests/Jellyfin.Server.Integration.Tests/JellyfinApplicationFactory.cs:line 91
   at Microsoft.Extensions.Hosting.HostBuilder.InitializeServiceProvider()
   at Microsoft.Extensions.Hosting.HostBuilder.Build()
   at Jellyfin.Server.Integration.Tests.JellyfinApplicationFactory.CreateHost(IHostBuilder builder) in /root/jellyfin/tests/Jellyfin.Server.Integration.Tests/JellyfinApplicationFactory.cs:line 110
   at Microsoft.AspNetCore.Mvc.Testing.WebApplicationFactory`1.ConfigureHostBuilder(IHostBuilder hostBuilder)
   at Microsoft.AspNetCore.Mvc.Testing.WebApplicationFactory`1.EnsureServer()
   at Microsoft.AspNetCore.Mvc.Testing.WebApplicationFactory`1.CreateDefaultClient(DelegatingHandler[] handlers)
   at Microsoft.AspNetCore.Mvc.Testing.WebApplicationFactory`1.CreateDefaultClient(Uri baseAddress, DelegatingHandler[] handlers)
   at Microsoft.AspNetCore.Mvc.Testing.WebApplicationFactory`1.CreateClient(WebApplicationFactoryClientOptions options)
   at Microsoft.AspNetCore.Mvc.Testing.WebApplicationFactory`1.CreateClient()
   at Jellyfin.Server.Integration.Tests.Controllers.MediaStructureControllerTests.RemoveMediaPath_WhiteSpaceName_ReturnsBadRequest() in /root/jellyfin/tests/Jellyfin.Server.Integration.Tests/Controllers/MediaStructureControllerTests.cs:line 98
--- End of stack trace from previous location ---
----- Inner Stack Trace -----
   at SkiaSharp.SkiaApi.<sk_imagefilter_new_matrix_convolution>g____PInvoke|382_0(SKSizeI* __kernelSize_native, Single* __kernel_native, Single __gain_native, Single __bias_native, SKPointI* __kernelOffset_native, SKShaderTileMode __ctileMode_native, SByte __convolveAlpha_native, IntPtr __input_native, SKRect* __cropRect_native)
   at SkiaSharp.SkiaApi.<sk_imagefilter_new_matrix_convolution>g____PInvoke|382_0(SKSizeI* __kernelSize_native, Single* __kernel_native, Single __gain_native, Single __bias_native, SKPointI* __kernelOffset_native, SKShaderTileMode __ctileMode_native, SByte __convolveAlpha_native, IntPtr __input_native, SKRect* __cropRect_native)
   at SkiaSharp.SkiaApi.sk_imagefilter_new_matrix_convolution(SKSizeI* kernelSize, Single* kernel, Single gain, Single bias, SKPointI* kernelOffset, SKShaderTileMode ctileMode, Boolean convolveAlpha, IntPtr input, SKRect* cropRect)
   at SkiaSharp.SKImageFilter.CreateMatrixConvolution(SKSizeI kernelSize, ReadOnlySpan`1 kernel, Single gain, Single bias, SKPointI kernelOffset, SKShaderTileMode tileMode, Boolean convolveAlpha, SKImageFilter input, SKRect* cropRect)
   at SkiaSharp.SKImageFilter.CreateMatrixConvolution(SKSizeI kernelSize, ReadOnlySpan`1 kernel, Single gain, Single bias, SKPointI kernelOffset, SKShaderTileMode tileMode, Boolean convolveAlpha)
   at Jellyfin.Drawing.Skia.SkiaEncoder..cctor() in /root/jellyfin/src/Jellyfin.Drawing.Skia/SkiaEncoder.cs:line 53
  Failed Jellyfin.Server.Integration.Tests.Controllers.MediaStructureControllerTests.UpdateMediaPath_WhiteSpaceName_ReturnsBadRequest [3 ms]
  Error Message:
   System.TypeInitializationException : The type initializer for 'Jellyfin.Drawing.Skia.SkiaEncoder' threw an exception.
---- System.DllNotFoundException : Unable to load shared library 'libSkiaSharp' or one of its dependencies. In order to help diagnose loading problems, consider using a tool like strace. If you're using glibc, consider setting the LD_DEBUG environment variable: 
libfontconfig.so.1: cannot open shared object file: No such file or directory
/usr/share/dotnet/shared/Microsoft.NETCore.App/9.0.6/libSkiaSharp.so: cannot open shared object file: No such file or directory
/root/jellyfin/tests/Jellyfin.Server.Integration.Tests/bin/Debug/net9.0/libSkiaSharp.so: cannot open shared object file: No such file or directory
/root/jellyfin/tests/Jellyfin.Server.Integration.Tests/bin/Debug/net9.0/runtimes/linux-x64/native/liblibSkiaSharp.so: cannot open shared object file: No such file or directory
/usr/share/dotnet/shared/Microsoft.NETCore.App/9.0.6/liblibSkiaSharp.so: cannot open shared object file: No such file or directory
/root/jellyfin/tests/Jellyfin.Server.Integration.Tests/bin/Debug/net9.0/liblibSkiaSharp.so: cannot open shared object file: No such file or directory
/root/jellyfin/tests/Jellyfin.Server.Integration.Tests/bin/Debug/net9.0/runtimes/linux-x64/native/libSkiaSharp: cannot open shared object file: No such file or directory
/usr/share/dotnet/shared/Microsoft.NETCore.App/9.0.6/libSkiaSharp: cannot open shared object file: No such file or directory
/root/jellyfin/tests/Jellyfin.Server.Integration.Tests/bin/Debug/net9.0/libSkiaSharp: cannot open shared object file: No such file or directory
/root/jellyfin/tests/Jellyfin.Server.Integration.Tests/bin/Debug/net9.0/runtimes/linux-x64/native/liblibSkiaSharp: cannot open shared object file: No such file or directory
/usr/share/dotnet/shared/Microsoft.NETCore.App/9.0.6/liblibSkiaSharp: cannot open shared object file: No such file or directory
/root/jellyfin/tests/Jellyfin.Server.Integration.Tests/bin/Debug/net9.0/liblibSkiaSharp: cannot open shared object file: No such file or directory

  Stack Trace:
     at Jellyfin.Drawing.Skia.SkiaEncoder.IsNativeLibAvailable() in /root/jellyfin/src/Jellyfin.Drawing.Skia/SkiaEncoder.cs:line 142
   at Jellyfin.Server.CoreAppHost.RegisterServices(IServiceCollection serviceCollection) in /root/jellyfin/Jellyfin.Server/CoreAppHost.cs:line 66
   at Emby.Server.Implementations.ApplicationHost.Init(IServiceCollection serviceCollection) in /root/jellyfin/Emby.Server.Implementations/ApplicationHost.cs:line 460
   at Jellyfin.Server.Integration.Tests.JellyfinApplicationFactory.<>c__DisplayClass4_0.<ConfigureWebHost>b__0(IServiceCollection services) in /root/jellyfin/tests/Jellyfin.Server.Integration.Tests/JellyfinApplicationFactory.cs:line 91
   at Microsoft.Extensions.Hosting.HostBuilder.InitializeServiceProvider()
   at Microsoft.Extensions.Hosting.HostBuilder.Build()
   at Jellyfin.Server.Integration.Tests.JellyfinApplicationFactory.CreateHost(IHostBuilder builder) in /root/jellyfin/tests/Jellyfin.Server.Integration.Tests/JellyfinApplicationFactory.cs:line 110
   at Microsoft.AspNetCore.Mvc.Testing.WebApplicationFactory`1.ConfigureHostBuilder(IHostBuilder hostBuilder)
   at Microsoft.AspNetCore.Mvc.Testing.WebApplicationFactory`1.EnsureServer()
   at Microsoft.AspNetCore.Mvc.Testing.WebApplicationFactory`1.CreateDefaultClient(DelegatingHandler[] handlers)
   at Microsoft.AspNetCore.Mvc.Testing.WebApplicationFactory`1.CreateDefaultClient(Uri baseAddress, DelegatingHandler[] handlers)
   at Microsoft.AspNetCore.Mvc.Testing.WebApplicationFactory`1.CreateClient(WebApplicationFactoryClientOptions options)
   at Microsoft.AspNetCore.Mvc.Testing.WebApplicationFactory`1.CreateClient()
   at Jellyfin.Server.Integration.Tests.Controllers.MediaStructureControllerTests.UpdateMediaPath_WhiteSpaceName_ReturnsBadRequest() in /root/jellyfin/tests/Jellyfin.Server.Integration.Tests/Controllers/MediaStructureControllerTests.cs:line 81
--- End of stack trace from previous location ---
----- Inner Stack Trace -----
   at SkiaSharp.SkiaApi.<sk_imagefilter_new_matrix_convolution>g____PInvoke|382_0(SKSizeI* __kernelSize_native, Single* __kernel_native, Single __gain_native, Single __bias_native, SKPointI* __kernelOffset_native, SKShaderTileMode __ctileMode_native, SByte __convolveAlpha_native, IntPtr __input_native, SKRect* __cropRect_native)
   at SkiaSharp.SkiaApi.<sk_imagefilter_new_matrix_convolution>g____PInvoke|382_0(SKSizeI* __kernelSize_native, Single* __kernel_native, Single __gain_native, Single __bias_native, SKPointI* __kernelOffset_native, SKShaderTileMode __ctileMode_native, SByte __convolveAlpha_native, IntPtr __input_native, SKRect* __cropRect_native)
   at SkiaSharp.SkiaApi.sk_imagefilter_new_matrix_convolution(SKSizeI* kernelSize, Single* kernel, Single gain, Single bias, SKPointI* kernelOffset, SKShaderTileMode ctileMode, Boolean convolveAlpha, IntPtr input, SKRect* cropRect)
   at SkiaSharp.SKImageFilter.CreateMatrixConvolution(SKSizeI kernelSize, ReadOnlySpan`1 kernel, Single gain, Single bias, SKPointI kernelOffset, SKShaderTileMode tileMode, Boolean convolveAlpha, SKImageFilter input, SKRect* cropRect)
   at SkiaSharp.SKImageFilter.CreateMatrixConvolution(SKSizeI kernelSize, ReadOnlySpan`1 kernel, Single gain, Single bias, SKPointI kernelOffset, SKShaderTileMode tileMode, Boolean convolveAlpha)
   at Jellyfin.Drawing.Skia.SkiaEncoder..cctor() in /root/jellyfin/src/Jellyfin.Drawing.Skia/SkiaEncoder.cs:line 53
  Failed Jellyfin.Server.Integration.Tests.Controllers.MediaStructureControllerTests.AddMediaPath_PathDoesntExist_ReturnsNotFound [3 ms]
  Error Message:
   System.TypeInitializationException : The type initializer for 'Jellyfin.Drawing.Skia.SkiaEncoder' threw an exception.
---- System.DllNotFoundException : Unable to load shared library 'libSkiaSharp' or one of its dependencies. In order to help diagnose loading problems, consider using a tool like strace. If you're using glibc, consider setting the LD_DEBUG environment variable: 
libfontconfig.so.1: cannot open shared object file: No such file or directory
/usr/share/dotnet/shared/Microsoft.NETCore.App/9.0.6/libSkiaSharp.so: cannot open shared object file: No such file or directory
/root/jellyfin/tests/Jellyfin.Server.Integration.Tests/bin/Debug/net9.0/libSkiaSharp.so: cannot open shared object file: No such file or directory
/root/jellyfin/tests/Jellyfin.Server.Integration.Tests/bin/Debug/net9.0/runtimes/linux-x64/native/liblibSkiaSharp.so: cannot open shared object file: No such file or directory
/usr/share/dotnet/shared/Microsoft.NETCore.App/9.0.6/liblibSkiaSharp.so: cannot open shared object file: No such file or directory
/root/jellyfin/tests/Jellyfin.Server.Integration.Tests/bin/Debug/net9.0/liblibSkiaSharp.so: cannot open shared object file: No such file or directory
/root/jellyfin/tests/Jellyfin.Server.Integration.Tests/bin/Debug/net9.0/runtimes/linux-x64/native/libSkiaSharp: cannot open shared object file: No such file or directory
/usr/share/dotnet/shared/Microsoft.NETCore.App/9.0.6/libSkiaSharp: cannot open shared object file: No such file or directory
/root/jellyfin/tests/Jellyfin.Server.Integration.Tests/bin/Debug/net9.0/libSkiaSharp: cannot open shared object file: No such file or directory
/root/jellyfin/tests/Jellyfin.Server.Integration.Tests/bin/Debug/net9.0/runtimes/linux-x64/native/liblibSkiaSharp: cannot open shared object file: No such file or directory
/usr/share/dotnet/shared/Microsoft.NETCore.App/9.0.6/liblibSkiaSharp: cannot open shared object file: No such file or directory
/root/jellyfin/tests/Jellyfin.Server.Integration.Tests/bin/Debug/net9.0/liblibSkiaSharp: cannot open shared object file: No such file or directory

  Stack Trace:
     at Jellyfin.Drawing.Skia.SkiaEncoder.IsNativeLibAvailable() in /root/jellyfin/src/Jellyfin.Drawing.Skia/SkiaEncoder.cs:line 142
   at Jellyfin.Server.CoreAppHost.RegisterServices(IServiceCollection serviceCollection) in /root/jellyfin/Jellyfin.Server/CoreAppHost.cs:line 66
   at Emby.Server.Implementations.ApplicationHost.Init(IServiceCollection serviceCollection) in /root/jellyfin/Emby.Server.Implementations/ApplicationHost.cs:line 460
   at Jellyfin.Server.Integration.Tests.JellyfinApplicationFactory.<>c__DisplayClass4_0.<ConfigureWebHost>b__0(IServiceCollection services) in /root/jellyfin/tests/Jellyfin.Server.Integration.Tests/JellyfinApplicationFactory.cs:line 91
   at Microsoft.Extensions.Hosting.HostBuilder.InitializeServiceProvider()
   at Microsoft.Extensions.Hosting.HostBuilder.Build()
   at Jellyfin.Server.Integration.Tests.JellyfinApplicationFactory.CreateHost(IHostBuilder builder) in /root/jellyfin/tests/Jellyfin.Server.Integration.Tests/JellyfinApplicationFactory.cs:line 110
   at Microsoft.AspNetCore.Mvc.Testing.WebApplicationFactory`1.ConfigureHostBuilder(IHostBuilder hostBuilder)
   at Microsoft.AspNetCore.Mvc.Testing.WebApplicationFactory`1.EnsureServer()
   at Microsoft.AspNetCore.Mvc.Testing.WebApplicationFactory`1.CreateDefaultClient(DelegatingHandler[] handlers)
   at Microsoft.AspNetCore.Mvc.Testing.WebApplicationFactory`1.CreateDefaultClient(Uri baseAddress, DelegatingHandler[] handlers)
   at Microsoft.AspNetCore.Mvc.Testing.WebApplicationFactory`1.CreateClient(WebApplicationFactoryClientOptions options)
   at Microsoft.AspNetCore.Mvc.Testing.WebApplicationFactory`1.CreateClient()
   at Jellyfin.Server.Integration.Tests.Controllers.MediaStructureControllerTests.AddMediaPath_PathDoesntExist_ReturnsNotFound() in /root/jellyfin/tests/Jellyfin.Server.Integration.Tests/Controllers/MediaStructureControllerTests.cs:line 64
--- End of stack trace from previous location ---
----- Inner Stack Trace -----
   at SkiaSharp.SkiaApi.<sk_imagefilter_new_matrix_convolution>g____PInvoke|382_0(SKSizeI* __kernelSize_native, Single* __kernel_native, Single __gain_native, Single __bias_native, SKPointI* __kernelOffset_native, SKShaderTileMode __ctileMode_native, SByte __convolveAlpha_native, IntPtr __input_native, SKRect* __cropRect_native)
   at SkiaSharp.SkiaApi.<sk_imagefilter_new_matrix_convolution>g____PInvoke|382_0(SKSizeI* __kernelSize_native, Single* __kernel_native, Single __gain_native, Single __bias_native, SKPointI* __kernelOffset_native, SKShaderTileMode __ctileMode_native, SByte __convolveAlpha_native, IntPtr __input_native, SKRect* __cropRect_native)
   at SkiaSharp.SkiaApi.sk_imagefilter_new_matrix_convolution(SKSizeI* kernelSize, Single* kernel, Single gain, Single bias, SKPointI* kernelOffset, SKShaderTileMode ctileMode, Boolean convolveAlpha, IntPtr input, SKRect* cropRect)
   at SkiaSharp.SKImageFilter.CreateMatrixConvolution(SKSizeI kernelSize, ReadOnlySpan`1 kernel, Single gain, Single bias, SKPointI kernelOffset, SKShaderTileMode tileMode, Boolean convolveAlpha, SKImageFilter input, SKRect* cropRect)
   at SkiaSharp.SKImageFilter.CreateMatrixConvolution(SKSizeI kernelSize, ReadOnlySpan`1 kernel, Single gain, Single bias, SKPointI kernelOffset, SKShaderTileMode tileMode, Boolean convolveAlpha)
   at Jellyfin.Drawing.Skia.SkiaEncoder..cctor() in /root/jellyfin/src/Jellyfin.Drawing.Skia/SkiaEncoder.cs:line 53
  Failed Jellyfin.Server.Integration.Tests.Controllers.MediaStructureControllerTests.RenameVirtualFolder_NameDoesntExist_ReturnsNotFound [5 ms]
  Error Message:
   System.TypeInitializationException : The type initializer for 'Jellyfin.Drawing.Skia.SkiaEncoder' threw an exception.
---- System.DllNotFoundException : Unable to load shared library 'libSkiaSharp' or one of its dependencies. In order to help diagnose loading problems, consider using a tool like strace. If you're using glibc, consider setting the LD_DEBUG environment variable: 
libfontconfig.so.1: cannot open shared object file: No such file or directory
/usr/share/dotnet/shared/Microsoft.NETCore.App/9.0.6/libSkiaSharp.so: cannot open shared object file: No such file or directory
/root/jellyfin/tests/Jellyfin.Server.Integration.Tests/bin/Debug/net9.0/libSkiaSharp.so: cannot open shared object file: No such file or directory
/root/jellyfin/tests/Jellyfin.Server.Integration.Tests/bin/Debug/net9.0/runtimes/linux-x64/native/liblibSkiaSharp.so: cannot open shared object file: No such file or directory
/usr/share/dotnet/shared/Microsoft.NETCore.App/9.0.6/liblibSkiaSharp.so: cannot open shared object file: No such file or directory
/root/jellyfin/tests/Jellyfin.Server.Integration.Tests/bin/Debug/net9.0/liblibSkiaSharp.so: cannot open shared object file: No such file or directory
/root/jellyfin/tests/Jellyfin.Server.Integration.Tests/bin/Debug/net9.0/runtimes/linux-x64/native/libSkiaSharp: cannot open shared object file: No such file or directory
/usr/share/dotnet/shared/Microsoft.NETCore.App/9.0.6/libSkiaSharp: cannot open shared object file: No such file or directory
/root/jellyfin/tests/Jellyfin.Server.Integration.Tests/bin/Debug/net9.0/libSkiaSharp: cannot open shared object file: No such file or directory
/root/jellyfin/tests/Jellyfin.Server.Integration.Tests/bin/Debug/net9.0/runtimes/linux-x64/native/liblibSkiaSharp: cannot open shared object file: No such file or directory
/usr/share/dotnet/shared/Microsoft.NETCore.App/9.0.6/liblibSkiaSharp: cannot open shared object file: No such file or directory
/root/jellyfin/tests/Jellyfin.Server.Integration.Tests/bin/Debug/net9.0/liblibSkiaSharp: cannot open shared object file: No such file or directory

  Stack Trace:
     at Jellyfin.Drawing.Skia.SkiaEncoder.IsNativeLibAvailable() in /root/jellyfin/src/Jellyfin.Drawing.Skia/SkiaEncoder.cs:line 142
   at Jellyfin.Server.CoreAppHost.RegisterServices(IServiceCollection serviceCollection) in /root/jellyfin/Jellyfin.Server/CoreAppHost.cs:line 66
   at Emby.Server.Implementations.ApplicationHost.Init(IServiceCollection serviceCollection) in /root/jellyfin/Emby.Server.Implementations/ApplicationHost.cs:line 460
   at Jellyfin.Server.Integration.Tests.JellyfinApplicationFactory.<>c__DisplayClass4_0.<ConfigureWebHost>b__0(IServiceCollection services) in /root/jellyfin/tests/Jellyfin.Server.Integration.Tests/JellyfinApplicationFactory.cs:line 91
   at Microsoft.Extensions.Hosting.HostBuilder.InitializeServiceProvider()
   at Microsoft.Extensions.Hosting.HostBuilder.Build()
   at Jellyfin.Server.Integration.Tests.JellyfinApplicationFactory.CreateHost(IHostBuilder builder) in /root/jellyfin/tests/Jellyfin.Server.Integration.Tests/JellyfinApplicationFactory.cs:line 110
   at Microsoft.AspNetCore.Mvc.Testing.WebApplicationFactory`1.ConfigureHostBuilder(IHostBuilder hostBuilder)
   at Microsoft.AspNetCore.Mvc.Testing.WebApplicationFactory`1.EnsureServer()
   at Microsoft.AspNetCore.Mvc.Testing.WebApplicationFactory`1.CreateDefaultClient(DelegatingHandler[] handlers)
   at Microsoft.AspNetCore.Mvc.Testing.WebApplicationFactory`1.CreateDefaultClient(Uri baseAddress, DelegatingHandler[] handlers)
   at Microsoft.AspNetCore.Mvc.Testing.WebApplicationFactory`1.CreateClient(WebApplicationFactoryClientOptions options)
   at Microsoft.AspNetCore.Mvc.Testing.WebApplicationFactory`1.CreateClient()
   at Jellyfin.Server.Integration.Tests.Controllers.MediaStructureControllerTests.RenameVirtualFolder_NameDoesntExist_ReturnsNotFound() in /root/jellyfin/tests/Jellyfin.Server.Integration.Tests/Controllers/MediaStructureControllerTests.cs:line 52
--- End of stack trace from previous location ---
----- Inner Stack Trace -----
   at SkiaSharp.SkiaApi.<sk_imagefilter_new_matrix_convolution>g____PInvoke|382_0(SKSizeI* __kernelSize_native, Single* __kernel_native, Single __gain_native, Single __bias_native, SKPointI* __kernelOffset_native, SKShaderTileMode __ctileMode_native, SByte __convolveAlpha_native, IntPtr __input_native, SKRect* __cropRect_native)
   at SkiaSharp.SkiaApi.<sk_imagefilter_new_matrix_convolution>g____PInvoke|382_0(SKSizeI* __kernelSize_native, Single* __kernel_native, Single __gain_native, Single __bias_native, SKPointI* __kernelOffset_native, SKShaderTileMode __ctileMode_native, SByte __convolveAlpha_native, IntPtr __input_native, SKRect* __cropRect_native)
   at SkiaSharp.SkiaApi.sk_imagefilter_new_matrix_convolution(SKSizeI* kernelSize, Single* kernel, Single gain, Single bias, SKPointI* kernelOffset, SKShaderTileMode ctileMode, Boolean convolveAlpha, IntPtr input, SKRect* cropRect)
   at SkiaSharp.SKImageFilter.CreateMatrixConvolution(SKSizeI kernelSize, ReadOnlySpan`1 kernel, Single gain, Single bias, SKPointI kernelOffset, SKShaderTileMode tileMode, Boolean convolveAlpha, SKImageFilter input, SKRect* cropRect)
   at SkiaSharp.SKImageFilter.CreateMatrixConvolution(SKSizeI kernelSize, ReadOnlySpan`1 kernel, Single gain, Single bias, SKPointI kernelOffset, SKShaderTileMode tileMode, Boolean convolveAlpha)
   at Jellyfin.Drawing.Skia.SkiaEncoder..cctor() in /root/jellyfin/src/Jellyfin.Drawing.Skia/SkiaEncoder.cs:line 53
  Failed Jellyfin.Server.Integration.Tests.Controllers.MediaStructureControllerTests.RemoveMediaPath_PathDoesntExist_ReturnsNotFound [11 ms]
  Error Message:
   System.TypeInitializationException : The type initializer for 'Jellyfin.Drawing.Skia.SkiaEncoder' threw an exception.
---- System.DllNotFoundException : Unable to load shared library 'libSkiaSharp' or one of its dependencies. In order to help diagnose loading problems, consider using a tool like strace. If you're using glibc, consider setting the LD_DEBUG environment variable: 
libfontconfig.so.1: cannot open shared object file: No such file or directory
/usr/share/dotnet/shared/Microsoft.NETCore.App/9.0.6/libSkiaSharp.so: cannot open shared object file: No such file or directory
/root/jellyfin/tests/Jellyfin.Server.Integration.Tests/bin/Debug/net9.0/libSkiaSharp.so: cannot open shared object file: No such file or directory
/root/jellyfin/tests/Jellyfin.Server.Integration.Tests/bin/Debug/net9.0/runtimes/linux-x64/native/liblibSkiaSharp.so: cannot open shared object file: No such file or directory
/usr/share/dotnet/shared/Microsoft.NETCore.App/9.0.6/liblibSkiaSharp.so: cannot open shared object file: No such file or directory
/root/jellyfin/tests/Jellyfin.Server.Integration.Tests/bin/Debug/net9.0/liblibSkiaSharp.so: cannot open shared object file: No such file or directory
/root/jellyfin/tests/Jellyfin.Server.Integration.Tests/bin/Debug/net9.0/runtimes/linux-x64/native/libSkiaSharp: cannot open shared object file: No such file or directory
/usr/share/dotnet/shared/Microsoft.NETCore.App/9.0.6/libSkiaSharp: cannot open shared object file: No such file or directory
/root/jellyfin/tests/Jellyfin.Server.Integration.Tests/bin/Debug/net9.0/libSkiaSharp: cannot open shared object file: No such file or directory
/root/jellyfin/tests/Jellyfin.Server.Integration.Tests/bin/Debug/net9.0/runtimes/linux-x64/native/liblibSkiaSharp: cannot open shared object file: No such file or directory
/usr/share/dotnet/shared/Microsoft.NETCore.App/9.0.6/liblibSkiaSharp: cannot open shared object file: No such file or directory
/root/jellyfin/tests/Jellyfin.Server.Integration.Tests/bin/Debug/net9.0/liblibSkiaSharp: cannot open shared object file: No such file or directory

  Stack Trace:
     at Jellyfin.Drawing.Skia.SkiaEncoder.IsNativeLibAvailable() in /root/jellyfin/src/Jellyfin.Drawing.Skia/SkiaEncoder.cs:line 142
   at Jellyfin.Server.CoreAppHost.RegisterServices(IServiceCollection serviceCollection) in /root/jellyfin/Jellyfin.Server/CoreAppHost.cs:line 66
   at Emby.Server.Implementations.ApplicationHost.Init(IServiceCollection serviceCollection) in /root/jellyfin/Emby.Server.Implementations/ApplicationHost.cs:line 460
   at Jellyfin.Server.Integration.Tests.JellyfinApplicationFactory.<>c__DisplayClass4_0.<ConfigureWebHost>b__0(IServiceCollection services) in /root/jellyfin/tests/Jellyfin.Server.Integration.Tests/JellyfinApplicationFactory.cs:line 91
   at Microsoft.Extensions.Hosting.HostBuilder.InitializeServiceProvider()
   at Microsoft.Extensions.Hosting.HostBuilder.Build()
   at Jellyfin.Server.Integration.Tests.JellyfinApplicationFactory.CreateHost(IHostBuilder builder) in /root/jellyfin/tests/Jellyfin.Server.Integration.Tests/JellyfinApplicationFactory.cs:line 110
   at Microsoft.AspNetCore.Mvc.Testing.WebApplicationFactory`1.ConfigureHostBuilder(IHostBuilder hostBuilder)
   at Microsoft.AspNetCore.Mvc.Testing.WebApplicationFactory`1.EnsureServer()
   at Microsoft.AspNetCore.Mvc.Testing.WebApplicationFactory`1.CreateDefaultClient(DelegatingHandler[] handlers)
   at Microsoft.AspNetCore.Mvc.Testing.WebApplicationFactory`1.CreateDefaultClient(Uri baseAddress, DelegatingHandler[] handlers)
   at Microsoft.AspNetCore.Mvc.Testing.WebApplicationFactory`1.CreateClient(WebApplicationFactoryClientOptions options)
   at Microsoft.AspNetCore.Mvc.Testing.WebApplicationFactory`1.CreateClient()
   at Jellyfin.Server.Integration.Tests.Controllers.MediaStructureControllerTests.RemoveMediaPath_PathDoesntExist_ReturnsNotFound() in /root/jellyfin/tests/Jellyfin.Server.Integration.Tests/Controllers/MediaStructureControllerTests.cs:line 109
--- End of stack trace from previous location ---
----- Inner Stack Trace -----
   at SkiaSharp.SkiaApi.<sk_imagefilter_new_matrix_convolution>g____PInvoke|382_0(SKSizeI* __kernelSize_native, Single* __kernel_native, Single __gain_native, Single __bias_native, SKPointI* __kernelOffset_native, SKShaderTileMode __ctileMode_native, SByte __convolveAlpha_native, IntPtr __input_native, SKRect* __cropRect_native)
   at SkiaSharp.SkiaApi.<sk_imagefilter_new_matrix_convolution>g____PInvoke|382_0(SKSizeI* __kernelSize_native, Single* __kernel_native, Single __gain_native, Single __bias_native, SKPointI* __kernelOffset_native, SKShaderTileMode __ctileMode_native, SByte __convolveAlpha_native, IntPtr __input_native, SKRect* __cropRect_native)
   at SkiaSharp.SkiaApi.sk_imagefilter_new_matrix_convolution(SKSizeI* kernelSize, Single* kernel, Single gain, Single bias, SKPointI* kernelOffset, SKShaderTileMode ctileMode, Boolean convolveAlpha, IntPtr input, SKRect* cropRect)
   at SkiaSharp.SKImageFilter.CreateMatrixConvolution(SKSizeI kernelSize, ReadOnlySpan`1 kernel, Single gain, Single bias, SKPointI kernelOffset, SKShaderTileMode tileMode, Boolean convolveAlpha, SKImageFilter input, SKRect* cropRect)
   at SkiaSharp.SKImageFilter.CreateMatrixConvolution(SKSizeI kernelSize, ReadOnlySpan`1 kernel, Single gain, Single bias, SKPointI kernelOffset, SKShaderTileMode tileMode, Boolean convolveAlpha)
   at Jellyfin.Drawing.Skia.SkiaEncoder..cctor() in /root/jellyfin/src/Jellyfin.Drawing.Skia/SkiaEncoder.cs:line 53
  Failed Jellyfin.Server.Integration.Tests.Controllers.MediaStructureControllerTests.RenameVirtualFolder_WhiteSpaceName_ReturnsBadRequest [5 ms]
  Error Message:
   System.TypeInitializationException : The type initializer for 'Jellyfin.Drawing.Skia.SkiaEncoder' threw an exception.
---- System.DllNotFoundException : Unable to load shared library 'libSkiaSharp' or one of its dependencies. In order to help diagnose loading problems, consider using a tool like strace. If you're using glibc, consider setting the LD_DEBUG environment variable: 
libfontconfig.so.1: cannot open shared object file: No such file or directory
/usr/share/dotnet/shared/Microsoft.NETCore.App/9.0.6/libSkiaSharp.so: cannot open shared object file: No such file or directory
/root/jellyfin/tests/Jellyfin.Server.Integration.Tests/bin/Debug/net9.0/libSkiaSharp.so: cannot open shared object file: No such file or directory
/root/jellyfin/tests/Jellyfin.Server.Integration.Tests/bin/Debug/net9.0/runtimes/linux-x64/native/liblibSkiaSharp.so: cannot open shared object file: No such file or directory
/usr/share/dotnet/shared/Microsoft.NETCore.App/9.0.6/liblibSkiaSharp.so: cannot open shared object file: No such file or directory
/root/jellyfin/tests/Jellyfin.Server.Integration.Tests/bin/Debug/net9.0/liblibSkiaSharp.so: cannot open shared object file: No such file or directory
/root/jellyfin/tests/Jellyfin.Server.Integration.Tests/bin/Debug/net9.0/runtimes/linux-x64/native/libSkiaSharp: cannot open shared object file: No such file or directory
/usr/share/dotnet/shared/Microsoft.NETCore.App/9.0.6/libSkiaSharp: cannot open shared object file: No such file or directory
/root/jellyfin/tests/Jellyfin.Server.Integration.Tests/bin/Debug/net9.0/libSkiaSharp: cannot open shared object file: No such file or directory
/root/jellyfin/tests/Jellyfin.Server.Integration.Tests/bin/Debug/net9.0/runtimes/linux-x64/native/liblibSkiaSharp: cannot open shared object file: No such file or directory
/usr/share/dotnet/shared/Microsoft.NETCore.App/9.0.6/liblibSkiaSharp: cannot open shared object file: No such file or directory
/root/jellyfin/tests/Jellyfin.Server.Integration.Tests/bin/Debug/net9.0/liblibSkiaSharp: cannot open shared object file: No such file or directory

  Stack Trace:
     at Jellyfin.Drawing.Skia.SkiaEncoder.IsNativeLibAvailable() in /root/jellyfin/src/Jellyfin.Drawing.Skia/SkiaEncoder.cs:line 142
   at Jellyfin.Server.CoreAppHost.RegisterServices(IServiceCollection serviceCollection) in /root/jellyfin/Jellyfin.Server/CoreAppHost.cs:line 66
   at Emby.Server.Implementations.ApplicationHost.Init(IServiceCollection serviceCollection) in /root/jellyfin/Emby.Server.Implementations/ApplicationHost.cs:line 460
   at Jellyfin.Server.Integration.Tests.JellyfinApplicationFactory.<>c__DisplayClass4_0.<ConfigureWebHost>b__0(IServiceCollection services) in /root/jellyfin/tests/Jellyfin.Server.Integration.Tests/JellyfinApplicationFactory.cs:line 91
   at Microsoft.Extensions.Hosting.HostBuilder.InitializeServiceProvider()
   at Microsoft.Extensions.Hosting.HostBuilder.Build()
   at Jellyfin.Server.Integration.Tests.JellyfinApplicationFactory.CreateHost(IHostBuilder builder) in /root/jellyfin/tests/Jellyfin.Server.Integration.Tests/JellyfinApplicationFactory.cs:line 110
   at Microsoft.AspNetCore.Mvc.Testing.WebApplicationFactory`1.ConfigureHostBuilder(IHostBuilder hostBuilder)
   at Microsoft.AspNetCore.Mvc.Testing.WebApplicationFactory`1.EnsureServer()
   at Microsoft.AspNetCore.Mvc.Testing.WebApplicationFactory`1.CreateDefaultClient(DelegatingHandler[] handlers)
   at Microsoft.AspNetCore.Mvc.Testing.WebApplicationFactory`1.CreateDefaultClient(Uri baseAddress, DelegatingHandler[] handlers)
   at Microsoft.AspNetCore.Mvc.Testing.WebApplicationFactory`1.CreateClient(WebApplicationFactoryClientOptions options)
   at Microsoft.AspNetCore.Mvc.Testing.WebApplicationFactory`1.CreateClient()
   at Jellyfin.Server.Integration.Tests.Controllers.MediaStructureControllerTests.RenameVirtualFolder_WhiteSpaceName_ReturnsBadRequest() in /root/jellyfin/tests/Jellyfin.Server.Integration.Tests/Controllers/MediaStructureControllerTests.cs:line 28
--- End of stack trace from previous location ---
----- Inner Stack Trace -----
   at SkiaSharp.SkiaApi.<sk_imagefilter_new_matrix_convolution>g____PInvoke|382_0(SKSizeI* __kernelSize_native, Single* __kernel_native, Single __gain_native, Single __bias_native, SKPointI* __kernelOffset_native, SKShaderTileMode __ctileMode_native, SByte __convolveAlpha_native, IntPtr __input_native, SKRect* __cropRect_native)
   at SkiaSharp.SkiaApi.<sk_imagefilter_new_matrix_convolution>g____PInvoke|382_0(SKSizeI* __kernelSize_native, Single* __kernel_native, Single __gain_native, Single __bias_native, SKPointI* __kernelOffset_native, SKShaderTileMode __ctileMode_native, SByte __convolveAlpha_native, IntPtr __input_native, SKRect* __cropRect_native)
   at SkiaSharp.SkiaApi.sk_imagefilter_new_matrix_convolution(SKSizeI* kernelSize, Single* kernel, Single gain, Single bias, SKPointI* kernelOffset, SKShaderTileMode ctileMode, Boolean convolveAlpha, IntPtr input, SKRect* cropRect)
   at SkiaSharp.SKImageFilter.CreateMatrixConvolution(SKSizeI kernelSize, ReadOnlySpan`1 kernel, Single gain, Single bias, SKPointI kernelOffset, SKShaderTileMode tileMode, Boolean convolveAlpha, SKImageFilter input, SKRect* cropRect)
   at SkiaSharp.SKImageFilter.CreateMatrixConvolution(SKSizeI kernelSize, ReadOnlySpan`1 kernel, Single gain, Single bias, SKPointI kernelOffset, SKShaderTileMode tileMode, Boolean convolveAlpha)
   at Jellyfin.Drawing.Skia.SkiaEncoder..cctor() in /root/jellyfin/src/Jellyfin.Drawing.Skia/SkiaEncoder.cs:line 53
  Failed Jellyfin.Server.Integration.Tests.Controllers.UserLibraryControllerTests.GetItem_NonexistentItemId_NotFound(format: "Users/{0}/Items/{1}/Lyrics") [5 ms]
  Error Message:
   System.TypeInitializationException : The type initializer for 'Jellyfin.Drawing.Skia.SkiaEncoder' threw an exception.
---- System.DllNotFoundException : Unable to load shared library 'libSkiaSharp' or one of its dependencies. In order to help diagnose loading problems, consider using a tool like strace. If you're using glibc, consider setting the LD_DEBUG environment variable: 
libfontconfig.so.1: cannot open shared object file: No such file or directory
/usr/share/dotnet/shared/Microsoft.NETCore.App/9.0.6/libSkiaSharp.so: cannot open shared object file: No such file or directory
/root/jellyfin/tests/Jellyfin.Server.Integration.Tests/bin/Debug/net9.0/libSkiaSharp.so: cannot open shared object file: No such file or directory
/root/jellyfin/tests/Jellyfin.Server.Integration.Tests/bin/Debug/net9.0/runtimes/linux-x64/native/liblibSkiaSharp.so: cannot open shared object file: No such file or directory
/usr/share/dotnet/shared/Microsoft.NETCore.App/9.0.6/liblibSkiaSharp.so: cannot open shared object file: No such file or directory
/root/jellyfin/tests/Jellyfin.Server.Integration.Tests/bin/Debug/net9.0/liblibSkiaSharp.so: cannot open shared object file: No such file or directory
/root/jellyfin/tests/Jellyfin.Server.Integration.Tests/bin/Debug/net9.0/runtimes/linux-x64/native/libSkiaSharp: cannot open shared object file: No such file or directory
/usr/share/dotnet/shared/Microsoft.NETCore.App/9.0.6/libSkiaSharp: cannot open shared object file: No such file or directory
/root/jellyfin/tests/Jellyfin.Server.Integration.Tests/bin/Debug/net9.0/libSkiaSharp: cannot open shared object file: No such file or directory
/root/jellyfin/tests/Jellyfin.Server.Integration.Tests/bin/Debug/net9.0/runtimes/linux-x64/native/liblibSkiaSharp: cannot open shared object file: No such file or directory
/usr/share/dotnet/shared/Microsoft.NETCore.App/9.0.6/liblibSkiaSharp: cannot open shared object file: No such file or directory
/root/jellyfin/tests/Jellyfin.Server.Integration.Tests/bin/Debug/net9.0/liblibSkiaSharp: cannot open shared object file: No such file or directory

  Stack Trace:
     at Jellyfin.Drawing.Skia.SkiaEncoder.IsNativeLibAvailable() in /root/jellyfin/src/Jellyfin.Drawing.Skia/SkiaEncoder.cs:line 142
   at Jellyfin.Server.CoreAppHost.RegisterServices(IServiceCollection serviceCollection) in /root/jellyfin/Jellyfin.Server/CoreAppHost.cs:line 66
   at Emby.Server.Implementations.ApplicationHost.Init(IServiceCollection serviceCollection) in /root/jellyfin/Emby.Server.Implementations/ApplicationHost.cs:line 460
   at Jellyfin.Server.Integration.Tests.JellyfinApplicationFactory.<>c__DisplayClass4_0.<ConfigureWebHost>b__0(IServiceCollection services) in /root/jellyfin/tests/Jellyfin.Server.Integration.Tests/JellyfinApplicationFactory.cs:line 91
   at Microsoft.Extensions.Hosting.HostBuilder.InitializeServiceProvider()
   at Microsoft.Extensions.Hosting.HostBuilder.Build()
   at Jellyfin.Server.Integration.Tests.JellyfinApplicationFactory.CreateHost(IHostBuilder builder) in /root/jellyfin/tests/Jellyfin.Server.Integration.Tests/JellyfinApplicationFactory.cs:line 110
   at Microsoft.AspNetCore.Mvc.Testing.WebApplicationFactory`1.ConfigureHostBuilder(IHostBuilder hostBuilder)
   at Microsoft.AspNetCore.Mvc.Testing.WebApplicationFactory`1.EnsureServer()
   at Microsoft.AspNetCore.Mvc.Testing.WebApplicationFactory`1.CreateDefaultClient(DelegatingHandler[] handlers)
   at Microsoft.AspNetCore.Mvc.Testing.WebApplicationFactory`1.CreateDefaultClient(Uri baseAddress, DelegatingHandler[] handlers)
   at Microsoft.AspNetCore.Mvc.Testing.WebApplicationFactory`1.CreateClient(WebApplicationFactoryClientOptions options)
   at Microsoft.AspNetCore.Mvc.Testing.WebApplicationFactory`1.CreateClient()
   at Jellyfin.Server.Integration.Tests.Controllers.UserLibraryControllerTests.GetItem_NonexistentItemId_NotFound(String format) in /root/jellyfin/tests/Jellyfin.Server.Integration.Tests/Controllers/UserLibraryControllerTests.cs:line 69
--- End of stack trace from previous location ---
----- Inner Stack Trace -----
   at SkiaSharp.SkiaApi.<sk_imagefilter_new_matrix_convolution>g____PInvoke|382_0(SKSizeI* __kernelSize_native, Single* __kernel_native, Single __gain_native, Single __bias_native, SKPointI* __kernelOffset_native, SKShaderTileMode __ctileMode_native, SByte __convolveAlpha_native, IntPtr __input_native, SKRect* __cropRect_native)
   at SkiaSharp.SkiaApi.<sk_imagefilter_new_matrix_convolution>g____PInvoke|382_0(SKSizeI* __kernelSize_native, Single* __kernel_native, Single __gain_native, Single __bias_native, SKPointI* __kernelOffset_native, SKShaderTileMode __ctileMode_native, SByte __convolveAlpha_native, IntPtr __input_native, SKRect* __cropRect_native)
   at SkiaSharp.SkiaApi.sk_imagefilter_new_matrix_convolution(SKSizeI* kernelSize, Single* kernel, Single gain, Single bias, SKPointI* kernelOffset, SKShaderTileMode ctileMode, Boolean convolveAlpha, IntPtr input, SKRect* cropRect)
   at SkiaSharp.SKImageFilter.CreateMatrixConvolution(SKSizeI kernelSize, ReadOnlySpan`1 kernel, Single gain, Single bias, SKPointI kernelOffset, SKShaderTileMode tileMode, Boolean convolveAlpha, SKImageFilter input, SKRect* cropRect)
   at SkiaSharp.SKImageFilter.CreateMatrixConvolution(SKSizeI kernelSize, ReadOnlySpan`1 kernel, Single gain, Single bias, SKPointI kernelOffset, SKShaderTileMode tileMode, Boolean convolveAlpha)
   at Jellyfin.Drawing.Skia.SkiaEncoder..cctor() in /root/jellyfin/src/Jellyfin.Drawing.Skia/SkiaEncoder.cs:line 53
  Failed Jellyfin.Server.Integration.Tests.Controllers.UserLibraryControllerTests.GetItem_NonexistentItemId_NotFound(format: "Users/{0}/Items/{1}") [5 ms]
  Error Message:
   System.TypeInitializationException : The type initializer for 'Jellyfin.Drawing.Skia.SkiaEncoder' threw an exception.
---- System.DllNotFoundException : Unable to load shared library 'libSkiaSharp' or one of its dependencies. In order to help diagnose loading problems, consider using a tool like strace. If you're using glibc, consider setting the LD_DEBUG environment variable: 
libfontconfig.so.1: cannot open shared object file: No such file or directory
/usr/share/dotnet/shared/Microsoft.NETCore.App/9.0.6/libSkiaSharp.so: cannot open shared object file: No such file or directory
/root/jellyfin/tests/Jellyfin.Server.Integration.Tests/bin/Debug/net9.0/libSkiaSharp.so: cannot open shared object file: No such file or directory
/root/jellyfin/tests/Jellyfin.Server.Integration.Tests/bin/Debug/net9.0/runtimes/linux-x64/native/liblibSkiaSharp.so: cannot open shared object file: No such file or directory
/usr/share/dotnet/shared/Microsoft.NETCore.App/9.0.6/liblibSkiaSharp.so: cannot open shared object file: No such file or directory
/root/jellyfin/tests/Jellyfin.Server.Integration.Tests/bin/Debug/net9.0/liblibSkiaSharp.so: cannot open shared object file: No such file or directory
/root/jellyfin/tests/Jellyfin.Server.Integration.Tests/bin/Debug/net9.0/runtimes/linux-x64/native/libSkiaSharp: cannot open shared object file: No such file or directory
/usr/share/dotnet/shared/Microsoft.NETCore.App/9.0.6/libSkiaSharp: cannot open shared object file: No such file or directory
/root/jellyfin/tests/Jellyfin.Server.Integration.Tests/bin/Debug/net9.0/libSkiaSharp: cannot open shared object file: No such file or directory
/root/jellyfin/tests/Jellyfin.Server.Integration.Tests/bin/Debug/net9.0/runtimes/linux-x64/native/liblibSkiaSharp: cannot open shared object file: No such file or directory
/usr/share/dotnet/shared/Microsoft.NETCore.App/9.0.6/liblibSkiaSharp: cannot open shared object file: No such file or directory
/root/jellyfin/tests/Jellyfin.Server.Integration.Tests/bin/Debug/net9.0/liblibSkiaSharp: cannot open shared object file: No such file or directory

  Stack Trace:
     at Jellyfin.Drawing.Skia.SkiaEncoder.IsNativeLibAvailable() in /root/jellyfin/src/Jellyfin.Drawing.Skia/SkiaEncoder.cs:line 142
   at Jellyfin.Server.CoreAppHost.RegisterServices(IServiceCollection serviceCollection) in /root/jellyfin/Jellyfin.Server/CoreAppHost.cs:line 66
   at Emby.Server.Implementations.ApplicationHost.Init(IServiceCollection serviceCollection) in /root/jellyfin/Emby.Server.Implementations/ApplicationHost.cs:line 460
   at Jellyfin.Server.Integration.Tests.JellyfinApplicationFactory.<>c__DisplayClass4_0.<ConfigureWebHost>b__0(IServiceCollection services) in /root/jellyfin/tests/Jellyfin.Server.Integration.Tests/JellyfinApplicationFactory.cs:line 91
   at Microsoft.Extensions.Hosting.HostBuilder.InitializeServiceProvider()
   at Microsoft.Extensions.Hosting.HostBuilder.Build()
   at Jellyfin.Server.Integration.Tests.JellyfinApplicationFactory.CreateHost(IHostBuilder builder) in /root/jellyfin/tests/Jellyfin.Server.Integration.Tests/JellyfinApplicationFactory.cs:line 110
   at Microsoft.AspNetCore.Mvc.Testing.WebApplicationFactory`1.ConfigureHostBuilder(IHostBuilder hostBuilder)
   at Microsoft.AspNetCore.Mvc.Testing.WebApplicationFactory`1.EnsureServer()
   at Microsoft.AspNetCore.Mvc.Testing.WebApplicationFactory`1.CreateDefaultClient(DelegatingHandler[] handlers)
   at Microsoft.AspNetCore.Mvc.Testing.WebApplicationFactory`1.CreateDefaultClient(Uri baseAddress, DelegatingHandler[] handlers)
   at Microsoft.AspNetCore.Mvc.Testing.WebApplicationFactory`1.CreateClient(WebApplicationFactoryClientOptions options)
   at Microsoft.AspNetCore.Mvc.Testing.WebApplicationFactory`1.CreateClient()
   at Jellyfin.Server.Integration.Tests.Controllers.UserLibraryControllerTests.GetItem_NonexistentItemId_NotFound(String format) in /root/jellyfin/tests/Jellyfin.Server.Integration.Tests/Controllers/UserLibraryControllerTests.cs:line 69
--- End of stack trace from previous location ---
----- Inner Stack Trace -----
   at SkiaSharp.SkiaApi.<sk_imagefilter_new_matrix_convolution>g____PInvoke|382_0(SKSizeI* __kernelSize_native, Single* __kernel_native, Single __gain_native, Single __bias_native, SKPointI* __kernelOffset_native, SKShaderTileMode __ctileMode_native, SByte __convolveAlpha_native, IntPtr __input_native, SKRect* __cropRect_native)
   at SkiaSharp.SkiaApi.<sk_imagefilter_new_matrix_convolution>g____PInvoke|382_0(SKSizeI* __kernelSize_native, Single* __kernel_native, Single __gain_native, Single __bias_native, SKPointI* __kernelOffset_native, SKShaderTileMode __ctileMode_native, SByte __convolveAlpha_native, IntPtr __input_native, SKRect* __cropRect_native)
   at SkiaSharp.SkiaApi.sk_imagefilter_new_matrix_convolution(SKSizeI* kernelSize, Single* kernel, Single gain, Single bias, SKPointI* kernelOffset, SKShaderTileMode ctileMode, Boolean convolveAlpha, IntPtr input, SKRect* cropRect)
   at SkiaSharp.SKImageFilter.CreateMatrixConvolution(SKSizeI kernelSize, ReadOnlySpan`1 kernel, Single gain, Single bias, SKPointI kernelOffset, SKShaderTileMode tileMode, Boolean convolveAlpha, SKImageFilter input, SKRect* cropRect)
   at SkiaSharp.SKImageFilter.CreateMatrixConvolution(SKSizeI kernelSize, ReadOnlySpan`1 kernel, Single gain, Single bias, SKPointI kernelOffset, SKShaderTileMode tileMode, Boolean convolveAlpha)
   at Jellyfin.Drawing.Skia.SkiaEncoder..cctor() in /root/jellyfin/src/Jellyfin.Drawing.Skia/SkiaEncoder.cs:line 53
[xUnit.net 00:00:01.02]     Jellyfin.Server.Integration.Tests.Controllers.UserLibraryControllerTests.GetIntros_UserIdAndItemId_Valid [SKIP]
  Failed Jellyfin.Server.Integration.Tests.Controllers.UserLibraryControllerTests.GetItem_NonexistentItemId_NotFound(format: "Users/{0}/Items/{1}/Intros") [5 ms]
  Error Message:
   System.TypeInitializationException : The type initializer for 'Jellyfin.Drawing.Skia.SkiaEncoder' threw an exception.
---- System.DllNotFoundException : Unable to load shared library 'libSkiaSharp' or one of its dependencies. In order to help diagnose loading problems, consider using a tool like strace. If you're using glibc, consider setting the LD_DEBUG environment variable: 
libfontconfig.so.1: cannot open shared object file: No such file or directory
/usr/share/dotnet/shared/Microsoft.NETCore.App/9.0.6/libSkiaSharp.so: cannot open shared object file: No such file or directory
/root/jellyfin/tests/Jellyfin.Server.Integration.Tests/bin/Debug/net9.0/libSkiaSharp.so: cannot open shared object file: No such file or directory
/root/jellyfin/tests/Jellyfin.Server.Integration.Tests/bin/Debug/net9.0/runtimes/linux-x64/native/liblibSkiaSharp.so: cannot open shared object file: No such file or directory
/usr/share/dotnet/shared/Microsoft.NETCore.App/9.0.6/liblibSkiaSharp.so: cannot open shared object file: No such file or directory
/root/jellyfin/tests/Jellyfin.Server.Integration.Tests/bin/Debug/net9.0/liblibSkiaSharp.so: cannot open shared object file: No such file or directory
/root/jellyfin/tests/Jellyfin.Server.Integration.Tests/bin/Debug/net9.0/runtimes/linux-x64/native/libSkiaSharp: cannot open shared object file: No such file or directory
/usr/share/dotnet/shared/Microsoft.NETCore.App/9.0.6/libSkiaSharp: cannot open shared object file: No such file or directory
/root/jellyfin/tests/Jellyfin.Server.Integration.Tests/bin/Debug/net9.0/libSkiaSharp: cannot open shared object file: No such file or directory
/root/jellyfin/tests/Jellyfin.Server.Integration.Tests/bin/Debug/net9.0/runtimes/linux-x64/native/liblibSkiaSharp: cannot open shared object file: No such file or directory
/usr/share/dotnet/shared/Microsoft.NETCore.App/9.0.6/liblibSkiaSharp: cannot open shared object file: No such file or directory
/root/jellyfin/tests/Jellyfin.Server.Integration.Tests/bin/Debug/net9.0/liblibSkiaSharp: cannot open shared object file: No such file or directory

  Stack Trace:
     at Jellyfin.Drawing.Skia.SkiaEncoder.IsNativeLibAvailable() in /root/jellyfin/src/Jellyfin.Drawing.Skia/SkiaEncoder.cs:line 142
   at Jellyfin.Server.CoreAppHost.RegisterServices(IServiceCollection serviceCollection) in /root/jellyfin/Jellyfin.Server/CoreAppHost.cs:line 66
   at Emby.Server.Implementations.ApplicationHost.Init(IServiceCollection serviceCollection) in /root/jellyfin/Emby.Server.Implementations/ApplicationHost.cs:line 460
   at Jellyfin.Server.Integration.Tests.JellyfinApplicationFactory.<>c__DisplayClass4_0.<ConfigureWebHost>b__0(IServiceCollection services) in /root/jellyfin/tests/Jellyfin.Server.Integration.Tests/JellyfinApplicationFactory.cs:line 91
   at Microsoft.Extensions.Hosting.HostBuilder.InitializeServiceProvider()
   at Microsoft.Extensions.Hosting.HostBuilder.Build()
   at Jellyfin.Server.Integration.Tests.JellyfinApplicationFactory.CreateHost(IHostBuilder builder) in /root/jellyfin/tests/Jellyfin.Server.Integration.Tests/JellyfinApplicationFactory.cs:line 110
   at Microsoft.AspNetCore.Mvc.Testing.WebApplicationFactory`1.ConfigureHostBuilder(IHostBuilder hostBuilder)
   at Microsoft.AspNetCore.Mvc.Testing.WebApplicationFactory`1.EnsureServer()
   at Microsoft.AspNetCore.Mvc.Testing.WebApplicationFactory`1.CreateDefaultClient(DelegatingHandler[] handlers)
   at Microsoft.AspNetCore.Mvc.Testing.WebApplicationFactory`1.CreateDefaultClient(Uri baseAddress, DelegatingHandler[] handlers)
   at Microsoft.AspNetCore.Mvc.Testing.WebApplicationFactory`1.CreateClient(WebApplicationFactoryClientOptions options)
   at Microsoft.AspNetCore.Mvc.Testing.WebApplicationFactory`1.CreateClient()
   at Jellyfin.Server.Integration.Tests.Controllers.UserLibraryControllerTests.GetItem_NonexistentItemId_NotFound(String format) in /root/jellyfin/tests/Jellyfin.Server.Integration.Tests/Controllers/UserLibraryControllerTests.cs:line 69
--- End of stack trace from previous location ---
----- Inner Stack Trace -----
   at SkiaSharp.SkiaApi.<sk_imagefilter_new_matrix_convolution>g____PInvoke|382_0(SKSizeI* __kernelSize_native, Single* __kernel_native, Single __gain_native, Single __bias_native, SKPointI* __kernelOffset_native, SKShaderTileMode __ctileMode_native, SByte __convolveAlpha_native, IntPtr __input_native, SKRect* __cropRect_native)
   at SkiaSharp.SkiaApi.<sk_imagefilter_new_matrix_convolution>g____PInvoke|382_0(SKSizeI* __kernelSize_native, Single* __kernel_native, Single __gain_native, Single __bias_native, SKPointI* __kernelOffset_native, SKShaderTileMode __ctileMode_native, SByte __convolveAlpha_native, IntPtr __input_native, SKRect* __cropRect_native)
   at SkiaSharp.SkiaApi.sk_imagefilter_new_matrix_convolution(SKSizeI* kernelSize, Single* kernel, Single gain, Single bias, SKPointI* kernelOffset, SKShaderTileMode ctileMode, Boolean convolveAlpha, IntPtr input, SKRect* cropRect)
   at SkiaSharp.SKImageFilter.CreateMatrixConvolution(SKSizeI kernelSize, ReadOnlySpan`1 kernel, Single gain, Single bias, SKPointI kernelOffset, SKShaderTileMode tileMode, Boolean convolveAlpha, SKImageFilter input, SKRect* cropRect)
   at SkiaSharp.SKImageFilter.CreateMatrixConvolution(SKSizeI kernelSize, ReadOnlySpan`1 kernel, Single gain, Single bias, SKPointI kernelOffset, SKShaderTileMode tileMode, Boolean convolveAlpha)
   at Jellyfin.Drawing.Skia.SkiaEncoder..cctor() in /root/jellyfin/src/Jellyfin.Drawing.Skia/SkiaEncoder.cs:line 53
  Failed Jellyfin.Server.Integration.Tests.Controllers.UserLibraryControllerTests.GetItem_NonexistentItemId_NotFound(format: "Users/{0}/Items/{1}/LocalTrailers") [4 ms]
  Error Message:
   System.TypeInitializationException : The type initializer for 'Jellyfin.Drawing.Skia.SkiaEncoder' threw an exception.
---- System.DllNotFoundException : Unable to load shared library 'libSkiaSharp' or one of its dependencies. In order to help diagnose loading problems, consider using a tool like strace. If you're using glibc, consider setting the LD_DEBUG environment variable: 
libfontconfig.so.1: cannot open shared object file: No such file or directory
/usr/share/dotnet/shared/Microsoft.NETCore.App/9.0.6/libSkiaSharp.so: cannot open shared object file: No such file or directory
/root/jellyfin/tests/Jellyfin.Server.Integration.Tests/bin/Debug/net9.0/libSkiaSharp.so: cannot open shared object file: No such file or directory
/root/jellyfin/tests/Jellyfin.Server.Integration.Tests/bin/Debug/net9.0/runtimes/linux-x64/native/liblibSkiaSharp.so: cannot open shared object file: No such file or directory
/usr/share/dotnet/shared/Microsoft.NETCore.App/9.0.6/liblibSkiaSharp.so: cannot open shared object file: No such file or directory
/root/jellyfin/tests/Jellyfin.Server.Integration.Tests/bin/Debug/net9.0/liblibSkiaSharp.so: cannot open shared object file: No such file or directory
/root/jellyfin/tests/Jellyfin.Server.Integration.Tests/bin/Debug/net9.0/runtimes/linux-x64/native/libSkiaSharp: cannot open shared object file: No such file or directory
/usr/share/dotnet/shared/Microsoft.NETCore.App/9.0.6/libSkiaSharp: cannot open shared object file: No such file or directory
/root/jellyfin/tests/Jellyfin.Server.Integration.Tests/bin/Debug/net9.0/libSkiaSharp: cannot open shared object file: No such file or directory
/root/jellyfin/tests/Jellyfin.Server.Integration.Tests/bin/Debug/net9.0/runtimes/linux-x64/native/liblibSkiaSharp: cannot open shared object file: No such file or directory
/usr/share/dotnet/shared/Microsoft.NETCore.App/9.0.6/liblibSkiaSharp: cannot open shared object file: No such file or directory
/root/jellyfin/tests/Jellyfin.Server.Integration.Tests/bin/Debug/net9.0/liblibSkiaSharp: cannot open shared object file: No such file or directory

  Stack Trace:
     at Jellyfin.Drawing.Skia.SkiaEncoder.IsNativeLibAvailable() in /root/jellyfin/src/Jellyfin.Drawing.Skia/SkiaEncoder.cs:line 142
   at Jellyfin.Server.CoreAppHost.RegisterServices(IServiceCollection serviceCollection) in /root/jellyfin/Jellyfin.Server/CoreAppHost.cs:line 66
   at Emby.Server.Implementations.ApplicationHost.Init(IServiceCollection serviceCollection) in /root/jellyfin/Emby.Server.Implementations/ApplicationHost.cs:line 460
   at Jellyfin.Server.Integration.Tests.JellyfinApplicationFactory.<>c__DisplayClass4_0.<ConfigureWebHost>b__0(IServiceCollection services) in /root/jellyfin/tests/Jellyfin.Server.Integration.Tests/JellyfinApplicationFactory.cs:line 91
   at Microsoft.Extensions.Hosting.HostBuilder.InitializeServiceProvider()
   at Microsoft.Extensions.Hosting.HostBuilder.Build()
   at Jellyfin.Server.Integration.Tests.JellyfinApplicationFactory.CreateHost(IHostBuilder builder) in /root/jellyfin/tests/Jellyfin.Server.Integration.Tests/JellyfinApplicationFactory.cs:line 110
   at Microsoft.AspNetCore.Mvc.Testing.WebApplicationFactory`1.ConfigureHostBuilder(IHostBuilder hostBuilder)
   at Microsoft.AspNetCore.Mvc.Testing.WebApplicationFactory`1.EnsureServer()
   at Microsoft.AspNetCore.Mvc.Testing.WebApplicationFactory`1.CreateDefaultClient(DelegatingHandler[] handlers)
   at Microsoft.AspNetCore.Mvc.Testing.WebApplicationFactory`1.CreateDefaultClient(Uri baseAddress, DelegatingHandler[] handlers)
   at Microsoft.AspNetCore.Mvc.Testing.WebApplicationFactory`1.CreateClient(WebApplicationFactoryClientOptions options)
   at Microsoft.AspNetCore.Mvc.Testing.WebApplicationFactory`1.CreateClient()
   at Jellyfin.Server.Integration.Tests.Controllers.UserLibraryControllerTests.GetItem_NonexistentItemId_NotFound(String format) in /root/jellyfin/tests/Jellyfin.Server.Integration.Tests/Controllers/UserLibraryControllerTests.cs:line 69
--- End of stack trace from previous location ---
----- Inner Stack Trace -----
   at SkiaSharp.SkiaApi.<sk_imagefilter_new_matrix_convolution>g____PInvoke|382_0(SKSizeI* __kernelSize_native, Single* __kernel_native, Single __gain_native, Single __bias_native, SKPointI* __kernelOffset_native, SKShaderTileMode __ctileMode_native, SByte __convolveAlpha_native, IntPtr __input_native, SKRect* __cropRect_native)
   at SkiaSharp.SkiaApi.<sk_imagefilter_new_matrix_convolution>g____PInvoke|382_0(SKSizeI* __kernelSize_native, Single* __kernel_native, Single __gain_native, Single __bias_native, SKPointI* __kernelOffset_native, SKShaderTileMode __ctileMode_native, SByte __convolveAlpha_native, IntPtr __input_native, SKRect* __cropRect_native)
   at SkiaSharp.SkiaApi.sk_imagefilter_new_matrix_convolution(SKSizeI* kernelSize, Single* kernel, Single gain, Single bias, SKPointI* kernelOffset, SKShaderTileMode ctileMode, Boolean convolveAlpha, IntPtr input, SKRect* cropRect)
   at SkiaSharp.SKImageFilter.CreateMatrixConvolution(SKSizeI kernelSize, ReadOnlySpan`1 kernel, Single gain, Single bias, SKPointI kernelOffset, SKShaderTileMode tileMode, Boolean convolveAlpha, SKImageFilter input, SKRect* cropRect)
   at SkiaSharp.SKImageFilter.CreateMatrixConvolution(SKSizeI kernelSize, ReadOnlySpan`1 kernel, Single gain, Single bias, SKPointI kernelOffset, SKShaderTileMode tileMode, Boolean convolveAlpha)
   at Jellyfin.Drawing.Skia.SkiaEncoder..cctor() in /root/jellyfin/src/Jellyfin.Drawing.Skia/SkiaEncoder.cs:line 53
  Failed Jellyfin.Server.Integration.Tests.Controllers.UserLibraryControllerTests.GetItem_NonexistentItemId_NotFound(format: "Users/{0}/Items/{1}/SpecialFeatures") [3 ms]
  Error Message:
   System.TypeInitializationException : The type initializer for 'Jellyfin.Drawing.Skia.SkiaEncoder' threw an exception.
---- System.DllNotFoundException : Unable to load shared library 'libSkiaSharp' or one of its dependencies. In order to help diagnose loading problems, consider using a tool like strace. If you're using glibc, consider setting the LD_DEBUG environment variable: 
libfontconfig.so.1: cannot open shared object file: No such file or directory
/usr/share/dotnet/shared/Microsoft.NETCore.App/9.0.6/libSkiaSharp.so: cannot open shared object file: No such file or directory
/root/jellyfin/tests/Jellyfin.Server.Integration.Tests/bin/Debug/net9.0/libSkiaSharp.so: cannot open shared object file: No such file or directory
/root/jellyfin/tests/Jellyfin.Server.Integration.Tests/bin/Debug/net9.0/runtimes/linux-x64/native/liblibSkiaSharp.so: cannot open shared object file: No such file or directory
/usr/share/dotnet/shared/Microsoft.NETCore.App/9.0.6/liblibSkiaSharp.so: cannot open shared object file: No such file or directory
/root/jellyfin/tests/Jellyfin.Server.Integration.Tests/bin/Debug/net9.0/liblibSkiaSharp.so: cannot open shared object file: No such file or directory
/root/jellyfin/tests/Jellyfin.Server.Integration.Tests/bin/Debug/net9.0/runtimes/linux-x64/native/libSkiaSharp: cannot open shared object file: No such file or directory
/usr/share/dotnet/shared/Microsoft.NETCore.App/9.0.6/libSkiaSharp: cannot open shared object file: No such file or directory
/root/jellyfin/tests/Jellyfin.Server.Integration.Tests/bin/Debug/net9.0/libSkiaSharp: cannot open shared object file: No such file or directory
/root/jellyfin/tests/Jellyfin.Server.Integration.Tests/bin/Debug/net9.0/runtimes/linux-x64/native/liblibSkiaSharp: cannot open shared object file: No such file or directory
/usr/share/dotnet/shared/Microsoft.NETCore.App/9.0.6/liblibSkiaSharp: cannot open shared object file: No such file or directory
/root/jellyfin/tests/Jellyfin.Server.Integration.Tests/bin/Debug/net9.0/liblibSkiaSharp: cannot open shared object file: No such file or directory

  Stack Trace:
     at Jellyfin.Drawing.Skia.SkiaEncoder.IsNativeLibAvailable() in /root/jellyfin/src/Jellyfin.Drawing.Skia/SkiaEncoder.cs:line 142
   at Jellyfin.Server.CoreAppHost.RegisterServices(IServiceCollection serviceCollection) in /root/jellyfin/Jellyfin.Server/CoreAppHost.cs:line 66
   at Emby.Server.Implementations.ApplicationHost.Init(IServiceCollection serviceCollection) in /root/jellyfin/Emby.Server.Implementations/ApplicationHost.cs:line 460
   at Jellyfin.Server.Integration.Tests.JellyfinApplicationFactory.<>c__DisplayClass4_0.<ConfigureWebHost>b__0(IServiceCollection services) in /root/jellyfin/tests/Jellyfin.Server.Integration.Tests/JellyfinApplicationFactory.cs:line 91
   at Microsoft.Extensions.Hosting.HostBuilder.InitializeServiceProvider()
   at Microsoft.Extensions.Hosting.HostBuilder.Build()
   at Jellyfin.Server.Integration.Tests.JellyfinApplicationFactory.CreateHost(IHostBuilder builder) in /root/jellyfin/tests/Jellyfin.Server.Integration.Tests/JellyfinApplicationFactory.cs:line 110
   at Microsoft.AspNetCore.Mvc.Testing.WebApplicationFactory`1.ConfigureHostBuilder(IHostBuilder hostBuilder)
   at Microsoft.AspNetCore.Mvc.Testing.WebApplicationFactory`1.EnsureServer()
   at Microsoft.AspNetCore.Mvc.Testing.WebApplicationFactory`1.CreateDefaultClient(DelegatingHandler[] handlers)
   at Microsoft.AspNetCore.Mvc.Testing.WebApplicationFactory`1.CreateDefaultClient(Uri baseAddress, DelegatingHandler[] handlers)
   at Microsoft.AspNetCore.Mvc.Testing.WebApplicationFactory`1.CreateClient(WebApplicationFactoryClientOptions options)
   at Microsoft.AspNetCore.Mvc.Testing.WebApplicationFactory`1.CreateClient()
   at Jellyfin.Server.Integration.Tests.Controllers.UserLibraryControllerTests.GetItem_NonexistentItemId_NotFound(String format) in /root/jellyfin/tests/Jellyfin.Server.Integration.Tests/Controllers/UserLibraryControllerTests.cs:line 69
--- End of stack trace from previous location ---
----- Inner Stack Trace -----
   at SkiaSharp.SkiaApi.<sk_imagefilter_new_matrix_convolution>g____PInvoke|382_0(SKSizeI* __kernelSize_native, Single* __kernel_native, Single __gain_native, Single __bias_native, SKPointI* __kernelOffset_native, SKShaderTileMode __ctileMode_native, SByte __convolveAlpha_native, IntPtr __input_native, SKRect* __cropRect_native)
   at SkiaSharp.SkiaApi.<sk_imagefilter_new_matrix_convolution>g____PInvoke|382_0(SKSizeI* __kernelSize_native, Single* __kernel_native, Single __gain_native, Single __bias_native, SKPointI* __kernelOffset_native, SKShaderTileMode __ctileMode_native, SByte __convolveAlpha_native, IntPtr __input_native, SKRect* __cropRect_native)
   at SkiaSharp.SkiaApi.sk_imagefilter_new_matrix_convolution(SKSizeI* kernelSize, Single* kernel, Single gain, Single bias, SKPointI* kernelOffset, SKShaderTileMode ctileMode, Boolean convolveAlpha, IntPtr input, SKRect* cropRect)
   at SkiaSharp.SKImageFilter.CreateMatrixConvolution(SKSizeI kernelSize, ReadOnlySpan`1 kernel, Single gain, Single bias, SKPointI kernelOffset, SKShaderTileMode tileMode, Boolean convolveAlpha, SKImageFilter input, SKRect* cropRect)
   at SkiaSharp.SKImageFilter.CreateMatrixConvolution(SKSizeI kernelSize, ReadOnlySpan`1 kernel, Single gain, Single bias, SKPointI kernelOffset, SKShaderTileMode tileMode, Boolean convolveAlpha)
   at Jellyfin.Drawing.Skia.SkiaEncoder..cctor() in /root/jellyfin/src/Jellyfin.Drawing.Skia/SkiaEncoder.cs:line 53
  Failed Jellyfin.Server.Integration.Tests.Controllers.UserLibraryControllerTests.GetItem_NonexistentUserId_NotFound(format: "Users/{0}/Items/{1}/Intros") [4 ms]
  Error Message:
   System.TypeInitializationException : The type initializer for 'Jellyfin.Drawing.Skia.SkiaEncoder' threw an exception.
---- System.DllNotFoundException : Unable to load shared library 'libSkiaSharp' or one of its dependencies. In order to help diagnose loading problems, consider using a tool like strace. If you're using glibc, consider setting the LD_DEBUG environment variable: 
libfontconfig.so.1: cannot open shared object file: No such file or directory
/usr/share/dotnet/shared/Microsoft.NETCore.App/9.0.6/libSkiaSharp.so: cannot open shared object file: No such file or directory
/root/jellyfin/tests/Jellyfin.Server.Integration.Tests/bin/Debug/net9.0/libSkiaSharp.so: cannot open shared object file: No such file or directory
/root/jellyfin/tests/Jellyfin.Server.Integration.Tests/bin/Debug/net9.0/runtimes/linux-x64/native/liblibSkiaSharp.so: cannot open shared object file: No such file or directory
/usr/share/dotnet/shared/Microsoft.NETCore.App/9.0.6/liblibSkiaSharp.so: cannot open shared object file: No such file or directory
/root/jellyfin/tests/Jellyfin.Server.Integration.Tests/bin/Debug/net9.0/liblibSkiaSharp.so: cannot open shared object file: No such file or directory
/root/jellyfin/tests/Jellyfin.Server.Integration.Tests/bin/Debug/net9.0/runtimes/linux-x64/native/libSkiaSharp: cannot open shared object file: No such file or directory
/usr/share/dotnet/shared/Microsoft.NETCore.App/9.0.6/libSkiaSharp: cannot open shared object file: No such file or directory
/root/jellyfin/tests/Jellyfin.Server.Integration.Tests/bin/Debug/net9.0/libSkiaSharp: cannot open shared object file: No such file or directory
/root/jellyfin/tests/Jellyfin.Server.Integration.Tests/bin/Debug/net9.0/runtimes/linux-x64/native/liblibSkiaSharp: cannot open shared object file: No such file or directory
/usr/share/dotnet/shared/Microsoft.NETCore.App/9.0.6/liblibSkiaSharp: cannot open shared object file: No such file or directory
/root/jellyfin/tests/Jellyfin.Server.Integration.Tests/bin/Debug/net9.0/liblibSkiaSharp: cannot open shared object file: No such file or directory

  Stack Trace:
     at Jellyfin.Drawing.Skia.SkiaEncoder.IsNativeLibAvailable() in /root/jellyfin/src/Jellyfin.Drawing.Skia/SkiaEncoder.cs:line 142
   at Jellyfin.Server.CoreAppHost.RegisterServices(IServiceCollection serviceCollection) in /root/jellyfin/Jellyfin.Server/CoreAppHost.cs:line 66
   at Emby.Server.Implementations.ApplicationHost.Init(IServiceCollection serviceCollection) in /root/jellyfin/Emby.Server.Implementations/ApplicationHost.cs:line 460
   at Jellyfin.Server.Integration.Tests.JellyfinApplicationFactory.<>c__DisplayClass4_0.<ConfigureWebHost>b__0(IServiceCollection services) in /root/jellyfin/tests/Jellyfin.Server.Integration.Tests/JellyfinApplicationFactory.cs:line 91
   at Microsoft.Extensions.Hosting.HostBuilder.InitializeServiceProvider()
   at Microsoft.Extensions.Hosting.HostBuilder.Build()
   at Jellyfin.Server.Integration.Tests.JellyfinApplicationFactory.CreateHost(IHostBuilder builder) in /root/jellyfin/tests/Jellyfin.Server.Integration.Tests/JellyfinApplicationFactory.cs:line 110
   at Microsoft.AspNetCore.Mvc.Testing.WebApplicationFactory`1.ConfigureHostBuilder(IHostBuilder hostBuilder)
   at Microsoft.AspNetCore.Mvc.Testing.WebApplicationFactory`1.EnsureServer()
   at Microsoft.AspNetCore.Mvc.Testing.WebApplicationFactory`1.CreateDefaultClient(DelegatingHandler[] handlers)
   at Microsoft.AspNetCore.Mvc.Testing.WebApplicationFactory`1.CreateDefaultClient(Uri baseAddress, DelegatingHandler[] handlers)
   at Microsoft.AspNetCore.Mvc.Testing.WebApplicationFactory`1.CreateClient(WebApplicationFactoryClientOptions options)
   at Microsoft.AspNetCore.Mvc.Testing.WebApplicationFactory`1.CreateClient()
   at Jellyfin.Server.Integration.Tests.Controllers.UserLibraryControllerTests.GetItem_NonexistentUserId_NotFound(String format) in /root/jellyfin/tests/Jellyfin.Server.Integration.Tests/Controllers/UserLibraryControllerTests.cs:line 52
--- End of stack trace from previous location ---
----- Inner Stack Trace -----
   at SkiaSharp.SkiaApi.<sk_imagefilter_new_matrix_convolution>g____PInvoke|382_0(SKSizeI* __kernelSize_native, Single* __kernel_native, Single __gain_native, Single __bias_native, SKPointI* __kernelOffset_native, SKShaderTileMode __ctileMode_native, SByte __convolveAlpha_native, IntPtr __input_native, SKRect* __cropRect_native)
   at SkiaSharp.SkiaApi.<sk_imagefilter_new_matrix_convolution>g____PInvoke|382_0(SKSizeI* __kernelSize_native, Single* __kernel_native, Single __gain_native, Single __bias_native, SKPointI* __kernelOffset_native, SKShaderTileMode __ctileMode_native, SByte __convolveAlpha_native, IntPtr __input_native, SKRect* __cropRect_native)
   at SkiaSharp.SkiaApi.sk_imagefilter_new_matrix_convolution(SKSizeI* kernelSize, Single* kernel, Single gain, Single bias, SKPointI* kernelOffset, SKShaderTileMode ctileMode, Boolean convolveAlpha, IntPtr input, SKRect* cropRect)
   at SkiaSharp.SKImageFilter.CreateMatrixConvolution(SKSizeI kernelSize, ReadOnlySpan`1 kernel, Single gain, Single bias, SKPointI kernelOffset, SKShaderTileMode tileMode, Boolean convolveAlpha, SKImageFilter input, SKRect* cropRect)
   at SkiaSharp.SKImageFilter.CreateMatrixConvolution(SKSizeI kernelSize, ReadOnlySpan`1 kernel, Single gain, Single bias, SKPointI kernelOffset, SKShaderTileMode tileMode, Boolean convolveAlpha)
   at Jellyfin.Drawing.Skia.SkiaEncoder..cctor() in /root/jellyfin/src/Jellyfin.Drawing.Skia/SkiaEncoder.cs:line 53
  Failed Jellyfin.Server.Integration.Tests.Controllers.UserLibraryControllerTests.GetItem_NonexistentUserId_NotFound(format: "Users/{0}/Items/{1}/Lyrics") [4 ms]
  Error Message:
   System.TypeInitializationException : The type initializer for 'Jellyfin.Drawing.Skia.SkiaEncoder' threw an exception.
---- System.DllNotFoundException : Unable to load shared library 'libSkiaSharp' or one of its dependencies. In order to help diagnose loading problems, consider using a tool like strace. If you're using glibc, consider setting the LD_DEBUG environment variable: 
libfontconfig.so.1: cannot open shared object file: No such file or directory
/usr/share/dotnet/shared/Microsoft.NETCore.App/9.0.6/libSkiaSharp.so: cannot open shared object file: No such file or directory
/root/jellyfin/tests/Jellyfin.Server.Integration.Tests/bin/Debug/net9.0/libSkiaSharp.so: cannot open shared object file: No such file or directory
/root/jellyfin/tests/Jellyfin.Server.Integration.Tests/bin/Debug/net9.0/runtimes/linux-x64/native/liblibSkiaSharp.so: cannot open shared object file: No such file or directory
/usr/share/dotnet/shared/Microsoft.NETCore.App/9.0.6/liblibSkiaSharp.so: cannot open shared object file: No such file or directory
/root/jellyfin/tests/Jellyfin.Server.Integration.Tests/bin/Debug/net9.0/liblibSkiaSharp.so: cannot open shared object file: No such file or directory
/root/jellyfin/tests/Jellyfin.Server.Integration.Tests/bin/Debug/net9.0/runtimes/linux-x64/native/libSkiaSharp: cannot open shared object file: No such file or directory
/usr/share/dotnet/shared/Microsoft.NETCore.App/9.0.6/libSkiaSharp: cannot open shared object file: No such file or directory
/root/jellyfin/tests/Jellyfin.Server.Integration.Tests/bin/Debug/net9.0/libSkiaSharp: cannot open shared object file: No such file or directory
/root/jellyfin/tests/Jellyfin.Server.Integration.Tests/bin/Debug/net9.0/runtimes/linux-x64/native/liblibSkiaSharp: cannot open shared object file: No such file or directory
/usr/share/dotnet/shared/Microsoft.NETCore.App/9.0.6/liblibSkiaSharp: cannot open shared object file: No such file or directory
/root/jellyfin/tests/Jellyfin.Server.Integration.Tests/bin/Debug/net9.0/liblibSkiaSharp: cannot open shared object file: No such file or directory

  Stack Trace:
     at Jellyfin.Drawing.Skia.SkiaEncoder.IsNativeLibAvailable() in /root/jellyfin/src/Jellyfin.Drawing.Skia/SkiaEncoder.cs:line 142
   at Jellyfin.Server.CoreAppHost.RegisterServices(IServiceCollection serviceCollection) in /root/jellyfin/Jellyfin.Server/CoreAppHost.cs:line 66
   at Emby.Server.Implementations.ApplicationHost.Init(IServiceCollection serviceCollection) in /root/jellyfin/Emby.Server.Implementations/ApplicationHost.cs:line 460
   at Jellyfin.Server.Integration.Tests.JellyfinApplicationFactory.<>c__DisplayClass4_0.<ConfigureWebHost>b__0(IServiceCollection services) in /root/jellyfin/tests/Jellyfin.Server.Integration.Tests/JellyfinApplicationFactory.cs:line 91
   at Microsoft.Extensions.Hosting.HostBuilder.InitializeServiceProvider()
   at Microsoft.Extensions.Hosting.HostBuilder.Build()
   at Jellyfin.Server.Integration.Tests.JellyfinApplicationFactory.CreateHost(IHostBuilder builder) in /root/jellyfin/tests/Jellyfin.Server.Integration.Tests/JellyfinApplicationFactory.cs:line 110
   at Microsoft.AspNetCore.Mvc.Testing.WebApplicationFactory`1.ConfigureHostBuilder(IHostBuilder hostBuilder)
   at Microsoft.AspNetCore.Mvc.Testing.WebApplicationFactory`1.EnsureServer()
   at Microsoft.AspNetCore.Mvc.Testing.WebApplicationFactory`1.CreateDefaultClient(DelegatingHandler[] handlers)
   at Microsoft.AspNetCore.Mvc.Testing.WebApplicationFactory`1.CreateDefaultClient(Uri baseAddress, DelegatingHandler[] handlers)
   at Microsoft.AspNetCore.Mvc.Testing.WebApplicationFactory`1.CreateClient(WebApplicationFactoryClientOptions options)
   at Microsoft.AspNetCore.Mvc.Testing.WebApplicationFactory`1.CreateClient()
   at Jellyfin.Server.Integration.Tests.Controllers.UserLibraryControllerTests.GetItem_NonexistentUserId_NotFound(String format) in /root/jellyfin/tests/Jellyfin.Server.Integration.Tests/Controllers/UserLibraryControllerTests.cs:line 52
--- End of stack trace from previous location ---
----- Inner Stack Trace -----
   at SkiaSharp.SkiaApi.<sk_imagefilter_new_matrix_convolution>g____PInvoke|382_0(SKSizeI* __kernelSize_native, Single* __kernel_native, Single __gain_native, Single __bias_native, SKPointI* __kernelOffset_native, SKShaderTileMode __ctileMode_native, SByte __convolveAlpha_native, IntPtr __input_native, SKRect* __cropRect_native)
   at SkiaSharp.SkiaApi.<sk_imagefilter_new_matrix_convolution>g____PInvoke|382_0(SKSizeI* __kernelSize_native, Single* __kernel_native, Single __gain_native, Single __bias_native, SKPointI* __kernelOffset_native, SKShaderTileMode __ctileMode_native, SByte __convolveAlpha_native, IntPtr __input_native, SKRect* __cropRect_native)
   at SkiaSharp.SkiaApi.sk_imagefilter_new_matrix_convolution(SKSizeI* kernelSize, Single* kernel, Single gain, Single bias, SKPointI* kernelOffset, SKShaderTileMode ctileMode, Boolean convolveAlpha, IntPtr input, SKRect* cropRect)
   at SkiaSharp.SKImageFilter.CreateMatrixConvolution(SKSizeI kernelSize, ReadOnlySpan`1 kernel, Single gain, Single bias, SKPointI kernelOffset, SKShaderTileMode tileMode, Boolean convolveAlpha, SKImageFilter input, SKRect* cropRect)
   at SkiaSharp.SKImageFilter.CreateMatrixConvolution(SKSizeI kernelSize, ReadOnlySpan`1 kernel, Single gain, Single bias, SKPointI kernelOffset, SKShaderTileMode tileMode, Boolean convolveAlpha)
   at Jellyfin.Drawing.Skia.SkiaEncoder..cctor() in /root/jellyfin/src/Jellyfin.Drawing.Skia/SkiaEncoder.cs:line 53
  Failed Jellyfin.Server.Integration.Tests.Controllers.UserLibraryControllerTests.GetItem_NonexistentUserId_NotFound(format: "Users/{0}/Items/{1}/LocalTrailers") [3 ms]
  Error Message:
   System.TypeInitializationException : The type initializer for 'Jellyfin.Drawing.Skia.SkiaEncoder' threw an exception.
---- System.DllNotFoundException : Unable to load shared library 'libSkiaSharp' or one of its dependencies. In order to help diagnose loading problems, consider using a tool like strace. If you're using glibc, consider setting the LD_DEBUG environment variable: 
libfontconfig.so.1: cannot open shared object file: No such file or directory
/usr/share/dotnet/shared/Microsoft.NETCore.App/9.0.6/libSkiaSharp.so: cannot open shared object file: No such file or directory
/root/jellyfin/tests/Jellyfin.Server.Integration.Tests/bin/Debug/net9.0/libSkiaSharp.so: cannot open shared object file: No such file or directory
/root/jellyfin/tests/Jellyfin.Server.Integration.Tests/bin/Debug/net9.0/runtimes/linux-x64/native/liblibSkiaSharp.so: cannot open shared object file: No such file or directory
/usr/share/dotnet/shared/Microsoft.NETCore.App/9.0.6/liblibSkiaSharp.so: cannot open shared object file: No such file or directory
/root/jellyfin/tests/Jellyfin.Server.Integration.Tests/bin/Debug/net9.0/liblibSkiaSharp.so: cannot open shared object file: No such file or directory
/root/jellyfin/tests/Jellyfin.Server.Integration.Tests/bin/Debug/net9.0/runtimes/linux-x64/native/libSkiaSharp: cannot open shared object file: No such file or directory
/usr/share/dotnet/shared/Microsoft.NETCore.App/9.0.6/libSkiaSharp: cannot open shared object file: No such file or directory
/root/jellyfin/tests/Jellyfin.Server.Integration.Tests/bin/Debug/net9.0/libSkiaSharp: cannot open shared object file: No such file or directory
/root/jellyfin/tests/Jellyfin.Server.Integration.Tests/bin/Debug/net9.0/runtimes/linux-x64/native/liblibSkiaSharp: cannot open shared object file: No such file or directory
/usr/share/dotnet/shared/Microsoft.NETCore.App/9.0.6/liblibSkiaSharp: cannot open shared object file: No such file or directory
/root/jellyfin/tests/Jellyfin.Server.Integration.Tests/bin/Debug/net9.0/liblibSkiaSharp: cannot open shared object file: No such file or directory

  Stack Trace:
     at Jellyfin.Drawing.Skia.SkiaEncoder.IsNativeLibAvailable() in /root/jellyfin/src/Jellyfin.Drawing.Skia/SkiaEncoder.cs:line 142
   at Jellyfin.Server.CoreAppHost.RegisterServices(IServiceCollection serviceCollection) in /root/jellyfin/Jellyfin.Server/CoreAppHost.cs:line 66
   at Emby.Server.Implementations.ApplicationHost.Init(IServiceCollection serviceCollection) in /root/jellyfin/Emby.Server.Implementations/ApplicationHost.cs:line 460
   at Jellyfin.Server.Integration.Tests.JellyfinApplicationFactory.<>c__DisplayClass4_0.<ConfigureWebHost>b__0(IServiceCollection services) in /root/jellyfin/tests/Jellyfin.Server.Integration.Tests/JellyfinApplicationFactory.cs:line 91
   at Microsoft.Extensions.Hosting.HostBuilder.InitializeServiceProvider()
   at Microsoft.Extensions.Hosting.HostBuilder.Build()
   at Jellyfin.Server.Integration.Tests.JellyfinApplicationFactory.CreateHost(IHostBuilder builder) in /root/jellyfin/tests/Jellyfin.Server.Integration.Tests/JellyfinApplicationFactory.cs:line 110
   at Microsoft.AspNetCore.Mvc.Testing.WebApplicationFactory`1.ConfigureHostBuilder(IHostBuilder hostBuilder)
   at Microsoft.AspNetCore.Mvc.Testing.WebApplicationFactory`1.EnsureServer()
   at Microsoft.AspNetCore.Mvc.Testing.WebApplicationFactory`1.CreateDefaultClient(DelegatingHandler[] handlers)
   at Microsoft.AspNetCore.Mvc.Testing.WebApplicationFactory`1.CreateDefaultClient(Uri baseAddress, DelegatingHandler[] handlers)
   at Microsoft.AspNetCore.Mvc.Testing.WebApplicationFactory`1.CreateClient(WebApplicationFactoryClientOptions options)
   at Microsoft.AspNetCore.Mvc.Testing.WebApplicationFactory`1.CreateClient()
   at Jellyfin.Server.Integration.Tests.Controllers.UserLibraryControllerTests.GetItem_NonexistentUserId_NotFound(String format) in /root/jellyfin/tests/Jellyfin.Server.Integration.Tests/Controllers/UserLibraryControllerTests.cs:line 52
--- End of stack trace from previous location ---
----- Inner Stack Trace -----
   at SkiaSharp.SkiaApi.<sk_imagefilter_new_matrix_convolution>g____PInvoke|382_0(SKSizeI* __kernelSize_native, Single* __kernel_native, Single __gain_native, Single __bias_native, SKPointI* __kernelOffset_native, SKShaderTileMode __ctileMode_native, SByte __convolveAlpha_native, IntPtr __input_native, SKRect* __cropRect_native)
   at SkiaSharp.SkiaApi.<sk_imagefilter_new_matrix_convolution>g____PInvoke|382_0(SKSizeI* __kernelSize_native, Single* __kernel_native, Single __gain_native, Single __bias_native, SKPointI* __kernelOffset_native, SKShaderTileMode __ctileMode_native, SByte __convolveAlpha_native, IntPtr __input_native, SKRect* __cropRect_native)
   at SkiaSharp.SkiaApi.sk_imagefilter_new_matrix_convolution(SKSizeI* kernelSize, Single* kernel, Single gain, Single bias, SKPointI* kernelOffset, SKShaderTileMode ctileMode, Boolean convolveAlpha, IntPtr input, SKRect* cropRect)
   at SkiaSharp.SKImageFilter.CreateMatrixConvolution(SKSizeI kernelSize, ReadOnlySpan`1 kernel, Single gain, Single bias, SKPointI kernelOffset, SKShaderTileMode tileMode, Boolean convolveAlpha, SKImageFilter input, SKRect* cropRect)
   at SkiaSharp.SKImageFilter.CreateMatrixConvolution(SKSizeI kernelSize, ReadOnlySpan`1 kernel, Single gain, Single bias, SKPointI kernelOffset, SKShaderTileMode tileMode, Boolean convolveAlpha)
   at Jellyfin.Drawing.Skia.SkiaEncoder..cctor() in /root/jellyfin/src/Jellyfin.Drawing.Skia/SkiaEncoder.cs:line 53
  Failed Jellyfin.Server.Integration.Tests.Controllers.UserLibraryControllerTests.GetItem_NonexistentUserId_NotFound(format: "Users/{0}/Items/{1}") [4 ms]
  Error Message:
   System.TypeInitializationException : The type initializer for 'Jellyfin.Drawing.Skia.SkiaEncoder' threw an exception.
---- System.DllNotFoundException : Unable to load shared library 'libSkiaSharp' or one of its dependencies. In order to help diagnose loading problems, consider using a tool like strace. If you're using glibc, consider setting the LD_DEBUG environment variable: 
libfontconfig.so.1: cannot open shared object file: No such file or directory
/usr/share/dotnet/shared/Microsoft.NETCore.App/9.0.6/libSkiaSharp.so: cannot open shared object file: No such file or directory
/root/jellyfin/tests/Jellyfin.Server.Integration.Tests/bin/Debug/net9.0/libSkiaSharp.so: cannot open shared object file: No such file or directory
/root/jellyfin/tests/Jellyfin.Server.Integration.Tests/bin/Debug/net9.0/runtimes/linux-x64/native/liblibSkiaSharp.so: cannot open shared object file: No such file or directory
/usr/share/dotnet/shared/Microsoft.NETCore.App/9.0.6/liblibSkiaSharp.so: cannot open shared object file: No such file or directory
/root/jellyfin/tests/Jellyfin.Server.Integration.Tests/bin/Debug/net9.0/liblibSkiaSharp.so: cannot open shared object file: No such file or directory
/root/jellyfin/tests/Jellyfin.Server.Integration.Tests/bin/Debug/net9.0/runtimes/linux-x64/native/libSkiaSharp: cannot open shared object file: No such file or directory
/usr/share/dotnet/shared/Microsoft.NETCore.App/9.0.6/libSkiaSharp: cannot open shared object file: No such file or directory
/root/jellyfin/tests/Jellyfin.Server.Integration.Tests/bin/Debug/net9.0/libSkiaSharp: cannot open shared object file: No such file or directory
/root/jellyfin/tests/Jellyfin.Server.Integration.Tests/bin/Debug/net9.0/runtimes/linux-x64/native/liblibSkiaSharp: cannot open shared object file: No such file or directory
/usr/share/dotnet/shared/Microsoft.NETCore.App/9.0.6/liblibSkiaSharp: cannot open shared object file: No such file or directory
/root/jellyfin/tests/Jellyfin.Server.Integration.Tests/bin/Debug/net9.0/liblibSkiaSharp: cannot open shared object file: No such file or directory

  Stack Trace:
     at Jellyfin.Drawing.Skia.SkiaEncoder.IsNativeLibAvailable() in /root/jellyfin/src/Jellyfin.Drawing.Skia/SkiaEncoder.cs:line 142
   at Jellyfin.Server.CoreAppHost.RegisterServices(IServiceCollection serviceCollection) in /root/jellyfin/Jellyfin.Server/CoreAppHost.cs:line 66
   at Emby.Server.Implementations.ApplicationHost.Init(IServiceCollection serviceCollection) in /root/jellyfin/Emby.Server.Implementations/ApplicationHost.cs:line 460
   at Jellyfin.Server.Integration.Tests.JellyfinApplicationFactory.<>c__DisplayClass4_0.<ConfigureWebHost>b__0(IServiceCollection services) in /root/jellyfin/tests/Jellyfin.Server.Integration.Tests/JellyfinApplicationFactory.cs:line 91
   at Microsoft.Extensions.Hosting.HostBuilder.InitializeServiceProvider()
   at Microsoft.Extensions.Hosting.HostBuilder.Build()
   at Jellyfin.Server.Integration.Tests.JellyfinApplicationFactory.CreateHost(IHostBuilder builder) in /root/jellyfin/tests/Jellyfin.Server.Integration.Tests/JellyfinApplicationFactory.cs:line 110
   at Microsoft.AspNetCore.Mvc.Testing.WebApplicationFactory`1.ConfigureHostBuilder(IHostBuilder hostBuilder)
   at Microsoft.AspNetCore.Mvc.Testing.WebApplicationFactory`1.EnsureServer()
   at Microsoft.AspNetCore.Mvc.Testing.WebApplicationFactory`1.CreateDefaultClient(DelegatingHandler[] handlers)
   at Microsoft.AspNetCore.Mvc.Testing.WebApplicationFactory`1.CreateDefaultClient(Uri baseAddress, DelegatingHandler[] handlers)
   at Microsoft.AspNetCore.Mvc.Testing.WebApplicationFactory`1.CreateClient(WebApplicationFactoryClientOptions options)
   at Microsoft.AspNetCore.Mvc.Testing.WebApplicationFactory`1.CreateClient()
   at Jellyfin.Server.Integration.Tests.Controllers.UserLibraryControllerTests.GetItem_NonexistentUserId_NotFound(String format) in /root/jellyfin/tests/Jellyfin.Server.Integration.Tests/Controllers/UserLibraryControllerTests.cs:line 52
--- End of stack trace from previous location ---
----- Inner Stack Trace -----
   at SkiaSharp.SkiaApi.<sk_imagefilter_new_matrix_convolution>g____PInvoke|382_0(SKSizeI* __kernelSize_native, Single* __kernel_native, Single __gain_native, Single __bias_native, SKPointI* __kernelOffset_native, SKShaderTileMode __ctileMode_native, SByte __convolveAlpha_native, IntPtr __input_native, SKRect* __cropRect_native)
   at SkiaSharp.SkiaApi.<sk_imagefilter_new_matrix_convolution>g____PInvoke|382_0(SKSizeI* __kernelSize_native, Single* __kernel_native, Single __gain_native, Single __bias_native, SKPointI* __kernelOffset_native, SKShaderTileMode __ctileMode_native, SByte __convolveAlpha_native, IntPtr __input_native, SKRect* __cropRect_native)
   at SkiaSharp.SkiaApi.sk_imagefilter_new_matrix_convolution(SKSizeI* kernelSize, Single* kernel, Single gain, Single bias, SKPointI* kernelOffset, SKShaderTileMode ctileMode, Boolean convolveAlpha, IntPtr input, SKRect* cropRect)
   at SkiaSharp.SKImageFilter.CreateMatrixConvolution(SKSizeI kernelSize, ReadOnlySpan`1 kernel, Single gain, Single bias, SKPointI kernelOffset, SKShaderTileMode tileMode, Boolean convolveAlpha, SKImageFilter input, SKRect* cropRect)
   at SkiaSharp.SKImageFilter.CreateMatrixConvolution(SKSizeI kernelSize, ReadOnlySpan`1 kernel, Single gain, Single bias, SKPointI kernelOffset, SKShaderTileMode tileMode, Boolean convolveAlpha)
   at Jellyfin.Drawing.Skia.SkiaEncoder..cctor() in /root/jellyfin/src/Jellyfin.Drawing.Skia/SkiaEncoder.cs:line 53
  Failed Jellyfin.Server.Integration.Tests.Controllers.UserLibraryControllerTests.GetItem_NonexistentUserId_NotFound(format: "Users/{0}/Items/{1}/SpecialFeatures") [4 ms]
  Error Message:
   System.TypeInitializationException : The type initializer for 'Jellyfin.Drawing.Skia.SkiaEncoder' threw an exception.
---- System.DllNotFoundException : Unable to load shared library 'libSkiaSharp' or one of its dependencies. In order to help diagnose loading problems, consider using a tool like strace. If you're using glibc, consider setting the LD_DEBUG environment variable: 
libfontconfig.so.1: cannot open shared object file: No such file or directory
/usr/share/dotnet/shared/Microsoft.NETCore.App/9.0.6/libSkiaSharp.so: cannot open shared object file: No such file or directory
/root/jellyfin/tests/Jellyfin.Server.Integration.Tests/bin/Debug/net9.0/libSkiaSharp.so: cannot open shared object file: No such file or directory
/root/jellyfin/tests/Jellyfin.Server.Integration.Tests/bin/Debug/net9.0/runtimes/linux-x64/native/liblibSkiaSharp.so: cannot open shared object file: No such file or directory
/usr/share/dotnet/shared/Microsoft.NETCore.App/9.0.6/liblibSkiaSharp.so: cannot open shared object file: No such file or directory
/root/jellyfin/tests/Jellyfin.Server.Integration.Tests/bin/Debug/net9.0/liblibSkiaSharp.so: cannot open shared object file: No such file or directory
/root/jellyfin/tests/Jellyfin.Server.Integration.Tests/bin/Debug/net9.0/runtimes/linux-x64/native/libSkiaSharp: cannot open shared object file: No such file or directory
/usr/share/dotnet/shared/Microsoft.NETCore.App/9.0.6/libSkiaSharp: cannot open shared object file: No such file or directory
/root/jellyfin/tests/Jellyfin.Server.Integration.Tests/bin/Debug/net9.0/libSkiaSharp: cannot open shared object file: No such file or directory
/root/jellyfin/tests/Jellyfin.Server.Integration.Tests/bin/Debug/net9.0/runtimes/linux-x64/native/liblibSkiaSharp: cannot open shared object file: No such file or directory
/usr/share/dotnet/shared/Microsoft.NETCore.App/9.0.6/liblibSkiaSharp: cannot open shared object file: No such file or directory
/root/jellyfin/tests/Jellyfin.Server.Integration.Tests/bin/Debug/net9.0/liblibSkiaSharp: cannot open shared object file: No such file or directory

  Stack Trace:
     at Jellyfin.Drawing.Skia.SkiaEncoder.IsNativeLibAvailable() in /root/jellyfin/src/Jellyfin.Drawing.Skia/SkiaEncoder.cs:line 142
   at Jellyfin.Server.CoreAppHost.RegisterServices(IServiceCollection serviceCollection) in /root/jellyfin/Jellyfin.Server/CoreAppHost.cs:line 66
   at Emby.Server.Implementations.ApplicationHost.Init(IServiceCollection serviceCollection) in /root/jellyfin/Emby.Server.Implementations/ApplicationHost.cs:line 460
   at Jellyfin.Server.Integration.Tests.JellyfinApplicationFactory.<>c__DisplayClass4_0.<ConfigureWebHost>b__0(IServiceCollection services) in /root/jellyfin/tests/Jellyfin.Server.Integration.Tests/JellyfinApplicationFactory.cs:line 91
   at Microsoft.Extensions.Hosting.HostBuilder.InitializeServiceProvider()
   at Microsoft.Extensions.Hosting.HostBuilder.Build()
   at Jellyfin.Server.Integration.Tests.JellyfinApplicationFactory.CreateHost(IHostBuilder builder) in /root/jellyfin/tests/Jellyfin.Server.Integration.Tests/JellyfinApplicationFactory.cs:line 110
   at Microsoft.AspNetCore.Mvc.Testing.WebApplicationFactory`1.ConfigureHostBuilder(IHostBuilder hostBuilder)
   at Microsoft.AspNetCore.Mvc.Testing.WebApplicationFactory`1.EnsureServer()
   at Microsoft.AspNetCore.Mvc.Testing.WebApplicationFactory`1.CreateDefaultClient(DelegatingHandler[] handlers)
   at Microsoft.AspNetCore.Mvc.Testing.WebApplicationFactory`1.CreateDefaultClient(Uri baseAddress, DelegatingHandler[] handlers)
   at Microsoft.AspNetCore.Mvc.Testing.WebApplicationFactory`1.CreateClient(WebApplicationFactoryClientOptions options)
   at Microsoft.AspNetCore.Mvc.Testing.WebApplicationFactory`1.CreateClient()
   at Jellyfin.Server.Integration.Tests.Controllers.UserLibraryControllerTests.GetItem_NonexistentUserId_NotFound(String format) in /root/jellyfin/tests/Jellyfin.Server.Integration.Tests/Controllers/UserLibraryControllerTests.cs:line 52
--- End of stack trace from previous location ---
----- Inner Stack Trace -----
   at SkiaSharp.SkiaApi.<sk_imagefilter_new_matrix_convolution>g____PInvoke|382_0(SKSizeI* __kernelSize_native, Single* __kernel_native, Single __gain_native, Single __bias_native, SKPointI* __kernelOffset_native, SKShaderTileMode __ctileMode_native, SByte __convolveAlpha_native, IntPtr __input_native, SKRect* __cropRect_native)
   at SkiaSharp.SkiaApi.<sk_imagefilter_new_matrix_convolution>g____PInvoke|382_0(SKSizeI* __kernelSize_native, Single* __kernel_native, Single __gain_native, Single __bias_native, SKPointI* __kernelOffset_native, SKShaderTileMode __ctileMode_native, SByte __convolveAlpha_native, IntPtr __input_native, SKRect* __cropRect_native)
   at SkiaSharp.SkiaApi.sk_imagefilter_new_matrix_convolution(SKSizeI* kernelSize, Single* kernel, Single gain, Single bias, SKPointI* kernelOffset, SKShaderTileMode ctileMode, Boolean convolveAlpha, IntPtr input, SKRect* cropRect)
   at SkiaSharp.SKImageFilter.CreateMatrixConvolution(SKSizeI kernelSize, ReadOnlySpan`1 kernel, Single gain, Single bias, SKPointI kernelOffset, SKShaderTileMode tileMode, Boolean convolveAlpha, SKImageFilter input, SKRect* cropRect)
   at SkiaSharp.SKImageFilter.CreateMatrixConvolution(SKSizeI kernelSize, ReadOnlySpan`1 kernel, Single gain, Single bias, SKPointI kernelOffset, SKShaderTileMode tileMode, Boolean convolveAlpha)
   at Jellyfin.Drawing.Skia.SkiaEncoder..cctor() in /root/jellyfin/src/Jellyfin.Drawing.Skia/SkiaEncoder.cs:line 53
  Skipped Jellyfin.Server.Integration.Tests.Controllers.UserLibraryControllerTests.GetIntros_UserIdAndItemId_Valid [1 ms]
[xUnit.net 00:00:01.04]     Jellyfin.Server.Integration.Tests.Controllers.UserLibraryControllerTests.GetItem_UserIdAndItemId_Valid [SKIP]
[xUnit.net 00:00:01.04]     Jellyfin.Server.Integration.Tests.Controllers.UserLibraryControllerTests.LocalTrailersAndSpecialFeatures_UserIdAndItemId_Valid [SKIP]
  Failed Jellyfin.Server.Integration.Tests.Controllers.UserLibraryControllerTests.GetRootFolder_UserId_Valid [4 ms]
  Error Message:
   System.TypeInitializationException : The type initializer for 'Jellyfin.Drawing.Skia.SkiaEncoder' threw an exception.
---- System.DllNotFoundException : Unable to load shared library 'libSkiaSharp' or one of its dependencies. In order to help diagnose loading problems, consider using a tool like strace. If you're using glibc, consider setting the LD_DEBUG environment variable: 
libfontconfig.so.1: cannot open shared object file: No such file or directory
/usr/share/dotnet/shared/Microsoft.NETCore.App/9.0.6/libSkiaSharp.so: cannot open shared object file: No such file or directory
/root/jellyfin/tests/Jellyfin.Server.Integration.Tests/bin/Debug/net9.0/libSkiaSharp.so: cannot open shared object file: No such file or directory
/root/jellyfin/tests/Jellyfin.Server.Integration.Tests/bin/Debug/net9.0/runtimes/linux-x64/native/liblibSkiaSharp.so: cannot open shared object file: No such file or directory
/usr/share/dotnet/shared/Microsoft.NETCore.App/9.0.6/liblibSkiaSharp.so: cannot open shared object file: No such file or directory
/root/jellyfin/tests/Jellyfin.Server.Integration.Tests/bin/Debug/net9.0/liblibSkiaSharp.so: cannot open shared object file: No such file or directory
/root/jellyfin/tests/Jellyfin.Server.Integration.Tests/bin/Debug/net9.0/runtimes/linux-x64/native/libSkiaSharp: cannot open shared object file: No such file or directory
/usr/share/dotnet/shared/Microsoft.NETCore.App/9.0.6/libSkiaSharp: cannot open shared object file: No such file or directory
/root/jellyfin/tests/Jellyfin.Server.Integration.Tests/bin/Debug/net9.0/libSkiaSharp: cannot open shared object file: No such file or directory
/root/jellyfin/tests/Jellyfin.Server.Integration.Tests/bin/Debug/net9.0/runtimes/linux-x64/native/liblibSkiaSharp: cannot open shared object file: No such file or directory
/usr/share/dotnet/shared/Microsoft.NETCore.App/9.0.6/liblibSkiaSharp: cannot open shared object file: No such file or directory
/root/jellyfin/tests/Jellyfin.Server.Integration.Tests/bin/Debug/net9.0/liblibSkiaSharp: cannot open shared object file: No such file or directory

  Stack Trace:
     at Jellyfin.Drawing.Skia.SkiaEncoder.IsNativeLibAvailable() in /root/jellyfin/src/Jellyfin.Drawing.Skia/SkiaEncoder.cs:line 142
   at Jellyfin.Server.CoreAppHost.RegisterServices(IServiceCollection serviceCollection) in /root/jellyfin/Jellyfin.Server/CoreAppHost.cs:line 66
   at Emby.Server.Implementations.ApplicationHost.Init(IServiceCollection serviceCollection) in /root/jellyfin/Emby.Server.Implementations/ApplicationHost.cs:line 460
   at Jellyfin.Server.Integration.Tests.JellyfinApplicationFactory.<>c__DisplayClass4_0.<ConfigureWebHost>b__0(IServiceCollection services) in /root/jellyfin/tests/Jellyfin.Server.Integration.Tests/JellyfinApplicationFactory.cs:line 91
   at Microsoft.Extensions.Hosting.HostBuilder.InitializeServiceProvider()
   at Microsoft.Extensions.Hosting.HostBuilder.Build()
   at Jellyfin.Server.Integration.Tests.JellyfinApplicationFactory.CreateHost(IHostBuilder builder) in /root/jellyfin/tests/Jellyfin.Server.Integration.Tests/JellyfinApplicationFactory.cs:line 110
   at Microsoft.AspNetCore.Mvc.Testing.WebApplicationFactory`1.ConfigureHostBuilder(IHostBuilder hostBuilder)
   at Microsoft.AspNetCore.Mvc.Testing.WebApplicationFactory`1.EnsureServer()
   at Microsoft.AspNetCore.Mvc.Testing.WebApplicationFactory`1.CreateDefaultClient(DelegatingHandler[] handlers)
   at Microsoft.AspNetCore.Mvc.Testing.WebApplicationFactory`1.CreateDefaultClient(Uri baseAddress, DelegatingHandler[] handlers)
   at Microsoft.AspNetCore.Mvc.Testing.WebApplicationFactory`1.CreateClient(WebApplicationFactoryClientOptions options)
   at Microsoft.AspNetCore.Mvc.Testing.WebApplicationFactory`1.CreateClient()
   at Jellyfin.Server.Integration.Tests.Controllers.UserLibraryControllerTests.GetRootFolder_UserId_Valid() in /root/jellyfin/tests/Jellyfin.Server.Integration.Tests/Controllers/UserLibraryControllerTests.cs:line 38
--- End of stack trace from previous location ---
----- Inner Stack Trace -----
   at SkiaSharp.SkiaApi.<sk_imagefilter_new_matrix_convolution>g____PInvoke|382_0(SKSizeI* __kernelSize_native, Single* __kernel_native, Single __gain_native, Single __bias_native, SKPointI* __kernelOffset_native, SKShaderTileMode __ctileMode_native, SByte __convolveAlpha_native, IntPtr __input_native, SKRect* __cropRect_native)
   at SkiaSharp.SkiaApi.<sk_imagefilter_new_matrix_convolution>g____PInvoke|382_0(SKSizeI* __kernelSize_native, Single* __kernel_native, Single __gain_native, Single __bias_native, SKPointI* __kernelOffset_native, SKShaderTileMode __ctileMode_native, SByte __convolveAlpha_native, IntPtr __input_native, SKRect* __cropRect_native)
   at SkiaSharp.SkiaApi.sk_imagefilter_new_matrix_convolution(SKSizeI* kernelSize, Single* kernel, Single gain, Single bias, SKPointI* kernelOffset, SKShaderTileMode ctileMode, Boolean convolveAlpha, IntPtr input, SKRect* cropRect)
   at SkiaSharp.SKImageFilter.CreateMatrixConvolution(SKSizeI kernelSize, ReadOnlySpan`1 kernel, Single gain, Single bias, SKPointI kernelOffset, SKShaderTileMode tileMode, Boolean convolveAlpha, SKImageFilter input, SKRect* cropRect)
   at SkiaSharp.SKImageFilter.CreateMatrixConvolution(SKSizeI kernelSize, ReadOnlySpan`1 kernel, Single gain, Single bias, SKPointI kernelOffset, SKShaderTileMode tileMode, Boolean convolveAlpha)
   at Jellyfin.Drawing.Skia.SkiaEncoder..cctor() in /root/jellyfin/src/Jellyfin.Drawing.Skia/SkiaEncoder.cs:line 53
  Failed Jellyfin.Server.Integration.Tests.Controllers.UserLibraryControllerTests.GetRootFolder_NonexistentUserId_NotFound [5 ms]
  Error Message:
   System.TypeInitializationException : The type initializer for 'Jellyfin.Drawing.Skia.SkiaEncoder' threw an exception.
---- System.DllNotFoundException : Unable to load shared library 'libSkiaSharp' or one of its dependencies. In order to help diagnose loading problems, consider using a tool like strace. If you're using glibc, consider setting the LD_DEBUG environment variable: 
libfontconfig.so.1: cannot open shared object file: No such file or directory
/usr/share/dotnet/shared/Microsoft.NETCore.App/9.0.6/libSkiaSharp.so: cannot open shared object file: No such file or directory
/root/jellyfin/tests/Jellyfin.Server.Integration.Tests/bin/Debug/net9.0/libSkiaSharp.so: cannot open shared object file: No such file or directory
/root/jellyfin/tests/Jellyfin.Server.Integration.Tests/bin/Debug/net9.0/runtimes/linux-x64/native/liblibSkiaSharp.so: cannot open shared object file: No such file or directory
/usr/share/dotnet/shared/Microsoft.NETCore.App/9.0.6/liblibSkiaSharp.so: cannot open shared object file: No such file or directory
/root/jellyfin/tests/Jellyfin.Server.Integration.Tests/bin/Debug/net9.0/liblibSkiaSharp.so: cannot open shared object file: No such file or directory
/root/jellyfin/tests/Jellyfin.Server.Integration.Tests/bin/Debug/net9.0/runtimes/linux-x64/native/libSkiaSharp: cannot open shared object file: No such file or directory
/usr/share/dotnet/shared/Microsoft.NETCore.App/9.0.6/libSkiaSharp: cannot open shared object file: No such file or directory
/root/jellyfin/tests/Jellyfin.Server.Integration.Tests/bin/Debug/net9.0/libSkiaSharp: cannot open shared object file: No such file or directory
/root/jellyfin/tests/Jellyfin.Server.Integration.Tests/bin/Debug/net9.0/runtimes/linux-x64/native/liblibSkiaSharp: cannot open shared object file: No such file or directory
/usr/share/dotnet/shared/Microsoft.NETCore.App/9.0.6/liblibSkiaSharp: cannot open shared object file: No such file or directory
/root/jellyfin/tests/Jellyfin.Server.Integration.Tests/bin/Debug/net9.0/liblibSkiaSharp: cannot open shared object file: No such file or directory

  Stack Trace:
     at Jellyfin.Drawing.Skia.SkiaEncoder.IsNativeLibAvailable() in /root/jellyfin/src/Jellyfin.Drawing.Skia/SkiaEncoder.cs:line 142
   at Jellyfin.Server.CoreAppHost.RegisterServices(IServiceCollection serviceCollection) in /root/jellyfin/Jellyfin.Server/CoreAppHost.cs:line 66
   at Emby.Server.Implementations.ApplicationHost.Init(IServiceCollection serviceCollection) in /root/jellyfin/Emby.Server.Implementations/ApplicationHost.cs:line 460
   at Jellyfin.Server.Integration.Tests.JellyfinApplicationFactory.<>c__DisplayClass4_0.<ConfigureWebHost>b__0(IServiceCollection services) in /root/jellyfin/tests/Jellyfin.Server.Integration.Tests/JellyfinApplicationFactory.cs:line 91
   at Microsoft.Extensions.Hosting.HostBuilder.InitializeServiceProvider()
   at Microsoft.Extensions.Hosting.HostBuilder.Build()
   at Jellyfin.Server.Integration.Tests.JellyfinApplicationFactory.CreateHost(IHostBuilder builder) in /root/jellyfin/tests/Jellyfin.Server.Integration.Tests/JellyfinApplicationFactory.cs:line 110
   at Microsoft.AspNetCore.Mvc.Testing.WebApplicationFactory`1.ConfigureHostBuilder(IHostBuilder hostBuilder)
   at Microsoft.AspNetCore.Mvc.Testing.WebApplicationFactory`1.EnsureServer()
   at Microsoft.AspNetCore.Mvc.Testing.WebApplicationFactory`1.CreateDefaultClient(DelegatingHandler[] handlers)
   at Microsoft.AspNetCore.Mvc.Testing.WebApplicationFactory`1.CreateDefaultClient(Uri baseAddress, DelegatingHandler[] handlers)
   at Microsoft.AspNetCore.Mvc.Testing.WebApplicationFactory`1.CreateClient(WebApplicationFactoryClientOptions options)
   at Microsoft.AspNetCore.Mvc.Testing.WebApplicationFactory`1.CreateClient()
   at Jellyfin.Server.Integration.Tests.Controllers.UserLibraryControllerTests.GetRootFolder_NonexistentUserId_NotFound() in /root/jellyfin/tests/Jellyfin.Server.Integration.Tests/Controllers/UserLibraryControllerTests.cs:line 28
--- End of stack trace from previous location ---
----- Inner Stack Trace -----
   at SkiaSharp.SkiaApi.<sk_imagefilter_new_matrix_convolution>g____PInvoke|382_0(SKSizeI* __kernelSize_native, Single* __kernel_native, Single __gain_native, Single __bias_native, SKPointI* __kernelOffset_native, SKShaderTileMode __ctileMode_native, SByte __convolveAlpha_native, IntPtr __input_native, SKRect* __cropRect_native)
   at SkiaSharp.SkiaApi.<sk_imagefilter_new_matrix_convolution>g____PInvoke|382_0(SKSizeI* __kernelSize_native, Single* __kernel_native, Single __gain_native, Single __bias_native, SKPointI* __kernelOffset_native, SKShaderTileMode __ctileMode_native, SByte __convolveAlpha_native, IntPtr __input_native, SKRect* __cropRect_native)
   at SkiaSharp.SkiaApi.sk_imagefilter_new_matrix_convolution(SKSizeI* kernelSize, Single* kernel, Single gain, Single bias, SKPointI* kernelOffset, SKShaderTileMode ctileMode, Boolean convolveAlpha, IntPtr input, SKRect* cropRect)
   at SkiaSharp.SKImageFilter.CreateMatrixConvolution(SKSizeI kernelSize, ReadOnlySpan`1 kernel, Single gain, Single bias, SKPointI kernelOffset, SKShaderTileMode tileMode, Boolean convolveAlpha, SKImageFilter input, SKRect* cropRect)
   at SkiaSharp.SKImageFilter.CreateMatrixConvolution(SKSizeI kernelSize, ReadOnlySpan`1 kernel, Single gain, Single bias, SKPointI kernelOffset, SKShaderTileMode tileMode, Boolean convolveAlpha)
   at Jellyfin.Drawing.Skia.SkiaEncoder..cctor() in /root/jellyfin/src/Jellyfin.Drawing.Skia/SkiaEncoder.cs:line 53
  Skipped Jellyfin.Server.Integration.Tests.Controllers.UserLibraryControllerTests.GetItem_UserIdAndItemId_Valid [1 ms]
  Skipped Jellyfin.Server.Integration.Tests.Controllers.UserLibraryControllerTests.LocalTrailersAndSpecialFeatures_UserIdAndItemId_Valid [1 ms]
  Failed Jellyfin.Server.Integration.Tests.Controllers.PersonsControllerTests.GetPerson_DoesntExist_NotFound [3 ms]
  Error Message:
   System.TypeInitializationException : The type initializer for 'Jellyfin.Drawing.Skia.SkiaEncoder' threw an exception.
---- System.DllNotFoundException : Unable to load shared library 'libSkiaSharp' or one of its dependencies. In order to help diagnose loading problems, consider using a tool like strace. If you're using glibc, consider setting the LD_DEBUG environment variable: 
libfontconfig.so.1: cannot open shared object file: No such file or directory
/usr/share/dotnet/shared/Microsoft.NETCore.App/9.0.6/libSkiaSharp.so: cannot open shared object file: No such file or directory
/root/jellyfin/tests/Jellyfin.Server.Integration.Tests/bin/Debug/net9.0/libSkiaSharp.so: cannot open shared object file: No such file or directory
/root/jellyfin/tests/Jellyfin.Server.Integration.Tests/bin/Debug/net9.0/runtimes/linux-x64/native/liblibSkiaSharp.so: cannot open shared object file: No such file or directory
/usr/share/dotnet/shared/Microsoft.NETCore.App/9.0.6/liblibSkiaSharp.so: cannot open shared object file: No such file or directory
/root/jellyfin/tests/Jellyfin.Server.Integration.Tests/bin/Debug/net9.0/liblibSkiaSharp.so: cannot open shared object file: No such file or directory
/root/jellyfin/tests/Jellyfin.Server.Integration.Tests/bin/Debug/net9.0/runtimes/linux-x64/native/libSkiaSharp: cannot open shared object file: No such file or directory
/usr/share/dotnet/shared/Microsoft.NETCore.App/9.0.6/libSkiaSharp: cannot open shared object file: No such file or directory
/root/jellyfin/tests/Jellyfin.Server.Integration.Tests/bin/Debug/net9.0/libSkiaSharp: cannot open shared object file: No such file or directory
/root/jellyfin/tests/Jellyfin.Server.Integration.Tests/bin/Debug/net9.0/runtimes/linux-x64/native/liblibSkiaSharp: cannot open shared object file: No such file or directory
/usr/share/dotnet/shared/Microsoft.NETCore.App/9.0.6/liblibSkiaSharp: cannot open shared object file: No such file or directory
/root/jellyfin/tests/Jellyfin.Server.Integration.Tests/bin/Debug/net9.0/liblibSkiaSharp: cannot open shared object file: No such file or directory

  Stack Trace:
     at Jellyfin.Drawing.Skia.SkiaEncoder.IsNativeLibAvailable() in /root/jellyfin/src/Jellyfin.Drawing.Skia/SkiaEncoder.cs:line 142
   at Jellyfin.Server.CoreAppHost.RegisterServices(IServiceCollection serviceCollection) in /root/jellyfin/Jellyfin.Server/CoreAppHost.cs:line 66
   at Emby.Server.Implementations.ApplicationHost.Init(IServiceCollection serviceCollection) in /root/jellyfin/Emby.Server.Implementations/ApplicationHost.cs:line 460
   at Jellyfin.Server.Integration.Tests.JellyfinApplicationFactory.<>c__DisplayClass4_0.<ConfigureWebHost>b__0(IServiceCollection services) in /root/jellyfin/tests/Jellyfin.Server.Integration.Tests/JellyfinApplicationFactory.cs:line 91
   at Microsoft.Extensions.Hosting.HostBuilder.InitializeServiceProvider()
   at Microsoft.Extensions.Hosting.HostBuilder.Build()
   at Jellyfin.Server.Integration.Tests.JellyfinApplicationFactory.CreateHost(IHostBuilder builder) in /root/jellyfin/tests/Jellyfin.Server.Integration.Tests/JellyfinApplicationFactory.cs:line 110
   at Microsoft.AspNetCore.Mvc.Testing.WebApplicationFactory`1.ConfigureHostBuilder(IHostBuilder hostBuilder)
   at Microsoft.AspNetCore.Mvc.Testing.WebApplicationFactory`1.EnsureServer()
   at Microsoft.AspNetCore.Mvc.Testing.WebApplicationFactory`1.CreateDefaultClient(DelegatingHandler[] handlers)
   at Microsoft.AspNetCore.Mvc.Testing.WebApplicationFactory`1.CreateDefaultClient(Uri baseAddress, DelegatingHandler[] handlers)
   at Microsoft.AspNetCore.Mvc.Testing.WebApplicationFactory`1.CreateClient(WebApplicationFactoryClientOptions options)
   at Microsoft.AspNetCore.Mvc.Testing.WebApplicationFactory`1.CreateClient()
   at Jellyfin.Server.Integration.Tests.Controllers.PersonsControllerTests.GetPerson_DoesntExist_NotFound() in /root/jellyfin/tests/Jellyfin.Server.Integration.Tests/Controllers/PersonsControllerTests.cs:line 20
--- End of stack trace from previous location ---
----- Inner Stack Trace -----
   at SkiaSharp.SkiaApi.<sk_imagefilter_new_matrix_convolution>g____PInvoke|382_0(SKSizeI* __kernelSize_native, Single* __kernel_native, Single __gain_native, Single __bias_native, SKPointI* __kernelOffset_native, SKShaderTileMode __ctileMode_native, SByte __convolveAlpha_native, IntPtr __input_native, SKRect* __cropRect_native)
   at SkiaSharp.SkiaApi.<sk_imagefilter_new_matrix_convolution>g____PInvoke|382_0(SKSizeI* __kernelSize_native, Single* __kernel_native, Single __gain_native, Single __bias_native, SKPointI* __kernelOffset_native, SKShaderTileMode __ctileMode_native, SByte __convolveAlpha_native, IntPtr __input_native, SKRect* __cropRect_native)
   at SkiaSharp.SkiaApi.sk_imagefilter_new_matrix_convolution(SKSizeI* kernelSize, Single* kernel, Single gain, Single bias, SKPointI* kernelOffset, SKShaderTileMode ctileMode, Boolean convolveAlpha, IntPtr input, SKRect* cropRect)
   at SkiaSharp.SKImageFilter.CreateMatrixConvolution(SKSizeI kernelSize, ReadOnlySpan`1 kernel, Single gain, Single bias, SKPointI kernelOffset, SKShaderTileMode tileMode, Boolean convolveAlpha, SKImageFilter input, SKRect* cropRect)
   at SkiaSharp.SKImageFilter.CreateMatrixConvolution(SKSizeI kernelSize, ReadOnlySpan`1 kernel, Single gain, Single bias, SKPointI kernelOffset, SKShaderTileMode tileMode, Boolean convolveAlpha)
   at Jellyfin.Drawing.Skia.SkiaEncoder..cctor() in /root/jellyfin/src/Jellyfin.Drawing.Skia/SkiaEncoder.cs:line 53
  Failed Jellyfin.Server.Integration.Tests.EncodedQueryStringTest.Ensure_Decoding_Of_Urls_Is_Working(sourceUrl: "a=b&a=c", unencodedUrl: "a=b") [3 ms]
  Error Message:
   System.TypeInitializationException : The type initializer for 'Jellyfin.Drawing.Skia.SkiaEncoder' threw an exception.
---- System.DllNotFoundException : Unable to load shared library 'libSkiaSharp' or one of its dependencies. In order to help diagnose loading problems, consider using a tool like strace. If you're using glibc, consider setting the LD_DEBUG environment variable: 
libfontconfig.so.1: cannot open shared object file: No such file or directory
/usr/share/dotnet/shared/Microsoft.NETCore.App/9.0.6/libSkiaSharp.so: cannot open shared object file: No such file or directory
/root/jellyfin/tests/Jellyfin.Server.Integration.Tests/bin/Debug/net9.0/libSkiaSharp.so: cannot open shared object file: No such file or directory
/root/jellyfin/tests/Jellyfin.Server.Integration.Tests/bin/Debug/net9.0/runtimes/linux-x64/native/liblibSkiaSharp.so: cannot open shared object file: No such file or directory
/usr/share/dotnet/shared/Microsoft.NETCore.App/9.0.6/liblibSkiaSharp.so: cannot open shared object file: No such file or directory
/root/jellyfin/tests/Jellyfin.Server.Integration.Tests/bin/Debug/net9.0/liblibSkiaSharp.so: cannot open shared object file: No such file or directory
/root/jellyfin/tests/Jellyfin.Server.Integration.Tests/bin/Debug/net9.0/runtimes/linux-x64/native/libSkiaSharp: cannot open shared object file: No such file or directory
/usr/share/dotnet/shared/Microsoft.NETCore.App/9.0.6/libSkiaSharp: cannot open shared object file: No such file or directory
/root/jellyfin/tests/Jellyfin.Server.Integration.Tests/bin/Debug/net9.0/libSkiaSharp: cannot open shared object file: No such file or directory
/root/jellyfin/tests/Jellyfin.Server.Integration.Tests/bin/Debug/net9.0/runtimes/linux-x64/native/liblibSkiaSharp: cannot open shared object file: No such file or directory
/usr/share/dotnet/shared/Microsoft.NETCore.App/9.0.6/liblibSkiaSharp: cannot open shared object file: No such file or directory
/root/jellyfin/tests/Jellyfin.Server.Integration.Tests/bin/Debug/net9.0/liblibSkiaSharp: cannot open shared object file: No such file or directory

  Stack Trace:
     at Jellyfin.Drawing.Skia.SkiaEncoder.IsNativeLibAvailable() in /root/jellyfin/src/Jellyfin.Drawing.Skia/SkiaEncoder.cs:line 142
   at Jellyfin.Server.CoreAppHost.RegisterServices(IServiceCollection serviceCollection) in /root/jellyfin/Jellyfin.Server/CoreAppHost.cs:line 66
   at Emby.Server.Implementations.ApplicationHost.Init(IServiceCollection serviceCollection) in /root/jellyfin/Emby.Server.Implementations/ApplicationHost.cs:line 460
   at Jellyfin.Server.Integration.Tests.JellyfinApplicationFactory.<>c__DisplayClass4_0.<ConfigureWebHost>b__0(IServiceCollection services) in /root/jellyfin/tests/Jellyfin.Server.Integration.Tests/JellyfinApplicationFactory.cs:line 91
   at Microsoft.Extensions.Hosting.HostBuilder.InitializeServiceProvider()
   at Microsoft.Extensions.Hosting.HostBuilder.Build()
   at Jellyfin.Server.Integration.Tests.JellyfinApplicationFactory.CreateHost(IHostBuilder builder) in /root/jellyfin/tests/Jellyfin.Server.Integration.Tests/JellyfinApplicationFactory.cs:line 110
   at Microsoft.AspNetCore.Mvc.Testing.WebApplicationFactory`1.ConfigureHostBuilder(IHostBuilder hostBuilder)
   at Microsoft.AspNetCore.Mvc.Testing.WebApplicationFactory`1.EnsureServer()
   at Microsoft.AspNetCore.Mvc.Testing.WebApplicationFactory`1.CreateDefaultClient(DelegatingHandler[] handlers)
   at Microsoft.AspNetCore.Mvc.Testing.WebApplicationFactory`1.CreateDefaultClient(Uri baseAddress, DelegatingHandler[] handlers)
   at Microsoft.AspNetCore.Mvc.Testing.WebApplicationFactory`1.CreateClient(WebApplicationFactoryClientOptions options)
   at Microsoft.AspNetCore.Mvc.Testing.WebApplicationFactory`1.CreateClient()
   at Jellyfin.Server.Integration.Tests.EncodedQueryStringTest.Ensure_Decoding_Of_Urls_Is_Working(String sourceUrl, String unencodedUrl) in /root/jellyfin/tests/Jellyfin.Server.Integration.Tests/EncodedQueryStringTest.cs:line 28
--- End of stack trace from previous location ---
----- Inner Stack Trace -----
   at SkiaSharp.SkiaApi.<sk_imagefilter_new_matrix_convolution>g____PInvoke|382_0(SKSizeI* __kernelSize_native, Single* __kernel_native, Single __gain_native, Single __bias_native, SKPointI* __kernelOffset_native, SKShaderTileMode __ctileMode_native, SByte __convolveAlpha_native, IntPtr __input_native, SKRect* __cropRect_native)
   at SkiaSharp.SkiaApi.<sk_imagefilter_new_matrix_convolution>g____PInvoke|382_0(SKSizeI* __kernelSize_native, Single* __kernel_native, Single __gain_native, Single __bias_native, SKPointI* __kernelOffset_native, SKShaderTileMode __ctileMode_native, SByte __convolveAlpha_native, IntPtr __input_native, SKRect* __cropRect_native)
   at SkiaSharp.SkiaApi.sk_imagefilter_new_matrix_convolution(SKSizeI* kernelSize, Single* kernel, Single gain, Single bias, SKPointI* kernelOffset, SKShaderTileMode ctileMode, Boolean convolveAlpha, IntPtr input, SKRect* cropRect)
   at SkiaSharp.SKImageFilter.CreateMatrixConvolution(SKSizeI kernelSize, ReadOnlySpan`1 kernel, Single gain, Single bias, SKPointI kernelOffset, SKShaderTileMode tileMode, Boolean convolveAlpha, SKImageFilter input, SKRect* cropRect)
   at SkiaSharp.SKImageFilter.CreateMatrixConvolution(SKSizeI kernelSize, ReadOnlySpan`1 kernel, Single gain, Single bias, SKPointI kernelOffset, SKShaderTileMode tileMode, Boolean convolveAlpha)
   at Jellyfin.Drawing.Skia.SkiaEncoder..cctor() in /root/jellyfin/src/Jellyfin.Drawing.Skia/SkiaEncoder.cs:line 53
  Failed Jellyfin.Server.Integration.Tests.EncodedQueryStringTest.Ensure_Decoding_Of_Urls_Is_Working(sourceUrl: "a=1&b=2&c=3", unencodedUrl: "a=1&b=2&c=3") [3 ms]
  Error Message:
   System.TypeInitializationException : The type initializer for 'Jellyfin.Drawing.Skia.SkiaEncoder' threw an exception.
---- System.DllNotFoundException : Unable to load shared library 'libSkiaSharp' or one of its dependencies. In order to help diagnose loading problems, consider using a tool like strace. If you're using glibc, consider setting the LD_DEBUG environment variable: 
libfontconfig.so.1: cannot open shared object file: No such file or directory
/usr/share/dotnet/shared/Microsoft.NETCore.App/9.0.6/libSkiaSharp.so: cannot open shared object file: No such file or directory
/root/jellyfin/tests/Jellyfin.Server.Integration.Tests/bin/Debug/net9.0/libSkiaSharp.so: cannot open shared object file: No such file or directory
/root/jellyfin/tests/Jellyfin.Server.Integration.Tests/bin/Debug/net9.0/runtimes/linux-x64/native/liblibSkiaSharp.so: cannot open shared object file: No such file or directory
/usr/share/dotnet/shared/Microsoft.NETCore.App/9.0.6/liblibSkiaSharp.so: cannot open shared object file: No such file or directory
/root/jellyfin/tests/Jellyfin.Server.Integration.Tests/bin/Debug/net9.0/liblibSkiaSharp.so: cannot open shared object file: No such file or directory
/root/jellyfin/tests/Jellyfin.Server.Integration.Tests/bin/Debug/net9.0/runtimes/linux-x64/native/libSkiaSharp: cannot open shared object file: No such file or directory
/usr/share/dotnet/shared/Microsoft.NETCore.App/9.0.6/libSkiaSharp: cannot open shared object file: No such file or directory
/root/jellyfin/tests/Jellyfin.Server.Integration.Tests/bin/Debug/net9.0/libSkiaSharp: cannot open shared object file: No such file or directory
/root/jellyfin/tests/Jellyfin.Server.Integration.Tests/bin/Debug/net9.0/runtimes/linux-x64/native/liblibSkiaSharp: cannot open shared object file: No such file or directory
/usr/share/dotnet/shared/Microsoft.NETCore.App/9.0.6/liblibSkiaSharp: cannot open shared object file: No such file or directory
/root/jellyfin/tests/Jellyfin.Server.Integration.Tests/bin/Debug/net9.0/liblibSkiaSharp: cannot open shared object file: No such file or directory

  Stack Trace:
     at Jellyfin.Drawing.Skia.SkiaEncoder.IsNativeLibAvailable() in /root/jellyfin/src/Jellyfin.Drawing.Skia/SkiaEncoder.cs:line 142
   at Jellyfin.Server.CoreAppHost.RegisterServices(IServiceCollection serviceCollection) in /root/jellyfin/Jellyfin.Server/CoreAppHost.cs:line 66
   at Emby.Server.Implementations.ApplicationHost.Init(IServiceCollection serviceCollection) in /root/jellyfin/Emby.Server.Implementations/ApplicationHost.cs:line 460
   at Jellyfin.Server.Integration.Tests.JellyfinApplicationFactory.<>c__DisplayClass4_0.<ConfigureWebHost>b__0(IServiceCollection services) in /root/jellyfin/tests/Jellyfin.Server.Integration.Tests/JellyfinApplicationFactory.cs:line 91
   at Microsoft.Extensions.Hosting.HostBuilder.InitializeServiceProvider()
   at Microsoft.Extensions.Hosting.HostBuilder.Build()
   at Jellyfin.Server.Integration.Tests.JellyfinApplicationFactory.CreateHost(IHostBuilder builder) in /root/jellyfin/tests/Jellyfin.Server.Integration.Tests/JellyfinApplicationFactory.cs:line 110
   at Microsoft.AspNetCore.Mvc.Testing.WebApplicationFactory`1.ConfigureHostBuilder(IHostBuilder hostBuilder)
   at Microsoft.AspNetCore.Mvc.Testing.WebApplicationFactory`1.EnsureServer()
   at Microsoft.AspNetCore.Mvc.Testing.WebApplicationFactory`1.CreateDefaultClient(DelegatingHandler[] handlers)
   at Microsoft.AspNetCore.Mvc.Testing.WebApplicationFactory`1.CreateDefaultClient(Uri baseAddress, DelegatingHandler[] handlers)
   at Microsoft.AspNetCore.Mvc.Testing.WebApplicationFactory`1.CreateClient(WebApplicationFactoryClientOptions options)
   at Microsoft.AspNetCore.Mvc.Testing.WebApplicationFactory`1.CreateClient()
   at Jellyfin.Server.Integration.Tests.EncodedQueryStringTest.Ensure_Decoding_Of_Urls_Is_Working(String sourceUrl, String unencodedUrl) in /root/jellyfin/tests/Jellyfin.Server.Integration.Tests/EncodedQueryStringTest.cs:line 28
--- End of stack trace from previous location ---
----- Inner Stack Trace -----
   at SkiaSharp.SkiaApi.<sk_imagefilter_new_matrix_convolution>g____PInvoke|382_0(SKSizeI* __kernelSize_native, Single* __kernel_native, Single __gain_native, Single __bias_native, SKPointI* __kernelOffset_native, SKShaderTileMode __ctileMode_native, SByte __convolveAlpha_native, IntPtr __input_native, SKRect* __cropRect_native)
   at SkiaSharp.SkiaApi.<sk_imagefilter_new_matrix_convolution>g____PInvoke|382_0(SKSizeI* __kernelSize_native, Single* __kernel_native, Single __gain_native, Single __bias_native, SKPointI* __kernelOffset_native, SKShaderTileMode __ctileMode_native, SByte __convolveAlpha_native, IntPtr __input_native, SKRect* __cropRect_native)
   at SkiaSharp.SkiaApi.sk_imagefilter_new_matrix_convolution(SKSizeI* kernelSize, Single* kernel, Single gain, Single bias, SKPointI* kernelOffset, SKShaderTileMode ctileMode, Boolean convolveAlpha, IntPtr input, SKRect* cropRect)
   at SkiaSharp.SKImageFilter.CreateMatrixConvolution(SKSizeI kernelSize, ReadOnlySpan`1 kernel, Single gain, Single bias, SKPointI kernelOffset, SKShaderTileMode tileMode, Boolean convolveAlpha, SKImageFilter input, SKRect* cropRect)
   at SkiaSharp.SKImageFilter.CreateMatrixConvolution(SKSizeI kernelSize, ReadOnlySpan`1 kernel, Single gain, Single bias, SKPointI kernelOffset, SKShaderTileMode tileMode, Boolean convolveAlpha)
   at Jellyfin.Drawing.Skia.SkiaEncoder..cctor() in /root/jellyfin/src/Jellyfin.Drawing.Skia/SkiaEncoder.cs:line 53
  Failed Jellyfin.Server.Integration.Tests.EncodedQueryStringTest.Ensure_Decoding_Of_Urls_Is_Working(sourceUrl: "a%3D1", unencodedUrl: "a=1") [3 ms]
  Error Message:
   System.TypeInitializationException : The type initializer for 'Jellyfin.Drawing.Skia.SkiaEncoder' threw an exception.
---- System.DllNotFoundException : Unable to load shared library 'libSkiaSharp' or one of its dependencies. In order to help diagnose loading problems, consider using a tool like strace. If you're using glibc, consider setting the LD_DEBUG environment variable: 
libfontconfig.so.1: cannot open shared object file: No such file or directory
/usr/share/dotnet/shared/Microsoft.NETCore.App/9.0.6/libSkiaSharp.so: cannot open shared object file: No such file or directory
/root/jellyfin/tests/Jellyfin.Server.Integration.Tests/bin/Debug/net9.0/libSkiaSharp.so: cannot open shared object file: No such file or directory
/root/jellyfin/tests/Jellyfin.Server.Integration.Tests/bin/Debug/net9.0/runtimes/linux-x64/native/liblibSkiaSharp.so: cannot open shared object file: No such file or directory
/usr/share/dotnet/shared/Microsoft.NETCore.App/9.0.6/liblibSkiaSharp.so: cannot open shared object file: No such file or directory
/root/jellyfin/tests/Jellyfin.Server.Integration.Tests/bin/Debug/net9.0/liblibSkiaSharp.so: cannot open shared object file: No such file or directory
/root/jellyfin/tests/Jellyfin.Server.Integration.Tests/bin/Debug/net9.0/runtimes/linux-x64/native/libSkiaSharp: cannot open shared object file: No such file or directory
/usr/share/dotnet/shared/Microsoft.NETCore.App/9.0.6/libSkiaSharp: cannot open shared object file: No such file or directory
/root/jellyfin/tests/Jellyfin.Server.Integration.Tests/bin/Debug/net9.0/libSkiaSharp: cannot open shared object file: No such file or directory
/root/jellyfin/tests/Jellyfin.Server.Integration.Tests/bin/Debug/net9.0/runtimes/linux-x64/native/liblibSkiaSharp: cannot open shared object file: No such file or directory
/usr/share/dotnet/shared/Microsoft.NETCore.App/9.0.6/liblibSkiaSharp: cannot open shared object file: No such file or directory
/root/jellyfin/tests/Jellyfin.Server.Integration.Tests/bin/Debug/net9.0/liblibSkiaSharp: cannot open shared object file: No such file or directory

  Stack Trace:
     at Jellyfin.Drawing.Skia.SkiaEncoder.IsNativeLibAvailable() in /root/jellyfin/src/Jellyfin.Drawing.Skia/SkiaEncoder.cs:line 142
   at Jellyfin.Server.CoreAppHost.RegisterServices(IServiceCollection serviceCollection) in /root/jellyfin/Jellyfin.Server/CoreAppHost.cs:line 66
   at Emby.Server.Implementations.ApplicationHost.Init(IServiceCollection serviceCollection) in /root/jellyfin/Emby.Server.Implementations/ApplicationHost.cs:line 460
   at Jellyfin.Server.Integration.Tests.JellyfinApplicationFactory.<>c__DisplayClass4_0.<ConfigureWebHost>b__0(IServiceCollection services) in /root/jellyfin/tests/Jellyfin.Server.Integration.Tests/JellyfinApplicationFactory.cs:line 91
   at Microsoft.Extensions.Hosting.HostBuilder.InitializeServiceProvider()
   at Microsoft.Extensions.Hosting.HostBuilder.Build()
   at Jellyfin.Server.Integration.Tests.JellyfinApplicationFactory.CreateHost(IHostBuilder builder) in /root/jellyfin/tests/Jellyfin.Server.Integration.Tests/JellyfinApplicationFactory.cs:line 110
   at Microsoft.AspNetCore.Mvc.Testing.WebApplicationFactory`1.ConfigureHostBuilder(IHostBuilder hostBuilder)
   at Microsoft.AspNetCore.Mvc.Testing.WebApplicationFactory`1.EnsureServer()
   at Microsoft.AspNetCore.Mvc.Testing.WebApplicationFactory`1.CreateDefaultClient(DelegatingHandler[] handlers)
   at Microsoft.AspNetCore.Mvc.Testing.WebApplicationFactory`1.CreateDefaultClient(Uri baseAddress, DelegatingHandler[] handlers)
   at Microsoft.AspNetCore.Mvc.Testing.WebApplicationFactory`1.CreateClient(WebApplicationFactoryClientOptions options)
   at Microsoft.AspNetCore.Mvc.Testing.WebApplicationFactory`1.CreateClient()
   at Jellyfin.Server.Integration.Tests.EncodedQueryStringTest.Ensure_Decoding_Of_Urls_Is_Working(String sourceUrl, String unencodedUrl) in /root/jellyfin/tests/Jellyfin.Server.Integration.Tests/EncodedQueryStringTest.cs:line 28
--- End of stack trace from previous location ---
----- Inner Stack Trace -----
   at SkiaSharp.SkiaApi.<sk_imagefilter_new_matrix_convolution>g____PInvoke|382_0(SKSizeI* __kernelSize_native, Single* __kernel_native, Single __gain_native, Single __bias_native, SKPointI* __kernelOffset_native, SKShaderTileMode __ctileMode_native, SByte __convolveAlpha_native, IntPtr __input_native, SKRect* __cropRect_native)
   at SkiaSharp.SkiaApi.<sk_imagefilter_new_matrix_convolution>g____PInvoke|382_0(SKSizeI* __kernelSize_native, Single* __kernel_native, Single __gain_native, Single __bias_native, SKPointI* __kernelOffset_native, SKShaderTileMode __ctileMode_native, SByte __convolveAlpha_native, IntPtr __input_native, SKRect* __cropRect_native)
   at SkiaSharp.SkiaApi.sk_imagefilter_new_matrix_convolution(SKSizeI* kernelSize, Single* kernel, Single gain, Single bias, SKPointI* kernelOffset, SKShaderTileMode ctileMode, Boolean convolveAlpha, IntPtr input, SKRect* cropRect)
   at SkiaSharp.SKImageFilter.CreateMatrixConvolution(SKSizeI kernelSize, ReadOnlySpan`1 kernel, Single gain, Single bias, SKPointI kernelOffset, SKShaderTileMode tileMode, Boolean convolveAlpha, SKImageFilter input, SKRect* cropRect)
   at SkiaSharp.SKImageFilter.CreateMatrixConvolution(SKSizeI kernelSize, ReadOnlySpan`1 kernel, Single gain, Single bias, SKPointI kernelOffset, SKShaderTileMode tileMode, Boolean convolveAlpha)
   at Jellyfin.Drawing.Skia.SkiaEncoder..cctor() in /root/jellyfin/src/Jellyfin.Drawing.Skia/SkiaEncoder.cs:line 53
  Failed Jellyfin.Server.Integration.Tests.EncodedQueryStringTest.Ensure_Decoding_Of_Urls_Is_Working(sourceUrl: "a%3D1%26b%3D2%26c%3D3", unencodedUrl: "a=1&b=2&c=3") [3 ms]
  Error Message:
   System.TypeInitializationException : The type initializer for 'Jellyfin.Drawing.Skia.SkiaEncoder' threw an exception.
---- System.DllNotFoundException : Unable to load shared library 'libSkiaSharp' or one of its dependencies. In order to help diagnose loading problems, consider using a tool like strace. If you're using glibc, consider setting the LD_DEBUG environment variable: 
libfontconfig.so.1: cannot open shared object file: No such file or directory
/usr/share/dotnet/shared/Microsoft.NETCore.App/9.0.6/libSkiaSharp.so: cannot open shared object file: No such file or directory
/root/jellyfin/tests/Jellyfin.Server.Integration.Tests/bin/Debug/net9.0/libSkiaSharp.so: cannot open shared object file: No such file or directory
/root/jellyfin/tests/Jellyfin.Server.Integration.Tests/bin/Debug/net9.0/runtimes/linux-x64/native/liblibSkiaSharp.so: cannot open shared object file: No such file or directory
/usr/share/dotnet/shared/Microsoft.NETCore.App/9.0.6/liblibSkiaSharp.so: cannot open shared object file: No such file or directory
/root/jellyfin/tests/Jellyfin.Server.Integration.Tests/bin/Debug/net9.0/liblibSkiaSharp.so: cannot open shared object file: No such file or directory
/root/jellyfin/tests/Jellyfin.Server.Integration.Tests/bin/Debug/net9.0/runtimes/linux-x64/native/libSkiaSharp: cannot open shared object file: No such file or directory
/usr/share/dotnet/shared/Microsoft.NETCore.App/9.0.6/libSkiaSharp: cannot open shared object file: No such file or directory
/root/jellyfin/tests/Jellyfin.Server.Integration.Tests/bin/Debug/net9.0/libSkiaSharp: cannot open shared object file: No such file or directory
/root/jellyfin/tests/Jellyfin.Server.Integration.Tests/bin/Debug/net9.0/runtimes/linux-x64/native/liblibSkiaSharp: cannot open shared object file: No such file or directory
/usr/share/dotnet/shared/Microsoft.NETCore.App/9.0.6/liblibSkiaSharp: cannot open shared object file: No such file or directory
/root/jellyfin/tests/Jellyfin.Server.Integration.Tests/bin/Debug/net9.0/liblibSkiaSharp: cannot open shared object file: No such file or directory

  Stack Trace:
     at Jellyfin.Drawing.Skia.SkiaEncoder.IsNativeLibAvailable() in /root/jellyfin/src/Jellyfin.Drawing.Skia/SkiaEncoder.cs:line 142
   at Jellyfin.Server.CoreAppHost.RegisterServices(IServiceCollection serviceCollection) in /root/jellyfin/Jellyfin.Server/CoreAppHost.cs:line 66
   at Emby.Server.Implementations.ApplicationHost.Init(IServiceCollection serviceCollection) in /root/jellyfin/Emby.Server.Implementations/ApplicationHost.cs:line 460
   at Jellyfin.Server.Integration.Tests.JellyfinApplicationFactory.<>c__DisplayClass4_0.<ConfigureWebHost>b__0(IServiceCollection services) in /root/jellyfin/tests/Jellyfin.Server.Integration.Tests/JellyfinApplicationFactory.cs:line 91
   at Microsoft.Extensions.Hosting.HostBuilder.InitializeServiceProvider()
   at Microsoft.Extensions.Hosting.HostBuilder.Build()
   at Jellyfin.Server.Integration.Tests.JellyfinApplicationFactory.CreateHost(IHostBuilder builder) in /root/jellyfin/tests/Jellyfin.Server.Integration.Tests/JellyfinApplicationFactory.cs:line 110
   at Microsoft.AspNetCore.Mvc.Testing.WebApplicationFactory`1.ConfigureHostBuilder(IHostBuilder hostBuilder)
   at Microsoft.AspNetCore.Mvc.Testing.WebApplicationFactory`1.EnsureServer()
   at Microsoft.AspNetCore.Mvc.Testing.WebApplicationFactory`1.CreateDefaultClient(DelegatingHandler[] handlers)
   at Microsoft.AspNetCore.Mvc.Testing.WebApplicationFactory`1.CreateDefaultClient(Uri baseAddress, DelegatingHandler[] handlers)
   at Microsoft.AspNetCore.Mvc.Testing.WebApplicationFactory`1.CreateClient(WebApplicationFactoryClientOptions options)
   at Microsoft.AspNetCore.Mvc.Testing.WebApplicationFactory`1.CreateClient()
   at Jellyfin.Server.Integration.Tests.EncodedQueryStringTest.Ensure_Decoding_Of_Urls_Is_Working(String sourceUrl, String unencodedUrl) in /root/jellyfin/tests/Jellyfin.Server.Integration.Tests/EncodedQueryStringTest.cs:line 28
--- End of stack trace from previous location ---
----- Inner Stack Trace -----
   at SkiaSharp.SkiaApi.<sk_imagefilter_new_matrix_convolution>g____PInvoke|382_0(SKSizeI* __kernelSize_native, Single* __kernel_native, Single __gain_native, Single __bias_native, SKPointI* __kernelOffset_native, SKShaderTileMode __ctileMode_native, SByte __convolveAlpha_native, IntPtr __input_native, SKRect* __cropRect_native)
   at SkiaSharp.SkiaApi.<sk_imagefilter_new_matrix_convolution>g____PInvoke|382_0(SKSizeI* __kernelSize_native, Single* __kernel_native, Single __gain_native, Single __bias_native, SKPointI* __kernelOffset_native, SKShaderTileMode __ctileMode_native, SByte __convolveAlpha_native, IntPtr __input_native, SKRect* __cropRect_native)
   at SkiaSharp.SkiaApi.sk_imagefilter_new_matrix_convolution(SKSizeI* kernelSize, Single* kernel, Single gain, Single bias, SKPointI* kernelOffset, SKShaderTileMode ctileMode, Boolean convolveAlpha, IntPtr input, SKRect* cropRect)
   at SkiaSharp.SKImageFilter.CreateMatrixConvolution(SKSizeI kernelSize, ReadOnlySpan`1 kernel, Single gain, Single bias, SKPointI kernelOffset, SKShaderTileMode tileMode, Boolean convolveAlpha, SKImageFilter input, SKRect* cropRect)
   at SkiaSharp.SKImageFilter.CreateMatrixConvolution(SKSizeI kernelSize, ReadOnlySpan`1 kernel, Single gain, Single bias, SKPointI kernelOffset, SKShaderTileMode tileMode, Boolean convolveAlpha)
   at Jellyfin.Drawing.Skia.SkiaEncoder..cctor() in /root/jellyfin/src/Jellyfin.Drawing.Skia/SkiaEncoder.cs:line 53
  Failed Jellyfin.Server.Integration.Tests.EncodedQueryStringTest.Ensure_Decoding_Of_Urls_Is_Working(sourceUrl: "a%3Db%26a%3Dc", unencodedUrl: "a=b") [4 ms]
  Error Message:
   System.TypeInitializationException : The type initializer for 'Jellyfin.Drawing.Skia.SkiaEncoder' threw an exception.
---- System.DllNotFoundException : Unable to load shared library 'libSkiaSharp' or one of its dependencies. In order to help diagnose loading problems, consider using a tool like strace. If you're using glibc, consider setting the LD_DEBUG environment variable: 
libfontconfig.so.1: cannot open shared object file: No such file or directory
/usr/share/dotnet/shared/Microsoft.NETCore.App/9.0.6/libSkiaSharp.so: cannot open shared object file: No such file or directory
/root/jellyfin/tests/Jellyfin.Server.Integration.Tests/bin/Debug/net9.0/libSkiaSharp.so: cannot open shared object file: No such file or directory
/root/jellyfin/tests/Jellyfin.Server.Integration.Tests/bin/Debug/net9.0/runtimes/linux-x64/native/liblibSkiaSharp.so: cannot open shared object file: No such file or directory
/usr/share/dotnet/shared/Microsoft.NETCore.App/9.0.6/liblibSkiaSharp.so: cannot open shared object file: No such file or directory
/root/jellyfin/tests/Jellyfin.Server.Integration.Tests/bin/Debug/net9.0/liblibSkiaSharp.so: cannot open shared object file: No such file or directory
/root/jellyfin/tests/Jellyfin.Server.Integration.Tests/bin/Debug/net9.0/runtimes/linux-x64/native/libSkiaSharp: cannot open shared object file: No such file or directory
/usr/share/dotnet/shared/Microsoft.NETCore.App/9.0.6/libSkiaSharp: cannot open shared object file: No such file or directory
/root/jellyfin/tests/Jellyfin.Server.Integration.Tests/bin/Debug/net9.0/libSkiaSharp: cannot open shared object file: No such file or directory
/root/jellyfin/tests/Jellyfin.Server.Integration.Tests/bin/Debug/net9.0/runtimes/linux-x64/native/liblibSkiaSharp: cannot open shared object file: No such file or directory
/usr/share/dotnet/shared/Microsoft.NETCore.App/9.0.6/liblibSkiaSharp: cannot open shared object file: No such file or directory
/root/jellyfin/tests/Jellyfin.Server.Integration.Tests/bin/Debug/net9.0/liblibSkiaSharp: cannot open shared object file: No such file or directory

  Stack Trace:
     at Jellyfin.Drawing.Skia.SkiaEncoder.IsNativeLibAvailable() in /root/jellyfin/src/Jellyfin.Drawing.Skia/SkiaEncoder.cs:line 142
   at Jellyfin.Server.CoreAppHost.RegisterServices(IServiceCollection serviceCollection) in /root/jellyfin/Jellyfin.Server/CoreAppHost.cs:line 66
   at Emby.Server.Implementations.ApplicationHost.Init(IServiceCollection serviceCollection) in /root/jellyfin/Emby.Server.Implementations/ApplicationHost.cs:line 460
   at Jellyfin.Server.Integration.Tests.JellyfinApplicationFactory.<>c__DisplayClass4_0.<ConfigureWebHost>b__0(IServiceCollection services) in /root/jellyfin/tests/Jellyfin.Server.Integration.Tests/JellyfinApplicationFactory.cs:line 91
   at Microsoft.Extensions.Hosting.HostBuilder.InitializeServiceProvider()
   at Microsoft.Extensions.Hosting.HostBuilder.Build()
   at Jellyfin.Server.Integration.Tests.JellyfinApplicationFactory.CreateHost(IHostBuilder builder) in /root/jellyfin/tests/Jellyfin.Server.Integration.Tests/JellyfinApplicationFactory.cs:line 110
   at Microsoft.AspNetCore.Mvc.Testing.WebApplicationFactory`1.ConfigureHostBuilder(IHostBuilder hostBuilder)
   at Microsoft.AspNetCore.Mvc.Testing.WebApplicationFactory`1.EnsureServer()
   at Microsoft.AspNetCore.Mvc.Testing.WebApplicationFactory`1.CreateDefaultClient(DelegatingHandler[] handlers)
   at Microsoft.AspNetCore.Mvc.Testing.WebApplicationFactory`1.CreateDefaultClient(Uri baseAddress, DelegatingHandler[] handlers)
   at Microsoft.AspNetCore.Mvc.Testing.WebApplicationFactory`1.CreateClient(WebApplicationFactoryClientOptions options)
   at Microsoft.AspNetCore.Mvc.Testing.WebApplicationFactory`1.CreateClient()
   at Jellyfin.Server.Integration.Tests.EncodedQueryStringTest.Ensure_Decoding_Of_Urls_Is_Working(String sourceUrl, String unencodedUrl) in /root/jellyfin/tests/Jellyfin.Server.Integration.Tests/EncodedQueryStringTest.cs:line 28
--- End of stack trace from previous location ---
----- Inner Stack Trace -----
   at SkiaSharp.SkiaApi.<sk_imagefilter_new_matrix_convolution>g____PInvoke|382_0(SKSizeI* __kernelSize_native, Single* __kernel_native, Single __gain_native, Single __bias_native, SKPointI* __kernelOffset_native, SKShaderTileMode __ctileMode_native, SByte __convolveAlpha_native, IntPtr __input_native, SKRect* __cropRect_native)
   at SkiaSharp.SkiaApi.<sk_imagefilter_new_matrix_convolution>g____PInvoke|382_0(SKSizeI* __kernelSize_native, Single* __kernel_native, Single __gain_native, Single __bias_native, SKPointI* __kernelOffset_native, SKShaderTileMode __ctileMode_native, SByte __convolveAlpha_native, IntPtr __input_native, SKRect* __cropRect_native)
   at SkiaSharp.SkiaApi.sk_imagefilter_new_matrix_convolution(SKSizeI* kernelSize, Single* kernel, Single gain, Single bias, SKPointI* kernelOffset, SKShaderTileMode ctileMode, Boolean convolveAlpha, IntPtr input, SKRect* cropRect)
   at SkiaSharp.SKImageFilter.CreateMatrixConvolution(SKSizeI kernelSize, ReadOnlySpan`1 kernel, Single gain, Single bias, SKPointI kernelOffset, SKShaderTileMode tileMode, Boolean convolveAlpha, SKImageFilter input, SKRect* cropRect)
   at SkiaSharp.SKImageFilter.CreateMatrixConvolution(SKSizeI kernelSize, ReadOnlySpan`1 kernel, Single gain, Single bias, SKPointI kernelOffset, SKShaderTileMode tileMode, Boolean convolveAlpha)
   at Jellyfin.Drawing.Skia.SkiaEncoder..cctor() in /root/jellyfin/src/Jellyfin.Drawing.Skia/SkiaEncoder.cs:line 53
  Failed Jellyfin.Server.Integration.Tests.EncodedQueryStringTest.Ensure_Decoding_Of_Urls_Is_Working(sourceUrl: "a=1", unencodedUrl: "a=1") [4 ms]
  Error Message:
   System.TypeInitializationException : The type initializer for 'Jellyfin.Drawing.Skia.SkiaEncoder' threw an exception.
---- System.DllNotFoundException : Unable to load shared library 'libSkiaSharp' or one of its dependencies. In order to help diagnose loading problems, consider using a tool like strace. If you're using glibc, consider setting the LD_DEBUG environment variable: 
libfontconfig.so.1: cannot open shared object file: No such file or directory
/usr/share/dotnet/shared/Microsoft.NETCore.App/9.0.6/libSkiaSharp.so: cannot open shared object file: No such file or directory
/root/jellyfin/tests/Jellyfin.Server.Integration.Tests/bin/Debug/net9.0/libSkiaSharp.so: cannot open shared object file: No such file or directory
/root/jellyfin/tests/Jellyfin.Server.Integration.Tests/bin/Debug/net9.0/runtimes/linux-x64/native/liblibSkiaSharp.so: cannot open shared object file: No such file or directory
/usr/share/dotnet/shared/Microsoft.NETCore.App/9.0.6/liblibSkiaSharp.so: cannot open shared object file: No such file or directory
/root/jellyfin/tests/Jellyfin.Server.Integration.Tests/bin/Debug/net9.0/liblibSkiaSharp.so: cannot open shared object file: No such file or directory
/root/jellyfin/tests/Jellyfin.Server.Integration.Tests/bin/Debug/net9.0/runtimes/linux-x64/native/libSkiaSharp: cannot open shared object file: No such file or directory
/usr/share/dotnet/shared/Microsoft.NETCore.App/9.0.6/libSkiaSharp: cannot open shared object file: No such file or directory
/root/jellyfin/tests/Jellyfin.Server.Integration.Tests/bin/Debug/net9.0/libSkiaSharp: cannot open shared object file: No such file or directory
/root/jellyfin/tests/Jellyfin.Server.Integration.Tests/bin/Debug/net9.0/runtimes/linux-x64/native/liblibSkiaSharp: cannot open shared object file: No such file or directory
/usr/share/dotnet/shared/Microsoft.NETCore.App/9.0.6/liblibSkiaSharp: cannot open shared object file: No such file or directory
/root/jellyfin/tests/Jellyfin.Server.Integration.Tests/bin/Debug/net9.0/liblibSkiaSharp: cannot open shared object file: No such file or directory

  Stack Trace:
     at Jellyfin.Drawing.Skia.SkiaEncoder.IsNativeLibAvailable() in /root/jellyfin/src/Jellyfin.Drawing.Skia/SkiaEncoder.cs:line 142
   at Jellyfin.Server.CoreAppHost.RegisterServices(IServiceCollection serviceCollection) in /root/jellyfin/Jellyfin.Server/CoreAppHost.cs:line 66
   at Emby.Server.Implementations.ApplicationHost.Init(IServiceCollection serviceCollection) in /root/jellyfin/Emby.Server.Implementations/ApplicationHost.cs:line 460
   at Jellyfin.Server.Integration.Tests.JellyfinApplicationFactory.<>c__DisplayClass4_0.<ConfigureWebHost>b__0(IServiceCollection services) in /root/jellyfin/tests/Jellyfin.Server.Integration.Tests/JellyfinApplicationFactory.cs:line 91
   at Microsoft.Extensions.Hosting.HostBuilder.InitializeServiceProvider()
   at Microsoft.Extensions.Hosting.HostBuilder.Build()
   at Jellyfin.Server.Integration.Tests.JellyfinApplicationFactory.CreateHost(IHostBuilder builder) in /root/jellyfin/tests/Jellyfin.Server.Integration.Tests/JellyfinApplicationFactory.cs:line 110
   at Microsoft.AspNetCore.Mvc.Testing.WebApplicationFactory`1.ConfigureHostBuilder(IHostBuilder hostBuilder)
   at Microsoft.AspNetCore.Mvc.Testing.WebApplicationFactory`1.EnsureServer()
   at Microsoft.AspNetCore.Mvc.Testing.WebApplicationFactory`1.CreateDefaultClient(DelegatingHandler[] handlers)
   at Microsoft.AspNetCore.Mvc.Testing.WebApplicationFactory`1.CreateDefaultClient(Uri baseAddress, DelegatingHandler[] handlers)
   at Microsoft.AspNetCore.Mvc.Testing.WebApplicationFactory`1.CreateClient(WebApplicationFactoryClientOptions options)
   at Microsoft.AspNetCore.Mvc.Testing.WebApplicationFactory`1.CreateClient()
   at Jellyfin.Server.Integration.Tests.EncodedQueryStringTest.Ensure_Decoding_Of_Urls_Is_Working(String sourceUrl, String unencodedUrl) in /root/jellyfin/tests/Jellyfin.Server.Integration.Tests/EncodedQueryStringTest.cs:line 28
--- End of stack trace from previous location ---
----- Inner Stack Trace -----
   at SkiaSharp.SkiaApi.<sk_imagefilter_new_matrix_convolution>g____PInvoke|382_0(SKSizeI* __kernelSize_native, Single* __kernel_native, Single __gain_native, Single __bias_native, SKPointI* __kernelOffset_native, SKShaderTileMode __ctileMode_native, SByte __convolveAlpha_native, IntPtr __input_native, SKRect* __cropRect_native)
   at SkiaSharp.SkiaApi.<sk_imagefilter_new_matrix_convolution>g____PInvoke|382_0(SKSizeI* __kernelSize_native, Single* __kernel_native, Single __gain_native, Single __bias_native, SKPointI* __kernelOffset_native, SKShaderTileMode __ctileMode_native, SByte __convolveAlpha_native, IntPtr __input_native, SKRect* __cropRect_native)
   at SkiaSharp.SkiaApi.sk_imagefilter_new_matrix_convolution(SKSizeI* kernelSize, Single* kernel, Single gain, Single bias, SKPointI* kernelOffset, SKShaderTileMode ctileMode, Boolean convolveAlpha, IntPtr input, SKRect* cropRect)
   at SkiaSharp.SKImageFilter.CreateMatrixConvolution(SKSizeI kernelSize, ReadOnlySpan`1 kernel, Single gain, Single bias, SKPointI kernelOffset, SKShaderTileMode tileMode, Boolean convolveAlpha, SKImageFilter input, SKRect* cropRect)
   at SkiaSharp.SKImageFilter.CreateMatrixConvolution(SKSizeI kernelSize, ReadOnlySpan`1 kernel, Single gain, Single bias, SKPointI kernelOffset, SKShaderTileMode tileMode, Boolean convolveAlpha)
   at Jellyfin.Drawing.Skia.SkiaEncoder..cctor() in /root/jellyfin/src/Jellyfin.Drawing.Skia/SkiaEncoder.cs:line 53
  Failed Jellyfin.Server.Integration.Tests.EncodedQueryStringTest.Ensure_Array_Decoding_Of_Urls_Is_Working(sourceUrl: "a=b&a=c", unencodedUrl: "a=b,c") [4 ms]
  Error Message:
   System.TypeInitializationException : The type initializer for 'Jellyfin.Drawing.Skia.SkiaEncoder' threw an exception.
---- System.DllNotFoundException : Unable to load shared library 'libSkiaSharp' or one of its dependencies. In order to help diagnose loading problems, consider using a tool like strace. If you're using glibc, consider setting the LD_DEBUG environment variable: 
libfontconfig.so.1: cannot open shared object file: No such file or directory
/usr/share/dotnet/shared/Microsoft.NETCore.App/9.0.6/libSkiaSharp.so: cannot open shared object file: No such file or directory
/root/jellyfin/tests/Jellyfin.Server.Integration.Tests/bin/Debug/net9.0/libSkiaSharp.so: cannot open shared object file: No such file or directory
/root/jellyfin/tests/Jellyfin.Server.Integration.Tests/bin/Debug/net9.0/runtimes/linux-x64/native/liblibSkiaSharp.so: cannot open shared object file: No such file or directory
/usr/share/dotnet/shared/Microsoft.NETCore.App/9.0.6/liblibSkiaSharp.so: cannot open shared object file: No such file or directory
/root/jellyfin/tests/Jellyfin.Server.Integration.Tests/bin/Debug/net9.0/liblibSkiaSharp.so: cannot open shared object file: No such file or directory
/root/jellyfin/tests/Jellyfin.Server.Integration.Tests/bin/Debug/net9.0/runtimes/linux-x64/native/libSkiaSharp: cannot open shared object file: No such file or directory
/usr/share/dotnet/shared/Microsoft.NETCore.App/9.0.6/libSkiaSharp: cannot open shared object file: No such file or directory
/root/jellyfin/tests/Jellyfin.Server.Integration.Tests/bin/Debug/net9.0/libSkiaSharp: cannot open shared object file: No such file or directory
/root/jellyfin/tests/Jellyfin.Server.Integration.Tests/bin/Debug/net9.0/runtimes/linux-x64/native/liblibSkiaSharp: cannot open shared object file: No such file or directory
/usr/share/dotnet/shared/Microsoft.NETCore.App/9.0.6/liblibSkiaSharp: cannot open shared object file: No such file or directory
/root/jellyfin/tests/Jellyfin.Server.Integration.Tests/bin/Debug/net9.0/liblibSkiaSharp: cannot open shared object file: No such file or directory

  Stack Trace:
     at Jellyfin.Drawing.Skia.SkiaEncoder.IsNativeLibAvailable() in /root/jellyfin/src/Jellyfin.Drawing.Skia/SkiaEncoder.cs:line 142
   at Jellyfin.Server.CoreAppHost.RegisterServices(IServiceCollection serviceCollection) in /root/jellyfin/Jellyfin.Server/CoreAppHost.cs:line 66
   at Emby.Server.Implementations.ApplicationHost.Init(IServiceCollection serviceCollection) in /root/jellyfin/Emby.Server.Implementations/ApplicationHost.cs:line 460
   at Jellyfin.Server.Integration.Tests.JellyfinApplicationFactory.<>c__DisplayClass4_0.<ConfigureWebHost>b__0(IServiceCollection services) in /root/jellyfin/tests/Jellyfin.Server.Integration.Tests/JellyfinApplicationFactory.cs:line 91
   at Microsoft.Extensions.Hosting.HostBuilder.InitializeServiceProvider()
   at Microsoft.Extensions.Hosting.HostBuilder.Build()
   at Jellyfin.Server.Integration.Tests.JellyfinApplicationFactory.CreateHost(IHostBuilder builder) in /root/jellyfin/tests/Jellyfin.Server.Integration.Tests/JellyfinApplicationFactory.cs:line 110
   at Microsoft.AspNetCore.Mvc.Testing.WebApplicationFactory`1.ConfigureHostBuilder(IHostBuilder hostBuilder)
   at Microsoft.AspNetCore.Mvc.Testing.WebApplicationFactory`1.EnsureServer()
   at Microsoft.AspNetCore.Mvc.Testing.WebApplicationFactory`1.CreateDefaultClient(DelegatingHandler[] handlers)
   at Microsoft.AspNetCore.Mvc.Testing.WebApplicationFactory`1.CreateDefaultClient(Uri baseAddress, DelegatingHandler[] handlers)
   at Microsoft.AspNetCore.Mvc.Testing.WebApplicationFactory`1.CreateClient(WebApplicationFactoryClientOptions options)
   at Microsoft.AspNetCore.Mvc.Testing.WebApplicationFactory`1.CreateClient()
   at Jellyfin.Server.Integration.Tests.EncodedQueryStringTest.Ensure_Array_Decoding_Of_Urls_Is_Working(String sourceUrl, String unencodedUrl) in /root/jellyfin/tests/Jellyfin.Server.Integration.Tests/EncodedQueryStringTest.cs:line 41
--- End of stack trace from previous location ---
----- Inner Stack Trace -----
   at SkiaSharp.SkiaApi.<sk_imagefilter_new_matrix_convolution>g____PInvoke|382_0(SKSizeI* __kernelSize_native, Single* __kernel_native, Single __gain_native, Single __bias_native, SKPointI* __kernelOffset_native, SKShaderTileMode __ctileMode_native, SByte __convolveAlpha_native, IntPtr __input_native, SKRect* __cropRect_native)
   at SkiaSharp.SkiaApi.<sk_imagefilter_new_matrix_convolution>g____PInvoke|382_0(SKSizeI* __kernelSize_native, Single* __kernel_native, Single __gain_native, Single __bias_native, SKPointI* __kernelOffset_native, SKShaderTileMode __ctileMode_native, SByte __convolveAlpha_native, IntPtr __input_native, SKRect* __cropRect_native)
   at SkiaSharp.SkiaApi.sk_imagefilter_new_matrix_convolution(SKSizeI* kernelSize, Single* kernel, Single gain, Single bias, SKPointI* kernelOffset, SKShaderTileMode ctileMode, Boolean convolveAlpha, IntPtr input, SKRect* cropRect)
   at SkiaSharp.SKImageFilter.CreateMatrixConvolution(SKSizeI kernelSize, ReadOnlySpan`1 kernel, Single gain, Single bias, SKPointI kernelOffset, SKShaderTileMode tileMode, Boolean convolveAlpha, SKImageFilter input, SKRect* cropRect)
   at SkiaSharp.SKImageFilter.CreateMatrixConvolution(SKSizeI kernelSize, ReadOnlySpan`1 kernel, Single gain, Single bias, SKPointI kernelOffset, SKShaderTileMode tileMode, Boolean convolveAlpha)
   at Jellyfin.Drawing.Skia.SkiaEncoder..cctor() in /root/jellyfin/src/Jellyfin.Drawing.Skia/SkiaEncoder.cs:line 53
  Failed Jellyfin.Server.Integration.Tests.EncodedQueryStringTest.Ensure_Array_Decoding_Of_Urls_Is_Working(sourceUrl: "a%3Db%26a%3Dc", unencodedUrl: "a=b,c") [4 ms]
  Error Message:
   System.TypeInitializationException : The type initializer for 'Jellyfin.Drawing.Skia.SkiaEncoder' threw an exception.
---- System.DllNotFoundException : Unable to load shared library 'libSkiaSharp' or one of its dependencies. In order to help diagnose loading problems, consider using a tool like strace. If you're using glibc, consider setting the LD_DEBUG environment variable: 
libfontconfig.so.1: cannot open shared object file: No such file or directory
/usr/share/dotnet/shared/Microsoft.NETCore.App/9.0.6/libSkiaSharp.so: cannot open shared object file: No such file or directory
/root/jellyfin/tests/Jellyfin.Server.Integration.Tests/bin/Debug/net9.0/libSkiaSharp.so: cannot open shared object file: No such file or directory
/root/jellyfin/tests/Jellyfin.Server.Integration.Tests/bin/Debug/net9.0/runtimes/linux-x64/native/liblibSkiaSharp.so: cannot open shared object file: No such file or directory
/usr/share/dotnet/shared/Microsoft.NETCore.App/9.0.6/liblibSkiaSharp.so: cannot open shared object file: No such file or directory
/root/jellyfin/tests/Jellyfin.Server.Integration.Tests/bin/Debug/net9.0/liblibSkiaSharp.so: cannot open shared object file: No such file or directory
/root/jellyfin/tests/Jellyfin.Server.Integration.Tests/bin/Debug/net9.0/runtimes/linux-x64/native/libSkiaSharp: cannot open shared object file: No such file or directory
/usr/share/dotnet/shared/Microsoft.NETCore.App/9.0.6/libSkiaSharp: cannot open shared object file: No such file or directory
/root/jellyfin/tests/Jellyfin.Server.Integration.Tests/bin/Debug/net9.0/libSkiaSharp: cannot open shared object file: No such file or directory
/root/jellyfin/tests/Jellyfin.Server.Integration.Tests/bin/Debug/net9.0/runtimes/linux-x64/native/liblibSkiaSharp: cannot open shared object file: No such file or directory
/usr/share/dotnet/shared/Microsoft.NETCore.App/9.0.6/liblibSkiaSharp: cannot open shared object file: No such file or directory
/root/jellyfin/tests/Jellyfin.Server.Integration.Tests/bin/Debug/net9.0/liblibSkiaSharp: cannot open shared object file: No such file or directory

  Stack Trace:
     at Jellyfin.Drawing.Skia.SkiaEncoder.IsNativeLibAvailable() in /root/jellyfin/src/Jellyfin.Drawing.Skia/SkiaEncoder.cs:line 142
   at Jellyfin.Server.CoreAppHost.RegisterServices(IServiceCollection serviceCollection) in /root/jellyfin/Jellyfin.Server/CoreAppHost.cs:line 66
   at Emby.Server.Implementations.ApplicationHost.Init(IServiceCollection serviceCollection) in /root/jellyfin/Emby.Server.Implementations/ApplicationHost.cs:line 460
   at Jellyfin.Server.Integration.Tests.JellyfinApplicationFactory.<>c__DisplayClass4_0.<ConfigureWebHost>b__0(IServiceCollection services) in /root/jellyfin/tests/Jellyfin.Server.Integration.Tests/JellyfinApplicationFactory.cs:line 91
   at Microsoft.Extensions.Hosting.HostBuilder.InitializeServiceProvider()
   at Microsoft.Extensions.Hosting.HostBuilder.Build()
   at Jellyfin.Server.Integration.Tests.JellyfinApplicationFactory.CreateHost(IHostBuilder builder) in /root/jellyfin/tests/Jellyfin.Server.Integration.Tests/JellyfinApplicationFactory.cs:line 110
   at Microsoft.AspNetCore.Mvc.Testing.WebApplicationFactory`1.ConfigureHostBuilder(IHostBuilder hostBuilder)
   at Microsoft.AspNetCore.Mvc.Testing.WebApplicationFactory`1.EnsureServer()
   at Microsoft.AspNetCore.Mvc.Testing.WebApplicationFactory`1.CreateDefaultClient(DelegatingHandler[] handlers)
   at Microsoft.AspNetCore.Mvc.Testing.WebApplicationFactory`1.CreateDefaultClient(Uri baseAddress, DelegatingHandler[] handlers)
   at Microsoft.AspNetCore.Mvc.Testing.WebApplicationFactory`1.CreateClient(WebApplicationFactoryClientOptions options)
   at Microsoft.AspNetCore.Mvc.Testing.WebApplicationFactory`1.CreateClient()
   at Jellyfin.Server.Integration.Tests.EncodedQueryStringTest.Ensure_Array_Decoding_Of_Urls_Is_Working(String sourceUrl, String unencodedUrl) in /root/jellyfin/tests/Jellyfin.Server.Integration.Tests/EncodedQueryStringTest.cs:line 41
--- End of stack trace from previous location ---
----- Inner Stack Trace -----
   at SkiaSharp.SkiaApi.<sk_imagefilter_new_matrix_convolution>g____PInvoke|382_0(SKSizeI* __kernelSize_native, Single* __kernel_native, Single __gain_native, Single __bias_native, SKPointI* __kernelOffset_native, SKShaderTileMode __ctileMode_native, SByte __convolveAlpha_native, IntPtr __input_native, SKRect* __cropRect_native)
   at SkiaSharp.SkiaApi.<sk_imagefilter_new_matrix_convolution>g____PInvoke|382_0(SKSizeI* __kernelSize_native, Single* __kernel_native, Single __gain_native, Single __bias_native, SKPointI* __kernelOffset_native, SKShaderTileMode __ctileMode_native, SByte __convolveAlpha_native, IntPtr __input_native, SKRect* __cropRect_native)
   at SkiaSharp.SkiaApi.sk_imagefilter_new_matrix_convolution(SKSizeI* kernelSize, Single* kernel, Single gain, Single bias, SKPointI* kernelOffset, SKShaderTileMode ctileMode, Boolean convolveAlpha, IntPtr input, SKRect* cropRect)
   at SkiaSharp.SKImageFilter.CreateMatrixConvolution(SKSizeI kernelSize, ReadOnlySpan`1 kernel, Single gain, Single bias, SKPointI kernelOffset, SKShaderTileMode tileMode, Boolean convolveAlpha, SKImageFilter input, SKRect* cropRect)
   at SkiaSharp.SKImageFilter.CreateMatrixConvolution(SKSizeI kernelSize, ReadOnlySpan`1 kernel, Single gain, Single bias, SKPointI kernelOffset, SKShaderTileMode tileMode, Boolean convolveAlpha)
   at Jellyfin.Drawing.Skia.SkiaEncoder..cctor() in /root/jellyfin/src/Jellyfin.Drawing.Skia/SkiaEncoder.cs:line 53
  Failed Jellyfin.Server.Integration.Tests.Controllers.LibraryStructureControllerTests.UpdateLibraryOptions_Invalid_NotFound [4 ms]
  Error Message:
   System.TypeInitializationException : The type initializer for 'Jellyfin.Drawing.Skia.SkiaEncoder' threw an exception.
---- System.DllNotFoundException : Unable to load shared library 'libSkiaSharp' or one of its dependencies. In order to help diagnose loading problems, consider using a tool like strace. If you're using glibc, consider setting the LD_DEBUG environment variable: 
libfontconfig.so.1: cannot open shared object file: No such file or directory
/usr/share/dotnet/shared/Microsoft.NETCore.App/9.0.6/libSkiaSharp.so: cannot open shared object file: No such file or directory
/root/jellyfin/tests/Jellyfin.Server.Integration.Tests/bin/Debug/net9.0/libSkiaSharp.so: cannot open shared object file: No such file or directory
/root/jellyfin/tests/Jellyfin.Server.Integration.Tests/bin/Debug/net9.0/runtimes/linux-x64/native/liblibSkiaSharp.so: cannot open shared object file: No such file or directory
/usr/share/dotnet/shared/Microsoft.NETCore.App/9.0.6/liblibSkiaSharp.so: cannot open shared object file: No such file or directory
/root/jellyfin/tests/Jellyfin.Server.Integration.Tests/bin/Debug/net9.0/liblibSkiaSharp.so: cannot open shared object file: No such file or directory
/root/jellyfin/tests/Jellyfin.Server.Integration.Tests/bin/Debug/net9.0/runtimes/linux-x64/native/libSkiaSharp: cannot open shared object file: No such file or directory
/usr/share/dotnet/shared/Microsoft.NETCore.App/9.0.6/libSkiaSharp: cannot open shared object file: No such file or directory
/root/jellyfin/tests/Jellyfin.Server.Integration.Tests/bin/Debug/net9.0/libSkiaSharp: cannot open shared object file: No such file or directory
/root/jellyfin/tests/Jellyfin.Server.Integration.Tests/bin/Debug/net9.0/runtimes/linux-x64/native/liblibSkiaSharp: cannot open shared object file: No such file or directory
/usr/share/dotnet/shared/Microsoft.NETCore.App/9.0.6/liblibSkiaSharp: cannot open shared object file: No such file or directory
/root/jellyfin/tests/Jellyfin.Server.Integration.Tests/bin/Debug/net9.0/liblibSkiaSharp: cannot open shared object file: No such file or directory

  Stack Trace:
     at Jellyfin.Drawing.Skia.SkiaEncoder.IsNativeLibAvailable() in /root/jellyfin/src/Jellyfin.Drawing.Skia/SkiaEncoder.cs:line 142
   at Jellyfin.Server.CoreAppHost.RegisterServices(IServiceCollection serviceCollection) in /root/jellyfin/Jellyfin.Server/CoreAppHost.cs:line 66
   at Emby.Server.Implementations.ApplicationHost.Init(IServiceCollection serviceCollection) in /root/jellyfin/Emby.Server.Implementations/ApplicationHost.cs:line 460
   at Jellyfin.Server.Integration.Tests.JellyfinApplicationFactory.<>c__DisplayClass4_0.<ConfigureWebHost>b__0(IServiceCollection services) in /root/jellyfin/tests/Jellyfin.Server.Integration.Tests/JellyfinApplicationFactory.cs:line 91
   at Microsoft.Extensions.Hosting.HostBuilder.InitializeServiceProvider()
   at Microsoft.Extensions.Hosting.HostBuilder.Build()
   at Jellyfin.Server.Integration.Tests.JellyfinApplicationFactory.CreateHost(IHostBuilder builder) in /root/jellyfin/tests/Jellyfin.Server.Integration.Tests/JellyfinApplicationFactory.cs:line 110
   at Microsoft.AspNetCore.Mvc.Testing.WebApplicationFactory`1.ConfigureHostBuilder(IHostBuilder hostBuilder)
   at Microsoft.AspNetCore.Mvc.Testing.WebApplicationFactory`1.EnsureServer()
   at Microsoft.AspNetCore.Mvc.Testing.WebApplicationFactory`1.CreateDefaultClient(DelegatingHandler[] handlers)
   at Microsoft.AspNetCore.Mvc.Testing.WebApplicationFactory`1.CreateDefaultClient(Uri baseAddress, DelegatingHandler[] handlers)
   at Microsoft.AspNetCore.Mvc.Testing.WebApplicationFactory`1.CreateClient(WebApplicationFactoryClientOptions options)
   at Microsoft.AspNetCore.Mvc.Testing.WebApplicationFactory`1.CreateClient()
   at Jellyfin.Server.Integration.Tests.Controllers.LibraryStructureControllerTests.UpdateLibraryOptions_Invalid_NotFound() in /root/jellyfin/tests/Jellyfin.Server.Integration.Tests/Controllers/LibraryStructureControllerTests.cs:line 51
--- End of stack trace from previous location ---
----- Inner Stack Trace -----
   at SkiaSharp.SkiaApi.<sk_imagefilter_new_matrix_convolution>g____PInvoke|382_0(SKSizeI* __kernelSize_native, Single* __kernel_native, Single __gain_native, Single __bias_native, SKPointI* __kernelOffset_native, SKShaderTileMode __ctileMode_native, SByte __convolveAlpha_native, IntPtr __input_native, SKRect* __cropRect_native)
   at SkiaSharp.SkiaApi.<sk_imagefilter_new_matrix_convolution>g____PInvoke|382_0(SKSizeI* __kernelSize_native, Single* __kernel_native, Single __gain_native, Single __bias_native, SKPointI* __kernelOffset_native, SKShaderTileMode __ctileMode_native, SByte __convolveAlpha_native, IntPtr __input_native, SKRect* __cropRect_native)
   at SkiaSharp.SkiaApi.sk_imagefilter_new_matrix_convolution(SKSizeI* kernelSize, Single* kernel, Single gain, Single bias, SKPointI* kernelOffset, SKShaderTileMode ctileMode, Boolean convolveAlpha, IntPtr input, SKRect* cropRect)
   at SkiaSharp.SKImageFilter.CreateMatrixConvolution(SKSizeI kernelSize, ReadOnlySpan`1 kernel, Single gain, Single bias, SKPointI kernelOffset, SKShaderTileMode tileMode, Boolean convolveAlpha, SKImageFilter input, SKRect* cropRect)
   at SkiaSharp.SKImageFilter.CreateMatrixConvolution(SKSizeI kernelSize, ReadOnlySpan`1 kernel, Single gain, Single bias, SKPointI kernelOffset, SKShaderTileMode tileMode, Boolean convolveAlpha)
   at Jellyfin.Drawing.Skia.SkiaEncoder..cctor() in /root/jellyfin/src/Jellyfin.Drawing.Skia/SkiaEncoder.cs:line 53
  Failed Jellyfin.Server.Integration.Tests.Controllers.LibraryStructureControllerTests.UpdateLibraryOptions_Valid_Success [6 ms]
  Error Message:
   System.TypeInitializationException : The type initializer for 'Jellyfin.Drawing.Skia.SkiaEncoder' threw an exception.
---- System.DllNotFoundException : Unable to load shared library 'libSkiaSharp' or one of its dependencies. In order to help diagnose loading problems, consider using a tool like strace. If you're using glibc, consider setting the LD_DEBUG environment variable: 
libfontconfig.so.1: cannot open shared object file: No such file or directory
/usr/share/dotnet/shared/Microsoft.NETCore.App/9.0.6/libSkiaSharp.so: cannot open shared object file: No such file or directory
/root/jellyfin/tests/Jellyfin.Server.Integration.Tests/bin/Debug/net9.0/libSkiaSharp.so: cannot open shared object file: No such file or directory
/root/jellyfin/tests/Jellyfin.Server.Integration.Tests/bin/Debug/net9.0/runtimes/linux-x64/native/liblibSkiaSharp.so: cannot open shared object file: No such file or directory
/usr/share/dotnet/shared/Microsoft.NETCore.App/9.0.6/liblibSkiaSharp.so: cannot open shared object file: No such file or directory
/root/jellyfin/tests/Jellyfin.Server.Integration.Tests/bin/Debug/net9.0/liblibSkiaSharp.so: cannot open shared object file: No such file or directory
/root/jellyfin/tests/Jellyfin.Server.Integration.Tests/bin/Debug/net9.0/runtimes/linux-x64/native/libSkiaSharp: cannot open shared object file: No such file or directory
/usr/share/dotnet/shared/Microsoft.NETCore.App/9.0.6/libSkiaSharp: cannot open shared object file: No such file or directory
/root/jellyfin/tests/Jellyfin.Server.Integration.Tests/bin/Debug/net9.0/libSkiaSharp: cannot open shared object file: No such file or directory
/root/jellyfin/tests/Jellyfin.Server.Integration.Tests/bin/Debug/net9.0/runtimes/linux-x64/native/liblibSkiaSharp: cannot open shared object file: No such file or directory
/usr/share/dotnet/shared/Microsoft.NETCore.App/9.0.6/liblibSkiaSharp: cannot open shared object file: No such file or directory
/root/jellyfin/tests/Jellyfin.Server.Integration.Tests/bin/Debug/net9.0/liblibSkiaSharp: cannot open shared object file: No such file or directory

  Stack Trace:
     at Jellyfin.Drawing.Skia.SkiaEncoder.IsNativeLibAvailable() in /root/jellyfin/src/Jellyfin.Drawing.Skia/SkiaEncoder.cs:line 142
   at Jellyfin.Server.CoreAppHost.RegisterServices(IServiceCollection serviceCollection) in /root/jellyfin/Jellyfin.Server/CoreAppHost.cs:line 66
   at Emby.Server.Implementations.ApplicationHost.Init(IServiceCollection serviceCollection) in /root/jellyfin/Emby.Server.Implementations/ApplicationHost.cs:line 460
   at Jellyfin.Server.Integration.Tests.JellyfinApplicationFactory.<>c__DisplayClass4_0.<ConfigureWebHost>b__0(IServiceCollection services) in /root/jellyfin/tests/Jellyfin.Server.Integration.Tests/JellyfinApplicationFactory.cs:line 91
   at Microsoft.Extensions.Hosting.HostBuilder.InitializeServiceProvider()
   at Microsoft.Extensions.Hosting.HostBuilder.Build()
   at Jellyfin.Server.Integration.Tests.JellyfinApplicationFactory.CreateHost(IHostBuilder builder) in /root/jellyfin/tests/Jellyfin.Server.Integration.Tests/JellyfinApplicationFactory.cs:line 110
   at Microsoft.AspNetCore.Mvc.Testing.WebApplicationFactory`1.ConfigureHostBuilder(IHostBuilder hostBuilder)
   at Microsoft.AspNetCore.Mvc.Testing.WebApplicationFactory`1.EnsureServer()
   at Microsoft.AspNetCore.Mvc.Testing.WebApplicationFactory`1.CreateDefaultClient(DelegatingHandler[] handlers)
   at Microsoft.AspNetCore.Mvc.Testing.WebApplicationFactory`1.CreateDefaultClient(Uri baseAddress, DelegatingHandler[] handlers)
   at Microsoft.AspNetCore.Mvc.Testing.WebApplicationFactory`1.CreateClient(WebApplicationFactoryClientOptions options)
   at Microsoft.AspNetCore.Mvc.Testing.WebApplicationFactory`1.CreateClient()
   at Jellyfin.Server.Integration.Tests.Controllers.LibraryStructureControllerTests.UpdateLibraryOptions_Valid_Success() in /root/jellyfin/tests/Jellyfin.Server.Integration.Tests/Controllers/LibraryStructureControllerTests.cs:line 68
--- End of stack trace from previous location ---
----- Inner Stack Trace -----
   at SkiaSharp.SkiaApi.<sk_imagefilter_new_matrix_convolution>g____PInvoke|382_0(SKSizeI* __kernelSize_native, Single* __kernel_native, Single __gain_native, Single __bias_native, SKPointI* __kernelOffset_native, SKShaderTileMode __ctileMode_native, SByte __convolveAlpha_native, IntPtr __input_native, SKRect* __cropRect_native)
   at SkiaSharp.SkiaApi.<sk_imagefilter_new_matrix_convolution>g____PInvoke|382_0(SKSizeI* __kernelSize_native, Single* __kernel_native, Single __gain_native, Single __bias_native, SKPointI* __kernelOffset_native, SKShaderTileMode __ctileMode_native, SByte __convolveAlpha_native, IntPtr __input_native, SKRect* __cropRect_native)
   at SkiaSharp.SkiaApi.sk_imagefilter_new_matrix_convolution(SKSizeI* kernelSize, Single* kernel, Single gain, Single bias, SKPointI* kernelOffset, SKShaderTileMode ctileMode, Boolean convolveAlpha, IntPtr input, SKRect* cropRect)
   at SkiaSharp.SKImageFilter.CreateMatrixConvolution(SKSizeI kernelSize, ReadOnlySpan`1 kernel, Single gain, Single bias, SKPointI kernelOffset, SKShaderTileMode tileMode, Boolean convolveAlpha, SKImageFilter input, SKRect* cropRect)
   at SkiaSharp.SKImageFilter.CreateMatrixConvolution(SKSizeI kernelSize, ReadOnlySpan`1 kernel, Single gain, Single bias, SKPointI kernelOffset, SKShaderTileMode tileMode, Boolean convolveAlpha)
   at Jellyfin.Drawing.Skia.SkiaEncoder..cctor() in /root/jellyfin/src/Jellyfin.Drawing.Skia/SkiaEncoder.cs:line 53
  Failed Jellyfin.Server.Integration.Tests.Controllers.LibraryStructureControllerTests.Post_NewVirtualFolder_NotFound [3 ms]
  Error Message:
   System.TypeInitializationException : The type initializer for 'Jellyfin.Drawing.Skia.SkiaEncoder' threw an exception.
---- System.DllNotFoundException : Unable to load shared library 'libSkiaSharp' or one of its dependencies. In order to help diagnose loading problems, consider using a tool like strace. If you're using glibc, consider setting the LD_DEBUG environment variable: 
libfontconfig.so.1: cannot open shared object file: No such file or directory
/usr/share/dotnet/shared/Microsoft.NETCore.App/9.0.6/libSkiaSharp.so: cannot open shared object file: No such file or directory
/root/jellyfin/tests/Jellyfin.Server.Integration.Tests/bin/Debug/net9.0/libSkiaSharp.so: cannot open shared object file: No such file or directory
/root/jellyfin/tests/Jellyfin.Server.Integration.Tests/bin/Debug/net9.0/runtimes/linux-x64/native/liblibSkiaSharp.so: cannot open shared object file: No such file or directory
/usr/share/dotnet/shared/Microsoft.NETCore.App/9.0.6/liblibSkiaSharp.so: cannot open shared object file: No such file or directory
/root/jellyfin/tests/Jellyfin.Server.Integration.Tests/bin/Debug/net9.0/liblibSkiaSharp.so: cannot open shared object file: No such file or directory
/root/jellyfin/tests/Jellyfin.Server.Integration.Tests/bin/Debug/net9.0/runtimes/linux-x64/native/libSkiaSharp: cannot open shared object file: No such file or directory
/usr/share/dotnet/shared/Microsoft.NETCore.App/9.0.6/libSkiaSharp: cannot open shared object file: No such file or directory
/root/jellyfin/tests/Jellyfin.Server.Integration.Tests/bin/Debug/net9.0/libSkiaSharp: cannot open shared object file: No such file or directory
/root/jellyfin/tests/Jellyfin.Server.Integration.Tests/bin/Debug/net9.0/runtimes/linux-x64/native/liblibSkiaSharp: cannot open shared object file: No such file or directory
/usr/share/dotnet/shared/Microsoft.NETCore.App/9.0.6/liblibSkiaSharp: cannot open shared object file: No such file or directory
/root/jellyfin/tests/Jellyfin.Server.Integration.Tests/bin/Debug/net9.0/liblibSkiaSharp: cannot open shared object file: No such file or directory

  Stack Trace:
     at Jellyfin.Drawing.Skia.SkiaEncoder.IsNativeLibAvailable() in /root/jellyfin/src/Jellyfin.Drawing.Skia/SkiaEncoder.cs:line 142
   at Jellyfin.Server.CoreAppHost.RegisterServices(IServiceCollection serviceCollection) in /root/jellyfin/Jellyfin.Server/CoreAppHost.cs:line 66
   at Emby.Server.Implementations.ApplicationHost.Init(IServiceCollection serviceCollection) in /root/jellyfin/Emby.Server.Implementations/ApplicationHost.cs:line 460
   at Jellyfin.Server.Integration.Tests.JellyfinApplicationFactory.<>c__DisplayClass4_0.<ConfigureWebHost>b__0(IServiceCollection services) in /root/jellyfin/tests/Jellyfin.Server.Integration.Tests/JellyfinApplicationFactory.cs:line 91
   at Microsoft.Extensions.Hosting.HostBuilder.InitializeServiceProvider()
   at Microsoft.Extensions.Hosting.HostBuilder.Build()
   at Jellyfin.Server.Integration.Tests.JellyfinApplicationFactory.CreateHost(IHostBuilder builder) in /root/jellyfin/tests/Jellyfin.Server.Integration.Tests/JellyfinApplicationFactory.cs:line 110
   at Microsoft.AspNetCore.Mvc.Testing.WebApplicationFactory`1.ConfigureHostBuilder(IHostBuilder hostBuilder)
   at Microsoft.AspNetCore.Mvc.Testing.WebApplicationFactory`1.EnsureServer()
   at Microsoft.AspNetCore.Mvc.Testing.WebApplicationFactory`1.CreateDefaultClient(DelegatingHandler[] handlers)
   at Microsoft.AspNetCore.Mvc.Testing.WebApplicationFactory`1.CreateDefaultClient(Uri baseAddress, DelegatingHandler[] handlers)
   at Microsoft.AspNetCore.Mvc.Testing.WebApplicationFactory`1.CreateClient(WebApplicationFactoryClientOptions options)
   at Microsoft.AspNetCore.Mvc.Testing.WebApplicationFactory`1.CreateClient()
   at Jellyfin.Server.Integration.Tests.Controllers.LibraryStructureControllerTests.Post_NewVirtualFolder_NotFound() in /root/jellyfin/tests/Jellyfin.Server.Integration.Tests/Controllers/LibraryStructureControllerTests.cs:line 32
--- End of stack trace from previous location ---
----- Inner Stack Trace -----
   at SkiaSharp.SkiaApi.<sk_imagefilter_new_matrix_convolution>g____PInvoke|382_0(SKSizeI* __kernelSize_native, Single* __kernel_native, Single __gain_native, Single __bias_native, SKPointI* __kernelOffset_native, SKShaderTileMode __ctileMode_native, SByte __convolveAlpha_native, IntPtr __input_native, SKRect* __cropRect_native)
   at SkiaSharp.SkiaApi.<sk_imagefilter_new_matrix_convolution>g____PInvoke|382_0(SKSizeI* __kernelSize_native, Single* __kernel_native, Single __gain_native, Single __bias_native, SKPointI* __kernelOffset_native, SKShaderTileMode __ctileMode_native, SByte __convolveAlpha_native, IntPtr __input_native, SKRect* __cropRect_native)
   at SkiaSharp.SkiaApi.sk_imagefilter_new_matrix_convolution(SKSizeI* kernelSize, Single* kernel, Single gain, Single bias, SKPointI* kernelOffset, SKShaderTileMode ctileMode, Boolean convolveAlpha, IntPtr input, SKRect* cropRect)
   at SkiaSharp.SKImageFilter.CreateMatrixConvolution(SKSizeI kernelSize, ReadOnlySpan`1 kernel, Single gain, Single bias, SKPointI kernelOffset, SKShaderTileMode tileMode, Boolean convolveAlpha, SKImageFilter input, SKRect* cropRect)
   at SkiaSharp.SKImageFilter.CreateMatrixConvolution(SKSizeI kernelSize, ReadOnlySpan`1 kernel, Single gain, Single bias, SKPointI kernelOffset, SKShaderTileMode tileMode, Boolean convolveAlpha)
   at Jellyfin.Drawing.Skia.SkiaEncoder..cctor() in /root/jellyfin/src/Jellyfin.Drawing.Skia/SkiaEncoder.cs:line 53
  Failed Jellyfin.Server.Integration.Tests.Controllers.LibraryStructureControllerTests.DeleteLibrary_Invalid_NotFound [3 ms]
  Error Message:
   System.TypeInitializationException : The type initializer for 'Jellyfin.Drawing.Skia.SkiaEncoder' threw an exception.
---- System.DllNotFoundException : Unable to load shared library 'libSkiaSharp' or one of its dependencies. In order to help diagnose loading problems, consider using a tool like strace. If you're using glibc, consider setting the LD_DEBUG environment variable: 
libfontconfig.so.1: cannot open shared object file: No such file or directory
/usr/share/dotnet/shared/Microsoft.NETCore.App/9.0.6/libSkiaSharp.so: cannot open shared object file: No such file or directory
/root/jellyfin/tests/Jellyfin.Server.Integration.Tests/bin/Debug/net9.0/libSkiaSharp.so: cannot open shared object file: No such file or directory
/root/jellyfin/tests/Jellyfin.Server.Integration.Tests/bin/Debug/net9.0/runtimes/linux-x64/native/liblibSkiaSharp.so: cannot open shared object file: No such file or directory
/usr/share/dotnet/shared/Microsoft.NETCore.App/9.0.6/liblibSkiaSharp.so: cannot open shared object file: No such file or directory
/root/jellyfin/tests/Jellyfin.Server.Integration.Tests/bin/Debug/net9.0/liblibSkiaSharp.so: cannot open shared object file: No such file or directory
/root/jellyfin/tests/Jellyfin.Server.Integration.Tests/bin/Debug/net9.0/runtimes/linux-x64/native/libSkiaSharp: cannot open shared object file: No such file or directory
/usr/share/dotnet/shared/Microsoft.NETCore.App/9.0.6/libSkiaSharp: cannot open shared object file: No such file or directory
/root/jellyfin/tests/Jellyfin.Server.Integration.Tests/bin/Debug/net9.0/libSkiaSharp: cannot open shared object file: No such file or directory
/root/jellyfin/tests/Jellyfin.Server.Integration.Tests/bin/Debug/net9.0/runtimes/linux-x64/native/liblibSkiaSharp: cannot open shared object file: No such file or directory
/usr/share/dotnet/shared/Microsoft.NETCore.App/9.0.6/liblibSkiaSharp: cannot open shared object file: No such file or directory
/root/jellyfin/tests/Jellyfin.Server.Integration.Tests/bin/Debug/net9.0/liblibSkiaSharp: cannot open shared object file: No such file or directory

  Stack Trace:
     at Jellyfin.Drawing.Skia.SkiaEncoder.IsNativeLibAvailable() in /root/jellyfin/src/Jellyfin.Drawing.Skia/SkiaEncoder.cs:line 142
   at Jellyfin.Server.CoreAppHost.RegisterServices(IServiceCollection serviceCollection) in /root/jellyfin/Jellyfin.Server/CoreAppHost.cs:line 66
   at Emby.Server.Implementations.ApplicationHost.Init(IServiceCollection serviceCollection) in /root/jellyfin/Emby.Server.Implementations/ApplicationHost.cs:line 460
   at Jellyfin.Server.Integration.Tests.JellyfinApplicationFactory.<>c__DisplayClass4_0.<ConfigureWebHost>b__0(IServiceCollection services) in /root/jellyfin/tests/Jellyfin.Server.Integration.Tests/JellyfinApplicationFactory.cs:line 91
   at Microsoft.Extensions.Hosting.HostBuilder.InitializeServiceProvider()
   at Microsoft.Extensions.Hosting.HostBuilder.Build()
   at Jellyfin.Server.Integration.Tests.JellyfinApplicationFactory.CreateHost(IHostBuilder builder) in /root/jellyfin/tests/Jellyfin.Server.Integration.Tests/JellyfinApplicationFactory.cs:line 110
   at Microsoft.AspNetCore.Mvc.Testing.WebApplicationFactory`1.ConfigureHostBuilder(IHostBuilder hostBuilder)
   at Microsoft.AspNetCore.Mvc.Testing.WebApplicationFactory`1.EnsureServer()
   at Microsoft.AspNetCore.Mvc.Testing.WebApplicationFactory`1.CreateDefaultClient(DelegatingHandler[] handlers)
   at Microsoft.AspNetCore.Mvc.Testing.WebApplicationFactory`1.CreateDefaultClient(Uri baseAddress, DelegatingHandler[] handlers)
   at Microsoft.AspNetCore.Mvc.Testing.WebApplicationFactory`1.CreateClient(WebApplicationFactoryClientOptions options)
   at Microsoft.AspNetCore.Mvc.Testing.WebApplicationFactory`1.CreateClient()
   at Jellyfin.Server.Integration.Tests.Controllers.LibraryStructureControllerTests.DeleteLibrary_Invalid_NotFound() in /root/jellyfin/tests/Jellyfin.Server.Integration.Tests/Controllers/LibraryStructureControllerTests.cs:line 108
--- End of stack trace from previous location ---
----- Inner Stack Trace -----
   at SkiaSharp.SkiaApi.<sk_imagefilter_new_matrix_convolution>g____PInvoke|382_0(SKSizeI* __kernelSize_native, Single* __kernel_native, Single __gain_native, Single __bias_native, SKPointI* __kernelOffset_native, SKShaderTileMode __ctileMode_native, SByte __convolveAlpha_native, IntPtr __input_native, SKRect* __cropRect_native)
   at SkiaSharp.SkiaApi.<sk_imagefilter_new_matrix_convolution>g____PInvoke|382_0(SKSizeI* __kernelSize_native, Single* __kernel_native, Single __gain_native, Single __bias_native, SKPointI* __kernelOffset_native, SKShaderTileMode __ctileMode_native, SByte __convolveAlpha_native, IntPtr __input_native, SKRect* __cropRect_native)
   at SkiaSharp.SkiaApi.sk_imagefilter_new_matrix_convolution(SKSizeI* kernelSize, Single* kernel, Single gain, Single bias, SKPointI* kernelOffset, SKShaderTileMode ctileMode, Boolean convolveAlpha, IntPtr input, SKRect* cropRect)
   at SkiaSharp.SKImageFilter.CreateMatrixConvolution(SKSizeI kernelSize, ReadOnlySpan`1 kernel, Single gain, Single bias, SKPointI kernelOffset, SKShaderTileMode tileMode, Boolean convolveAlpha, SKImageFilter input, SKRect* cropRect)
   at SkiaSharp.SKImageFilter.CreateMatrixConvolution(SKSizeI kernelSize, ReadOnlySpan`1 kernel, Single gain, Single bias, SKPointI kernelOffset, SKShaderTileMode tileMode, Boolean convolveAlpha)
   at Jellyfin.Drawing.Skia.SkiaEncoder..cctor() in /root/jellyfin/src/Jellyfin.Drawing.Skia/SkiaEncoder.cs:line 53
  Failed Jellyfin.Server.Integration.Tests.Controllers.LibraryStructureControllerTests.DeleteLibrary_Valid_Success [4 ms]
  Error Message:
   System.TypeInitializationException : The type initializer for 'Jellyfin.Drawing.Skia.SkiaEncoder' threw an exception.
---- System.DllNotFoundException : Unable to load shared library 'libSkiaSharp' or one of its dependencies. In order to help diagnose loading problems, consider using a tool like strace. If you're using glibc, consider setting the LD_DEBUG environment variable: 
libfontconfig.so.1: cannot open shared object file: No such file or directory
/usr/share/dotnet/shared/Microsoft.NETCore.App/9.0.6/libSkiaSharp.so: cannot open shared object file: No such file or directory
/root/jellyfin/tests/Jellyfin.Server.Integration.Tests/bin/Debug/net9.0/libSkiaSharp.so: cannot open shared object file: No such file or directory
/root/jellyfin/tests/Jellyfin.Server.Integration.Tests/bin/Debug/net9.0/runtimes/linux-x64/native/liblibSkiaSharp.so: cannot open shared object file: No such file or directory
/usr/share/dotnet/shared/Microsoft.NETCore.App/9.0.6/liblibSkiaSharp.so: cannot open shared object file: No such file or directory
/root/jellyfin/tests/Jellyfin.Server.Integration.Tests/bin/Debug/net9.0/liblibSkiaSharp.so: cannot open shared object file: No such file or directory
/root/jellyfin/tests/Jellyfin.Server.Integration.Tests/bin/Debug/net9.0/runtimes/linux-x64/native/libSkiaSharp: cannot open shared object file: No such file or directory
/usr/share/dotnet/shared/Microsoft.NETCore.App/9.0.6/libSkiaSharp: cannot open shared object file: No such file or directory
/root/jellyfin/tests/Jellyfin.Server.Integration.Tests/bin/Debug/net9.0/libSkiaSharp: cannot open shared object file: No such file or directory
/root/jellyfin/tests/Jellyfin.Server.Integration.Tests/bin/Debug/net9.0/runtimes/linux-x64/native/liblibSkiaSharp: cannot open shared object file: No such file or directory
/usr/share/dotnet/shared/Microsoft.NETCore.App/9.0.6/liblibSkiaSharp: cannot open shared object file: No such file or directory
/root/jellyfin/tests/Jellyfin.Server.Integration.Tests/bin/Debug/net9.0/liblibSkiaSharp: cannot open shared object file: No such file or directory

  Stack Trace:
     at Jellyfin.Drawing.Skia.SkiaEncoder.IsNativeLibAvailable() in /root/jellyfin/src/Jellyfin.Drawing.Skia/SkiaEncoder.cs:line 142
   at Jellyfin.Server.CoreAppHost.RegisterServices(IServiceCollection serviceCollection) in /root/jellyfin/Jellyfin.Server/CoreAppHost.cs:line 66
   at Emby.Server.Implementations.ApplicationHost.Init(IServiceCollection serviceCollection) in /root/jellyfin/Emby.Server.Implementations/ApplicationHost.cs:line 460
   at Jellyfin.Server.Integration.Tests.JellyfinApplicationFactory.<>c__DisplayClass4_0.<ConfigureWebHost>b__0(IServiceCollection services) in /root/jellyfin/tests/Jellyfin.Server.Integration.Tests/JellyfinApplicationFactory.cs:line 91
   at Microsoft.Extensions.Hosting.HostBuilder.InitializeServiceProvider()
   at Microsoft.Extensions.Hosting.HostBuilder.Build()
   at Jellyfin.Server.Integration.Tests.JellyfinApplicationFactory.CreateHost(IHostBuilder builder) in /root/jellyfin/tests/Jellyfin.Server.Integration.Tests/JellyfinApplicationFactory.cs:line 110
   at Microsoft.AspNetCore.Mvc.Testing.WebApplicationFactory`1.ConfigureHostBuilder(IHostBuilder hostBuilder)
   at Microsoft.AspNetCore.Mvc.Testing.WebApplicationFactory`1.EnsureServer()
   at Microsoft.AspNetCore.Mvc.Testing.WebApplicationFactory`1.CreateDefaultClient(DelegatingHandler[] handlers)
   at Microsoft.AspNetCore.Mvc.Testing.WebApplicationFactory`1.CreateDefaultClient(Uri baseAddress, DelegatingHandler[] handlers)
   at Microsoft.AspNetCore.Mvc.Testing.WebApplicationFactory`1.CreateClient(WebApplicationFactoryClientOptions options)
   at Microsoft.AspNetCore.Mvc.Testing.WebApplicationFactory`1.CreateClient()
   at Jellyfin.Server.Integration.Tests.Controllers.LibraryStructureControllerTests.DeleteLibrary_Valid_Success() in /root/jellyfin/tests/Jellyfin.Server.Integration.Tests/Controllers/LibraryStructureControllerTests.cs:line 119
--- End of stack trace from previous location ---
----- Inner Stack Trace -----
   at SkiaSharp.SkiaApi.<sk_imagefilter_new_matrix_convolution>g____PInvoke|382_0(SKSizeI* __kernelSize_native, Single* __kernel_native, Single __gain_native, Single __bias_native, SKPointI* __kernelOffset_native, SKShaderTileMode __ctileMode_native, SByte __convolveAlpha_native, IntPtr __input_native, SKRect* __cropRect_native)
   at SkiaSharp.SkiaApi.<sk_imagefilter_new_matrix_convolution>g____PInvoke|382_0(SKSizeI* __kernelSize_native, Single* __kernel_native, Single __gain_native, Single __bias_native, SKPointI* __kernelOffset_native, SKShaderTileMode __ctileMode_native, SByte __convolveAlpha_native, IntPtr __input_native, SKRect* __cropRect_native)
   at SkiaSharp.SkiaApi.sk_imagefilter_new_matrix_convolution(SKSizeI* kernelSize, Single* kernel, Single gain, Single bias, SKPointI* kernelOffset, SKShaderTileMode ctileMode, Boolean convolveAlpha, IntPtr input, SKRect* cropRect)
   at SkiaSharp.SKImageFilter.CreateMatrixConvolution(SKSizeI kernelSize, ReadOnlySpan`1 kernel, Single gain, Single bias, SKPointI kernelOffset, SKShaderTileMode tileMode, Boolean convolveAlpha, SKImageFilter input, SKRect* cropRect)
   at SkiaSharp.SKImageFilter.CreateMatrixConvolution(SKSizeI kernelSize, ReadOnlySpan`1 kernel, Single gain, Single bias, SKPointI kernelOffset, SKShaderTileMode tileMode, Boolean convolveAlpha)
   at Jellyfin.Drawing.Skia.SkiaEncoder..cctor() in /root/jellyfin/src/Jellyfin.Drawing.Skia/SkiaEncoder.cs:line 53
  Failed Jellyfin.Server.Integration.Tests.Controllers.UserControllerTests.GetPublicUsers_Valid_Success [4 ms]
  Error Message:
   System.TypeInitializationException : The type initializer for 'Jellyfin.Drawing.Skia.SkiaEncoder' threw an exception.
---- System.DllNotFoundException : Unable to load shared library 'libSkiaSharp' or one of its dependencies. In order to help diagnose loading problems, consider using a tool like strace. If you're using glibc, consider setting the LD_DEBUG environment variable: 
libfontconfig.so.1: cannot open shared object file: No such file or directory
/usr/share/dotnet/shared/Microsoft.NETCore.App/9.0.6/libSkiaSharp.so: cannot open shared object file: No such file or directory
/root/jellyfin/tests/Jellyfin.Server.Integration.Tests/bin/Debug/net9.0/libSkiaSharp.so: cannot open shared object file: No such file or directory
/root/jellyfin/tests/Jellyfin.Server.Integration.Tests/bin/Debug/net9.0/runtimes/linux-x64/native/liblibSkiaSharp.so: cannot open shared object file: No such file or directory
/usr/share/dotnet/shared/Microsoft.NETCore.App/9.0.6/liblibSkiaSharp.so: cannot open shared object file: No such file or directory
/root/jellyfin/tests/Jellyfin.Server.Integration.Tests/bin/Debug/net9.0/liblibSkiaSharp.so: cannot open shared object file: No such file or directory
/root/jellyfin/tests/Jellyfin.Server.Integration.Tests/bin/Debug/net9.0/runtimes/linux-x64/native/libSkiaSharp: cannot open shared object file: No such file or directory
/usr/share/dotnet/shared/Microsoft.NETCore.App/9.0.6/libSkiaSharp: cannot open shared object file: No such file or directory
/root/jellyfin/tests/Jellyfin.Server.Integration.Tests/bin/Debug/net9.0/libSkiaSharp: cannot open shared object file: No such file or directory
/root/jellyfin/tests/Jellyfin.Server.Integration.Tests/bin/Debug/net9.0/runtimes/linux-x64/native/liblibSkiaSharp: cannot open shared object file: No such file or directory
/usr/share/dotnet/shared/Microsoft.NETCore.App/9.0.6/liblibSkiaSharp: cannot open shared object file: No such file or directory
/root/jellyfin/tests/Jellyfin.Server.Integration.Tests/bin/Debug/net9.0/liblibSkiaSharp: cannot open shared object file: No such file or directory

  Stack Trace:
     at Jellyfin.Drawing.Skia.SkiaEncoder.IsNativeLibAvailable() in /root/jellyfin/src/Jellyfin.Drawing.Skia/SkiaEncoder.cs:line 142
   at Jellyfin.Server.CoreAppHost.RegisterServices(IServiceCollection serviceCollection) in /root/jellyfin/Jellyfin.Server/CoreAppHost.cs:line 66
   at Emby.Server.Implementations.ApplicationHost.Init(IServiceCollection serviceCollection) in /root/jellyfin/Emby.Server.Implementations/ApplicationHost.cs:line 460
   at Jellyfin.Server.Integration.Tests.JellyfinApplicationFactory.<>c__DisplayClass4_0.<ConfigureWebHost>b__0(IServiceCollection services) in /root/jellyfin/tests/Jellyfin.Server.Integration.Tests/JellyfinApplicationFactory.cs:line 91
   at Microsoft.Extensions.Hosting.HostBuilder.InitializeServiceProvider()
   at Microsoft.Extensions.Hosting.HostBuilder.Build()
   at Jellyfin.Server.Integration.Tests.JellyfinApplicationFactory.CreateHost(IHostBuilder builder) in /root/jellyfin/tests/Jellyfin.Server.Integration.Tests/JellyfinApplicationFactory.cs:line 110
   at Microsoft.AspNetCore.Mvc.Testing.WebApplicationFactory`1.ConfigureHostBuilder(IHostBuilder hostBuilder)
   at Microsoft.AspNetCore.Mvc.Testing.WebApplicationFactory`1.EnsureServer()
   at Microsoft.AspNetCore.Mvc.Testing.WebApplicationFactory`1.CreateDefaultClient(DelegatingHandler[] handlers)
   at Microsoft.AspNetCore.Mvc.Testing.WebApplicationFactory`1.CreateDefaultClient(Uri baseAddress, DelegatingHandler[] handlers)
   at Microsoft.AspNetCore.Mvc.Testing.WebApplicationFactory`1.CreateClient(WebApplicationFactoryClientOptions options)
   at Microsoft.AspNetCore.Mvc.Testing.WebApplicationFactory`1.CreateClient()
   at Jellyfin.Server.Integration.Tests.Controllers.UserControllerTests.GetPublicUsers_Valid_Success() in /root/jellyfin/tests/Jellyfin.Server.Integration.Tests/Controllers/UserControllerTests.cs:line 43
--- End of stack trace from previous location ---
----- Inner Stack Trace -----
   at SkiaSharp.SkiaApi.<sk_imagefilter_new_matrix_convolution>g____PInvoke|382_0(SKSizeI* __kernelSize_native, Single* __kernel_native, Single __gain_native, Single __bias_native, SKPointI* __kernelOffset_native, SKShaderTileMode __ctileMode_native, SByte __convolveAlpha_native, IntPtr __input_native, SKRect* __cropRect_native)
   at SkiaSharp.SkiaApi.<sk_imagefilter_new_matrix_convolution>g____PInvoke|382_0(SKSizeI* __kernelSize_native, Single* __kernel_native, Single __gain_native, Single __bias_native, SKPointI* __kernelOffset_native, SKShaderTileMode __ctileMode_native, SByte __convolveAlpha_native, IntPtr __input_native, SKRect* __cropRect_native)
   at SkiaSharp.SkiaApi.sk_imagefilter_new_matrix_convolution(SKSizeI* kernelSize, Single* kernel, Single gain, Single bias, SKPointI* kernelOffset, SKShaderTileMode ctileMode, Boolean convolveAlpha, IntPtr input, SKRect* cropRect)
   at SkiaSharp.SKImageFilter.CreateMatrixConvolution(SKSizeI kernelSize, ReadOnlySpan`1 kernel, Single gain, Single bias, SKPointI kernelOffset, SKShaderTileMode tileMode, Boolean convolveAlpha, SKImageFilter input, SKRect* cropRect)
   at SkiaSharp.SKImageFilter.CreateMatrixConvolution(SKSizeI kernelSize, ReadOnlySpan`1 kernel, Single gain, Single bias, SKPointI kernelOffset, SKShaderTileMode tileMode, Boolean convolveAlpha)
   at Jellyfin.Drawing.Skia.SkiaEncoder..cctor() in /root/jellyfin/src/Jellyfin.Drawing.Skia/SkiaEncoder.cs:line 53
  Failed Jellyfin.Server.Integration.Tests.Controllers.UserControllerTests.GetUsers_Valid_Success [4 ms]
  Error Message:
   System.TypeInitializationException : The type initializer for 'Jellyfin.Drawing.Skia.SkiaEncoder' threw an exception.
---- System.DllNotFoundException : Unable to load shared library 'libSkiaSharp' or one of its dependencies. In order to help diagnose loading problems, consider using a tool like strace. If you're using glibc, consider setting the LD_DEBUG environment variable: 
libfontconfig.so.1: cannot open shared object file: No such file or directory
/usr/share/dotnet/shared/Microsoft.NETCore.App/9.0.6/libSkiaSharp.so: cannot open shared object file: No such file or directory
/root/jellyfin/tests/Jellyfin.Server.Integration.Tests/bin/Debug/net9.0/libSkiaSharp.so: cannot open shared object file: No such file or directory
/root/jellyfin/tests/Jellyfin.Server.Integration.Tests/bin/Debug/net9.0/runtimes/linux-x64/native/liblibSkiaSharp.so: cannot open shared object file: No such file or directory
/usr/share/dotnet/shared/Microsoft.NETCore.App/9.0.6/liblibSkiaSharp.so: cannot open shared object file: No such file or directory
/root/jellyfin/tests/Jellyfin.Server.Integration.Tests/bin/Debug/net9.0/liblibSkiaSharp.so: cannot open shared object file: No such file or directory
/root/jellyfin/tests/Jellyfin.Server.Integration.Tests/bin/Debug/net9.0/runtimes/linux-x64/native/libSkiaSharp: cannot open shared object file: No such file or directory
/usr/share/dotnet/shared/Microsoft.NETCore.App/9.0.6/libSkiaSharp: cannot open shared object file: No such file or directory
/root/jellyfin/tests/Jellyfin.Server.Integration.Tests/bin/Debug/net9.0/libSkiaSharp: cannot open shared object file: No such file or directory
/root/jellyfin/tests/Jellyfin.Server.Integration.Tests/bin/Debug/net9.0/runtimes/linux-x64/native/liblibSkiaSharp: cannot open shared object file: No such file or directory
/usr/share/dotnet/shared/Microsoft.NETCore.App/9.0.6/liblibSkiaSharp: cannot open shared object file: No such file or directory
/root/jellyfin/tests/Jellyfin.Server.Integration.Tests/bin/Debug/net9.0/liblibSkiaSharp: cannot open shared object file: No such file or directory

  Stack Trace:
     at Jellyfin.Drawing.Skia.SkiaEncoder.IsNativeLibAvailable() in /root/jellyfin/src/Jellyfin.Drawing.Skia/SkiaEncoder.cs:line 142
   at Jellyfin.Server.CoreAppHost.RegisterServices(IServiceCollection serviceCollection) in /root/jellyfin/Jellyfin.Server/CoreAppHost.cs:line 66
   at Emby.Server.Implementations.ApplicationHost.Init(IServiceCollection serviceCollection) in /root/jellyfin/Emby.Server.Implementations/ApplicationHost.cs:line 460
   at Jellyfin.Server.Integration.Tests.JellyfinApplicationFactory.<>c__DisplayClass4_0.<ConfigureWebHost>b__0(IServiceCollection services) in /root/jellyfin/tests/Jellyfin.Server.Integration.Tests/JellyfinApplicationFactory.cs:line 91
   at Microsoft.Extensions.Hosting.HostBuilder.InitializeServiceProvider()
   at Microsoft.Extensions.Hosting.HostBuilder.Build()
   at Jellyfin.Server.Integration.Tests.JellyfinApplicationFactory.CreateHost(IHostBuilder builder) in /root/jellyfin/tests/Jellyfin.Server.Integration.Tests/JellyfinApplicationFactory.cs:line 110
   at Microsoft.AspNetCore.Mvc.Testing.WebApplicationFactory`1.ConfigureHostBuilder(IHostBuilder hostBuilder)
   at Microsoft.AspNetCore.Mvc.Testing.WebApplicationFactory`1.EnsureServer()
   at Microsoft.AspNetCore.Mvc.Testing.WebApplicationFactory`1.CreateDefaultClient(DelegatingHandler[] handlers)
   at Microsoft.AspNetCore.Mvc.Testing.WebApplicationFactory`1.CreateDefaultClient(Uri baseAddress, DelegatingHandler[] handlers)
   at Microsoft.AspNetCore.Mvc.Testing.WebApplicationFactory`1.CreateClient(WebApplicationFactoryClientOptions options)
   at Microsoft.AspNetCore.Mvc.Testing.WebApplicationFactory`1.CreateClient()
   at Jellyfin.Server.Integration.Tests.Controllers.UserControllerTests.GetUsers_Valid_Success() in /root/jellyfin/tests/Jellyfin.Server.Integration.Tests/Controllers/UserControllerTests.cs:line 57
--- End of stack trace from previous location ---
----- Inner Stack Trace -----
   at SkiaSharp.SkiaApi.<sk_imagefilter_new_matrix_convolution>g____PInvoke|382_0(SKSizeI* __kernelSize_native, Single* __kernel_native, Single __gain_native, Single __bias_native, SKPointI* __kernelOffset_native, SKShaderTileMode __ctileMode_native, SByte __convolveAlpha_native, IntPtr __input_native, SKRect* __cropRect_native)
   at SkiaSharp.SkiaApi.<sk_imagefilter_new_matrix_convolution>g____PInvoke|382_0(SKSizeI* __kernelSize_native, Single* __kernel_native, Single __gain_native, Single __bias_native, SKPointI* __kernelOffset_native, SKShaderTileMode __ctileMode_native, SByte __convolveAlpha_native, IntPtr __input_native, SKRect* __cropRect_native)
   at SkiaSharp.SkiaApi.sk_imagefilter_new_matrix_convolution(SKSizeI* kernelSize, Single* kernel, Single gain, Single bias, SKPointI* kernelOffset, SKShaderTileMode ctileMode, Boolean convolveAlpha, IntPtr input, SKRect* cropRect)
   at SkiaSharp.SKImageFilter.CreateMatrixConvolution(SKSizeI kernelSize, ReadOnlySpan`1 kernel, Single gain, Single bias, SKPointI kernelOffset, SKShaderTileMode tileMode, Boolean convolveAlpha, SKImageFilter input, SKRect* cropRect)
   at SkiaSharp.SKImageFilter.CreateMatrixConvolution(SKSizeI kernelSize, ReadOnlySpan`1 kernel, Single gain, Single bias, SKPointI kernelOffset, SKShaderTileMode tileMode, Boolean convolveAlpha)
   at Jellyfin.Drawing.Skia.SkiaEncoder..cctor() in /root/jellyfin/src/Jellyfin.Drawing.Skia/SkiaEncoder.cs:line 53
  Failed Jellyfin.Server.Integration.Tests.Controllers.UserControllerTests.Me_Valid_Success [4 ms]
  Error Message:
   System.TypeInitializationException : The type initializer for 'Jellyfin.Drawing.Skia.SkiaEncoder' threw an exception.
---- System.DllNotFoundException : Unable to load shared library 'libSkiaSharp' or one of its dependencies. In order to help diagnose loading problems, consider using a tool like strace. If you're using glibc, consider setting the LD_DEBUG environment variable: 
libfontconfig.so.1: cannot open shared object file: No such file or directory
/usr/share/dotnet/shared/Microsoft.NETCore.App/9.0.6/libSkiaSharp.so: cannot open shared object file: No such file or directory
/root/jellyfin/tests/Jellyfin.Server.Integration.Tests/bin/Debug/net9.0/libSkiaSharp.so: cannot open shared object file: No such file or directory
/root/jellyfin/tests/Jellyfin.Server.Integration.Tests/bin/Debug/net9.0/runtimes/linux-x64/native/liblibSkiaSharp.so: cannot open shared object file: No such file or directory
/usr/share/dotnet/shared/Microsoft.NETCore.App/9.0.6/liblibSkiaSharp.so: cannot open shared object file: No such file or directory
/root/jellyfin/tests/Jellyfin.Server.Integration.Tests/bin/Debug/net9.0/liblibSkiaSharp.so: cannot open shared object file: No such file or directory
/root/jellyfin/tests/Jellyfin.Server.Integration.Tests/bin/Debug/net9.0/runtimes/linux-x64/native/libSkiaSharp: cannot open shared object file: No such file or directory
/usr/share/dotnet/shared/Microsoft.NETCore.App/9.0.6/libSkiaSharp: cannot open shared object file: No such file or directory
/root/jellyfin/tests/Jellyfin.Server.Integration.Tests/bin/Debug/net9.0/libSkiaSharp: cannot open shared object file: No such file or directory
/root/jellyfin/tests/Jellyfin.Server.Integration.Tests/bin/Debug/net9.0/runtimes/linux-x64/native/liblibSkiaSharp: cannot open shared object file: No such file or directory
/usr/share/dotnet/shared/Microsoft.NETCore.App/9.0.6/liblibSkiaSharp: cannot open shared object file: No such file or directory
/root/jellyfin/tests/Jellyfin.Server.Integration.Tests/bin/Debug/net9.0/liblibSkiaSharp: cannot open shared object file: No such file or directory

  Stack Trace:
     at Jellyfin.Drawing.Skia.SkiaEncoder.IsNativeLibAvailable() in /root/jellyfin/src/Jellyfin.Drawing.Skia/SkiaEncoder.cs:line 142
   at Jellyfin.Server.CoreAppHost.RegisterServices(IServiceCollection serviceCollection) in /root/jellyfin/Jellyfin.Server/CoreAppHost.cs:line 66
   at Emby.Server.Implementations.ApplicationHost.Init(IServiceCollection serviceCollection) in /root/jellyfin/Emby.Server.Implementations/ApplicationHost.cs:line 460
   at Jellyfin.Server.Integration.Tests.JellyfinApplicationFactory.<>c__DisplayClass4_0.<ConfigureWebHost>b__0(IServiceCollection services) in /root/jellyfin/tests/Jellyfin.Server.Integration.Tests/JellyfinApplicationFactory.cs:line 91
   at Microsoft.Extensions.Hosting.HostBuilder.InitializeServiceProvider()
   at Microsoft.Extensions.Hosting.HostBuilder.Build()
   at Jellyfin.Server.Integration.Tests.JellyfinApplicationFactory.CreateHost(IHostBuilder builder) in /root/jellyfin/tests/Jellyfin.Server.Integration.Tests/JellyfinApplicationFactory.cs:line 110
   at Microsoft.AspNetCore.Mvc.Testing.WebApplicationFactory`1.ConfigureHostBuilder(IHostBuilder hostBuilder)
   at Microsoft.AspNetCore.Mvc.Testing.WebApplicationFactory`1.EnsureServer()
   at Microsoft.AspNetCore.Mvc.Testing.WebApplicationFactory`1.CreateDefaultClient(DelegatingHandler[] handlers)
   at Microsoft.AspNetCore.Mvc.Testing.WebApplicationFactory`1.CreateDefaultClient(Uri baseAddress, DelegatingHandler[] handlers)
   at Microsoft.AspNetCore.Mvc.Testing.WebApplicationFactory`1.CreateClient(WebApplicationFactoryClientOptions options)
   at Microsoft.AspNetCore.Mvc.Testing.WebApplicationFactory`1.CreateClient()
   at Jellyfin.Server.Integration.Tests.Controllers.UserControllerTests.Me_Valid_Success() in /root/jellyfin/tests/Jellyfin.Server.Integration.Tests/Controllers/UserControllerTests.cs:line 72
--- End of stack trace from previous location ---
----- Inner Stack Trace -----
   at SkiaSharp.SkiaApi.<sk_imagefilter_new_matrix_convolution>g____PInvoke|382_0(SKSizeI* __kernelSize_native, Single* __kernel_native, Single __gain_native, Single __bias_native, SKPointI* __kernelOffset_native, SKShaderTileMode __ctileMode_native, SByte __convolveAlpha_native, IntPtr __input_native, SKRect* __cropRect_native)
   at SkiaSharp.SkiaApi.<sk_imagefilter_new_matrix_convolution>g____PInvoke|382_0(SKSizeI* __kernelSize_native, Single* __kernel_native, Single __gain_native, Single __bias_native, SKPointI* __kernelOffset_native, SKShaderTileMode __ctileMode_native, SByte __convolveAlpha_native, IntPtr __input_native, SKRect* __cropRect_native)
   at SkiaSharp.SkiaApi.sk_imagefilter_new_matrix_convolution(SKSizeI* kernelSize, Single* kernel, Single gain, Single bias, SKPointI* kernelOffset, SKShaderTileMode ctileMode, Boolean convolveAlpha, IntPtr input, SKRect* cropRect)
   at SkiaSharp.SKImageFilter.CreateMatrixConvolution(SKSizeI kernelSize, ReadOnlySpan`1 kernel, Single gain, Single bias, SKPointI kernelOffset, SKShaderTileMode tileMode, Boolean convolveAlpha, SKImageFilter input, SKRect* cropRect)
   at SkiaSharp.SKImageFilter.CreateMatrixConvolution(SKSizeI kernelSize, ReadOnlySpan`1 kernel, Single gain, Single bias, SKPointI kernelOffset, SKShaderTileMode tileMode, Boolean convolveAlpha)
   at Jellyfin.Drawing.Skia.SkiaEncoder..cctor() in /root/jellyfin/src/Jellyfin.Drawing.Skia/SkiaEncoder.cs:line 53
  Failed Jellyfin.Server.Integration.Tests.Controllers.UserControllerTests.Delete_DoesntExist_NotFound [3 ms]
  Error Message:
   System.TypeInitializationException : The type initializer for 'Jellyfin.Drawing.Skia.SkiaEncoder' threw an exception.
---- System.DllNotFoundException : Unable to load shared library 'libSkiaSharp' or one of its dependencies. In order to help diagnose loading problems, consider using a tool like strace. If you're using glibc, consider setting the LD_DEBUG environment variable: 
libfontconfig.so.1: cannot open shared object file: No such file or directory
/usr/share/dotnet/shared/Microsoft.NETCore.App/9.0.6/libSkiaSharp.so: cannot open shared object file: No such file or directory
/root/jellyfin/tests/Jellyfin.Server.Integration.Tests/bin/Debug/net9.0/libSkiaSharp.so: cannot open shared object file: No such file or directory
/root/jellyfin/tests/Jellyfin.Server.Integration.Tests/bin/Debug/net9.0/runtimes/linux-x64/native/liblibSkiaSharp.so: cannot open shared object file: No such file or directory
/usr/share/dotnet/shared/Microsoft.NETCore.App/9.0.6/liblibSkiaSharp.so: cannot open shared object file: No such file or directory
/root/jellyfin/tests/Jellyfin.Server.Integration.Tests/bin/Debug/net9.0/liblibSkiaSharp.so: cannot open shared object file: No such file or directory
/root/jellyfin/tests/Jellyfin.Server.Integration.Tests/bin/Debug/net9.0/runtimes/linux-x64/native/libSkiaSharp: cannot open shared object file: No such file or directory
/usr/share/dotnet/shared/Microsoft.NETCore.App/9.0.6/libSkiaSharp: cannot open shared object file: No such file or directory
/root/jellyfin/tests/Jellyfin.Server.Integration.Tests/bin/Debug/net9.0/libSkiaSharp: cannot open shared object file: No such file or directory
/root/jellyfin/tests/Jellyfin.Server.Integration.Tests/bin/Debug/net9.0/runtimes/linux-x64/native/liblibSkiaSharp: cannot open shared object file: No such file or directory
/usr/share/dotnet/shared/Microsoft.NETCore.App/9.0.6/liblibSkiaSharp: cannot open shared object file: No such file or directory
/root/jellyfin/tests/Jellyfin.Server.Integration.Tests/bin/Debug/net9.0/liblibSkiaSharp: cannot open shared object file: No such file or directory

  Stack Trace:
     at Jellyfin.Drawing.Skia.SkiaEncoder.IsNativeLibAvailable() in /root/jellyfin/src/Jellyfin.Drawing.Skia/SkiaEncoder.cs:line 142
   at Jellyfin.Server.CoreAppHost.RegisterServices(IServiceCollection serviceCollection) in /root/jellyfin/Jellyfin.Server/CoreAppHost.cs:line 66
   at Emby.Server.Implementations.ApplicationHost.Init(IServiceCollection serviceCollection) in /root/jellyfin/Emby.Server.Implementations/ApplicationHost.cs:line 460
   at Jellyfin.Server.Integration.Tests.JellyfinApplicationFactory.<>c__DisplayClass4_0.<ConfigureWebHost>b__0(IServiceCollection services) in /root/jellyfin/tests/Jellyfin.Server.Integration.Tests/JellyfinApplicationFactory.cs:line 91
   at Microsoft.Extensions.Hosting.HostBuilder.InitializeServiceProvider()
   at Microsoft.Extensions.Hosting.HostBuilder.Build()
   at Jellyfin.Server.Integration.Tests.JellyfinApplicationFactory.CreateHost(IHostBuilder builder) in /root/jellyfin/tests/Jellyfin.Server.Integration.Tests/JellyfinApplicationFactory.cs:line 110
   at Microsoft.AspNetCore.Mvc.Testing.WebApplicationFactory`1.ConfigureHostBuilder(IHostBuilder hostBuilder)
   at Microsoft.AspNetCore.Mvc.Testing.WebApplicationFactory`1.EnsureServer()
   at Microsoft.AspNetCore.Mvc.Testing.WebApplicationFactory`1.CreateDefaultClient(DelegatingHandler[] handlers)
   at Microsoft.AspNetCore.Mvc.Testing.WebApplicationFactory`1.CreateDefaultClient(Uri baseAddress, DelegatingHandler[] handlers)
   at Microsoft.AspNetCore.Mvc.Testing.WebApplicationFactory`1.CreateClient(WebApplicationFactoryClientOptions options)
   at Microsoft.AspNetCore.Mvc.Testing.WebApplicationFactory`1.CreateClient()
   at Jellyfin.Server.Integration.Tests.Controllers.UserControllerTests.Delete_DoesntExist_NotFound() in /root/jellyfin/tests/Jellyfin.Server.Integration.Tests/Controllers/UserControllerTests.cs:line 174
--- End of stack trace from previous location ---
----- Inner Stack Trace -----
   at SkiaSharp.SkiaApi.<sk_imagefilter_new_matrix_convolution>g____PInvoke|382_0(SKSizeI* __kernelSize_native, Single* __kernel_native, Single __gain_native, Single __bias_native, SKPointI* __kernelOffset_native, SKShaderTileMode __ctileMode_native, SByte __convolveAlpha_native, IntPtr __input_native, SKRect* __cropRect_native)
   at SkiaSharp.SkiaApi.<sk_imagefilter_new_matrix_convolution>g____PInvoke|382_0(SKSizeI* __kernelSize_native, Single* __kernel_native, Single __gain_native, Single __bias_native, SKPointI* __kernelOffset_native, SKShaderTileMode __ctileMode_native, SByte __convolveAlpha_native, IntPtr __input_native, SKRect* __cropRect_native)
   at SkiaSharp.SkiaApi.sk_imagefilter_new_matrix_convolution(SKSizeI* kernelSize, Single* kernel, Single gain, Single bias, SKPointI* kernelOffset, SKShaderTileMode ctileMode, Boolean convolveAlpha, IntPtr input, SKRect* cropRect)
   at SkiaSharp.SKImageFilter.CreateMatrixConvolution(SKSizeI kernelSize, ReadOnlySpan`1 kernel, Single gain, Single bias, SKPointI kernelOffset, SKShaderTileMode tileMode, Boolean convolveAlpha, SKImageFilter input, SKRect* cropRect)
   at SkiaSharp.SKImageFilter.CreateMatrixConvolution(SKSizeI kernelSize, ReadOnlySpan`1 kernel, Single gain, Single bias, SKPointI kernelOffset, SKShaderTileMode tileMode, Boolean convolveAlpha)
   at Jellyfin.Drawing.Skia.SkiaEncoder..cctor() in /root/jellyfin/src/Jellyfin.Drawing.Skia/SkiaEncoder.cs:line 53
  Failed Jellyfin.Server.Integration.Tests.Controllers.UserControllerTests.New_Invalid_Fail(username: null) [4 ms]
  Error Message:
   System.TypeInitializationException : The type initializer for 'Jellyfin.Drawing.Skia.SkiaEncoder' threw an exception.
---- System.DllNotFoundException : Unable to load shared library 'libSkiaSharp' or one of its dependencies. In order to help diagnose loading problems, consider using a tool like strace. If you're using glibc, consider setting the LD_DEBUG environment variable: 
libfontconfig.so.1: cannot open shared object file: No such file or directory
/usr/share/dotnet/shared/Microsoft.NETCore.App/9.0.6/libSkiaSharp.so: cannot open shared object file: No such file or directory
/root/jellyfin/tests/Jellyfin.Server.Integration.Tests/bin/Debug/net9.0/libSkiaSharp.so: cannot open shared object file: No such file or directory
/root/jellyfin/tests/Jellyfin.Server.Integration.Tests/bin/Debug/net9.0/runtimes/linux-x64/native/liblibSkiaSharp.so: cannot open shared object file: No such file or directory
/usr/share/dotnet/shared/Microsoft.NETCore.App/9.0.6/liblibSkiaSharp.so: cannot open shared object file: No such file or directory
/root/jellyfin/tests/Jellyfin.Server.Integration.Tests/bin/Debug/net9.0/liblibSkiaSharp.so: cannot open shared object file: No such file or directory
/root/jellyfin/tests/Jellyfin.Server.Integration.Tests/bin/Debug/net9.0/runtimes/linux-x64/native/libSkiaSharp: cannot open shared object file: No such file or directory
/usr/share/dotnet/shared/Microsoft.NETCore.App/9.0.6/libSkiaSharp: cannot open shared object file: No such file or directory
/root/jellyfin/tests/Jellyfin.Server.Integration.Tests/bin/Debug/net9.0/libSkiaSharp: cannot open shared object file: No such file or directory
/root/jellyfin/tests/Jellyfin.Server.Integration.Tests/bin/Debug/net9.0/runtimes/linux-x64/native/liblibSkiaSharp: cannot open shared object file: No such file or directory
/usr/share/dotnet/shared/Microsoft.NETCore.App/9.0.6/liblibSkiaSharp: cannot open shared object file: No such file or directory
/root/jellyfin/tests/Jellyfin.Server.Integration.Tests/bin/Debug/net9.0/liblibSkiaSharp: cannot open shared object file: No such file or directory

  Stack Trace:
     at Jellyfin.Drawing.Skia.SkiaEncoder.IsNativeLibAvailable() in /root/jellyfin/src/Jellyfin.Drawing.Skia/SkiaEncoder.cs:line 142
   at Jellyfin.Server.CoreAppHost.RegisterServices(IServiceCollection serviceCollection) in /root/jellyfin/Jellyfin.Server/CoreAppHost.cs:line 66
   at Emby.Server.Implementations.ApplicationHost.Init(IServiceCollection serviceCollection) in /root/jellyfin/Emby.Server.Implementations/ApplicationHost.cs:line 460
   at Jellyfin.Server.Integration.Tests.JellyfinApplicationFactory.<>c__DisplayClass4_0.<ConfigureWebHost>b__0(IServiceCollection services) in /root/jellyfin/tests/Jellyfin.Server.Integration.Tests/JellyfinApplicationFactory.cs:line 91
   at Microsoft.Extensions.Hosting.HostBuilder.InitializeServiceProvider()
   at Microsoft.Extensions.Hosting.HostBuilder.Build()
   at Jellyfin.Server.Integration.Tests.JellyfinApplicationFactory.CreateHost(IHostBuilder builder) in /root/jellyfin/tests/Jellyfin.Server.Integration.Tests/JellyfinApplicationFactory.cs:line 110
   at Microsoft.AspNetCore.Mvc.Testing.WebApplicationFactory`1.ConfigureHostBuilder(IHostBuilder hostBuilder)
   at Microsoft.AspNetCore.Mvc.Testing.WebApplicationFactory`1.EnsureServer()
   at Microsoft.AspNetCore.Mvc.Testing.WebApplicationFactory`1.CreateDefaultClient(DelegatingHandler[] handlers)
   at Microsoft.AspNetCore.Mvc.Testing.WebApplicationFactory`1.CreateDefaultClient(Uri baseAddress, DelegatingHandler[] handlers)
   at Microsoft.AspNetCore.Mvc.Testing.WebApplicationFactory`1.CreateClient(WebApplicationFactoryClientOptions options)
   at Microsoft.AspNetCore.Mvc.Testing.WebApplicationFactory`1.CreateClient()
   at Jellyfin.Server.Integration.Tests.Controllers.UserControllerTests.New_Invalid_Fail(String username) in /root/jellyfin/tests/Jellyfin.Server.Integration.Tests/Controllers/UserControllerTests.cs:line 156
--- End of stack trace from previous location ---
----- Inner Stack Trace -----
   at SkiaSharp.SkiaApi.<sk_imagefilter_new_matrix_convolution>g____PInvoke|382_0(SKSizeI* __kernelSize_native, Single* __kernel_native, Single __gain_native, Single __bias_native, SKPointI* __kernelOffset_native, SKShaderTileMode __ctileMode_native, SByte __convolveAlpha_native, IntPtr __input_native, SKRect* __cropRect_native)
   at SkiaSharp.SkiaApi.<sk_imagefilter_new_matrix_convolution>g____PInvoke|382_0(SKSizeI* __kernelSize_native, Single* __kernel_native, Single __gain_native, Single __bias_native, SKPointI* __kernelOffset_native, SKShaderTileMode __ctileMode_native, SByte __convolveAlpha_native, IntPtr __input_native, SKRect* __cropRect_native)
   at SkiaSharp.SkiaApi.sk_imagefilter_new_matrix_convolution(SKSizeI* kernelSize, Single* kernel, Single gain, Single bias, SKPointI* kernelOffset, SKShaderTileMode ctileMode, Boolean convolveAlpha, IntPtr input, SKRect* cropRect)
   at SkiaSharp.SKImageFilter.CreateMatrixConvolution(SKSizeI kernelSize, ReadOnlySpan`1 kernel, Single gain, Single bias, SKPointI kernelOffset, SKShaderTileMode tileMode, Boolean convolveAlpha, SKImageFilter input, SKRect* cropRect)
   at SkiaSharp.SKImageFilter.CreateMatrixConvolution(SKSizeI kernelSize, ReadOnlySpan`1 kernel, Single gain, Single bias, SKPointI kernelOffset, SKShaderTileMode tileMode, Boolean convolveAlpha)
   at Jellyfin.Drawing.Skia.SkiaEncoder..cctor() in /root/jellyfin/src/Jellyfin.Drawing.Skia/SkiaEncoder.cs:line 53
  Failed Jellyfin.Server.Integration.Tests.Controllers.UserControllerTests.New_Invalid_Fail(username: "") [3 ms]
  Error Message:
   System.TypeInitializationException : The type initializer for 'Jellyfin.Drawing.Skia.SkiaEncoder' threw an exception.
---- System.DllNotFoundException : Unable to load shared library 'libSkiaSharp' or one of its dependencies. In order to help diagnose loading problems, consider using a tool like strace. If you're using glibc, consider setting the LD_DEBUG environment variable: 
libfontconfig.so.1: cannot open shared object file: No such file or directory
/usr/share/dotnet/shared/Microsoft.NETCore.App/9.0.6/libSkiaSharp.so: cannot open shared object file: No such file or directory
/root/jellyfin/tests/Jellyfin.Server.Integration.Tests/bin/Debug/net9.0/libSkiaSharp.so: cannot open shared object file: No such file or directory
/root/jellyfin/tests/Jellyfin.Server.Integration.Tests/bin/Debug/net9.0/runtimes/linux-x64/native/liblibSkiaSharp.so: cannot open shared object file: No such file or directory
/usr/share/dotnet/shared/Microsoft.NETCore.App/9.0.6/liblibSkiaSharp.so: cannot open shared object file: No such file or directory
/root/jellyfin/tests/Jellyfin.Server.Integration.Tests/bin/Debug/net9.0/liblibSkiaSharp.so: cannot open shared object file: No such file or directory
/root/jellyfin/tests/Jellyfin.Server.Integration.Tests/bin/Debug/net9.0/runtimes/linux-x64/native/libSkiaSharp: cannot open shared object file: No such file or directory
/usr/share/dotnet/shared/Microsoft.NETCore.App/9.0.6/libSkiaSharp: cannot open shared object file: No such file or directory
/root/jellyfin/tests/Jellyfin.Server.Integration.Tests/bin/Debug/net9.0/libSkiaSharp: cannot open shared object file: No such file or directory
/root/jellyfin/tests/Jellyfin.Server.Integration.Tests/bin/Debug/net9.0/runtimes/linux-x64/native/liblibSkiaSharp: cannot open shared object file: No such file or directory
/usr/share/dotnet/shared/Microsoft.NETCore.App/9.0.6/liblibSkiaSharp: cannot open shared object file: No such file or directory
/root/jellyfin/tests/Jellyfin.Server.Integration.Tests/bin/Debug/net9.0/liblibSkiaSharp: cannot open shared object file: No such file or directory

  Stack Trace:
     at Jellyfin.Drawing.Skia.SkiaEncoder.IsNativeLibAvailable() in /root/jellyfin/src/Jellyfin.Drawing.Skia/SkiaEncoder.cs:line 142
   at Jellyfin.Server.CoreAppHost.RegisterServices(IServiceCollection serviceCollection) in /root/jellyfin/Jellyfin.Server/CoreAppHost.cs:line 66
   at Emby.Server.Implementations.ApplicationHost.Init(IServiceCollection serviceCollection) in /root/jellyfin/Emby.Server.Implementations/ApplicationHost.cs:line 460
   at Jellyfin.Server.Integration.Tests.JellyfinApplicationFactory.<>c__DisplayClass4_0.<ConfigureWebHost>b__0(IServiceCollection services) in /root/jellyfin/tests/Jellyfin.Server.Integration.Tests/JellyfinApplicationFactory.cs:line 91
   at Microsoft.Extensions.Hosting.HostBuilder.InitializeServiceProvider()
   at Microsoft.Extensions.Hosting.HostBuilder.Build()
   at Jellyfin.Server.Integration.Tests.JellyfinApplicationFactory.CreateHost(IHostBuilder builder) in /root/jellyfin/tests/Jellyfin.Server.Integration.Tests/JellyfinApplicationFactory.cs:line 110
   at Microsoft.AspNetCore.Mvc.Testing.WebApplicationFactory`1.ConfigureHostBuilder(IHostBuilder hostBuilder)
   at Microsoft.AspNetCore.Mvc.Testing.WebApplicationFactory`1.EnsureServer()
   at Microsoft.AspNetCore.Mvc.Testing.WebApplicationFactory`1.CreateDefaultClient(DelegatingHandler[] handlers)
   at Microsoft.AspNetCore.Mvc.Testing.WebApplicationFactory`1.CreateDefaultClient(Uri baseAddress, DelegatingHandler[] handlers)
   at Microsoft.AspNetCore.Mvc.Testing.WebApplicationFactory`1.CreateClient(WebApplicationFactoryClientOptions options)
   at Microsoft.AspNetCore.Mvc.Testing.WebApplicationFactory`1.CreateClient()
   at Jellyfin.Server.Integration.Tests.Controllers.UserControllerTests.New_Invalid_Fail(String username) in /root/jellyfin/tests/Jellyfin.Server.Integration.Tests/Controllers/UserControllerTests.cs:line 156
--- End of stack trace from previous location ---
----- Inner Stack Trace -----
   at SkiaSharp.SkiaApi.<sk_imagefilter_new_matrix_convolution>g____PInvoke|382_0(SKSizeI* __kernelSize_native, Single* __kernel_native, Single __gain_native, Single __bias_native, SKPointI* __kernelOffset_native, SKShaderTileMode __ctileMode_native, SByte __convolveAlpha_native, IntPtr __input_native, SKRect* __cropRect_native)
   at SkiaSharp.SkiaApi.<sk_imagefilter_new_matrix_convolution>g____PInvoke|382_0(SKSizeI* __kernelSize_native, Single* __kernel_native, Single __gain_native, Single __bias_native, SKPointI* __kernelOffset_native, SKShaderTileMode __ctileMode_native, SByte __convolveAlpha_native, IntPtr __input_native, SKRect* __cropRect_native)
   at SkiaSharp.SkiaApi.sk_imagefilter_new_matrix_convolution(SKSizeI* kernelSize, Single* kernel, Single gain, Single bias, SKPointI* kernelOffset, SKShaderTileMode ctileMode, Boolean convolveAlpha, IntPtr input, SKRect* cropRect)
   at SkiaSharp.SKImageFilter.CreateMatrixConvolution(SKSizeI kernelSize, ReadOnlySpan`1 kernel, Single gain, Single bias, SKPointI kernelOffset, SKShaderTileMode tileMode, Boolean convolveAlpha, SKImageFilter input, SKRect* cropRect)
   at SkiaSharp.SKImageFilter.CreateMatrixConvolution(SKSizeI kernelSize, ReadOnlySpan`1 kernel, Single gain, Single bias, SKPointI kernelOffset, SKShaderTileMode tileMode, Boolean convolveAlpha)
   at Jellyfin.Drawing.Skia.SkiaEncoder..cctor() in /root/jellyfin/src/Jellyfin.Drawing.Skia/SkiaEncoder.cs:line 53
  Failed Jellyfin.Server.Integration.Tests.Controllers.UserControllerTests.New_Invalid_Fail(username: "   ") [3 ms]
  Error Message:
   System.TypeInitializationException : The type initializer for 'Jellyfin.Drawing.Skia.SkiaEncoder' threw an exception.
---- System.DllNotFoundException : Unable to load shared library 'libSkiaSharp' or one of its dependencies. In order to help diagnose loading problems, consider using a tool like strace. If you're using glibc, consider setting the LD_DEBUG environment variable: 
libfontconfig.so.1: cannot open shared object file: No such file or directory
/usr/share/dotnet/shared/Microsoft.NETCore.App/9.0.6/libSkiaSharp.so: cannot open shared object file: No such file or directory
/root/jellyfin/tests/Jellyfin.Server.Integration.Tests/bin/Debug/net9.0/libSkiaSharp.so: cannot open shared object file: No such file or directory
/root/jellyfin/tests/Jellyfin.Server.Integration.Tests/bin/Debug/net9.0/runtimes/linux-x64/native/liblibSkiaSharp.so: cannot open shared object file: No such file or directory
/usr/share/dotnet/shared/Microsoft.NETCore.App/9.0.6/liblibSkiaSharp.so: cannot open shared object file: No such file or directory
/root/jellyfin/tests/Jellyfin.Server.Integration.Tests/bin/Debug/net9.0/liblibSkiaSharp.so: cannot open shared object file: No such file or directory
/root/jellyfin/tests/Jellyfin.Server.Integration.Tests/bin/Debug/net9.0/runtimes/linux-x64/native/libSkiaSharp: cannot open shared object file: No such file or directory
/usr/share/dotnet/shared/Microsoft.NETCore.App/9.0.6/libSkiaSharp: cannot open shared object file: No such file or directory
/root/jellyfin/tests/Jellyfin.Server.Integration.Tests/bin/Debug/net9.0/libSkiaSharp: cannot open shared object file: No such file or directory
/root/jellyfin/tests/Jellyfin.Server.Integration.Tests/bin/Debug/net9.0/runtimes/linux-x64/native/liblibSkiaSharp: cannot open shared object file: No such file or directory
/usr/share/dotnet/shared/Microsoft.NETCore.App/9.0.6/liblibSkiaSharp: cannot open shared object file: No such file or directory
/root/jellyfin/tests/Jellyfin.Server.Integration.Tests/bin/Debug/net9.0/liblibSkiaSharp: cannot open shared object file: No such file or directory

  Stack Trace:
     at Jellyfin.Drawing.Skia.SkiaEncoder.IsNativeLibAvailable() in /root/jellyfin/src/Jellyfin.Drawing.Skia/SkiaEncoder.cs:line 142
   at Jellyfin.Server.CoreAppHost.RegisterServices(IServiceCollection serviceCollection) in /root/jellyfin/Jellyfin.Server/CoreAppHost.cs:line 66
   at Emby.Server.Implementations.ApplicationHost.Init(IServiceCollection serviceCollection) in /root/jellyfin/Emby.Server.Implementations/ApplicationHost.cs:line 460
   at Jellyfin.Server.Integration.Tests.JellyfinApplicationFactory.<>c__DisplayClass4_0.<ConfigureWebHost>b__0(IServiceCollection services) in /root/jellyfin/tests/Jellyfin.Server.Integration.Tests/JellyfinApplicationFactory.cs:line 91
   at Microsoft.Extensions.Hosting.HostBuilder.InitializeServiceProvider()
   at Microsoft.Extensions.Hosting.HostBuilder.Build()
   at Jellyfin.Server.Integration.Tests.JellyfinApplicationFactory.CreateHost(IHostBuilder builder) in /root/jellyfin/tests/Jellyfin.Server.Integration.Tests/JellyfinApplicationFactory.cs:line 110
   at Microsoft.AspNetCore.Mvc.Testing.WebApplicationFactory`1.ConfigureHostBuilder(IHostBuilder hostBuilder)
   at Microsoft.AspNetCore.Mvc.Testing.WebApplicationFactory`1.EnsureServer()
   at Microsoft.AspNetCore.Mvc.Testing.WebApplicationFactory`1.CreateDefaultClient(DelegatingHandler[] handlers)
   at Microsoft.AspNetCore.Mvc.Testing.WebApplicationFactory`1.CreateDefaultClient(Uri baseAddress, DelegatingHandler[] handlers)
   at Microsoft.AspNetCore.Mvc.Testing.WebApplicationFactory`1.CreateClient(WebApplicationFactoryClientOptions options)
   at Microsoft.AspNetCore.Mvc.Testing.WebApplicationFactory`1.CreateClient()
   at Jellyfin.Server.Integration.Tests.Controllers.UserControllerTests.New_Invalid_Fail(String username) in /root/jellyfin/tests/Jellyfin.Server.Integration.Tests/Controllers/UserControllerTests.cs:line 156
--- End of stack trace from previous location ---
----- Inner Stack Trace -----
   at SkiaSharp.SkiaApi.<sk_imagefilter_new_matrix_convolution>g____PInvoke|382_0(SKSizeI* __kernelSize_native, Single* __kernel_native, Single __gain_native, Single __bias_native, SKPointI* __kernelOffset_native, SKShaderTileMode __ctileMode_native, SByte __convolveAlpha_native, IntPtr __input_native, SKRect* __cropRect_native)
   at SkiaSharp.SkiaApi.<sk_imagefilter_new_matrix_convolution>g____PInvoke|382_0(SKSizeI* __kernelSize_native, Single* __kernel_native, Single __gain_native, Single __bias_native, SKPointI* __kernelOffset_native, SKShaderTileMode __ctileMode_native, SByte __convolveAlpha_native, IntPtr __input_native, SKRect* __cropRect_native)
   at SkiaSharp.SkiaApi.sk_imagefilter_new_matrix_convolution(SKSizeI* kernelSize, Single* kernel, Single gain, Single bias, SKPointI* kernelOffset, SKShaderTileMode ctileMode, Boolean convolveAlpha, IntPtr input, SKRect* cropRect)
   at SkiaSharp.SKImageFilter.CreateMatrixConvolution(SKSizeI kernelSize, ReadOnlySpan`1 kernel, Single gain, Single bias, SKPointI kernelOffset, SKShaderTileMode tileMode, Boolean convolveAlpha, SKImageFilter input, SKRect* cropRect)
   at SkiaSharp.SKImageFilter.CreateMatrixConvolution(SKSizeI kernelSize, ReadOnlySpan`1 kernel, Single gain, Single bias, SKPointI kernelOffset, SKShaderTileMode tileMode, Boolean convolveAlpha)
   at Jellyfin.Drawing.Skia.SkiaEncoder..cctor() in /root/jellyfin/src/Jellyfin.Drawing.Skia/SkiaEncoder.cs:line 53
  Failed Jellyfin.Server.Integration.Tests.Controllers.UserControllerTests.New_Invalid_Fail(username: "‼️") [4 ms]
  Error Message:
   System.TypeInitializationException : The type initializer for 'Jellyfin.Drawing.Skia.SkiaEncoder' threw an exception.
---- System.DllNotFoundException : Unable to load shared library 'libSkiaSharp' or one of its dependencies. In order to help diagnose loading problems, consider using a tool like strace. If you're using glibc, consider setting the LD_DEBUG environment variable: 
libfontconfig.so.1: cannot open shared object file: No such file or directory
/usr/share/dotnet/shared/Microsoft.NETCore.App/9.0.6/libSkiaSharp.so: cannot open shared object file: No such file or directory
/root/jellyfin/tests/Jellyfin.Server.Integration.Tests/bin/Debug/net9.0/libSkiaSharp.so: cannot open shared object file: No such file or directory
/root/jellyfin/tests/Jellyfin.Server.Integration.Tests/bin/Debug/net9.0/runtimes/linux-x64/native/liblibSkiaSharp.so: cannot open shared object file: No such file or directory
/usr/share/dotnet/shared/Microsoft.NETCore.App/9.0.6/liblibSkiaSharp.so: cannot open shared object file: No such file or directory
/root/jellyfin/tests/Jellyfin.Server.Integration.Tests/bin/Debug/net9.0/liblibSkiaSharp.so: cannot open shared object file: No such file or directory
/root/jellyfin/tests/Jellyfin.Server.Integration.Tests/bin/Debug/net9.0/runtimes/linux-x64/native/libSkiaSharp: cannot open shared object file: No such file or directory
/usr/share/dotnet/shared/Microsoft.NETCore.App/9.0.6/libSkiaSharp: cannot open shared object file: No such file or directory
/root/jellyfin/tests/Jellyfin.Server.Integration.Tests/bin/Debug/net9.0/libSkiaSharp: cannot open shared object file: No such file or directory
/root/jellyfin/tests/Jellyfin.Server.Integration.Tests/bin/Debug/net9.0/runtimes/linux-x64/native/liblibSkiaSharp: cannot open shared object file: No such file or directory
/usr/share/dotnet/shared/Microsoft.NETCore.App/9.0.6/liblibSkiaSharp: cannot open shared object file: No such file or directory
/root/jellyfin/tests/Jellyfin.Server.Integration.Tests/bin/Debug/net9.0/liblibSkiaSharp: cannot open shared object file: No such file or directory

  Stack Trace:
     at Jellyfin.Drawing.Skia.SkiaEncoder.IsNativeLibAvailable() in /root/jellyfin/src/Jellyfin.Drawing.Skia/SkiaEncoder.cs:line 142
   at Jellyfin.Server.CoreAppHost.RegisterServices(IServiceCollection serviceCollection) in /root/jellyfin/Jellyfin.Server/CoreAppHost.cs:line 66
   at Emby.Server.Implementations.ApplicationHost.Init(IServiceCollection serviceCollection) in /root/jellyfin/Emby.Server.Implementations/ApplicationHost.cs:line 460
   at Jellyfin.Server.Integration.Tests.JellyfinApplicationFactory.<>c__DisplayClass4_0.<ConfigureWebHost>b__0(IServiceCollection services) in /root/jellyfin/tests/Jellyfin.Server.Integration.Tests/JellyfinApplicationFactory.cs:line 91
   at Microsoft.Extensions.Hosting.HostBuilder.InitializeServiceProvider()
   at Microsoft.Extensions.Hosting.HostBuilder.Build()
   at Jellyfin.Server.Integration.Tests.JellyfinApplicationFactory.CreateHost(IHostBuilder builder) in /root/jellyfin/tests/Jellyfin.Server.Integration.Tests/JellyfinApplicationFactory.cs:line 110
   at Microsoft.AspNetCore.Mvc.Testing.WebApplicationFactory`1.ConfigureHostBuilder(IHostBuilder hostBuilder)
   at Microsoft.AspNetCore.Mvc.Testing.WebApplicationFactory`1.EnsureServer()
   at Microsoft.AspNetCore.Mvc.Testing.WebApplicationFactory`1.CreateDefaultClient(DelegatingHandler[] handlers)
   at Microsoft.AspNetCore.Mvc.Testing.WebApplicationFactory`1.CreateDefaultClient(Uri baseAddress, DelegatingHandler[] handlers)
   at Microsoft.AspNetCore.Mvc.Testing.WebApplicationFactory`1.CreateClient(WebApplicationFactoryClientOptions options)
   at Microsoft.AspNetCore.Mvc.Testing.WebApplicationFactory`1.CreateClient()
   at Jellyfin.Server.Integration.Tests.Controllers.UserControllerTests.New_Invalid_Fail(String username) in /root/jellyfin/tests/Jellyfin.Server.Integration.Tests/Controllers/UserControllerTests.cs:line 156
--- End of stack trace from previous location ---
----- Inner Stack Trace -----
   at SkiaSharp.SkiaApi.<sk_imagefilter_new_matrix_convolution>g____PInvoke|382_0(SKSizeI* __kernelSize_native, Single* __kernel_native, Single __gain_native, Single __bias_native, SKPointI* __kernelOffset_native, SKShaderTileMode __ctileMode_native, SByte __convolveAlpha_native, IntPtr __input_native, SKRect* __cropRect_native)
   at SkiaSharp.SkiaApi.<sk_imagefilter_new_matrix_convolution>g____PInvoke|382_0(SKSizeI* __kernelSize_native, Single* __kernel_native, Single __gain_native, Single __bias_native, SKPointI* __kernelOffset_native, SKShaderTileMode __ctileMode_native, SByte __convolveAlpha_native, IntPtr __input_native, SKRect* __cropRect_native)
   at SkiaSharp.SkiaApi.sk_imagefilter_new_matrix_convolution(SKSizeI* kernelSize, Single* kernel, Single gain, Single bias, SKPointI* kernelOffset, SKShaderTileMode ctileMode, Boolean convolveAlpha, IntPtr input, SKRect* cropRect)
   at SkiaSharp.SKImageFilter.CreateMatrixConvolution(SKSizeI kernelSize, ReadOnlySpan`1 kernel, Single gain, Single bias, SKPointI kernelOffset, SKShaderTileMode tileMode, Boolean convolveAlpha, SKImageFilter input, SKRect* cropRect)
   at SkiaSharp.SKImageFilter.CreateMatrixConvolution(SKSizeI kernelSize, ReadOnlySpan`1 kernel, Single gain, Single bias, SKPointI kernelOffset, SKShaderTileMode tileMode, Boolean convolveAlpha)
   at Jellyfin.Drawing.Skia.SkiaEncoder..cctor() in /root/jellyfin/src/Jellyfin.Drawing.Skia/SkiaEncoder.cs:line 53
  Failed Jellyfin.Server.Integration.Tests.Controllers.UserControllerTests.New_Valid_Success [5 ms]
  Error Message:
   System.TypeInitializationException : The type initializer for 'Jellyfin.Drawing.Skia.SkiaEncoder' threw an exception.
---- System.DllNotFoundException : Unable to load shared library 'libSkiaSharp' or one of its dependencies. In order to help diagnose loading problems, consider using a tool like strace. If you're using glibc, consider setting the LD_DEBUG environment variable: 
libfontconfig.so.1: cannot open shared object file: No such file or directory
/usr/share/dotnet/shared/Microsoft.NETCore.App/9.0.6/libSkiaSharp.so: cannot open shared object file: No such file or directory
/root/jellyfin/tests/Jellyfin.Server.Integration.Tests/bin/Debug/net9.0/libSkiaSharp.so: cannot open shared object file: No such file or directory
/root/jellyfin/tests/Jellyfin.Server.Integration.Tests/bin/Debug/net9.0/runtimes/linux-x64/native/liblibSkiaSharp.so: cannot open shared object file: No such file or directory
/usr/share/dotnet/shared/Microsoft.NETCore.App/9.0.6/liblibSkiaSharp.so: cannot open shared object file: No such file or directory
/root/jellyfin/tests/Jellyfin.Server.Integration.Tests/bin/Debug/net9.0/liblibSkiaSharp.so: cannot open shared object file: No such file or directory
/root/jellyfin/tests/Jellyfin.Server.Integration.Tests/bin/Debug/net9.0/runtimes/linux-x64/native/libSkiaSharp: cannot open shared object file: No such file or directory
/usr/share/dotnet/shared/Microsoft.NETCore.App/9.0.6/libSkiaSharp: cannot open shared object file: No such file or directory
/root/jellyfin/tests/Jellyfin.Server.Integration.Tests/bin/Debug/net9.0/libSkiaSharp: cannot open shared object file: No such file or directory
/root/jellyfin/tests/Jellyfin.Server.Integration.Tests/bin/Debug/net9.0/runtimes/linux-x64/native/liblibSkiaSharp: cannot open shared object file: No such file or directory
/usr/share/dotnet/shared/Microsoft.NETCore.App/9.0.6/liblibSkiaSharp: cannot open shared object file: No such file or directory
/root/jellyfin/tests/Jellyfin.Server.Integration.Tests/bin/Debug/net9.0/liblibSkiaSharp: cannot open shared object file: No such file or directory

  Stack Trace:
     at Jellyfin.Drawing.Skia.SkiaEncoder.IsNativeLibAvailable() in /root/jellyfin/src/Jellyfin.Drawing.Skia/SkiaEncoder.cs:line 142
   at Jellyfin.Server.CoreAppHost.RegisterServices(IServiceCollection serviceCollection) in /root/jellyfin/Jellyfin.Server/CoreAppHost.cs:line 66
   at Emby.Server.Implementations.ApplicationHost.Init(IServiceCollection serviceCollection) in /root/jellyfin/Emby.Server.Implementations/ApplicationHost.cs:line 460
   at Jellyfin.Server.Integration.Tests.JellyfinApplicationFactory.<>c__DisplayClass4_0.<ConfigureWebHost>b__0(IServiceCollection services) in /root/jellyfin/tests/Jellyfin.Server.Integration.Tests/JellyfinApplicationFactory.cs:line 91
   at Microsoft.Extensions.Hosting.HostBuilder.InitializeServiceProvider()
   at Microsoft.Extensions.Hosting.HostBuilder.Build()
   at Jellyfin.Server.Integration.Tests.JellyfinApplicationFactory.CreateHost(IHostBuilder builder) in /root/jellyfin/tests/Jellyfin.Server.Integration.Tests/JellyfinApplicationFactory.cs:line 110
   at Microsoft.AspNetCore.Mvc.Testing.WebApplicationFactory`1.ConfigureHostBuilder(IHostBuilder hostBuilder)
   at Microsoft.AspNetCore.Mvc.Testing.WebApplicationFactory`1.EnsureServer()
   at Microsoft.AspNetCore.Mvc.Testing.WebApplicationFactory`1.CreateDefaultClient(DelegatingHandler[] handlers)
   at Microsoft.AspNetCore.Mvc.Testing.WebApplicationFactory`1.CreateDefaultClient(Uri baseAddress, DelegatingHandler[] handlers)
   at Microsoft.AspNetCore.Mvc.Testing.WebApplicationFactory`1.CreateClient(WebApplicationFactoryClientOptions options)
   at Microsoft.AspNetCore.Mvc.Testing.WebApplicationFactory`1.CreateClient()
   at Jellyfin.Server.Integration.Tests.Controllers.UserControllerTests.New_Valid_Success() in /root/jellyfin/tests/Jellyfin.Server.Integration.Tests/Controllers/UserControllerTests.cs:line 82
--- End of stack trace from previous location ---
----- Inner Stack Trace -----
   at SkiaSharp.SkiaApi.<sk_imagefilter_new_matrix_convolution>g____PInvoke|382_0(SKSizeI* __kernelSize_native, Single* __kernel_native, Single __gain_native, Single __bias_native, SKPointI* __kernelOffset_native, SKShaderTileMode __ctileMode_native, SByte __convolveAlpha_native, IntPtr __input_native, SKRect* __cropRect_native)
   at SkiaSharp.SkiaApi.<sk_imagefilter_new_matrix_convolution>g____PInvoke|382_0(SKSizeI* __kernelSize_native, Single* __kernel_native, Single __gain_native, Single __bias_native, SKPointI* __kernelOffset_native, SKShaderTileMode __ctileMode_native, SByte __convolveAlpha_native, IntPtr __input_native, SKRect* __cropRect_native)
   at SkiaSharp.SkiaApi.sk_imagefilter_new_matrix_convolution(SKSizeI* kernelSize, Single* kernel, Single gain, Single bias, SKPointI* kernelOffset, SKShaderTileMode ctileMode, Boolean convolveAlpha, IntPtr input, SKRect* cropRect)
   at SkiaSharp.SKImageFilter.CreateMatrixConvolution(SKSizeI kernelSize, ReadOnlySpan`1 kernel, Single gain, Single bias, SKPointI kernelOffset, SKShaderTileMode tileMode, Boolean convolveAlpha, SKImageFilter input, SKRect* cropRect)
   at SkiaSharp.SKImageFilter.CreateMatrixConvolution(SKSizeI kernelSize, ReadOnlySpan`1 kernel, Single gain, Single bias, SKPointI kernelOffset, SKShaderTileMode tileMode, Boolean convolveAlpha)
   at Jellyfin.Drawing.Skia.SkiaEncoder..cctor() in /root/jellyfin/src/Jellyfin.Drawing.Skia/SkiaEncoder.cs:line 53
  Failed Jellyfin.Server.Integration.Tests.Controllers.UserControllerTests.Update_Email_Valid_Success [5 ms]
  Error Message:
   System.TypeInitializationException : The type initializer for 'Jellyfin.Drawing.Skia.SkiaEncoder' threw an exception.
---- System.DllNotFoundException : Unable to load shared library 'libSkiaSharp' or one of its dependencies. In order to help diagnose loading problems, consider using a tool like strace. If you're using glibc, consider setting the LD_DEBUG environment variable: 
libfontconfig.so.1: cannot open shared object file: No such file or directory
/usr/share/dotnet/shared/Microsoft.NETCore.App/9.0.6/libSkiaSharp.so: cannot open shared object file: No such file or directory
/root/jellyfin/tests/Jellyfin.Server.Integration.Tests/bin/Debug/net9.0/libSkiaSharp.so: cannot open shared object file: No such file or directory
/root/jellyfin/tests/Jellyfin.Server.Integration.Tests/bin/Debug/net9.0/runtimes/linux-x64/native/liblibSkiaSharp.so: cannot open shared object file: No such file or directory
/usr/share/dotnet/shared/Microsoft.NETCore.App/9.0.6/liblibSkiaSharp.so: cannot open shared object file: No such file or directory
/root/jellyfin/tests/Jellyfin.Server.Integration.Tests/bin/Debug/net9.0/liblibSkiaSharp.so: cannot open shared object file: No such file or directory
/root/jellyfin/tests/Jellyfin.Server.Integration.Tests/bin/Debug/net9.0/runtimes/linux-x64/native/libSkiaSharp: cannot open shared object file: No such file or directory
/usr/share/dotnet/shared/Microsoft.NETCore.App/9.0.6/libSkiaSharp: cannot open shared object file: No such file or directory
/root/jellyfin/tests/Jellyfin.Server.Integration.Tests/bin/Debug/net9.0/libSkiaSharp: cannot open shared object file: No such file or directory
/root/jellyfin/tests/Jellyfin.Server.Integration.Tests/bin/Debug/net9.0/runtimes/linux-x64/native/liblibSkiaSharp: cannot open shared object file: No such file or directory
/usr/share/dotnet/shared/Microsoft.NETCore.App/9.0.6/liblibSkiaSharp: cannot open shared object file: No such file or directory
/root/jellyfin/tests/Jellyfin.Server.Integration.Tests/bin/Debug/net9.0/liblibSkiaSharp: cannot open shared object file: No such file or directory

  Stack Trace:
     at Jellyfin.Drawing.Skia.SkiaEncoder.IsNativeLibAvailable() in /root/jellyfin/src/Jellyfin.Drawing.Skia/SkiaEncoder.cs:line 142
   at Jellyfin.Server.CoreAppHost.RegisterServices(IServiceCollection serviceCollection) in /root/jellyfin/Jellyfin.Server/CoreAppHost.cs:line 66
   at Emby.Server.Implementations.ApplicationHost.Init(IServiceCollection serviceCollection) in /root/jellyfin/Emby.Server.Implementations/ApplicationHost.cs:line 460
   at Jellyfin.Server.Integration.Tests.JellyfinApplicationFactory.<>c__DisplayClass4_0.<ConfigureWebHost>b__0(IServiceCollection services) in /root/jellyfin/tests/Jellyfin.Server.Integration.Tests/JellyfinApplicationFactory.cs:line 91
   at Microsoft.Extensions.Hosting.HostBuilder.InitializeServiceProvider()
   at Microsoft.Extensions.Hosting.HostBuilder.Build()
   at Jellyfin.Server.Integration.Tests.JellyfinApplicationFactory.CreateHost(IHostBuilder builder) in /root/jellyfin/tests/Jellyfin.Server.Integration.Tests/JellyfinApplicationFactory.cs:line 110
   at Microsoft.AspNetCore.Mvc.Testing.WebApplicationFactory`1.ConfigureHostBuilder(IHostBuilder hostBuilder)
   at Microsoft.AspNetCore.Mvc.Testing.WebApplicationFactory`1.EnsureServer()
   at Microsoft.AspNetCore.Mvc.Testing.WebApplicationFactory`1.CreateDefaultClient(DelegatingHandler[] handlers)
   at Microsoft.AspNetCore.Mvc.Testing.WebApplicationFactory`1.CreateDefaultClient(Uri baseAddress, DelegatingHandler[] handlers)
   at Microsoft.AspNetCore.Mvc.Testing.WebApplicationFactory`1.CreateClient(WebApplicationFactoryClientOptions options)
   at Microsoft.AspNetCore.Mvc.Testing.WebApplicationFactory`1.CreateClient()
   at Jellyfin.Server.Integration.Tests.Controllers.UserControllerTests.Update_Email_Valid_Success() in /root/jellyfin/tests/Jellyfin.Server.Integration.Tests/Controllers/UserControllerTests.cs:line 111
--- End of stack trace from previous location ---
----- Inner Stack Trace -----
   at SkiaSharp.SkiaApi.<sk_imagefilter_new_matrix_convolution>g____PInvoke|382_0(SKSizeI* __kernelSize_native, Single* __kernel_native, Single __gain_native, Single __bias_native, SKPointI* __kernelOffset_native, SKShaderTileMode __ctileMode_native, SByte __convolveAlpha_native, IntPtr __input_native, SKRect* __cropRect_native)
   at SkiaSharp.SkiaApi.<sk_imagefilter_new_matrix_convolution>g____PInvoke|382_0(SKSizeI* __kernelSize_native, Single* __kernel_native, Single __gain_native, Single __bias_native, SKPointI* __kernelOffset_native, SKShaderTileMode __ctileMode_native, SByte __convolveAlpha_native, IntPtr __input_native, SKRect* __cropRect_native)
   at SkiaSharp.SkiaApi.sk_imagefilter_new_matrix_convolution(SKSizeI* kernelSize, Single* kernel, Single gain, Single bias, SKPointI* kernelOffset, SKShaderTileMode ctileMode, Boolean convolveAlpha, IntPtr input, SKRect* cropRect)
   at SkiaSharp.SKImageFilter.CreateMatrixConvolution(SKSizeI kernelSize, ReadOnlySpan`1 kernel, Single gain, Single bias, SKPointI kernelOffset, SKShaderTileMode tileMode, Boolean convolveAlpha, SKImageFilter input, SKRect* cropRect)
   at SkiaSharp.SKImageFilter.CreateMatrixConvolution(SKSizeI kernelSize, ReadOnlySpan`1 kernel, Single gain, Single bias, SKPointI kernelOffset, SKShaderTileMode tileMode, Boolean convolveAlpha)
   at Jellyfin.Drawing.Skia.SkiaEncoder..cctor() in /root/jellyfin/src/Jellyfin.Drawing.Skia/SkiaEncoder.cs:line 53
  Failed Jellyfin.Server.Integration.Tests.Controllers.UserControllerTests.UpdateUserPassword_Valid_Success [4 ms]
  Error Message:
   System.TypeInitializationException : The type initializer for 'Jellyfin.Drawing.Skia.SkiaEncoder' threw an exception.
---- System.DllNotFoundException : Unable to load shared library 'libSkiaSharp' or one of its dependencies. In order to help diagnose loading problems, consider using a tool like strace. If you're using glibc, consider setting the LD_DEBUG environment variable: 
libfontconfig.so.1: cannot open shared object file: No such file or directory
/usr/share/dotnet/shared/Microsoft.NETCore.App/9.0.6/libSkiaSharp.so: cannot open shared object file: No such file or directory
/root/jellyfin/tests/Jellyfin.Server.Integration.Tests/bin/Debug/net9.0/libSkiaSharp.so: cannot open shared object file: No such file or directory
/root/jellyfin/tests/Jellyfin.Server.Integration.Tests/bin/Debug/net9.0/runtimes/linux-x64/native/liblibSkiaSharp.so: cannot open shared object file: No such file or directory
/usr/share/dotnet/shared/Microsoft.NETCore.App/9.0.6/liblibSkiaSharp.so: cannot open shared object file: No such file or directory
/root/jellyfin/tests/Jellyfin.Server.Integration.Tests/bin/Debug/net9.0/liblibSkiaSharp.so: cannot open shared object file: No such file or directory
/root/jellyfin/tests/Jellyfin.Server.Integration.Tests/bin/Debug/net9.0/runtimes/linux-x64/native/libSkiaSharp: cannot open shared object file: No such file or directory
/usr/share/dotnet/shared/Microsoft.NETCore.App/9.0.6/libSkiaSharp: cannot open shared object file: No such file or directory
/root/jellyfin/tests/Jellyfin.Server.Integration.Tests/bin/Debug/net9.0/libSkiaSharp: cannot open shared object file: No such file or directory
/root/jellyfin/tests/Jellyfin.Server.Integration.Tests/bin/Debug/net9.0/runtimes/linux-x64/native/liblibSkiaSharp: cannot open shared object file: No such file or directory
/usr/share/dotnet/shared/Microsoft.NETCore.App/9.0.6/liblibSkiaSharp: cannot open shared object file: No such file or directory
/root/jellyfin/tests/Jellyfin.Server.Integration.Tests/bin/Debug/net9.0/liblibSkiaSharp: cannot open shared object file: No such file or directory

  Stack Trace:
     at Jellyfin.Drawing.Skia.SkiaEncoder.IsNativeLibAvailable() in /root/jellyfin/src/Jellyfin.Drawing.Skia/SkiaEncoder.cs:line 142
   at Jellyfin.Server.CoreAppHost.RegisterServices(IServiceCollection serviceCollection) in /root/jellyfin/Jellyfin.Server/CoreAppHost.cs:line 66
   at Emby.Server.Implementations.ApplicationHost.Init(IServiceCollection serviceCollection) in /root/jellyfin/Emby.Server.Implementations/ApplicationHost.cs:line 460
   at Jellyfin.Server.Integration.Tests.JellyfinApplicationFactory.<>c__DisplayClass4_0.<ConfigureWebHost>b__0(IServiceCollection services) in /root/jellyfin/tests/Jellyfin.Server.Integration.Tests/JellyfinApplicationFactory.cs:line 91
   at Microsoft.Extensions.Hosting.HostBuilder.InitializeServiceProvider()
   at Microsoft.Extensions.Hosting.HostBuilder.Build()
   at Jellyfin.Server.Integration.Tests.JellyfinApplicationFactory.CreateHost(IHostBuilder builder) in /root/jellyfin/tests/Jellyfin.Server.Integration.Tests/JellyfinApplicationFactory.cs:line 110
   at Microsoft.AspNetCore.Mvc.Testing.WebApplicationFactory`1.ConfigureHostBuilder(IHostBuilder hostBuilder)
   at Microsoft.AspNetCore.Mvc.Testing.WebApplicationFactory`1.EnsureServer()
   at Microsoft.AspNetCore.Mvc.Testing.WebApplicationFactory`1.CreateDefaultClient(DelegatingHandler[] handlers)
   at Microsoft.AspNetCore.Mvc.Testing.WebApplicationFactory`1.CreateDefaultClient(Uri baseAddress, DelegatingHandler[] handlers)
   at Microsoft.AspNetCore.Mvc.Testing.WebApplicationFactory`1.CreateClient(WebApplicationFactoryClientOptions options)
   at Microsoft.AspNetCore.Mvc.Testing.WebApplicationFactory`1.CreateClient()
   at Jellyfin.Server.Integration.Tests.Controllers.UserControllerTests.UpdateUserPassword_Valid_Success() in /root/jellyfin/tests/Jellyfin.Server.Integration.Tests/Controllers/UserControllerTests.cs:line 187
--- End of stack trace from previous location ---
----- Inner Stack Trace -----
   at SkiaSharp.SkiaApi.<sk_imagefilter_new_matrix_convolution>g____PInvoke|382_0(SKSizeI* __kernelSize_native, Single* __kernel_native, Single __gain_native, Single __bias_native, SKPointI* __kernelOffset_native, SKShaderTileMode __ctileMode_native, SByte __convolveAlpha_native, IntPtr __input_native, SKRect* __cropRect_native)
   at SkiaSharp.SkiaApi.<sk_imagefilter_new_matrix_convolution>g____PInvoke|382_0(SKSizeI* __kernelSize_native, Single* __kernel_native, Single __gain_native, Single __bias_native, SKPointI* __kernelOffset_native, SKShaderTileMode __ctileMode_native, SByte __convolveAlpha_native, IntPtr __input_native, SKRect* __cropRect_native)
   at SkiaSharp.SkiaApi.sk_imagefilter_new_matrix_convolution(SKSizeI* kernelSize, Single* kernel, Single gain, Single bias, SKPointI* kernelOffset, SKShaderTileMode ctileMode, Boolean convolveAlpha, IntPtr input, SKRect* cropRect)
   at SkiaSharp.SKImageFilter.CreateMatrixConvolution(SKSizeI kernelSize, ReadOnlySpan`1 kernel, Single gain, Single bias, SKPointI kernelOffset, SKShaderTileMode tileMode, Boolean convolveAlpha, SKImageFilter input, SKRect* cropRect)
   at SkiaSharp.SKImageFilter.CreateMatrixConvolution(SKSizeI kernelSize, ReadOnlySpan`1 kernel, Single gain, Single bias, SKPointI kernelOffset, SKShaderTileMode tileMode, Boolean convolveAlpha)
   at Jellyfin.Drawing.Skia.SkiaEncoder..cctor() in /root/jellyfin/src/Jellyfin.Drawing.Skia/SkiaEncoder.cs:line 53
  Failed Jellyfin.Server.Integration.Tests.Controllers.UserControllerTests.UpdateUserPassword_Empty_RemoveSetPassword [4 ms]
  Error Message:
   System.TypeInitializationException : The type initializer for 'Jellyfin.Drawing.Skia.SkiaEncoder' threw an exception.
---- System.DllNotFoundException : Unable to load shared library 'libSkiaSharp' or one of its dependencies. In order to help diagnose loading problems, consider using a tool like strace. If you're using glibc, consider setting the LD_DEBUG environment variable: 
libfontconfig.so.1: cannot open shared object file: No such file or directory
/usr/share/dotnet/shared/Microsoft.NETCore.App/9.0.6/libSkiaSharp.so: cannot open shared object file: No such file or directory
/root/jellyfin/tests/Jellyfin.Server.Integration.Tests/bin/Debug/net9.0/libSkiaSharp.so: cannot open shared object file: No such file or directory
/root/jellyfin/tests/Jellyfin.Server.Integration.Tests/bin/Debug/net9.0/runtimes/linux-x64/native/liblibSkiaSharp.so: cannot open shared object file: No such file or directory
/usr/share/dotnet/shared/Microsoft.NETCore.App/9.0.6/liblibSkiaSharp.so: cannot open shared object file: No such file or directory
/root/jellyfin/tests/Jellyfin.Server.Integration.Tests/bin/Debug/net9.0/liblibSkiaSharp.so: cannot open shared object file: No such file or directory
/root/jellyfin/tests/Jellyfin.Server.Integration.Tests/bin/Debug/net9.0/runtimes/linux-x64/native/libSkiaSharp: cannot open shared object file: No such file or directory
/usr/share/dotnet/shared/Microsoft.NETCore.App/9.0.6/libSkiaSharp: cannot open shared object file: No such file or directory
/root/jellyfin/tests/Jellyfin.Server.Integration.Tests/bin/Debug/net9.0/libSkiaSharp: cannot open shared object file: No such file or directory
/root/jellyfin/tests/Jellyfin.Server.Integration.Tests/bin/Debug/net9.0/runtimes/linux-x64/native/liblibSkiaSharp: cannot open shared object file: No such file or directory
/usr/share/dotnet/shared/Microsoft.NETCore.App/9.0.6/liblibSkiaSharp: cannot open shared object file: No such file or directory
/root/jellyfin/tests/Jellyfin.Server.Integration.Tests/bin/Debug/net9.0/liblibSkiaSharp: cannot open shared object file: No such file or directory

  Stack Trace:
     at Jellyfin.Drawing.Skia.SkiaEncoder.IsNativeLibAvailable() in /root/jellyfin/src/Jellyfin.Drawing.Skia/SkiaEncoder.cs:line 142
   at Jellyfin.Server.CoreAppHost.RegisterServices(IServiceCollection serviceCollection) in /root/jellyfin/Jellyfin.Server/CoreAppHost.cs:line 66
   at Emby.Server.Implementations.ApplicationHost.Init(IServiceCollection serviceCollection) in /root/jellyfin/Emby.Server.Implementations/ApplicationHost.cs:line 460
   at Jellyfin.Server.Integration.Tests.JellyfinApplicationFactory.<>c__DisplayClass4_0.<ConfigureWebHost>b__0(IServiceCollection services) in /root/jellyfin/tests/Jellyfin.Server.Integration.Tests/JellyfinApplicationFactory.cs:line 91
   at Microsoft.Extensions.Hosting.HostBuilder.InitializeServiceProvider()
   at Microsoft.Extensions.Hosting.HostBuilder.Build()
   at Jellyfin.Server.Integration.Tests.JellyfinApplicationFactory.CreateHost(IHostBuilder builder) in /root/jellyfin/tests/Jellyfin.Server.Integration.Tests/JellyfinApplicationFactory.cs:line 110
   at Microsoft.AspNetCore.Mvc.Testing.WebApplicationFactory`1.ConfigureHostBuilder(IHostBuilder hostBuilder)
   at Microsoft.AspNetCore.Mvc.Testing.WebApplicationFactory`1.EnsureServer()
   at Microsoft.AspNetCore.Mvc.Testing.WebApplicationFactory`1.CreateDefaultClient(DelegatingHandler[] handlers)
   at Microsoft.AspNetCore.Mvc.Testing.WebApplicationFactory`1.CreateDefaultClient(Uri baseAddress, DelegatingHandler[] handlers)
   at Microsoft.AspNetCore.Mvc.Testing.WebApplicationFactory`1.CreateClient(WebApplicationFactoryClientOptions options)
   at Microsoft.AspNetCore.Mvc.Testing.WebApplicationFactory`1.CreateClient()
   at Jellyfin.Server.Integration.Tests.Controllers.UserControllerTests.UpdateUserPassword_Empty_RemoveSetPassword() in /root/jellyfin/tests/Jellyfin.Server.Integration.Tests/Controllers/UserControllerTests.cs:line 209
--- End of stack trace from previous location ---
----- Inner Stack Trace -----
   at SkiaSharp.SkiaApi.<sk_imagefilter_new_matrix_convolution>g____PInvoke|382_0(SKSizeI* __kernelSize_native, Single* __kernel_native, Single __gain_native, Single __bias_native, SKPointI* __kernelOffset_native, SKShaderTileMode __ctileMode_native, SByte __convolveAlpha_native, IntPtr __input_native, SKRect* __cropRect_native)
   at SkiaSharp.SkiaApi.<sk_imagefilter_new_matrix_convolution>g____PInvoke|382_0(SKSizeI* __kernelSize_native, Single* __kernel_native, Single __gain_native, Single __bias_native, SKPointI* __kernelOffset_native, SKShaderTileMode __ctileMode_native, SByte __convolveAlpha_native, IntPtr __input_native, SKRect* __cropRect_native)
   at SkiaSharp.SkiaApi.sk_imagefilter_new_matrix_convolution(SKSizeI* kernelSize, Single* kernel, Single gain, Single bias, SKPointI* kernelOffset, SKShaderTileMode ctileMode, Boolean convolveAlpha, IntPtr input, SKRect* cropRect)
   at SkiaSharp.SKImageFilter.CreateMatrixConvolution(SKSizeI kernelSize, ReadOnlySpan`1 kernel, Single gain, Single bias, SKPointI kernelOffset, SKShaderTileMode tileMode, Boolean convolveAlpha, SKImageFilter input, SKRect* cropRect)
   at SkiaSharp.SKImageFilter.CreateMatrixConvolution(SKSizeI kernelSize, ReadOnlySpan`1 kernel, Single gain, Single bias, SKPointI kernelOffset, SKShaderTileMode tileMode, Boolean convolveAlpha)
   at Jellyfin.Drawing.Skia.SkiaEncoder..cctor() in /root/jellyfin/src/Jellyfin.Drawing.Skia/SkiaEncoder.cs:line 53
  Failed Jellyfin.Server.Integration.Tests.Middleware.RobotsRedirectionMiddlewareTests.RobotsDotTxtRedirects [4 ms]
  Error Message:
   System.TypeInitializationException : The type initializer for 'Jellyfin.Drawing.Skia.SkiaEncoder' threw an exception.
---- System.DllNotFoundException : Unable to load shared library 'libSkiaSharp' or one of its dependencies. In order to help diagnose loading problems, consider using a tool like strace. If you're using glibc, consider setting the LD_DEBUG environment variable: 
libfontconfig.so.1: cannot open shared object file: No such file or directory
/usr/share/dotnet/shared/Microsoft.NETCore.App/9.0.6/libSkiaSharp.so: cannot open shared object file: No such file or directory
/root/jellyfin/tests/Jellyfin.Server.Integration.Tests/bin/Debug/net9.0/libSkiaSharp.so: cannot open shared object file: No such file or directory
/root/jellyfin/tests/Jellyfin.Server.Integration.Tests/bin/Debug/net9.0/runtimes/linux-x64/native/liblibSkiaSharp.so: cannot open shared object file: No such file or directory
/usr/share/dotnet/shared/Microsoft.NETCore.App/9.0.6/liblibSkiaSharp.so: cannot open shared object file: No such file or directory
/root/jellyfin/tests/Jellyfin.Server.Integration.Tests/bin/Debug/net9.0/liblibSkiaSharp.so: cannot open shared object file: No such file or directory
/root/jellyfin/tests/Jellyfin.Server.Integration.Tests/bin/Debug/net9.0/runtimes/linux-x64/native/libSkiaSharp: cannot open shared object file: No such file or directory
/usr/share/dotnet/shared/Microsoft.NETCore.App/9.0.6/libSkiaSharp: cannot open shared object file: No such file or directory
/root/jellyfin/tests/Jellyfin.Server.Integration.Tests/bin/Debug/net9.0/libSkiaSharp: cannot open shared object file: No such file or directory
/root/jellyfin/tests/Jellyfin.Server.Integration.Tests/bin/Debug/net9.0/runtimes/linux-x64/native/liblibSkiaSharp: cannot open shared object file: No such file or directory
/usr/share/dotnet/shared/Microsoft.NETCore.App/9.0.6/liblibSkiaSharp: cannot open shared object file: No such file or directory
/root/jellyfin/tests/Jellyfin.Server.Integration.Tests/bin/Debug/net9.0/liblibSkiaSharp: cannot open shared object file: No such file or directory

  Stack Trace:
     at Jellyfin.Drawing.Skia.SkiaEncoder.IsNativeLibAvailable() in /root/jellyfin/src/Jellyfin.Drawing.Skia/SkiaEncoder.cs:line 142
   at Jellyfin.Server.CoreAppHost.RegisterServices(IServiceCollection serviceCollection) in /root/jellyfin/Jellyfin.Server/CoreAppHost.cs:line 66
   at Emby.Server.Implementations.ApplicationHost.Init(IServiceCollection serviceCollection) in /root/jellyfin/Emby.Server.Implementations/ApplicationHost.cs:line 460
   at Jellyfin.Server.Integration.Tests.JellyfinApplicationFactory.<>c__DisplayClass4_0.<ConfigureWebHost>b__0(IServiceCollection services) in /root/jellyfin/tests/Jellyfin.Server.Integration.Tests/JellyfinApplicationFactory.cs:line 91
   at Microsoft.Extensions.Hosting.HostBuilder.InitializeServiceProvider()
   at Microsoft.Extensions.Hosting.HostBuilder.Build()
   at Jellyfin.Server.Integration.Tests.JellyfinApplicationFactory.CreateHost(IHostBuilder builder) in /root/jellyfin/tests/Jellyfin.Server.Integration.Tests/JellyfinApplicationFactory.cs:line 110
   at Microsoft.AspNetCore.Mvc.Testing.WebApplicationFactory`1.ConfigureHostBuilder(IHostBuilder hostBuilder)
   at Microsoft.AspNetCore.Mvc.Testing.WebApplicationFactory`1.EnsureServer()
   at Microsoft.AspNetCore.Mvc.Testing.WebApplicationFactory`1.CreateDefaultClient(DelegatingHandler[] handlers)
   at Microsoft.AspNetCore.Mvc.Testing.WebApplicationFactory`1.CreateDefaultClient(Uri baseAddress, DelegatingHandler[] handlers)
   at Microsoft.AspNetCore.Mvc.Testing.WebApplicationFactory`1.CreateClient(WebApplicationFactoryClientOptions options)
   at Jellyfin.Server.Integration.Tests.Middleware.RobotsRedirectionMiddlewareTests.RobotsDotTxtRedirects() in /root/jellyfin/tests/Jellyfin.Server.Integration.Tests/Middleware/RobotsRedirectionMiddlewareTests.cs:line 20
--- End of stack trace from previous location ---
----- Inner Stack Trace -----
   at SkiaSharp.SkiaApi.<sk_imagefilter_new_matrix_convolution>g____PInvoke|382_0(SKSizeI* __kernelSize_native, Single* __kernel_native, Single __gain_native, Single __bias_native, SKPointI* __kernelOffset_native, SKShaderTileMode __ctileMode_native, SByte __convolveAlpha_native, IntPtr __input_native, SKRect* __cropRect_native)
   at SkiaSharp.SkiaApi.<sk_imagefilter_new_matrix_convolution>g____PInvoke|382_0(SKSizeI* __kernelSize_native, Single* __kernel_native, Single __gain_native, Single __bias_native, SKPointI* __kernelOffset_native, SKShaderTileMode __ctileMode_native, SByte __convolveAlpha_native, IntPtr __input_native, SKRect* __cropRect_native)
   at SkiaSharp.SkiaApi.sk_imagefilter_new_matrix_convolution(SKSizeI* kernelSize, Single* kernel, Single gain, Single bias, SKPointI* kernelOffset, SKShaderTileMode ctileMode, Boolean convolveAlpha, IntPtr input, SKRect* cropRect)
   at SkiaSharp.SKImageFilter.CreateMatrixConvolution(SKSizeI kernelSize, ReadOnlySpan`1 kernel, Single gain, Single bias, SKPointI kernelOffset, SKShaderTileMode tileMode, Boolean convolveAlpha, SKImageFilter input, SKRect* cropRect)
   at SkiaSharp.SKImageFilter.CreateMatrixConvolution(SKSizeI kernelSize, ReadOnlySpan`1 kernel, Single gain, Single bias, SKPointI kernelOffset, SKShaderTileMode tileMode, Boolean convolveAlpha)
   at Jellyfin.Drawing.Skia.SkiaEncoder..cctor() in /root/jellyfin/src/Jellyfin.Drawing.Skia/SkiaEncoder.cs:line 53
  Failed Jellyfin.Server.Integration.Tests.Controllers.MusicGenreControllerTests.MusicGenres_FakeMusicGenre_NotFound [3 ms]
  Error Message:
   System.TypeInitializationException : The type initializer for 'Jellyfin.Drawing.Skia.SkiaEncoder' threw an exception.
---- System.DllNotFoundException : Unable to load shared library 'libSkiaSharp' or one of its dependencies. In order to help diagnose loading problems, consider using a tool like strace. If you're using glibc, consider setting the LD_DEBUG environment variable: 
libfontconfig.so.1: cannot open shared object file: No such file or directory
/usr/share/dotnet/shared/Microsoft.NETCore.App/9.0.6/libSkiaSharp.so: cannot open shared object file: No such file or directory
/root/jellyfin/tests/Jellyfin.Server.Integration.Tests/bin/Debug/net9.0/libSkiaSharp.so: cannot open shared object file: No such file or directory
/root/jellyfin/tests/Jellyfin.Server.Integration.Tests/bin/Debug/net9.0/runtimes/linux-x64/native/liblibSkiaSharp.so: cannot open shared object file: No such file or directory
/usr/share/dotnet/shared/Microsoft.NETCore.App/9.0.6/liblibSkiaSharp.so: cannot open shared object file: No such file or directory
/root/jellyfin/tests/Jellyfin.Server.Integration.Tests/bin/Debug/net9.0/liblibSkiaSharp.so: cannot open shared object file: No such file or directory
/root/jellyfin/tests/Jellyfin.Server.Integration.Tests/bin/Debug/net9.0/runtimes/linux-x64/native/libSkiaSharp: cannot open shared object file: No such file or directory
/usr/share/dotnet/shared/Microsoft.NETCore.App/9.0.6/libSkiaSharp: cannot open shared object file: No such file or directory
/root/jellyfin/tests/Jellyfin.Server.Integration.Tests/bin/Debug/net9.0/libSkiaSharp: cannot open shared object file: No such file or directory
/root/jellyfin/tests/Jellyfin.Server.Integration.Tests/bin/Debug/net9.0/runtimes/linux-x64/native/liblibSkiaSharp: cannot open shared object file: No such file or directory
/usr/share/dotnet/shared/Microsoft.NETCore.App/9.0.6/liblibSkiaSharp: cannot open shared object file: No such file or directory
/root/jellyfin/tests/Jellyfin.Server.Integration.Tests/bin/Debug/net9.0/liblibSkiaSharp: cannot open shared object file: No such file or directory

  Stack Trace:
     at Jellyfin.Drawing.Skia.SkiaEncoder.IsNativeLibAvailable() in /root/jellyfin/src/Jellyfin.Drawing.Skia/SkiaEncoder.cs:line 142
   at Jellyfin.Server.CoreAppHost.RegisterServices(IServiceCollection serviceCollection) in /root/jellyfin/Jellyfin.Server/CoreAppHost.cs:line 66
   at Emby.Server.Implementations.ApplicationHost.Init(IServiceCollection serviceCollection) in /root/jellyfin/Emby.Server.Implementations/ApplicationHost.cs:line 460
   at Jellyfin.Server.Integration.Tests.JellyfinApplicationFactory.<>c__DisplayClass4_0.<ConfigureWebHost>b__0(IServiceCollection services) in /root/jellyfin/tests/Jellyfin.Server.Integration.Tests/JellyfinApplicationFactory.cs:line 91
   at Microsoft.Extensions.Hosting.HostBuilder.InitializeServiceProvider()
   at Microsoft.Extensions.Hosting.HostBuilder.Build()
   at Jellyfin.Server.Integration.Tests.JellyfinApplicationFactory.CreateHost(IHostBuilder builder) in /root/jellyfin/tests/Jellyfin.Server.Integration.Tests/JellyfinApplicationFactory.cs:line 110
   at Microsoft.AspNetCore.Mvc.Testing.WebApplicationFactory`1.ConfigureHostBuilder(IHostBuilder hostBuilder)
   at Microsoft.AspNetCore.Mvc.Testing.WebApplicationFactory`1.EnsureServer()
   at Microsoft.AspNetCore.Mvc.Testing.WebApplicationFactory`1.CreateDefaultClient(DelegatingHandler[] handlers)
   at Microsoft.AspNetCore.Mvc.Testing.WebApplicationFactory`1.CreateDefaultClient(Uri baseAddress, DelegatingHandler[] handlers)
   at Microsoft.AspNetCore.Mvc.Testing.WebApplicationFactory`1.CreateClient(WebApplicationFactoryClientOptions options)
   at Microsoft.AspNetCore.Mvc.Testing.WebApplicationFactory`1.CreateClient()
   at Jellyfin.Server.Integration.Tests.Controllers.MusicGenreControllerTests.MusicGenres_FakeMusicGenre_NotFound() in /root/jellyfin/tests/Jellyfin.Server.Integration.Tests/Controllers/MusicGenreControllerTests.cs:line 20
--- End of stack trace from previous location ---
----- Inner Stack Trace -----
   at SkiaSharp.SkiaApi.<sk_imagefilter_new_matrix_convolution>g____PInvoke|382_0(SKSizeI* __kernelSize_native, Single* __kernel_native, Single __gain_native, Single __bias_native, SKPointI* __kernelOffset_native, SKShaderTileMode __ctileMode_native, SByte __convolveAlpha_native, IntPtr __input_native, SKRect* __cropRect_native)
   at SkiaSharp.SkiaApi.<sk_imagefilter_new_matrix_convolution>g____PInvoke|382_0(SKSizeI* __kernelSize_native, Single* __kernel_native, Single __gain_native, Single __bias_native, SKPointI* __kernelOffset_native, SKShaderTileMode __ctileMode_native, SByte __convolveAlpha_native, IntPtr __input_native, SKRect* __cropRect_native)
   at SkiaSharp.SkiaApi.sk_imagefilter_new_matrix_convolution(SKSizeI* kernelSize, Single* kernel, Single gain, Single bias, SKPointI* kernelOffset, SKShaderTileMode ctileMode, Boolean convolveAlpha, IntPtr input, SKRect* cropRect)
   at SkiaSharp.SKImageFilter.CreateMatrixConvolution(SKSizeI kernelSize, ReadOnlySpan`1 kernel, Single gain, Single bias, SKPointI kernelOffset, SKShaderTileMode tileMode, Boolean convolveAlpha, SKImageFilter input, SKRect* cropRect)
   at SkiaSharp.SKImageFilter.CreateMatrixConvolution(SKSizeI kernelSize, ReadOnlySpan`1 kernel, Single gain, Single bias, SKPointI kernelOffset, SKShaderTileMode tileMode, Boolean convolveAlpha)
   at Jellyfin.Drawing.Skia.SkiaEncoder..cctor() in /root/jellyfin/src/Jellyfin.Drawing.Skia/SkiaEncoder.cs:line 53
  Failed Jellyfin.Server.Integration.Tests.Controllers.StartupControllerTests.Configuration_EditConfig_Success [4 ms]
  Error Message:
   System.TypeInitializationException : The type initializer for 'Jellyfin.Drawing.Skia.SkiaEncoder' threw an exception.
---- System.DllNotFoundException : Unable to load shared library 'libSkiaSharp' or one of its dependencies. In order to help diagnose loading problems, consider using a tool like strace. If you're using glibc, consider setting the LD_DEBUG environment variable: 
libfontconfig.so.1: cannot open shared object file: No such file or directory
/usr/share/dotnet/shared/Microsoft.NETCore.App/9.0.6/libSkiaSharp.so: cannot open shared object file: No such file or directory
/root/jellyfin/tests/Jellyfin.Server.Integration.Tests/bin/Debug/net9.0/libSkiaSharp.so: cannot open shared object file: No such file or directory
/root/jellyfin/tests/Jellyfin.Server.Integration.Tests/bin/Debug/net9.0/runtimes/linux-x64/native/liblibSkiaSharp.so: cannot open shared object file: No such file or directory
/usr/share/dotnet/shared/Microsoft.NETCore.App/9.0.6/liblibSkiaSharp.so: cannot open shared object file: No such file or directory
/root/jellyfin/tests/Jellyfin.Server.Integration.Tests/bin/Debug/net9.0/liblibSkiaSharp.so: cannot open shared object file: No such file or directory
/root/jellyfin/tests/Jellyfin.Server.Integration.Tests/bin/Debug/net9.0/runtimes/linux-x64/native/libSkiaSharp: cannot open shared object file: No such file or directory
/usr/share/dotnet/shared/Microsoft.NETCore.App/9.0.6/libSkiaSharp: cannot open shared object file: No such file or directory
/root/jellyfin/tests/Jellyfin.Server.Integration.Tests/bin/Debug/net9.0/libSkiaSharp: cannot open shared object file: No such file or directory
/root/jellyfin/tests/Jellyfin.Server.Integration.Tests/bin/Debug/net9.0/runtimes/linux-x64/native/liblibSkiaSharp: cannot open shared object file: No such file or directory
/usr/share/dotnet/shared/Microsoft.NETCore.App/9.0.6/liblibSkiaSharp: cannot open shared object file: No such file or directory
/root/jellyfin/tests/Jellyfin.Server.Integration.Tests/bin/Debug/net9.0/liblibSkiaSharp: cannot open shared object file: No such file or directory

  Stack Trace:
     at Jellyfin.Drawing.Skia.SkiaEncoder.IsNativeLibAvailable() in /root/jellyfin/src/Jellyfin.Drawing.Skia/SkiaEncoder.cs:line 142
   at Jellyfin.Server.CoreAppHost.RegisterServices(IServiceCollection serviceCollection) in /root/jellyfin/Jellyfin.Server/CoreAppHost.cs:line 66
   at Emby.Server.Implementations.ApplicationHost.Init(IServiceCollection serviceCollection) in /root/jellyfin/Emby.Server.Implementations/ApplicationHost.cs:line 460
   at Jellyfin.Server.Integration.Tests.JellyfinApplicationFactory.<>c__DisplayClass4_0.<ConfigureWebHost>b__0(IServiceCollection services) in /root/jellyfin/tests/Jellyfin.Server.Integration.Tests/JellyfinApplicationFactory.cs:line 91
   at Microsoft.Extensions.Hosting.HostBuilder.InitializeServiceProvider()
   at Microsoft.Extensions.Hosting.HostBuilder.Build()
   at Jellyfin.Server.Integration.Tests.JellyfinApplicationFactory.CreateHost(IHostBuilder builder) in /root/jellyfin/tests/Jellyfin.Server.Integration.Tests/JellyfinApplicationFactory.cs:line 110
   at Microsoft.AspNetCore.Mvc.Testing.WebApplicationFactory`1.ConfigureHostBuilder(IHostBuilder hostBuilder)
   at Microsoft.AspNetCore.Mvc.Testing.WebApplicationFactory`1.EnsureServer()
   at Microsoft.AspNetCore.Mvc.Testing.WebApplicationFactory`1.CreateDefaultClient(DelegatingHandler[] handlers)
   at Microsoft.AspNetCore.Mvc.Testing.WebApplicationFactory`1.CreateDefaultClient(Uri baseAddress, DelegatingHandler[] handlers)
   at Microsoft.AspNetCore.Mvc.Testing.WebApplicationFactory`1.CreateClient(WebApplicationFactoryClientOptions options)
   at Microsoft.AspNetCore.Mvc.Testing.WebApplicationFactory`1.CreateClient()
   at Jellyfin.Server.Integration.Tests.Controllers.StartupControllerTests.Configuration_EditConfig_Success() in /root/jellyfin/tests/Jellyfin.Server.Integration.Tests/Controllers/StartupControllerTests.cs:line 30
--- End of stack trace from previous location ---
----- Inner Stack Trace -----
   at SkiaSharp.SkiaApi.<sk_imagefilter_new_matrix_convolution>g____PInvoke|382_0(SKSizeI* __kernelSize_native, Single* __kernel_native, Single __gain_native, Single __bias_native, SKPointI* __kernelOffset_native, SKShaderTileMode __ctileMode_native, SByte __convolveAlpha_native, IntPtr __input_native, SKRect* __cropRect_native)
   at SkiaSharp.SkiaApi.<sk_imagefilter_new_matrix_convolution>g____PInvoke|382_0(SKSizeI* __kernelSize_native, Single* __kernel_native, Single __gain_native, Single __bias_native, SKPointI* __kernelOffset_native, SKShaderTileMode __ctileMode_native, SByte __convolveAlpha_native, IntPtr __input_native, SKRect* __cropRect_native)
   at SkiaSharp.SkiaApi.sk_imagefilter_new_matrix_convolution(SKSizeI* kernelSize, Single* kernel, Single gain, Single bias, SKPointI* kernelOffset, SKShaderTileMode ctileMode, Boolean convolveAlpha, IntPtr input, SKRect* cropRect)
   at SkiaSharp.SKImageFilter.CreateMatrixConvolution(SKSizeI kernelSize, ReadOnlySpan`1 kernel, Single gain, Single bias, SKPointI kernelOffset, SKShaderTileMode tileMode, Boolean convolveAlpha, SKImageFilter input, SKRect* cropRect)
   at SkiaSharp.SKImageFilter.CreateMatrixConvolution(SKSizeI kernelSize, ReadOnlySpan`1 kernel, Single gain, Single bias, SKPointI kernelOffset, SKShaderTileMode tileMode, Boolean convolveAlpha)
   at Jellyfin.Drawing.Skia.SkiaEncoder..cctor() in /root/jellyfin/src/Jellyfin.Drawing.Skia/SkiaEncoder.cs:line 53
  Failed Jellyfin.Server.Integration.Tests.Controllers.StartupControllerTests.User_DefaultUser_NameWithoutPassword [4 ms]
  Error Message:
   System.TypeInitializationException : The type initializer for 'Jellyfin.Drawing.Skia.SkiaEncoder' threw an exception.
---- System.DllNotFoundException : Unable to load shared library 'libSkiaSharp' or one of its dependencies. In order to help diagnose loading problems, consider using a tool like strace. If you're using glibc, consider setting the LD_DEBUG environment variable: 
libfontconfig.so.1: cannot open shared object file: No such file or directory
/usr/share/dotnet/shared/Microsoft.NETCore.App/9.0.6/libSkiaSharp.so: cannot open shared object file: No such file or directory
/root/jellyfin/tests/Jellyfin.Server.Integration.Tests/bin/Debug/net9.0/libSkiaSharp.so: cannot open shared object file: No such file or directory
/root/jellyfin/tests/Jellyfin.Server.Integration.Tests/bin/Debug/net9.0/runtimes/linux-x64/native/liblibSkiaSharp.so: cannot open shared object file: No such file or directory
/usr/share/dotnet/shared/Microsoft.NETCore.App/9.0.6/liblibSkiaSharp.so: cannot open shared object file: No such file or directory
/root/jellyfin/tests/Jellyfin.Server.Integration.Tests/bin/Debug/net9.0/liblibSkiaSharp.so: cannot open shared object file: No such file or directory
/root/jellyfin/tests/Jellyfin.Server.Integration.Tests/bin/Debug/net9.0/runtimes/linux-x64/native/libSkiaSharp: cannot open shared object file: No such file or directory
/usr/share/dotnet/shared/Microsoft.NETCore.App/9.0.6/libSkiaSharp: cannot open shared object file: No such file or directory
/root/jellyfin/tests/Jellyfin.Server.Integration.Tests/bin/Debug/net9.0/libSkiaSharp: cannot open shared object file: No such file or directory
/root/jellyfin/tests/Jellyfin.Server.Integration.Tests/bin/Debug/net9.0/runtimes/linux-x64/native/liblibSkiaSharp: cannot open shared object file: No such file or directory
/usr/share/dotnet/shared/Microsoft.NETCore.App/9.0.6/liblibSkiaSharp: cannot open shared object file: No such file or directory
/root/jellyfin/tests/Jellyfin.Server.Integration.Tests/bin/Debug/net9.0/liblibSkiaSharp: cannot open shared object file: No such file or directory

  Stack Trace:
     at Jellyfin.Drawing.Skia.SkiaEncoder.IsNativeLibAvailable() in /root/jellyfin/src/Jellyfin.Drawing.Skia/SkiaEncoder.cs:line 142
   at Jellyfin.Server.CoreAppHost.RegisterServices(IServiceCollection serviceCollection) in /root/jellyfin/Jellyfin.Server/CoreAppHost.cs:line 66
   at Emby.Server.Implementations.ApplicationHost.Init(IServiceCollection serviceCollection) in /root/jellyfin/Emby.Server.Implementations/ApplicationHost.cs:line 460
   at Jellyfin.Server.Integration.Tests.JellyfinApplicationFactory.<>c__DisplayClass4_0.<ConfigureWebHost>b__0(IServiceCollection services) in /root/jellyfin/tests/Jellyfin.Server.Integration.Tests/JellyfinApplicationFactory.cs:line 91
   at Microsoft.Extensions.Hosting.HostBuilder.InitializeServiceProvider()
   at Microsoft.Extensions.Hosting.HostBuilder.Build()
   at Jellyfin.Server.Integration.Tests.JellyfinApplicationFactory.CreateHost(IHostBuilder builder) in /root/jellyfin/tests/Jellyfin.Server.Integration.Tests/JellyfinApplicationFactory.cs:line 110
   at Microsoft.AspNetCore.Mvc.Testing.WebApplicationFactory`1.ConfigureHostBuilder(IHostBuilder hostBuilder)
   at Microsoft.AspNetCore.Mvc.Testing.WebApplicationFactory`1.EnsureServer()
   at Microsoft.AspNetCore.Mvc.Testing.WebApplicationFactory`1.CreateDefaultClient(DelegatingHandler[] handlers)
   at Microsoft.AspNetCore.Mvc.Testing.WebApplicationFactory`1.CreateDefaultClient(Uri baseAddress, DelegatingHandler[] handlers)
   at Microsoft.AspNetCore.Mvc.Testing.WebApplicationFactory`1.CreateClient(WebApplicationFactoryClientOptions options)
   at Microsoft.AspNetCore.Mvc.Testing.WebApplicationFactory`1.CreateClient()
   at Jellyfin.Server.Integration.Tests.Controllers.StartupControllerTests.User_DefaultUser_NameWithoutPassword() in /root/jellyfin/tests/Jellyfin.Server.Integration.Tests/Controllers/StartupControllerTests.cs:line 58
--- End of stack trace from previous location ---
----- Inner Stack Trace -----
   at SkiaSharp.SkiaApi.<sk_imagefilter_new_matrix_convolution>g____PInvoke|382_0(SKSizeI* __kernelSize_native, Single* __kernel_native, Single __gain_native, Single __bias_native, SKPointI* __kernelOffset_native, SKShaderTileMode __ctileMode_native, SByte __convolveAlpha_native, IntPtr __input_native, SKRect* __cropRect_native)
   at SkiaSharp.SkiaApi.<sk_imagefilter_new_matrix_convolution>g____PInvoke|382_0(SKSizeI* __kernelSize_native, Single* __kernel_native, Single __gain_native, Single __bias_native, SKPointI* __kernelOffset_native, SKShaderTileMode __ctileMode_native, SByte __convolveAlpha_native, IntPtr __input_native, SKRect* __cropRect_native)
   at SkiaSharp.SkiaApi.sk_imagefilter_new_matrix_convolution(SKSizeI* kernelSize, Single* kernel, Single gain, Single bias, SKPointI* kernelOffset, SKShaderTileMode ctileMode, Boolean convolveAlpha, IntPtr input, SKRect* cropRect)
   at SkiaSharp.SKImageFilter.CreateMatrixConvolution(SKSizeI kernelSize, ReadOnlySpan`1 kernel, Single gain, Single bias, SKPointI kernelOffset, SKShaderTileMode tileMode, Boolean convolveAlpha, SKImageFilter input, SKRect* cropRect)
   at SkiaSharp.SKImageFilter.CreateMatrixConvolution(SKSizeI kernelSize, ReadOnlySpan`1 kernel, Single gain, Single bias, SKPointI kernelOffset, SKShaderTileMode tileMode, Boolean convolveAlpha)
   at Jellyfin.Drawing.Skia.SkiaEncoder..cctor() in /root/jellyfin/src/Jellyfin.Drawing.Skia/SkiaEncoder.cs:line 53
  Failed Jellyfin.Server.Integration.Tests.Controllers.StartupControllerTests.User_EditUser_Success [4 ms]
  Error Message:
   System.TypeInitializationException : The type initializer for 'Jellyfin.Drawing.Skia.SkiaEncoder' threw an exception.
---- System.DllNotFoundException : Unable to load shared library 'libSkiaSharp' or one of its dependencies. In order to help diagnose loading problems, consider using a tool like strace. If you're using glibc, consider setting the LD_DEBUG environment variable: 
libfontconfig.so.1: cannot open shared object file: No such file or directory
/usr/share/dotnet/shared/Microsoft.NETCore.App/9.0.6/libSkiaSharp.so: cannot open shared object file: No such file or directory
/root/jellyfin/tests/Jellyfin.Server.Integration.Tests/bin/Debug/net9.0/libSkiaSharp.so: cannot open shared object file: No such file or directory
/root/jellyfin/tests/Jellyfin.Server.Integration.Tests/bin/Debug/net9.0/runtimes/linux-x64/native/liblibSkiaSharp.so: cannot open shared object file: No such file or directory
/usr/share/dotnet/shared/Microsoft.NETCore.App/9.0.6/liblibSkiaSharp.so: cannot open shared object file: No such file or directory
/root/jellyfin/tests/Jellyfin.Server.Integration.Tests/bin/Debug/net9.0/liblibSkiaSharp.so: cannot open shared object file: No such file or directory
/root/jellyfin/tests/Jellyfin.Server.Integration.Tests/bin/Debug/net9.0/runtimes/linux-x64/native/libSkiaSharp: cannot open shared object file: No such file or directory
/usr/share/dotnet/shared/Microsoft.NETCore.App/9.0.6/libSkiaSharp: cannot open shared object file: No such file or directory
/root/jellyfin/tests/Jellyfin.Server.Integration.Tests/bin/Debug/net9.0/libSkiaSharp: cannot open shared object file: No such file or directory
/root/jellyfin/tests/Jellyfin.Server.Integration.Tests/bin/Debug/net9.0/runtimes/linux-x64/native/liblibSkiaSharp: cannot open shared object file: No such file or directory
/usr/share/dotnet/shared/Microsoft.NETCore.App/9.0.6/liblibSkiaSharp: cannot open shared object file: No such file or directory
/root/jellyfin/tests/Jellyfin.Server.Integration.Tests/bin/Debug/net9.0/liblibSkiaSharp: cannot open shared object file: No such file or directory

  Stack Trace:
     at Jellyfin.Drawing.Skia.SkiaEncoder.IsNativeLibAvailable() in /root/jellyfin/src/Jellyfin.Drawing.Skia/SkiaEncoder.cs:line 142
   at Jellyfin.Server.CoreAppHost.RegisterServices(IServiceCollection serviceCollection) in /root/jellyfin/Jellyfin.Server/CoreAppHost.cs:line 66
   at Emby.Server.Implementations.ApplicationHost.Init(IServiceCollection serviceCollection) in /root/jellyfin/Emby.Server.Implementations/ApplicationHost.cs:line 460
   at Jellyfin.Server.Integration.Tests.JellyfinApplicationFactory.<>c__DisplayClass4_0.<ConfigureWebHost>b__0(IServiceCollection services) in /root/jellyfin/tests/Jellyfin.Server.Integration.Tests/JellyfinApplicationFactory.cs:line 91
   at Microsoft.Extensions.Hosting.HostBuilder.InitializeServiceProvider()
   at Microsoft.Extensions.Hosting.HostBuilder.Build()
   at Jellyfin.Server.Integration.Tests.JellyfinApplicationFactory.CreateHost(IHostBuilder builder) in /root/jellyfin/tests/Jellyfin.Server.Integration.Tests/JellyfinApplicationFactory.cs:line 110
   at Microsoft.AspNetCore.Mvc.Testing.WebApplicationFactory`1.ConfigureHostBuilder(IHostBuilder hostBuilder)
   at Microsoft.AspNetCore.Mvc.Testing.WebApplicationFactory`1.EnsureServer()
   at Microsoft.AspNetCore.Mvc.Testing.WebApplicationFactory`1.CreateDefaultClient(DelegatingHandler[] handlers)
   at Microsoft.AspNetCore.Mvc.Testing.WebApplicationFactory`1.CreateDefaultClient(Uri baseAddress, DelegatingHandler[] handlers)
   at Microsoft.AspNetCore.Mvc.Testing.WebApplicationFactory`1.CreateClient(WebApplicationFactoryClientOptions options)
   at Microsoft.AspNetCore.Mvc.Testing.WebApplicationFactory`1.CreateClient()
   at Jellyfin.Server.Integration.Tests.Controllers.StartupControllerTests.User_EditUser_Success() in /root/jellyfin/tests/Jellyfin.Server.Integration.Tests/Controllers/StartupControllerTests.cs:line 75
--- End of stack trace from previous location ---
----- Inner Stack Trace -----
   at SkiaSharp.SkiaApi.<sk_imagefilter_new_matrix_convolution>g____PInvoke|382_0(SKSizeI* __kernelSize_native, Single* __kernel_native, Single __gain_native, Single __bias_native, SKPointI* __kernelOffset_native, SKShaderTileMode __ctileMode_native, SByte __convolveAlpha_native, IntPtr __input_native, SKRect* __cropRect_native)
   at SkiaSharp.SkiaApi.<sk_imagefilter_new_matrix_convolution>g____PInvoke|382_0(SKSizeI* __kernelSize_native, Single* __kernel_native, Single __gain_native, Single __bias_native, SKPointI* __kernelOffset_native, SKShaderTileMode __ctileMode_native, SByte __convolveAlpha_native, IntPtr __input_native, SKRect* __cropRect_native)
   at SkiaSharp.SkiaApi.sk_imagefilter_new_matrix_convolution(SKSizeI* kernelSize, Single* kernel, Single gain, Single bias, SKPointI* kernelOffset, SKShaderTileMode ctileMode, Boolean convolveAlpha, IntPtr input, SKRect* cropRect)
   at SkiaSharp.SKImageFilter.CreateMatrixConvolution(SKSizeI kernelSize, ReadOnlySpan`1 kernel, Single gain, Single bias, SKPointI kernelOffset, SKShaderTileMode tileMode, Boolean convolveAlpha, SKImageFilter input, SKRect* cropRect)
   at SkiaSharp.SKImageFilter.CreateMatrixConvolution(SKSizeI kernelSize, ReadOnlySpan`1 kernel, Single gain, Single bias, SKPointI kernelOffset, SKShaderTileMode tileMode, Boolean convolveAlpha)
   at Jellyfin.Drawing.Skia.SkiaEncoder..cctor() in /root/jellyfin/src/Jellyfin.Drawing.Skia/SkiaEncoder.cs:line 53
  Failed Jellyfin.Server.Integration.Tests.Controllers.StartupControllerTests.CompleteWizard_Success [3 ms]
  Error Message:
   System.TypeInitializationException : The type initializer for 'Jellyfin.Drawing.Skia.SkiaEncoder' threw an exception.
---- System.DllNotFoundException : Unable to load shared library 'libSkiaSharp' or one of its dependencies. In order to help diagnose loading problems, consider using a tool like strace. If you're using glibc, consider setting the LD_DEBUG environment variable: 
libfontconfig.so.1: cannot open shared object file: No such file or directory
/usr/share/dotnet/shared/Microsoft.NETCore.App/9.0.6/libSkiaSharp.so: cannot open shared object file: No such file or directory
/root/jellyfin/tests/Jellyfin.Server.Integration.Tests/bin/Debug/net9.0/libSkiaSharp.so: cannot open shared object file: No such file or directory
/root/jellyfin/tests/Jellyfin.Server.Integration.Tests/bin/Debug/net9.0/runtimes/linux-x64/native/liblibSkiaSharp.so: cannot open shared object file: No such file or directory
/usr/share/dotnet/shared/Microsoft.NETCore.App/9.0.6/liblibSkiaSharp.so: cannot open shared object file: No such file or directory
/root/jellyfin/tests/Jellyfin.Server.Integration.Tests/bin/Debug/net9.0/liblibSkiaSharp.so: cannot open shared object file: No such file or directory
/root/jellyfin/tests/Jellyfin.Server.Integration.Tests/bin/Debug/net9.0/runtimes/linux-x64/native/libSkiaSharp: cannot open shared object file: No such file or directory
/usr/share/dotnet/shared/Microsoft.NETCore.App/9.0.6/libSkiaSharp: cannot open shared object file: No such file or directory
/root/jellyfin/tests/Jellyfin.Server.Integration.Tests/bin/Debug/net9.0/libSkiaSharp: cannot open shared object file: No such file or directory
/root/jellyfin/tests/Jellyfin.Server.Integration.Tests/bin/Debug/net9.0/runtimes/linux-x64/native/liblibSkiaSharp: cannot open shared object file: No such file or directory
/usr/share/dotnet/shared/Microsoft.NETCore.App/9.0.6/liblibSkiaSharp: cannot open shared object file: No such file or directory
/root/jellyfin/tests/Jellyfin.Server.Integration.Tests/bin/Debug/net9.0/liblibSkiaSharp: cannot open shared object file: No such file or directory

  Stack Trace:
     at Jellyfin.Drawing.Skia.SkiaEncoder.IsNativeLibAvailable() in /root/jellyfin/src/Jellyfin.Drawing.Skia/SkiaEncoder.cs:line 142
   at Jellyfin.Server.CoreAppHost.RegisterServices(IServiceCollection serviceCollection) in /root/jellyfin/Jellyfin.Server/CoreAppHost.cs:line 66
   at Emby.Server.Implementations.ApplicationHost.Init(IServiceCollection serviceCollection) in /root/jellyfin/Emby.Server.Implementations/ApplicationHost.cs:line 460
   at Jellyfin.Server.Integration.Tests.JellyfinApplicationFactory.<>c__DisplayClass4_0.<ConfigureWebHost>b__0(IServiceCollection services) in /root/jellyfin/tests/Jellyfin.Server.Integration.Tests/JellyfinApplicationFactory.cs:line 91
   at Microsoft.Extensions.Hosting.HostBuilder.InitializeServiceProvider()
   at Microsoft.Extensions.Hosting.HostBuilder.Build()
   at Jellyfin.Server.Integration.Tests.JellyfinApplicationFactory.CreateHost(IHostBuilder builder) in /root/jellyfin/tests/Jellyfin.Server.Integration.Tests/JellyfinApplicationFactory.cs:line 110
   at Microsoft.AspNetCore.Mvc.Testing.WebApplicationFactory`1.ConfigureHostBuilder(IHostBuilder hostBuilder)
   at Microsoft.AspNetCore.Mvc.Testing.WebApplicationFactory`1.EnsureServer()
   at Microsoft.AspNetCore.Mvc.Testing.WebApplicationFactory`1.CreateDefaultClient(DelegatingHandler[] handlers)
   at Microsoft.AspNetCore.Mvc.Testing.WebApplicationFactory`1.CreateDefaultClient(Uri baseAddress, DelegatingHandler[] handlers)
   at Microsoft.AspNetCore.Mvc.Testing.WebApplicationFactory`1.CreateClient(WebApplicationFactoryClientOptions options)
   at Microsoft.AspNetCore.Mvc.Testing.WebApplicationFactory`1.CreateClient()
   at Jellyfin.Server.Integration.Tests.Controllers.StartupControllerTests.CompleteWizard_Success() in /root/jellyfin/tests/Jellyfin.Server.Integration.Tests/Controllers/StartupControllerTests.cs:line 100
--- End of stack trace from previous location ---
----- Inner Stack Trace -----
   at SkiaSharp.SkiaApi.<sk_imagefilter_new_matrix_convolution>g____PInvoke|382_0(SKSizeI* __kernelSize_native, Single* __kernel_native, Single __gain_native, Single __bias_native, SKPointI* __kernelOffset_native, SKShaderTileMode __ctileMode_native, SByte __convolveAlpha_native, IntPtr __input_native, SKRect* __cropRect_native)
   at SkiaSharp.SkiaApi.<sk_imagefilter_new_matrix_convolution>g____PInvoke|382_0(SKSizeI* __kernelSize_native, Single* __kernel_native, Single __gain_native, Single __bias_native, SKPointI* __kernelOffset_native, SKShaderTileMode __ctileMode_native, SByte __convolveAlpha_native, IntPtr __input_native, SKRect* __cropRect_native)
   at SkiaSharp.SkiaApi.sk_imagefilter_new_matrix_convolution(SKSizeI* kernelSize, Single* kernel, Single gain, Single bias, SKPointI* kernelOffset, SKShaderTileMode ctileMode, Boolean convolveAlpha, IntPtr input, SKRect* cropRect)
   at SkiaSharp.SKImageFilter.CreateMatrixConvolution(SKSizeI kernelSize, ReadOnlySpan`1 kernel, Single gain, Single bias, SKPointI kernelOffset, SKShaderTileMode tileMode, Boolean convolveAlpha, SKImageFilter input, SKRect* cropRect)
   at SkiaSharp.SKImageFilter.CreateMatrixConvolution(SKSizeI kernelSize, ReadOnlySpan`1 kernel, Single gain, Single bias, SKPointI kernelOffset, SKShaderTileMode tileMode, Boolean convolveAlpha)
   at Jellyfin.Drawing.Skia.SkiaEncoder..cctor() in /root/jellyfin/src/Jellyfin.Drawing.Skia/SkiaEncoder.cs:line 53
  Failed Jellyfin.Server.Integration.Tests.Controllers.StartupControllerTests.GetFirstUser_CompleteWizard_Unauthorized [3 ms]
  Error Message:
   System.TypeInitializationException : The type initializer for 'Jellyfin.Drawing.Skia.SkiaEncoder' threw an exception.
---- System.DllNotFoundException : Unable to load shared library 'libSkiaSharp' or one of its dependencies. In order to help diagnose loading problems, consider using a tool like strace. If you're using glibc, consider setting the LD_DEBUG environment variable: 
libfontconfig.so.1: cannot open shared object file: No such file or directory
/usr/share/dotnet/shared/Microsoft.NETCore.App/9.0.6/libSkiaSharp.so: cannot open shared object file: No such file or directory
/root/jellyfin/tests/Jellyfin.Server.Integration.Tests/bin/Debug/net9.0/libSkiaSharp.so: cannot open shared object file: No such file or directory
/root/jellyfin/tests/Jellyfin.Server.Integration.Tests/bin/Debug/net9.0/runtimes/linux-x64/native/liblibSkiaSharp.so: cannot open shared object file: No such file or directory
/usr/share/dotnet/shared/Microsoft.NETCore.App/9.0.6/liblibSkiaSharp.so: cannot open shared object file: No such file or directory
/root/jellyfin/tests/Jellyfin.Server.Integration.Tests/bin/Debug/net9.0/liblibSkiaSharp.so: cannot open shared object file: No such file or directory
/root/jellyfin/tests/Jellyfin.Server.Integration.Tests/bin/Debug/net9.0/runtimes/linux-x64/native/libSkiaSharp: cannot open shared object file: No such file or directory
/usr/share/dotnet/shared/Microsoft.NETCore.App/9.0.6/libSkiaSharp: cannot open shared object file: No such file or directory
/root/jellyfin/tests/Jellyfin.Server.Integration.Tests/bin/Debug/net9.0/libSkiaSharp: cannot open shared object file: No such file or directory
/root/jellyfin/tests/Jellyfin.Server.Integration.Tests/bin/Debug/net9.0/runtimes/linux-x64/native/liblibSkiaSharp: cannot open shared object file: No such file or directory
/usr/share/dotnet/shared/Microsoft.NETCore.App/9.0.6/liblibSkiaSharp: cannot open shared object file: No such file or directory
/root/jellyfin/tests/Jellyfin.Server.Integration.Tests/bin/Debug/net9.0/liblibSkiaSharp: cannot open shared object file: No such file or directory

  Stack Trace:
     at Jellyfin.Drawing.Skia.SkiaEncoder.IsNativeLibAvailable() in /root/jellyfin/src/Jellyfin.Drawing.Skia/SkiaEncoder.cs:line 142
   at Jellyfin.Server.CoreAppHost.RegisterServices(IServiceCollection serviceCollection) in /root/jellyfin/Jellyfin.Server/CoreAppHost.cs:line 66
   at Emby.Server.Implementations.ApplicationHost.Init(IServiceCollection serviceCollection) in /root/jellyfin/Emby.Server.Implementations/ApplicationHost.cs:line 460
   at Jellyfin.Server.Integration.Tests.JellyfinApplicationFactory.<>c__DisplayClass4_0.<ConfigureWebHost>b__0(IServiceCollection services) in /root/jellyfin/tests/Jellyfin.Server.Integration.Tests/JellyfinApplicationFactory.cs:line 91
   at Microsoft.Extensions.Hosting.HostBuilder.InitializeServiceProvider()
   at Microsoft.Extensions.Hosting.HostBuilder.Build()
   at Jellyfin.Server.Integration.Tests.JellyfinApplicationFactory.CreateHost(IHostBuilder builder) in /root/jellyfin/tests/Jellyfin.Server.Integration.Tests/JellyfinApplicationFactory.cs:line 110
   at Microsoft.AspNetCore.Mvc.Testing.WebApplicationFactory`1.ConfigureHostBuilder(IHostBuilder hostBuilder)
   at Microsoft.AspNetCore.Mvc.Testing.WebApplicationFactory`1.EnsureServer()
   at Microsoft.AspNetCore.Mvc.Testing.WebApplicationFactory`1.CreateDefaultClient(DelegatingHandler[] handlers)
   at Microsoft.AspNetCore.Mvc.Testing.WebApplicationFactory`1.CreateDefaultClient(Uri baseAddress, DelegatingHandler[] handlers)
   at Microsoft.AspNetCore.Mvc.Testing.WebApplicationFactory`1.CreateClient(WebApplicationFactoryClientOptions options)
   at Microsoft.AspNetCore.Mvc.Testing.WebApplicationFactory`1.CreateClient()
   at Jellyfin.Server.Integration.Tests.Controllers.StartupControllerTests.GetFirstUser_CompleteWizard_Unauthorized() in /root/jellyfin/tests/Jellyfin.Server.Integration.Tests/Controllers/StartupControllerTests.cs:line 110
--- End of stack trace from previous location ---
----- Inner Stack Trace -----
   at SkiaSharp.SkiaApi.<sk_imagefilter_new_matrix_convolution>g____PInvoke|382_0(SKSizeI* __kernelSize_native, Single* __kernel_native, Single __gain_native, Single __bias_native, SKPointI* __kernelOffset_native, SKShaderTileMode __ctileMode_native, SByte __convolveAlpha_native, IntPtr __input_native, SKRect* __cropRect_native)
   at SkiaSharp.SkiaApi.<sk_imagefilter_new_matrix_convolution>g____PInvoke|382_0(SKSizeI* __kernelSize_native, Single* __kernel_native, Single __gain_native, Single __bias_native, SKPointI* __kernelOffset_native, SKShaderTileMode __ctileMode_native, SByte __convolveAlpha_native, IntPtr __input_native, SKRect* __cropRect_native)
   at SkiaSharp.SkiaApi.sk_imagefilter_new_matrix_convolution(SKSizeI* kernelSize, Single* kernel, Single gain, Single bias, SKPointI* kernelOffset, SKShaderTileMode ctileMode, Boolean convolveAlpha, IntPtr input, SKRect* cropRect)
   at SkiaSharp.SKImageFilter.CreateMatrixConvolution(SKSizeI kernelSize, ReadOnlySpan`1 kernel, Single gain, Single bias, SKPointI kernelOffset, SKShaderTileMode tileMode, Boolean convolveAlpha, SKImageFilter input, SKRect* cropRect)
   at SkiaSharp.SKImageFilter.CreateMatrixConvolution(SKSizeI kernelSize, ReadOnlySpan`1 kernel, Single gain, Single bias, SKPointI kernelOffset, SKShaderTileMode tileMode, Boolean convolveAlpha)
   at Jellyfin.Drawing.Skia.SkiaEncoder..cctor() in /root/jellyfin/src/Jellyfin.Drawing.Skia/SkiaEncoder.cs:line 53
  Failed Jellyfin.Server.Integration.Tests.WebSocketTests.WebSocket_Unauthenticated_ThrowsInvalidOperationException [3 ms]
  Error Message:
   System.TypeInitializationException : The type initializer for 'Jellyfin.Drawing.Skia.SkiaEncoder' threw an exception.
---- System.DllNotFoundException : Unable to load shared library 'libSkiaSharp' or one of its dependencies. In order to help diagnose loading problems, consider using a tool like strace. If you're using glibc, consider setting the LD_DEBUG environment variable: 
libfontconfig.so.1: cannot open shared object file: No such file or directory
/usr/share/dotnet/shared/Microsoft.NETCore.App/9.0.6/libSkiaSharp.so: cannot open shared object file: No such file or directory
/root/jellyfin/tests/Jellyfin.Server.Integration.Tests/bin/Debug/net9.0/libSkiaSharp.so: cannot open shared object file: No such file or directory
/root/jellyfin/tests/Jellyfin.Server.Integration.Tests/bin/Debug/net9.0/runtimes/linux-x64/native/liblibSkiaSharp.so: cannot open shared object file: No such file or directory
/usr/share/dotnet/shared/Microsoft.NETCore.App/9.0.6/liblibSkiaSharp.so: cannot open shared object file: No such file or directory
/root/jellyfin/tests/Jellyfin.Server.Integration.Tests/bin/Debug/net9.0/liblibSkiaSharp.so: cannot open shared object file: No such file or directory
/root/jellyfin/tests/Jellyfin.Server.Integration.Tests/bin/Debug/net9.0/runtimes/linux-x64/native/libSkiaSharp: cannot open shared object file: No such file or directory
/usr/share/dotnet/shared/Microsoft.NETCore.App/9.0.6/libSkiaSharp: cannot open shared object file: No such file or directory
/root/jellyfin/tests/Jellyfin.Server.Integration.Tests/bin/Debug/net9.0/libSkiaSharp: cannot open shared object file: No such file or directory
/root/jellyfin/tests/Jellyfin.Server.Integration.Tests/bin/Debug/net9.0/runtimes/linux-x64/native/liblibSkiaSharp: cannot open shared object file: No such file or directory
/usr/share/dotnet/shared/Microsoft.NETCore.App/9.0.6/liblibSkiaSharp: cannot open shared object file: No such file or directory
/root/jellyfin/tests/Jellyfin.Server.Integration.Tests/bin/Debug/net9.0/liblibSkiaSharp: cannot open shared object file: No such file or directory

  Stack Trace:
     at Jellyfin.Drawing.Skia.SkiaEncoder.IsNativeLibAvailable() in /root/jellyfin/src/Jellyfin.Drawing.Skia/SkiaEncoder.cs:line 142
   at Jellyfin.Server.CoreAppHost.RegisterServices(IServiceCollection serviceCollection) in /root/jellyfin/Jellyfin.Server/CoreAppHost.cs:line 66
   at Emby.Server.Implementations.ApplicationHost.Init(IServiceCollection serviceCollection) in /root/jellyfin/Emby.Server.Implementations/ApplicationHost.cs:line 460
   at Jellyfin.Server.Integration.Tests.JellyfinApplicationFactory.<>c__DisplayClass4_0.<ConfigureWebHost>b__0(IServiceCollection services) in /root/jellyfin/tests/Jellyfin.Server.Integration.Tests/JellyfinApplicationFactory.cs:line 91
   at Microsoft.Extensions.Hosting.HostBuilder.InitializeServiceProvider()
   at Microsoft.Extensions.Hosting.HostBuilder.Build()
   at Jellyfin.Server.Integration.Tests.JellyfinApplicationFactory.CreateHost(IHostBuilder builder) in /root/jellyfin/tests/Jellyfin.Server.Integration.Tests/JellyfinApplicationFactory.cs:line 110
   at Microsoft.AspNetCore.Mvc.Testing.WebApplicationFactory`1.ConfigureHostBuilder(IHostBuilder hostBuilder)
   at Microsoft.AspNetCore.Mvc.Testing.WebApplicationFactory`1.EnsureServer()
   at Microsoft.AspNetCore.Mvc.Testing.WebApplicationFactory`1.get_Server()
   at Jellyfin.Server.Integration.Tests.WebSocketTests.WebSocket_Unauthenticated_ThrowsInvalidOperationException() in /root/jellyfin/tests/Jellyfin.Server.Integration.Tests/WebSocketTests.cs:line 20
--- End of stack trace from previous location ---
----- Inner Stack Trace -----
   at SkiaSharp.SkiaApi.<sk_imagefilter_new_matrix_convolution>g____PInvoke|382_0(SKSizeI* __kernelSize_native, Single* __kernel_native, Single __gain_native, Single __bias_native, SKPointI* __kernelOffset_native, SKShaderTileMode __ctileMode_native, SByte __convolveAlpha_native, IntPtr __input_native, SKRect* __cropRect_native)
   at SkiaSharp.SkiaApi.<sk_imagefilter_new_matrix_convolution>g____PInvoke|382_0(SKSizeI* __kernelSize_native, Single* __kernel_native, Single __gain_native, Single __bias_native, SKPointI* __kernelOffset_native, SKShaderTileMode __ctileMode_native, SByte __convolveAlpha_native, IntPtr __input_native, SKRect* __cropRect_native)
   at SkiaSharp.SkiaApi.sk_imagefilter_new_matrix_convolution(SKSizeI* kernelSize, Single* kernel, Single gain, Single bias, SKPointI* kernelOffset, SKShaderTileMode ctileMode, Boolean convolveAlpha, IntPtr input, SKRect* cropRect)
   at SkiaSharp.SKImageFilter.CreateMatrixConvolution(SKSizeI kernelSize, ReadOnlySpan`1 kernel, Single gain, Single bias, SKPointI kernelOffset, SKShaderTileMode tileMode, Boolean convolveAlpha, SKImageFilter input, SKRect* cropRect)
   at SkiaSharp.SKImageFilter.CreateMatrixConvolution(SKSizeI kernelSize, ReadOnlySpan`1 kernel, Single gain, Single bias, SKPointI kernelOffset, SKShaderTileMode tileMode, Boolean convolveAlpha)
   at Jellyfin.Drawing.Skia.SkiaEncoder..cctor() in /root/jellyfin/src/Jellyfin.Drawing.Skia/SkiaEncoder.cs:line 53
  Failed Jellyfin.Server.Integration.Tests.Controllers.PluginsControllerTests.GetPlugins_Authorized_ReturnsCorrectResponse [3 ms]
  Error Message:
   System.TypeInitializationException : The type initializer for 'Jellyfin.Drawing.Skia.SkiaEncoder' threw an exception.
---- System.DllNotFoundException : Unable to load shared library 'libSkiaSharp' or one of its dependencies. In order to help diagnose loading problems, consider using a tool like strace. If you're using glibc, consider setting the LD_DEBUG environment variable: 
libfontconfig.so.1: cannot open shared object file: No such file or directory
/usr/share/dotnet/shared/Microsoft.NETCore.App/9.0.6/libSkiaSharp.so: cannot open shared object file: No such file or directory
/root/jellyfin/tests/Jellyfin.Server.Integration.Tests/bin/Debug/net9.0/libSkiaSharp.so: cannot open shared object file: No such file or directory
/root/jellyfin/tests/Jellyfin.Server.Integration.Tests/bin/Debug/net9.0/runtimes/linux-x64/native/liblibSkiaSharp.so: cannot open shared object file: No such file or directory
/usr/share/dotnet/shared/Microsoft.NETCore.App/9.0.6/liblibSkiaSharp.so: cannot open shared object file: No such file or directory
/root/jellyfin/tests/Jellyfin.Server.Integration.Tests/bin/Debug/net9.0/liblibSkiaSharp.so: cannot open shared object file: No such file or directory
/root/jellyfin/tests/Jellyfin.Server.Integration.Tests/bin/Debug/net9.0/runtimes/linux-x64/native/libSkiaSharp: cannot open shared object file: No such file or directory
/usr/share/dotnet/shared/Microsoft.NETCore.App/9.0.6/libSkiaSharp: cannot open shared object file: No such file or directory
/root/jellyfin/tests/Jellyfin.Server.Integration.Tests/bin/Debug/net9.0/libSkiaSharp: cannot open shared object file: No such file or directory
/root/jellyfin/tests/Jellyfin.Server.Integration.Tests/bin/Debug/net9.0/runtimes/linux-x64/native/liblibSkiaSharp: cannot open shared object file: No such file or directory
/usr/share/dotnet/shared/Microsoft.NETCore.App/9.0.6/liblibSkiaSharp: cannot open shared object file: No such file or directory
/root/jellyfin/tests/Jellyfin.Server.Integration.Tests/bin/Debug/net9.0/liblibSkiaSharp: cannot open shared object file: No such file or directory

  Stack Trace:
     at Jellyfin.Drawing.Skia.SkiaEncoder.IsNativeLibAvailable() in /root/jellyfin/src/Jellyfin.Drawing.Skia/SkiaEncoder.cs:line 142
   at Jellyfin.Server.CoreAppHost.RegisterServices(IServiceCollection serviceCollection) in /root/jellyfin/Jellyfin.Server/CoreAppHost.cs:line 66
   at Emby.Server.Implementations.ApplicationHost.Init(IServiceCollection serviceCollection) in /root/jellyfin/Emby.Server.Implementations/ApplicationHost.cs:line 460
   at Jellyfin.Server.Integration.Tests.JellyfinApplicationFactory.<>c__DisplayClass4_0.<ConfigureWebHost>b__0(IServiceCollection services) in /root/jellyfin/tests/Jellyfin.Server.Integration.Tests/JellyfinApplicationFactory.cs:line 91
   at Microsoft.Extensions.Hosting.HostBuilder.InitializeServiceProvider()
   at Microsoft.Extensions.Hosting.HostBuilder.Build()
   at Jellyfin.Server.Integration.Tests.JellyfinApplicationFactory.CreateHost(IHostBuilder builder) in /root/jellyfin/tests/Jellyfin.Server.Integration.Tests/JellyfinApplicationFactory.cs:line 110
   at Microsoft.AspNetCore.Mvc.Testing.WebApplicationFactory`1.ConfigureHostBuilder(IHostBuilder hostBuilder)
   at Microsoft.AspNetCore.Mvc.Testing.WebApplicationFactory`1.EnsureServer()
   at Microsoft.AspNetCore.Mvc.Testing.WebApplicationFactory`1.CreateDefaultClient(DelegatingHandler[] handlers)
   at Microsoft.AspNetCore.Mvc.Testing.WebApplicationFactory`1.CreateDefaultClient(Uri baseAddress, DelegatingHandler[] handlers)
   at Microsoft.AspNetCore.Mvc.Testing.WebApplicationFactory`1.CreateClient(WebApplicationFactoryClientOptions options)
   at Microsoft.AspNetCore.Mvc.Testing.WebApplicationFactory`1.CreateClient()
   at Jellyfin.Server.Integration.Tests.Controllers.PluginsControllerTests.GetPlugins_Authorized_ReturnsCorrectResponse() in /root/jellyfin/tests/Jellyfin.Server.Integration.Tests/Controllers/PluginsControllerTests.cs:line 35
--- End of stack trace from previous location ---
----- Inner Stack Trace -----
   at SkiaSharp.SkiaApi.<sk_imagefilter_new_matrix_convolution>g____PInvoke|382_0(SKSizeI* __kernelSize_native, Single* __kernel_native, Single __gain_native, Single __bias_native, SKPointI* __kernelOffset_native, SKShaderTileMode __ctileMode_native, SByte __convolveAlpha_native, IntPtr __input_native, SKRect* __cropRect_native)
   at SkiaSharp.SkiaApi.<sk_imagefilter_new_matrix_convolution>g____PInvoke|382_0(SKSizeI* __kernelSize_native, Single* __kernel_native, Single __gain_native, Single __bias_native, SKPointI* __kernelOffset_native, SKShaderTileMode __ctileMode_native, SByte __convolveAlpha_native, IntPtr __input_native, SKRect* __cropRect_native)
   at SkiaSharp.SkiaApi.sk_imagefilter_new_matrix_convolution(SKSizeI* kernelSize, Single* kernel, Single gain, Single bias, SKPointI* kernelOffset, SKShaderTileMode ctileMode, Boolean convolveAlpha, IntPtr input, SKRect* cropRect)
   at SkiaSharp.SKImageFilter.CreateMatrixConvolution(SKSizeI kernelSize, ReadOnlySpan`1 kernel, Single gain, Single bias, SKPointI kernelOffset, SKShaderTileMode tileMode, Boolean convolveAlpha, SKImageFilter input, SKRect* cropRect)
   at SkiaSharp.SKImageFilter.CreateMatrixConvolution(SKSizeI kernelSize, ReadOnlySpan`1 kernel, Single gain, Single bias, SKPointI kernelOffset, SKShaderTileMode tileMode, Boolean convolveAlpha)
   at Jellyfin.Drawing.Skia.SkiaEncoder..cctor() in /root/jellyfin/src/Jellyfin.Drawing.Skia/SkiaEncoder.cs:line 53
  Failed Jellyfin.Server.Integration.Tests.Controllers.PluginsControllerTests.GetPlugins_Unauthorized_ReturnsUnauthorized [3 ms]
  Error Message:
   System.TypeInitializationException : The type initializer for 'Jellyfin.Drawing.Skia.SkiaEncoder' threw an exception.
---- System.DllNotFoundException : Unable to load shared library 'libSkiaSharp' or one of its dependencies. In order to help diagnose loading problems, consider using a tool like strace. If you're using glibc, consider setting the LD_DEBUG environment variable: 
libfontconfig.so.1: cannot open shared object file: No such file or directory
/usr/share/dotnet/shared/Microsoft.NETCore.App/9.0.6/libSkiaSharp.so: cannot open shared object file: No such file or directory
/root/jellyfin/tests/Jellyfin.Server.Integration.Tests/bin/Debug/net9.0/libSkiaSharp.so: cannot open shared object file: No such file or directory
/root/jellyfin/tests/Jellyfin.Server.Integration.Tests/bin/Debug/net9.0/runtimes/linux-x64/native/liblibSkiaSharp.so: cannot open shared object file: No such file or directory
/usr/share/dotnet/shared/Microsoft.NETCore.App/9.0.6/liblibSkiaSharp.so: cannot open shared object file: No such file or directory
/root/jellyfin/tests/Jellyfin.Server.Integration.Tests/bin/Debug/net9.0/liblibSkiaSharp.so: cannot open shared object file: No such file or directory
/root/jellyfin/tests/Jellyfin.Server.Integration.Tests/bin/Debug/net9.0/runtimes/linux-x64/native/libSkiaSharp: cannot open shared object file: No such file or directory
/usr/share/dotnet/shared/Microsoft.NETCore.App/9.0.6/libSkiaSharp: cannot open shared object file: No such file or directory
/root/jellyfin/tests/Jellyfin.Server.Integration.Tests/bin/Debug/net9.0/libSkiaSharp: cannot open shared object file: No such file or directory
/root/jellyfin/tests/Jellyfin.Server.Integration.Tests/bin/Debug/net9.0/runtimes/linux-x64/native/liblibSkiaSharp: cannot open shared object file: No such file or directory
/usr/share/dotnet/shared/Microsoft.NETCore.App/9.0.6/liblibSkiaSharp: cannot open shared object file: No such file or directory
/root/jellyfin/tests/Jellyfin.Server.Integration.Tests/bin/Debug/net9.0/liblibSkiaSharp: cannot open shared object file: No such file or directory

  Stack Trace:
     at Jellyfin.Drawing.Skia.SkiaEncoder.IsNativeLibAvailable() in /root/jellyfin/src/Jellyfin.Drawing.Skia/SkiaEncoder.cs:line 142
   at Jellyfin.Server.CoreAppHost.RegisterServices(IServiceCollection serviceCollection) in /root/jellyfin/Jellyfin.Server/CoreAppHost.cs:line 66
   at Emby.Server.Implementations.ApplicationHost.Init(IServiceCollection serviceCollection) in /root/jellyfin/Emby.Server.Implementations/ApplicationHost.cs:line 460
   at Jellyfin.Server.Integration.Tests.JellyfinApplicationFactory.<>c__DisplayClass4_0.<ConfigureWebHost>b__0(IServiceCollection services) in /root/jellyfin/tests/Jellyfin.Server.Integration.Tests/JellyfinApplicationFactory.cs:line 91
   at Microsoft.Extensions.Hosting.HostBuilder.InitializeServiceProvider()
   at Microsoft.Extensions.Hosting.HostBuilder.Build()
   at Jellyfin.Server.Integration.Tests.JellyfinApplicationFactory.CreateHost(IHostBuilder builder) in /root/jellyfin/tests/Jellyfin.Server.Integration.Tests/JellyfinApplicationFactory.cs:line 110
   at Microsoft.AspNetCore.Mvc.Testing.WebApplicationFactory`1.ConfigureHostBuilder(IHostBuilder hostBuilder)
   at Microsoft.AspNetCore.Mvc.Testing.WebApplicationFactory`1.EnsureServer()
   at Microsoft.AspNetCore.Mvc.Testing.WebApplicationFactory`1.CreateDefaultClient(DelegatingHandler[] handlers)
   at Microsoft.AspNetCore.Mvc.Testing.WebApplicationFactory`1.CreateDefaultClient(Uri baseAddress, DelegatingHandler[] handlers)
   at Microsoft.AspNetCore.Mvc.Testing.WebApplicationFactory`1.CreateClient(WebApplicationFactoryClientOptions options)
   at Microsoft.AspNetCore.Mvc.Testing.WebApplicationFactory`1.CreateClient()
   at Jellyfin.Server.Integration.Tests.Controllers.PluginsControllerTests.GetPlugins_Unauthorized_ReturnsUnauthorized() in /root/jellyfin/tests/Jellyfin.Server.Integration.Tests/Controllers/PluginsControllerTests.cs:line 25
--- End of stack trace from previous location ---
----- Inner Stack Trace -----
   at SkiaSharp.SkiaApi.<sk_imagefilter_new_matrix_convolution>g____PInvoke|382_0(SKSizeI* __kernelSize_native, Single* __kernel_native, Single __gain_native, Single __bias_native, SKPointI* __kernelOffset_native, SKShaderTileMode __ctileMode_native, SByte __convolveAlpha_native, IntPtr __input_native, SKRect* __cropRect_native)
   at SkiaSharp.SkiaApi.<sk_imagefilter_new_matrix_convolution>g____PInvoke|382_0(SKSizeI* __kernelSize_native, Single* __kernel_native, Single __gain_native, Single __bias_native, SKPointI* __kernelOffset_native, SKShaderTileMode __ctileMode_native, SByte __convolveAlpha_native, IntPtr __input_native, SKRect* __cropRect_native)
   at SkiaSharp.SkiaApi.sk_imagefilter_new_matrix_convolution(SKSizeI* kernelSize, Single* kernel, Single gain, Single bias, SKPointI* kernelOffset, SKShaderTileMode ctileMode, Boolean convolveAlpha, IntPtr input, SKRect* cropRect)
   at SkiaSharp.SKImageFilter.CreateMatrixConvolution(SKSizeI kernelSize, ReadOnlySpan`1 kernel, Single gain, Single bias, SKPointI kernelOffset, SKShaderTileMode tileMode, Boolean convolveAlpha, SKImageFilter input, SKRect* cropRect)
   at SkiaSharp.SKImageFilter.CreateMatrixConvolution(SKSizeI kernelSize, ReadOnlySpan`1 kernel, Single gain, Single bias, SKPointI kernelOffset, SKShaderTileMode tileMode, Boolean convolveAlpha)
   at Jellyfin.Drawing.Skia.SkiaEncoder..cctor() in /root/jellyfin/src/Jellyfin.Drawing.Skia/SkiaEncoder.cs:line 53
  Failed Jellyfin.Server.Integration.Tests.Controllers.VideosControllerTests.DeleteAlternateSources_NonexistentItemId_NotFound [3 ms]
  Error Message:
   System.TypeInitializationException : The type initializer for 'Jellyfin.Drawing.Skia.SkiaEncoder' threw an exception.
---- System.DllNotFoundException : Unable to load shared library 'libSkiaSharp' or one of its dependencies. In order to help diagnose loading problems, consider using a tool like strace. If you're using glibc, consider setting the LD_DEBUG environment variable: 
libfontconfig.so.1: cannot open shared object file: No such file or directory
/usr/share/dotnet/shared/Microsoft.NETCore.App/9.0.6/libSkiaSharp.so: cannot open shared object file: No such file or directory
/root/jellyfin/tests/Jellyfin.Server.Integration.Tests/bin/Debug/net9.0/libSkiaSharp.so: cannot open shared object file: No such file or directory
/root/jellyfin/tests/Jellyfin.Server.Integration.Tests/bin/Debug/net9.0/runtimes/linux-x64/native/liblibSkiaSharp.so: cannot open shared object file: No such file or directory
/usr/share/dotnet/shared/Microsoft.NETCore.App/9.0.6/liblibSkiaSharp.so: cannot open shared object file: No such file or directory
/root/jellyfin/tests/Jellyfin.Server.Integration.Tests/bin/Debug/net9.0/liblibSkiaSharp.so: cannot open shared object file: No such file or directory
/root/jellyfin/tests/Jellyfin.Server.Integration.Tests/bin/Debug/net9.0/runtimes/linux-x64/native/libSkiaSharp: cannot open shared object file: No such file or directory
/usr/share/dotnet/shared/Microsoft.NETCore.App/9.0.6/libSkiaSharp: cannot open shared object file: No such file or directory
/root/jellyfin/tests/Jellyfin.Server.Integration.Tests/bin/Debug/net9.0/libSkiaSharp: cannot open shared object file: No such file or directory
/root/jellyfin/tests/Jellyfin.Server.Integration.Tests/bin/Debug/net9.0/runtimes/linux-x64/native/liblibSkiaSharp: cannot open shared object file: No such file or directory
/usr/share/dotnet/shared/Microsoft.NETCore.App/9.0.6/liblibSkiaSharp: cannot open shared object file: No such file or directory
/root/jellyfin/tests/Jellyfin.Server.Integration.Tests/bin/Debug/net9.0/liblibSkiaSharp: cannot open shared object file: No such file or directory

  Stack Trace:
     at Jellyfin.Drawing.Skia.SkiaEncoder.IsNativeLibAvailable() in /root/jellyfin/src/Jellyfin.Drawing.Skia/SkiaEncoder.cs:line 142
   at Jellyfin.Server.CoreAppHost.RegisterServices(IServiceCollection serviceCollection) in /root/jellyfin/Jellyfin.Server/CoreAppHost.cs:line 66
   at Emby.Server.Implementations.ApplicationHost.Init(IServiceCollection serviceCollection) in /root/jellyfin/Emby.Server.Implementations/ApplicationHost.cs:line 460
   at Jellyfin.Server.Integration.Tests.JellyfinApplicationFactory.<>c__DisplayClass4_0.<ConfigureWebHost>b__0(IServiceCollection services) in /root/jellyfin/tests/Jellyfin.Server.Integration.Tests/JellyfinApplicationFactory.cs:line 91
   at Microsoft.Extensions.Hosting.HostBuilder.InitializeServiceProvider()
   at Microsoft.Extensions.Hosting.HostBuilder.Build()
   at Jellyfin.Server.Integration.Tests.JellyfinApplicationFactory.CreateHost(IHostBuilder builder) in /root/jellyfin/tests/Jellyfin.Server.Integration.Tests/JellyfinApplicationFactory.cs:line 110
   at Microsoft.AspNetCore.Mvc.Testing.WebApplicationFactory`1.ConfigureHostBuilder(IHostBuilder hostBuilder)
   at Microsoft.AspNetCore.Mvc.Testing.WebApplicationFactory`1.EnsureServer()
   at Microsoft.AspNetCore.Mvc.Testing.WebApplicationFactory`1.CreateDefaultClient(DelegatingHandler[] handlers)
   at Microsoft.AspNetCore.Mvc.Testing.WebApplicationFactory`1.CreateDefaultClient(Uri baseAddress, DelegatingHandler[] handlers)
   at Microsoft.AspNetCore.Mvc.Testing.WebApplicationFactory`1.CreateClient(WebApplicationFactoryClientOptions options)
   at Microsoft.AspNetCore.Mvc.Testing.WebApplicationFactory`1.CreateClient()
   at Jellyfin.Server.Integration.Tests.Controllers.VideosControllerTests.DeleteAlternateSources_NonexistentItemId_NotFound() in /root/jellyfin/tests/Jellyfin.Server.Integration.Tests/Controllers/VideosControllerTests.cs:line 21
--- End of stack trace from previous location ---
----- Inner Stack Trace -----
   at SkiaSharp.SkiaApi.<sk_imagefilter_new_matrix_convolution>g____PInvoke|382_0(SKSizeI* __kernelSize_native, Single* __kernel_native, Single __gain_native, Single __bias_native, SKPointI* __kernelOffset_native, SKShaderTileMode __ctileMode_native, SByte __convolveAlpha_native, IntPtr __input_native, SKRect* __cropRect_native)
   at SkiaSharp.SkiaApi.<sk_imagefilter_new_matrix_convolution>g____PInvoke|382_0(SKSizeI* __kernelSize_native, Single* __kernel_native, Single __gain_native, Single __bias_native, SKPointI* __kernelOffset_native, SKShaderTileMode __ctileMode_native, SByte __convolveAlpha_native, IntPtr __input_native, SKRect* __cropRect_native)
   at SkiaSharp.SkiaApi.sk_imagefilter_new_matrix_convolution(SKSizeI* kernelSize, Single* kernel, Single gain, Single bias, SKPointI* kernelOffset, SKShaderTileMode ctileMode, Boolean convolveAlpha, IntPtr input, SKRect* cropRect)
   at SkiaSharp.SKImageFilter.CreateMatrixConvolution(SKSizeI kernelSize, ReadOnlySpan`1 kernel, Single gain, Single bias, SKPointI kernelOffset, SKShaderTileMode tileMode, Boolean convolveAlpha, SKImageFilter input, SKRect* cropRect)
   at SkiaSharp.SKImageFilter.CreateMatrixConvolution(SKSizeI kernelSize, ReadOnlySpan`1 kernel, Single gain, Single bias, SKPointI kernelOffset, SKShaderTileMode tileMode, Boolean convolveAlpha)
   at Jellyfin.Drawing.Skia.SkiaEncoder..cctor() in /root/jellyfin/src/Jellyfin.Drawing.Skia/SkiaEncoder.cs:line 53

Failed!  - Failed:   101, Passed:     0, Skipped:     3, Total:   104, Duration: 1 s - Jellyfin.Server.Integration.Tests.dll (net9.0)
  Jellyfin.Server.Implementations.Tests -> /root/jellyfin/tests/Jellyfin.Server.Implementations.Tests/bin/Debug/net9.0/Jellyfin.Server.Implementations.Tests.dll
Test run for /root/jellyfin/tests/Jellyfin.Server.Implementations.Tests/bin/Debug/net9.0/Jellyfin.Server.Implementations.Tests.dll (.NETCoreApp,Version=v9.0)
VSTest version 17.14.0 (x64)

Starting test execution, please wait...
A total of 1 test files matched the specified pattern.
  Failed Jellyfin.Server.Implementations.Tests.EfMigrations.EfMigrationTests.CheckForUnappliedMigrations_SqLite [1 s]
  Error Message:
   There are unapplied changes to the EFCore model for SQLite. Please create a Migration.
  Stack Trace:
     at Jellyfin.Server.Implementations.Tests.EfMigrations.EfMigrationTests.CheckForUnappliedMigrations_SqLite() in /root/jellyfin/tests/Jellyfin.Server.Implementations.Tests/EfMigrations/EfMigrationTests.cs:line 15
   at System.RuntimeMethodHandle.InvokeMethod(Object target, Void** arguments, Signature sig, Boolean isConstructor)
   at System.Reflection.MethodBaseInvoker.InvokeWithNoArgs(Object obj, BindingFlags invokeAttr)
  Failed Jellyfin.Server.Implementations.Tests.Plugins.PluginManagerTests.PopulateManifest_ExistingMetafilePlugin_PopulatesMissingFields [63 ms]
  Error Message:
   Assert.Equivalent() Failure: Mismatched value on member 'Timestamp'
Expected: 2025-07-07T19:56:42.0000000Z
Actual:   2025-07-07T21:56:42.0000000Z
  Stack Trace:
     at Jellyfin.Server.Implementations.Tests.Plugins.PluginManagerTests.PopulateManifest_ExistingMetafilePlugin_PopulatesMissingFields() in /root/jellyfin/tests/Jellyfin.Server.Implementations.Tests/Plugins/PluginManagerTests.cs:line 205
--- End of stack trace from previous location ---
  Failed Jellyfin.Server.Implementations.Tests.Plugins.PluginManagerTests.PopulateManifest_NoMetafile_PreservesManifest [12 ms]
  Error Message:
   Assert.Equivalent() Failure: Mismatched value on member 'Timestamp'
Expected: 2025-07-07T19:56:42.0000000Z
Actual:   2025-07-07T21:56:42.0000000Z
  Stack Trace:
     at Jellyfin.Server.Implementations.Tests.Plugins.PluginManagerTests.PopulateManifest_NoMetafile_PreservesManifest() in /root/jellyfin/tests/Jellyfin.Server.Implementations.Tests/Plugins/PluginManagerTests.cs:line 239
--- End of stack trace from previous location ---
[xUnit.net 00:00:01.92]     Jellyfin.Server.Implementations.Tests.IO.ManagedFileSystemTests.MakeAbsolutePathCorrectlyHandlesRelativeFilePathsOnWindows(folderPath: "C:\\\\Volumes\\Library\\Sample\\Music\\Playlists\\", filePath: "Beethoven\\Misc\\Moonlight Sonata.mp3", expectedAbsolutePath: "C:\\Volumes\\Library\\Sample\\Music\\Playlists\\Be"···) [SKIP]
[xUnit.net 00:00:01.92]     Jellyfin.Server.Implementations.Tests.IO.ManagedFileSystemTests.MakeAbsolutePathCorrectlyHandlesRelativeFilePathsOnWindows(folderPath: "C:\\\\Volumes\\Library\\Sample\\Music\\Playlists\\", filePath: "..\\Beethoven\\Misc\\Moonlight Sonata.mp3", expectedAbsolutePath: "C:\\Volumes\\Library\\Sample\\Music\\Beethoven\\Mi"···) [SKIP]
[xUnit.net 00:00:01.93]     Jellyfin.Server.Implementations.Tests.IO.ManagedFileSystemTests.MakeAbsolutePathCorrectlyHandlesRelativeFilePathsOnWindows(folderPath: "C:\\\\Volumes\\Library\\Sample\\Music\\Playlists\\", filePath: "..\\..\\Beethoven\\Misc\\Moonlight Sonata.mp3", expectedAbsolutePath: "C:\\Volumes\\Library\\Sample\\Beethoven\\Misc\\Moo"···) [SKIP]
[xUnit.net 00:00:01.93]     Jellyfin.Server.Implementations.Tests.IO.ManagedFileSystemTests.MakeAbsolutePathCorrectlyHandlesRelativeFilePathsOnWindows(folderPath: "C:\\\\Volumes\\Library\\Sample\\Music\\Playlists\\", filePath: "D:\\\\Beethoven\\Misc\\Moonlight Sonata.mp3", expectedAbsolutePath: "D:\\\\Beethoven\\Misc\\Moonlight Sonata.mp3") [SKIP]
  Skipped Jellyfin.Server.Implementations.Tests.IO.ManagedFileSystemTests.MakeAbsolutePathCorrectlyHandlesRelativeFilePathsOnWindows(folderPath: "C:\\\\Volumes\\Library\\Sample\\Music\\Playlists\\", filePath: "Beethoven\\Misc\\Moonlight Sonata.mp3", expectedAbsolutePath: "C:\\Volumes\\Library\\Sample\\Music\\Playlists\\Be"···) [1 ms]
  Skipped Jellyfin.Server.Implementations.Tests.IO.ManagedFileSystemTests.MakeAbsolutePathCorrectlyHandlesRelativeFilePathsOnWindows(folderPath: "C:\\\\Volumes\\Library\\Sample\\Music\\Playlists\\", filePath: "..\\Beethoven\\Misc\\Moonlight Sonata.mp3", expectedAbsolutePath: "C:\\Volumes\\Library\\Sample\\Music\\Beethoven\\Mi"···) [1 ms]
  Skipped Jellyfin.Server.Implementations.Tests.IO.ManagedFileSystemTests.MakeAbsolutePathCorrectlyHandlesRelativeFilePathsOnWindows(folderPath: "C:\\\\Volumes\\Library\\Sample\\Music\\Playlists\\", filePath: "..\\..\\Beethoven\\Misc\\Moonlight Sonata.mp3", expectedAbsolutePath: "C:\\Volumes\\Library\\Sample\\Beethoven\\Misc\\Moo"···) [1 ms]
  Skipped Jellyfin.Server.Implementations.Tests.IO.ManagedFileSystemTests.MakeAbsolutePathCorrectlyHandlesRelativeFilePathsOnWindows(folderPath: "C:\\\\Volumes\\Library\\Sample\\Music\\Playlists\\", filePath: "D:\\\\Beethoven\\Misc\\Moonlight Sonata.mp3", expectedAbsolutePath: "D:\\\\Beethoven\\Misc\\Moonlight Sonata.mp3") [1 ms]

Failed!  - Failed:     3, Passed:   357, Skipped:     4, Total:   364, Duration: 3 s - Jellyfin.Server.Implementations.Tests.dll (net9.0)
